TAP version 13
# (node:989259) ExperimentalWarning: Type Stripping is an experimental feature and might change at any time
# (Use `node --trace-warnings ...` to show where the warning was created)
# Subtest: shared native discovery retains enum labels through wrappers and action inputs
ok 1 - shared native discovery retains enum labels through wrappers and action inputs
  ---
  duration_ms: 2.189106
  type: 'test'
  ...
# Subtest: shared native invalid enum label vectors are rejected
ok 2 - shared native invalid enum label vectors are rejected
  ---
  duration_ms: 0.986082
  type: 'test'
  ...
# Subtest: enum labels bound UTF8 and preserve prototype-shaped exact members
ok 3 - enum labels bound UTF8 and preserve prototype-shaped exact members
  ---
  duration_ms: 0.169011
  type: 'test'
  ...
# Subtest: enum label map bounds, omissions, partial labels and invalid container types
ok 4 - enum label map bounds, omissions, partial labels and invalid container types
  ---
  duration_ms: 3.516527
  type: 'test'
  ...
# Subtest: enum labels do not inherit object prototype or merge duplicate display labels
ok 5 - enum labels do not inherit object prototype or merge duplicate display labels
  ---
  duration_ms: 0.149304
  type: 'test'
  ...
1..5
# tests 5
# suites 0
# pass 5
# fail 0
# cancelled 0
# skipped 0
# todo 0
# duration_ms 97.394059
