TAP version 13
# Subtest: invalid supervision options reject before the process can start
not ok 1 - invalid supervision options reject before the process can start
  ---
  duration_ms: 2.822632
  type: 'test'
  location: '/root/ROM/.worktrees/release-query-index/scripts/skills/process.test.mjs:8:1'
  failureType: 'testCodeFailure'
  error: 'Missing expected exception.'
  code: 'ERR_ASSERTION'
  name: 'AssertionError'
  expected:
  operator: 'throws'
  stack: |-
    TestContext.<anonymous> (file:///root/ROM/.worktrees/release-query-index/scripts/skills/process.test.mjs:13:12)
    Test.runInAsyncScope (node:async_hooks:214:14)
    Test.run (node:internal/test_runner/test:1047:25)
    Test.start (node:internal/test_runner/test:944:17)
    startSubtestAfterBootstrap (node:internal/test_runner/harness:296:17)
  ...
1..1
# tests 1
# suites 0
# pass 0
# fail 1
# cancelled 0
# skipped 0
# todo 0
# duration_ms 52.706752
