TAP version 13
# (node:2971841) TimeoutOverflowWarning: 2147483648 does not fit into a 32-bit signed integer.
# Timeout duration was set to 1.
# (Use `node --trace-warnings ...` to show where the warning was created)
# Subtest: invalid supervision options reject before the process can start
not ok 1 - invalid supervision options reject before the process can start
  ---
  duration_ms: 3.482123
  type: 'test'
  location: '/root/ROM/.worktrees/release-query-index/scripts/skills/process.test.mjs:8:1'
  failureType: 'testCodeFailure'
  error: 'Missing expected exception.'
  code: 'ERR_ASSERTION'
  name: 'AssertionError'
  expected:
  operator: 'throws'
  stack: |-
    TestContext.<anonymous> (file:///root/ROM/.worktrees/release-query-index/scripts/skills/process.test.mjs:19:12)
    Test.runInAsyncScope (node:async_hooks:214:14)
    Test.run (node:internal/test_runner/test:1047:25)
    Test.start (node:internal/test_runner/test:944:17)
    startSubtestAfterBootstrap (node:internal/test_runner/harness:296:17)
  ...
1..1
# tests 1
# suites 0
# pass 0
# fail 1
# cancelled 0
# skipped 0
# todo 0
# duration_ms 40.846366
