Running as unit: run-u248.service
   Compiling libc v0.2.189
   Compiling syn v3.0.6
   Compiling bytes v1.12.1
   Compiling jobserver v0.1.35
   Compiling serde_core v1.0.229
   Compiling cc v1.5.1
   Compiling errno v0.3.14
   Compiling syn v2.0.119
   Compiling typenum v1.20.1
   Compiling signal-hook-registry v1.4.8
   Compiling tokio-macros v2.7.2
   Compiling synstructure v0.14.0
   Compiling mio v1.2.3
   Compiling socket2 v0.6.5
   Compiling tokio v1.53.1
   Compiling zerofrom-derive v0.1.8
   Compiling zerofrom v0.1.8
   Compiling yoke-derive v0.8.4
   Compiling serde_derive v1.0.229
   Compiling yoke v0.8.3
   Compiling serde v1.0.229
   Compiling smallvec v1.16.2
   Compiling futures-core v0.3.34
   Compiling generic-array v0.14.9
   Compiling zerovec-derive v0.11.6
   Compiling cmake v0.1.58
   Compiling serde_json v1.0.151
   Compiling memchr v2.8.3
   Compiling zerovec v0.11.8
   Compiling aws-lc-sys v0.45.0
   Compiling displaydoc v0.2.7
   Compiling crypto-common v0.1.6
   Compiling block-buffer v0.10.4
   Compiling zeroize_derive v1.5.0
   Compiling zeroize v1.9.0
   Compiling digest v0.10.7
   Compiling futures-sink v0.3.34
   Compiling aws-lc-rs v1.18.1
   Compiling once_cell v1.21.4
   Compiling tinystr v0.8.4
   Compiling http v1.5.0
   Compiling percent-encoding v2.3.2
   Compiling either v1.18.0
   Compiling slab v0.4.12
   Compiling icu_locale_core v2.3.0
   Compiling zerotrie v0.2.5
   Compiling potential_utf v0.1.6
   Compiling icu_collections v2.3.0
   Compiling sha2 v0.10.9
   Compiling icu_provider v2.3.1
   Compiling http-body v1.1.0
   Compiling futures-macro v0.3.34
   Compiling futures-task v0.3.34
   Compiling futures-util v0.3.34
   Compiling rayon v1.12.0
   Compiling form_urlencoded v1.2.2
   Compiling tracing-core v0.1.36
   Compiling tracing-attributes v0.1.31
   Compiling rom-derive v0.0.2 (/workspace/ROM/crates/rom-derive)
   Compiling tower-service v0.3.3
   Compiling httparse v1.10.1
   Compiling equivalent v1.0.2
   Compiling indexmap v2.14.2
   Compiling rom v0.0.2 (/workspace/ROM/crates/rom)
   Compiling tracing v0.1.44
   Compiling icu_properties v2.3.0
   Compiling icu_normalizer v2.3.0
   Compiling tokio-util v0.7.19
   Compiling rustls-pki-types v1.15.1
   Compiling atomic-waker v1.1.2
   Compiling fnv v1.0.7
   Compiling try-lock v0.2.5
   Compiling want v0.3.1
   Compiling h2 v0.4.19
   Compiling idna_adapter v1.2.2
   Compiling futures-channel v0.3.34
   Compiling sync_wrapper v1.0.2
   Compiling rustls v0.23.45
   Compiling thiserror v2.0.21
   Compiling httpdate v1.0.3
   Compiling tower-layer v0.3.3
   Compiling untrusted v0.9.0
   Compiling hyper v1.11.1
   Compiling idna v1.1.0
   Compiling thiserror-impl v2.0.21
   Compiling ipnet v2.12.2
   Compiling base64 v0.23.1
   Compiling hyper-util v0.1.21
   Compiling url v2.5.8
   Compiling tower v0.5.3
   Compiling http-body-util v0.1.5
   Compiling ryu v1.0.23
   Compiling serde_urlencoded v0.7.1
   Compiling hybrid-array v0.4.15
   Compiling getrandom v0.4.3
   Compiling rand_core v0.10.1
   Compiling openssl-probe v0.2.1
   Compiling rustls-native-certs v0.8.4
   Compiling cfg_aliases v0.2.2
   Compiling parking_lot_core v0.9.12
   Compiling log v0.4.34
   Compiling nix v0.31.3
   Compiling libsqlite3-sys v0.38.2
   Compiling simple_asn1 v0.6.4
   Compiling block-buffer v0.12.1
   Compiling crypto-common v0.2.2
   Compiling tower-http v0.6.11
   Compiling scopeguard v1.2.0
   Compiling iana-time-zone v0.1.65
   Compiling cpufeatures v0.3.1
   Compiling winnow v1.0.4
   Compiling mime v0.3.17
   Compiling axum-core v0.5.6
   Compiling toml_parser v1.1.3+spec-1.1.0
   Compiling chacha20 v0.10.2
   Compiling chrono v0.4.45
   Compiling lock_api v0.4.14
   Compiling digest v0.11.3
   Compiling serde_path_to_error v0.1.20
   Compiling serde_spanned v1.1.1
   Compiling spin v0.10.1
   Compiling same-file v1.0.6
   Compiling toml_datetime v1.1.1+spec-1.1.0
   Compiling matchit v0.8.4
   Compiling axum v0.8.9
   Compiling toml v1.1.6+spec-1.1.0
   Compiling walkdir v2.5.0
   Compiling crc-fast v1.10.0
   Compiling parking_lot v0.12.5
   Compiling md-5 v0.11.0
   Compiling rand v0.10.3
   Compiling rom-blob v0.0.2 (/workspace/ROM/crates/rom-blob)
   Compiling rom-backup v0.0.2 (/workspace/ROM/crates/rom-backup)
   Compiling itertools v0.15.0
   Compiling quick-xml v0.41.0
   Compiling async-trait v0.1.92
   Compiling pathdiff v0.2.3
   Compiling humantime v2.4.0
   Compiling rusqlite v0.40.2
   Compiling config v0.15.27
   Compiling rom-http v0.0.2 (/workspace/ROM/crates/rom-http)
   Compiling redb v4.3.0
   Compiling rom-redb v0.0.2 (/workspace/ROM/crates/rom-redb)
   Compiling rom-config v0.0.2 (/workspace/ROM/crates/rom-config)
   Compiling rom-sqlite v0.0.2 (/workspace/ROM/crates/rom-sqlite)
   Compiling rom-fields v0.0.2 (/workspace/ROM/crates/rom-fields)
   Compiling rustls-webpki v0.103.15
   Compiling jsonwebtoken v11.1.0
   Compiling rom-auth v0.0.2 (/workspace/ROM/crates/rom-auth)
   Compiling rom-identity v0.0.2 (/workspace/ROM/crates/rom-identity)
   Compiling tokio-rustls v0.26.6
   Compiling hyper-rustls v0.27.10
   Compiling rustls-platform-verifier v0.7.1
   Compiling reqwest v0.13.5
   Compiling object_store v0.14.2
   Compiling rom-studio-host v0.0.2 (/workspace/ROM/crates/rom-studio-host)
   Compiling rom-blob-object-store v0.0.2 (/workspace/ROM/crates/rom-blob-object-store)
   Compiling rom-demo v0.0.2 (/workspace/ROM/demo)
    Finished `dev` profile [unoptimized + debuginfo] target(s) in 1m 01s
Finished with result: success
Main processes terminated with: code=exited, status=0/SUCCESS
Service runtime: 1min 1.994s
CPU time consumed: 1min 40.118s
Memory peak: 2.4G (swap: 0B)
IO bytes read: 147.6M written: 719.3M
