
Running 4 tests using 1 worker

(node:702003) Warning: The 'NO_COLOR' env is ignored due to the 'FORCE_COLOR' env being set.
(Use `node --trace-warnings ...` to show where the warning was created)
oidc-provider WARNING: a quick start development-only in-memory adapter is used, you MUST change it in order to not lose all stateful provider data upon restart and to be able to share these between processes
  ✘  1 [chromium] › tests/runtime/host.spec.ts:7:3 › real sqlite semantic catalog create patch actions and query (5.8s)
(node:702212) Warning: The 'NO_COLOR' env is ignored due to the 'FORCE_COLOR' env being set.
(Use `node --trace-warnings ...` to show where the warning was created)
oidc-provider WARNING: a quick start development-only in-memory adapter is used, you MUST change it in order to not lose all stateful provider data upon restart and to be able to share these between processes
  ✘  2 [chromium] › tests/runtime/host.spec.ts:7:3 › real redb semantic catalog create patch actions and query (5.7s)
(node:702437) Warning: The 'NO_COLOR' env is ignored due to the 'FORCE_COLOR' env being set.
(Use `node --trace-warnings ...` to show where the warning was created)
oidc-provider WARNING: a quick start development-only in-memory adapter is used, you MUST change it in order to not lose all stateful provider data upon restart and to be able to share these between processes
  ✘  3 [webkit] › tests/runtime/host.spec.ts:7:3 › real sqlite semantic catalog create patch actions and query (6.4s)
(node:702575) Warning: The 'NO_COLOR' env is ignored due to the 'FORCE_COLOR' env being set.
(Use `node --trace-warnings ...` to show where the warning was created)
oidc-provider WARNING: a quick start development-only in-memory adapter is used, you MUST change it in order to not lose all stateful provider data upon restart and to be able to share these between processes
  ✘  4 [webkit] › tests/runtime/host.spec.ts:7:3 › real redb semantic catalog create patch actions and query (6.4s)


  1) [chromium] › tests/runtime/host.spec.ts:7:3 › real sqlite semantic catalog create patch actions and query 

    Error: expect(received).toBe(expected) // Object.is equality

    Expected: 200
    Received: 401

       at semantic-workflow.ts:65

      63 | async function read(page: Page, id: string) {
      64 |   const result = await api(page, "read", { kind, id });
    > 65 |   expect(result.status).toBe(200);
         |                         ^
      66 |   return result.value as WireObject;
      67 | }
      68 | async function assertValues(
        at read (/root/ROM/studio/tests/runtime/semantic-workflow.ts:65:25)
        at assertValues (/root/ROM/studio/tests/runtime/semantic-workflow.ts:74:20)
        at semanticWorkflow (/root/ROM/studio/tests/runtime/semantic-workflow.ts:170:3)
        at /root/ROM/studio/tests/runtime/host.spec.ts:16:7

    Error Context: test-results/host-real-sqlite-semantic--8293a-ate-patch-actions-and-query-chromium/error-context.md

  2) [chromium] › tests/runtime/host.spec.ts:7:3 › real redb semantic catalog create patch actions and query 

    Error: expect(received).toBe(expected) // Object.is equality

    Expected: 200
    Received: 401

       at semantic-workflow.ts:65

      63 | async function read(page: Page, id: string) {
      64 |   const result = await api(page, "read", { kind, id });
    > 65 |   expect(result.status).toBe(200);
         |                         ^
      66 |   return result.value as WireObject;
      67 | }
      68 | async function assertValues(
        at read (/root/ROM/studio/tests/runtime/semantic-workflow.ts:65:25)
        at assertValues (/root/ROM/studio/tests/runtime/semantic-workflow.ts:74:20)
        at semanticWorkflow (/root/ROM/studio/tests/runtime/semantic-workflow.ts:170:3)
        at /root/ROM/studio/tests/runtime/host.spec.ts:16:7

    Error Context: test-results/host-real-redb-semantic-ca-60af0-ate-patch-actions-and-query-chromium/error-context.md

  3) [webkit] › tests/runtime/host.spec.ts:7:3 › real sqlite semantic catalog create patch actions and query 

    Error: expect(received).toBe(expected) // Object.is equality

    Expected: 200
    Received: 401

       at semantic-workflow.ts:65

      63 | async function read(page: Page, id: string) {
      64 |   const result = await api(page, "read", { kind, id });
    > 65 |   expect(result.status).toBe(200);
         |                         ^
      66 |   return result.value as WireObject;
      67 | }
      68 | async function assertValues(
        at read (/root/ROM/studio/tests/runtime/semantic-workflow.ts:65:25)
        at assertValues (/root/ROM/studio/tests/runtime/semantic-workflow.ts:74:20)
        at semanticWorkflow (/root/ROM/studio/tests/runtime/semantic-workflow.ts:170:3)
        at /root/ROM/studio/tests/runtime/host.spec.ts:16:7

    Error Context: test-results/host-real-sqlite-semantic--8293a-ate-patch-actions-and-query-webkit/error-context.md

  4) [webkit] › tests/runtime/host.spec.ts:7:3 › real redb semantic catalog create patch actions and query 

    Error: expect(received).toBe(expected) // Object.is equality

    Expected: 200
    Received: 401

       at semantic-workflow.ts:65

      63 | async function read(page: Page, id: string) {
      64 |   const result = await api(page, "read", { kind, id });
    > 65 |   expect(result.status).toBe(200);
         |                         ^
      66 |   return result.value as WireObject;
      67 | }
      68 | async function assertValues(
        at read (/root/ROM/studio/tests/runtime/semantic-workflow.ts:65:25)
        at assertValues (/root/ROM/studio/tests/runtime/semantic-workflow.ts:74:20)
        at semanticWorkflow (/root/ROM/studio/tests/runtime/semantic-workflow.ts:170:3)
        at /root/ROM/studio/tests/runtime/host.spec.ts:16:7

    Error Context: test-results/host-real-redb-semantic-ca-60af0-ate-patch-actions-and-query-webkit/error-context.md

  4 failed
    [chromium] › tests/runtime/host.spec.ts:7:3 › real sqlite semantic catalog create patch actions and query 
    [chromium] › tests/runtime/host.spec.ts:7:3 › real redb semantic catalog create patch actions and query 
    [webkit] › tests/runtime/host.spec.ts:7:3 › real sqlite semantic catalog create patch actions and query 
    [webkit] › tests/runtime/host.spec.ts:7:3 › real redb semantic catalog create patch actions and query 
