vite v8.3.2 building client environment for production...
transforming...
✓ 4908 modules transformed.

(!) outDir /var/tmp/rom-003-semantic-production-header-assets is not inside project root and will not be emptied.
Use --emptyOutDir to override.

rendering chunks...
computing gzip size...
../../../var/tmp/rom-003-semantic-production-header-assets/index.html                                                                                0.44 kB │ gzip:   0.29 kB
../../../var/tmp/rom-003-semantic-production-header-assets/notices/npm/cn/0.3.3/LICENSE                                                              1.06 kB
../../../var/tmp/rom-003-semantic-production-header-assets/notices/npm/tw-animate-css/1.4.0/LICENSE                                                  1.06 kB
../../../var/tmp/rom-003-semantic-production-header-assets/notices/npm/svelte-dnd-action/0.9.80/LICENSE                                              1.06 kB
../../../var/tmp/rom-003-semantic-production-header-assets/notices/npm/bits-ui/2.19.5/LICENSE                                                        1.07 kB
../../../var/tmp/rom-003-semantic-production-header-assets/notices/npm/tailwind-variants/3.3.1/LICENSE                                               1.07 kB
../../../var/tmp/rom-003-semantic-production-header-assets/notices/vendored/svar-filter-vendored/1c581c3312c626c525ee64b8f94446a025fa141c/LICENSE    1.07 kB
../../../var/tmp/rom-003-semantic-production-header-assets/notices/npm/tabbable/6.5.0/LICENSE                                                        1.07 kB
../../../var/tmp/rom-003-semantic-production-header-assets/notices/npm/_floating-ui_core/1.8.0/LICENSE                                               1.08 kB
../../../var/tmp/rom-003-semantic-production-header-assets/notices/npm/_floating-ui_dom/1.8.0/LICENSE                                                1.08 kB
../../../var/tmp/rom-003-semantic-production-header-assets/notices/npm/_floating-ui_utils/0.2.12/LICENSE                                             1.08 kB
../../../var/tmp/rom-003-semantic-production-header-assets/notices/npm/inline-style-parser/0.2.7/LICENSE                                             1.09 kB
../../../var/tmp/rom-003-semantic-production-header-assets/notices/npm/clsx/2.1.1/license                                                            1.10 kB
../../../var/tmp/rom-003-semantic-production-header-assets/notices/npm/style-to-object/1.0.14/LICENSE                                                1.11 kB
../../../var/tmp/rom-003-semantic-production-header-assets/notices/npm/svelte/5.57.1/LICENSE.md                                                      1.12 kB
../../../var/tmp/rom-003-semantic-production-header-assets/notices/npm/runed/0.35.1/LICENSE                                                          1.16 kB
../../../var/tmp/rom-003-semantic-production-header-assets/notices/npm/svelte-toolbelt/0.10.6/LICENSE                                                1.16 kB
../../../var/tmp/rom-003-semantic-production-header-assets/notices/npm/shadcn-svelte/1.7.0/LICENSE.md                                                1.19 kB
../../../var/tmp/rom-003-semantic-production-header-assets/notices/vendored/shadcn-svelte-vendored/source-checkout/LICENSE.md                        1.19 kB
../../../var/tmp/rom-003-semantic-production-header-assets/notices/tool-runtime/rolldown/1.2.12/LICENSE                                              1.30 kB
../../../var/tmp/rom-003-semantic-production-header-assets/notices/tool-runtime/rolldown/1.2.12/THIRD-PARTY-LICENSE                                  2.20 kB
../../../var/tmp/rom-003-semantic-production-header-assets/notices/npm/_lucide_svelte/1.51.0/LICENSE                                                 3.20 kB
../../../var/tmp/rom-003-semantic-production-header-assets/third-party-notices.json                                                                103.81 kB │ gzip:   8.60 kB
../../../var/tmp/rom-003-semantic-production-header-assets/notices/tool-runtime/vite/8.3.2/LICENSE.md                                              108.78 kB
../../../var/tmp/rom-003-semantic-production-header-assets/assets/index-BBf8R0qD.css                                                               178.29 kB │ gzip:  26.03 kB
../../../var/tmp/rom-003-semantic-production-header-assets/assets/index-DY6OaQgb.js                                                                619.07 kB │ gzip: 175.07 kB

✓ built in 5.02s
[plugin builtin:vite-reporter] 
(!) Some chunks are larger than 500 kB after minification. Consider:
- Using dynamic import() to code-split the application
- Use build.rolldownOptions.output.codeSplitting to improve chunking: https://rolldown.rs/reference/OutputOptions.codeSplitting
- Adjust chunk size limit for this warning via build.chunkSizeWarningLimit.
