TAP version 13
# Subtest: Studio gate profile requires both source frontend and exact extracted host acceptance
not ok 1 - Studio gate profile requires both source frontend and exact extracted host acceptance
  ---
  duration_ms: 0.824809
  type: 'test'
  location: '/workspace/ROM/.worktrees/release-query-index/scripts/release-artifacts/commands.test.mjs:8:1'
  failureType: 'testCodeFailure'
  error: |-
    Expected values to be strictly equal:
    
    6 !== 8
    
  code: 'ERR_ASSERTION'
  name: 'AssertionError'
  expected: 8
  actual: 6
  operator: 'strictEqual'
  stack: |-
    TestContext.<anonymous> (file:///workspace/ROM/.worktrees/release-query-index/scripts/release-artifacts/commands.test.mjs:11:10)
    Test.runInAsyncScope (node:async_hooks:214:14)
    Test.run (node:internal/test_runner/test:1047:25)
    Test.start (node:internal/test_runner/test:944:17)
    startSubtestAfterBootstrap (node:internal/test_runner/harness:296:17)
  ...
# Subtest: historical v1 profile retains exactly the original six command identities
not ok 2 - historical v1 profile retains exactly the original six command identities
  ---
  duration_ms: 0.265175
  type: 'test'
  location: '/workspace/ROM/.worktrees/release-query-index/scripts/release-artifacts/commands.test.mjs:24:1'
  failureType: 'testCodeFailure'
  error: 'Missing expected exception.'
  code: 'ERR_ASSERTION'
  name: 'AssertionError'
  expected:
  operator: 'throws'
  stack: |-
    TestContext.<anonymous> (file:///workspace/ROM/.worktrees/release-query-index/scripts/release-artifacts/commands.test.mjs:31:10)
    Test.runInAsyncScope (node:async_hooks:214:14)
    Test.run (node:internal/test_runner/test:1047:25)
    Test.processPendingSubtests (node:internal/test_runner/test:744:18)
    Test.postRun (node:internal/test_runner/test:1173:19)
    Test.run (node:internal/test_runner/test:1101:12)
    async startSubtestAfterBootstrap (node:internal/test_runner/harness:296:3)
  ...
# Release gate 1/6: ./scripts/check 
# Release gate 2/6: ./scripts/build --release
# Release gate 3/6: ./demo/verify 
# Release gate 4/6: ./demo/verify-provider 
# Release gate 5/6: ./scripts/check-skills 
# Release gate 6/6: node scripts/check-packages.mjs /var/tmp/rom-artifact-test-ZTqS2F/source
# Incomplete release evidence retained: /var/tmp/rom-artifact-test-ZTqS2F/.rom-release-stage-8bL8jj
# Release gate 1/6: ./scripts/check 
# Incomplete release evidence retained: /var/tmp/rom-artifact-test-3fAqoF/.rom-release-stage-9Qcg8z
# Release gate 1/6: ./scripts/check 
# Release gate 2/6: ./scripts/build --release
# Release gate 3/6: ./demo/verify 
# Release gate 4/6: ./demo/verify-provider 
# Release gate 5/6: ./scripts/check-skills 
# Release gate 6/6: node scripts/check-packages.mjs /var/tmp/rom-artifact-test-8RHnqN/source
# Incomplete release evidence retained: /var/tmp/rom-artifact-test-8RHnqN/.rom-release-stage-GFSNLl
# Release gate 1/6: ./scripts/check 
# Release gate 2/6: ./scripts/build --release
# Release gate 3/6: ./demo/verify 
# Release gate 4/6: ./demo/verify-provider 
# Release gate 5/6: ./scripts/check-skills 
# Release gate 6/6: node scripts/check-packages.mjs /var/tmp/rom-artifact-test-P3qJ1h/source
# Incomplete release evidence retained: /var/tmp/rom-artifact-test-P3qJ1h/.rom-release-stage-5lubqi
# Release gate 1/6: ./scripts/check 
# Release gate 2/6: ./scripts/build --release
# Release gate 3/6: ./demo/verify 
# Release gate 4/6: ./demo/verify-provider 
# Release gate 5/6: ./scripts/check-skills 
# Release gate 6/6: node scripts/check-packages.mjs /var/tmp/rom-artifact-test-uDRO8C/source
# Completed local source artifacts: /var/tmp/rom-artifact-test-uDRO8C/completed
# Subtest: dirty tracked or untracked source refuses gates and artifacts
ok 3 - dirty tracked or untracked source refuses gates and artifacts
  ---
  duration_ms: 67.181799
  type: 'test'
  ...
# Subtest: existing output retains its bytes and refuses gates
ok 4 - existing output retains its bytes and refuses gates
  ---
  duration_ms: 50.643726
  type: 'test'
  ...
# Subtest: missing Git metadata or obsolete profile refuses gates
ok 5 - missing Git metadata or obsolete profile refuses gates
  ---
  duration_ms: 71.227496
  type: 'test'
  ...
# Subtest: late destination collision retains complete losing stage and existing output
ok 6 - late destination collision retains complete losing stage and existing output
  ---
  duration_ms: 242.692186
  type: 'test'
  ...
# Subtest: failed gate retains incomplete evidence and exposes no final output
ok 7 - failed gate retains incomplete evidence and exposes no final output
  ---
  duration_ms: 99.113867
  type: 'test'
  ...
# Subtest: post-gate lock change or new committed revision prevents publication
ok 8 - post-gate lock change or new committed revision prevents publication
  ---
  duration_ms: 211.184714
  type: 'test'
  ...
# Subtest: successful fixture creates complete checksummed artifacts with matching extraction admission
not ok 9 - successful fixture creates complete checksummed artifacts with matching extraction admission
  ---
  duration_ms: 246.520559
  type: 'test'
  location: '/workspace/ROM/.worktrees/release-query-index/scripts/release-artifacts/producer.test.mjs:86:1'
  failureType: 'testCodeFailure'
  error: |-
    Expected values to be strictly equal:
    
    1 !== 2
    
  code: 'ERR_ASSERTION'
  name: 'AssertionError'
  expected: 2
  actual: 1
  operator: 'strictEqual'
  stack: |-
    TestContext.<anonymous> (file:///workspace/ROM/.worktrees/release-query-index/scripts/release-artifacts/producer.test.mjs:94:10)
    async Test.run (node:internal/test_runner/test:1054:7)
    async Test.processPendingSubtests (node:internal/test_runner/test:744:7)
  ...
1..9
# tests 9
# suites 0
# pass 6
# fail 3
# cancelled 0
# skipped 0
# todo 0
# duration_ms 1032.280354
