TAP version 13
# Subtest: application copy keeps required test support but excludes private files and build caches
ok 1 - application copy keeps required test support but excludes private files and build caches
  ---
  duration_ms: 9.430041
  type: 'test'
  ...
# Subtest: dependency path audit rejects a ROM dependency resolved from the checkout or a sibling prefix
ok 2 - dependency path audit rejects a ROM dependency resolved from the checkout or a sibling prefix
  ---
  duration_ms: 0.243974
  type: 'test'
  ...
# Subtest: copied application inventory includes hidden configuration and shared support bytes
ok 3 - copied application inventory includes hidden configuration and shared support bytes
  ---
  duration_ms: 12.964859
  type: 'test'
  ...
# Subtest: external application manifest retains exact identity, optional features and dependency scopes
ok 4 - external application manifest retains exact identity, optional features and dependency scopes
  ---
  duration_ms: 0.95229
  type: 'test'
  ...
# Subtest: unsupported dependency kinds and alternate registries fail explicitly
ok 5 - unsupported dependency kinds and alternate registries fail explicitly
  ---
  duration_ms: 0.387777
  type: 'test'
  ...
# Subtest: complete static asset identity rejects changed, missing, and extra files
ok 6 - complete static asset identity rejects changed, missing, and extra files
  ---
  duration_ms: 4.842132
  type: 'test'
  ...
# Subtest: asset admission rejects links, caches, invalid UTF8, and external or escaping references
ok 7 - asset admission rejects links, caches, invalid UTF8, and external or escaping references
  ---
  duration_ms: 1.958442
  type: 'test'
  ...
# Subtest: fresh offline build produces an exclusively created immutable asset extraction
ok 8 - fresh offline build produces an exclusively created immutable asset extraction
  ---
  duration_ms: 46.286654
  type: 'test'
  ...
# Subtest: npm failures and changed copied lock prevent acceptance and retain command evidence
ok 9 - npm failures and changed copied lock prevent acceptance and retain command evidence
  ---
  duration_ms: 7.311665
  type: 'test'
  ...
# Subtest: packaged consumer must build locked inputs and run the actual-host command on the extraction
ok 10 - packaged consumer must build locked inputs and run the actual-host command on the extraction
  ---
  duration_ms: 39.982663
  type: 'test'
  ...
# Subtest: packaged consumer retains incomplete evidence if host fails or changes accepted assets
ok 11 - packaged consumer retains incomplete evidence if host fails or changes accepted assets
  ---
  duration_ms: 52.165746
  type: 'test'
  ...
# Subtest: Studio copied inputs retain complete regular sources and exact npm identities
ok 12 - Studio copied inputs retain complete regular sources and exact npm identities
  ---
  duration_ms: 16.62259
  type: 'test'
  ...
# Subtest: Studio source refuses incomplete inputs, incompatible npm lock, and source links
ok 13 - Studio source refuses incomplete inputs, incompatible npm lock, and source links
  ---
  duration_ms: 3.596365
  type: 'test'
  ...
# Subtest: private frontend environment and key inputs are never admitted to a fresh copy
ok 14 - private frontend environment and key inputs are never admitted to a fresh copy
  ---
  duration_ms: 3.262521
  type: 'test'
  ...
# gzip: /var/tmp/rom-artifact-test-YATuf5/truncated-source.tar.gz: unexpected end of file
# Subtest: commit extraction consumes only the Git header from a large source archive
ok 15 - commit extraction consumes only the Git header from a large source archive
  ---
  duration_ms: 201.633136
  type: 'test'
  ...
# Subtest: commit extraction rejects a tree archive with no commit marker
ok 16 - commit extraction rejects a tree archive with no commit marker
  ---
  duration_ms: 52.643274
  type: 'test'
  ...
# Subtest: commit extraction still rejects incomplete gzip content
ok 17 - commit extraction still rejects incomplete gzip content
  ---
  duration_ms: 48.599429
  type: 'test'
  ...
# Release gate 1/8: ./scripts/check 
# Release gate 2/8: ./scripts/build --release
# Release gate 3/8: ./demo/verify 
# Release gate 4/8: ./demo/verify-provider 
# Release gate 5/8: ./scripts/check-skills 
# Release gate 6/8: node scripts/check-packages.mjs /var/tmp/rom-artifact-test-Kh09Jo/source
# Release gate 7/8: ./scripts/studio-browser-runtime-check 
# Release gate 8/8: ./demo/verify-studio --assets-dir /var/tmp/rom-artifact-test-Kh09Jo/.rom-release-stage-IqfEEd/.studio-work-GJnSK1/extracted/rom-0.0.2-1dec96517c08-studio
# Completed local source artifacts: /var/tmp/rom-artifact-test-Kh09Jo/completed
# Release gate 1/8: ./scripts/check 
# Release gate 2/8: ./scripts/build --release
# Release gate 3/8: ./demo/verify 
# Release gate 4/8: ./demo/verify-provider 
# Release gate 5/8: ./scripts/check-skills 
# Release gate 6/8: node scripts/check-packages.mjs /var/tmp/rom-artifact-test-nQJOWi/source
# Release gate 7/8: ./scripts/studio-browser-runtime-check 
# Release gate 8/8: ./demo/verify-studio --assets-dir /var/tmp/rom-artifact-test-nQJOWi/.rom-release-stage-mBfgpo/.studio-work-5o2gMb/extracted/rom-0.0.2-1dec96517c08-studio
# Completed local source artifacts: /var/tmp/rom-artifact-test-nQJOWi/completed
# Release gate 1/8: ./scripts/check 
# Release gate 2/8: ./scripts/build --release
# Release gate 3/8: ./demo/verify 
# Release gate 4/8: ./demo/verify-provider 
# Release gate 5/8: ./scripts/check-skills 
# Release gate 6/8: node scripts/check-packages.mjs /var/tmp/rom-artifact-test-CnyBSo/source
# Release gate 7/8: ./scripts/studio-browser-runtime-check 
# Release gate 8/8: ./demo/verify-studio --assets-dir /var/tmp/rom-artifact-test-CnyBSo/.rom-release-stage-vSf7JY/.studio-work-xn0tWO/extracted/rom-0.0.2-6a7ff88fef1e-studio
# Completed local source artifacts: /var/tmp/rom-artifact-test-CnyBSo/completed
# Release gate 1/8: ./scripts/check 
# Release gate 2/8: ./scripts/build --release
# Release gate 3/8: ./demo/verify 
# Release gate 4/8: ./demo/verify-provider 
# Release gate 5/8: ./scripts/check-skills 
# Release gate 6/8: node scripts/check-packages.mjs /var/tmp/rom-artifact-test-moj8ub/source
# Release gate 7/8: ./scripts/studio-browser-runtime-check 
# Release gate 8/8: ./demo/verify-studio --assets-dir /var/tmp/rom-artifact-test-moj8ub/.rom-release-stage-YjRpRS/.studio-work-XCMFNS/extracted/rom-0.0.2-6a7ff88fef1e-studio
# Completed local source artifacts: /var/tmp/rom-artifact-test-moj8ub/completed
# Release gate 1/8: ./scripts/check 
# Release gate 2/8: ./scripts/build --release
# Release gate 3/8: ./demo/verify 
# Release gate 4/8: ./demo/verify-provider 
# Release gate 5/8: ./scripts/check-skills 
# Release gate 6/8: node scripts/check-packages.mjs /var/tmp/rom-artifact-test-Tek9U2/source
# Release gate 7/8: ./scripts/studio-browser-runtime-check 
# Release gate 8/8: ./demo/verify-studio --assets-dir /var/tmp/rom-artifact-test-Tek9U2/.rom-release-stage-VhdPdn/.studio-work-3KT2y8/extracted/rom-0.0.2-6a7ff88fef1e-studio
# Completed local source artifacts: /var/tmp/rom-artifact-test-Tek9U2/completed
# Release gate 1/8: ./scripts/check 
# Release gate 2/8: ./scripts/build --release
# Release gate 3/8: ./demo/verify 
# Release gate 4/8: ./demo/verify-provider 
# Release gate 5/8: ./scripts/check-skills 
# Release gate 6/8: node scripts/check-packages.mjs /var/tmp/rom-artifact-test-nmv7mD/source
# Release gate 7/8: ./scripts/studio-browser-runtime-check 
# Release gate 8/8: ./demo/verify-studio --assets-dir /var/tmp/rom-artifact-test-nmv7mD/.rom-release-stage-alNWrh/.studio-work-IHRwvC/extracted/rom-0.0.2-22c43276640c-studio
# Completed local source artifacts: /var/tmp/rom-artifact-test-nmv7mD/completed
# Release gate 1/8: ./scripts/check 
# Release gate 2/8: ./scripts/build --release
# Release gate 3/8: ./demo/verify 
# Release gate 4/8: ./demo/verify-provider 
# Release gate 5/8: ./scripts/check-skills 
# Release gate 6/8: node scripts/check-packages.mjs /var/tmp/rom-artifact-test-AaAWLe/source
# Release gate 7/8: ./scripts/studio-browser-runtime-check 
# Release gate 8/8: ./demo/verify-studio --assets-dir /var/tmp/rom-artifact-test-AaAWLe/.rom-release-stage-a1IPUI/.studio-work-02jm2h/extracted/rom-0.0.2-22c43276640c-studio
# Completed local source artifacts: /var/tmp/rom-artifact-test-AaAWLe/completed
# Release gate 1/8: ./scripts/check 
# Release gate 2/8: ./scripts/build --release
# Release gate 3/8: ./demo/verify 
# Release gate 4/8: ./demo/verify-provider 
# Release gate 5/8: ./scripts/check-skills 
# Release gate 6/8: node scripts/check-packages.mjs /var/tmp/rom-artifact-test-S119dG/source
# Release gate 7/8: ./scripts/studio-browser-runtime-check 
# Release gate 8/8: ./demo/verify-studio --assets-dir /var/tmp/rom-artifact-test-S119dG/.rom-release-stage-o71wxS/.studio-work-12sV8w/extracted/rom-0.0.2-22c43276640c-studio
# Completed local source artifacts: /var/tmp/rom-artifact-test-S119dG/completed
# Release gate 1/8: ./scripts/check 
# Release gate 2/8: ./scripts/build --release
# Release gate 3/8: ./demo/verify 
# Release gate 4/8: ./demo/verify-provider 
# Release gate 5/8: ./scripts/check-skills 
# Release gate 6/8: node scripts/check-packages.mjs /var/tmp/rom-artifact-test-AT5UOX/source
# Release gate 7/8: ./scripts/studio-browser-runtime-check 
# Release gate 8/8: ./demo/verify-studio --assets-dir /var/tmp/rom-artifact-test-AT5UOX/.rom-release-stage-SNLpOi/.studio-work-yJev7p/extracted/rom-0.0.2-45d6b632bfd5-studio
# Completed local source artifacts: /var/tmp/rom-artifact-test-AT5UOX/completed
# Release gate 1/8: ./scripts/check 
# Release gate 2/8: ./scripts/build --release
# Release gate 3/8: ./demo/verify 
# Release gate 4/8: ./demo/verify-provider 
# Release gate 5/8: ./scripts/check-skills 
# Release gate 6/8: node scripts/check-packages.mjs /var/tmp/rom-artifact-test-ysXu90/source
# Release gate 7/8: ./scripts/studio-browser-runtime-check 
# Release gate 8/8: ./demo/verify-studio --assets-dir /var/tmp/rom-artifact-test-ysXu90/.rom-release-stage-iwHsV6/.studio-work-Xa397I/extracted/rom-0.0.2-45d6b632bfd5-studio
# Completed local source artifacts: /var/tmp/rom-artifact-test-ysXu90/completed
# Subtest: archive traversal or links are rejected before extraction
ok 18 - archive traversal or links are rejected before extraction
  ---
  duration_ms: 32.553164
  type: 'test'
  ...
# Subtest: changed declared archive identity fails even with refreshed manifest checksum
ok 19 - changed declared archive identity fails even with refreshed manifest checksum
  ---
  duration_ms: 456.2168
  type: 'test'
  ...
# Subtest: artifact verification rejects extra unchecksummed files
ok 20 - artifact verification rejects extra unchecksummed files
  ---
  duration_ms: 370.369966
  type: 'test'
  ...
# Subtest: verification checks archive commit and complete gate metadata
ok 21 - verification checks archive commit and complete gate metadata
  ---
  duration_ms: 1101.004792
  type: 'test'
  ...
# Subtest: verification notices unchecksummed cache directories
ok 22 - verification notices unchecksummed cache directories
  ---
  duration_ms: 348.909221
  type: 'test'
  ...
# Subtest: verification binds complete declared profile and package version to the extracted profile
ok 23 - verification binds complete declared profile and package version to the extracted profile
  ---
  duration_ms: 1077.558924
  type: 'test'
  ...
# Subtest: verification binds the complete declared selected file inventory
ok 24 - verification binds the complete declared selected file inventory
  ---
  duration_ms: 395.15678
  type: 'test'
  ...
# Subtest: Studio gate profile requires both source frontend and exact extracted host acceptance
ok 25 - Studio gate profile requires both source frontend and exact extracted host acceptance
  ---
  duration_ms: 2.877619
  type: 'test'
  ...
# Subtest: historical v1 profile retains exactly the original six command identities
ok 26 - historical v1 profile retains exactly the original six command identities
  ---
  duration_ms: 0.17905
  type: 'test'
  ...
# Release gate 1/8: ./scripts/check 
# Release gate 2/8: ./scripts/build --release
# Release gate 3/8: ./demo/verify 
# Release gate 4/8: ./demo/verify-provider 
# Release gate 5/8: ./scripts/check-skills 
# Release gate 6/8: node scripts/check-packages.mjs /var/tmp/rom-artifact-test-RUGYWU/source
# Release gate 7/8: ./scripts/studio-browser-runtime-check 
# Release gate 8/8: ./demo/verify-studio --assets-dir /var/tmp/rom-artifact-test-RUGYWU/.rom-release-stage-yUBZOn/.studio-work-hZZXms/extracted/rom-0.0.2-1dec96517c08-studio
# Incomplete release evidence retained: /var/tmp/rom-artifact-test-RUGYWU/.rom-release-stage-yUBZOn
# Release gate 1/8: ./scripts/check 
# Incomplete release evidence retained: /var/tmp/rom-artifact-test-xSkFya/.rom-release-stage-FX89Td
# Release gate 1/8: ./scripts/check 
# Release gate 2/8: ./scripts/build --release
# Release gate 3/8: ./demo/verify 
# Release gate 4/8: ./demo/verify-provider 
# Release gate 5/8: ./scripts/check-skills 
# Release gate 6/8: node scripts/check-packages.mjs /var/tmp/rom-artifact-test-FrmYYi/source
# Release gate 7/8: ./scripts/studio-browser-runtime-check 
# Incomplete release evidence retained: /var/tmp/rom-artifact-test-FrmYYi/.rom-release-stage-WaUGq8
# Release gate 1/8: ./scripts/check 
# Release gate 2/8: ./scripts/build --release
# Release gate 3/8: ./demo/verify 
# Release gate 4/8: ./demo/verify-provider 
# Release gate 5/8: ./scripts/check-skills 
# Release gate 6/8: node scripts/check-packages.mjs /var/tmp/rom-artifact-test-HHhmAw/source
# Release gate 7/8: ./scripts/studio-browser-runtime-check 
# Incomplete release evidence retained: /var/tmp/rom-artifact-test-HHhmAw/.rom-release-stage-C83V77
# Release gate 1/8: ./scripts/check 
# Release gate 2/8: ./scripts/build --release
# Release gate 3/8: ./demo/verify 
# Release gate 4/8: ./demo/verify-provider 
# Release gate 5/8: ./scripts/check-skills 
# Release gate 6/8: node scripts/check-packages.mjs /var/tmp/rom-artifact-test-6rdpwB/source
# Release gate 7/8: ./scripts/studio-browser-runtime-check 
# Release gate 8/8: ./demo/verify-studio --assets-dir /var/tmp/rom-artifact-test-6rdpwB/.rom-release-stage-4vr9co/.studio-work-H2qt7Z/extracted/rom-0.0.2-6a7ff88fef1e-studio
# Completed local source artifacts: /var/tmp/rom-artifact-test-6rdpwB/completed
# Subtest: dirty tracked or untracked source refuses gates and artifacts
ok 27 - dirty tracked or untracked source refuses gates and artifacts
  ---
  duration_ms: 112.703283
  type: 'test'
  ...
# Subtest: existing output retains its bytes and refuses gates
ok 28 - existing output retains its bytes and refuses gates
  ---
  duration_ms: 49.703367
  type: 'test'
  ...
# Subtest: missing Git metadata or obsolete profile refuses gates
ok 29 - missing Git metadata or obsolete profile refuses gates
  ---
  duration_ms: 97.591073
  type: 'test'
  ...
# Subtest: late destination collision retains complete losing stage and existing output
ok 30 - late destination collision retains complete losing stage and existing output
  ---
  duration_ms: 376.860601
  type: 'test'
  ...
# Subtest: failed gate retains incomplete evidence and exposes no final output
ok 31 - failed gate retains incomplete evidence and exposes no final output
  ---
  duration_ms: 143.551527
  type: 'test'
  ...
# Subtest: post-gate lock change or new committed revision prevents publication
ok 32 - post-gate lock change or new committed revision prevents publication
  ---
  duration_ms: 291.269242
  type: 'test'
  ...
# Subtest: successful fixture creates complete checksummed artifacts with matching extraction admission
ok 33 - successful fixture creates complete checksummed artifacts with matching extraction admission
  ---
  duration_ms: 437.488127
  type: 'test'
  ...
# Subtest: unsupported no-replace utility rejects before any acceptance gate
ok 34 - unsupported no-replace utility rejects before any acceptance gate
  ---
  duration_ms: 150.976548
  type: 'test'
  ...
# Subtest: dangling existing output rejects before gates
ok 35 - dangling existing output rejects before gates
  ---
  duration_ms: 45.603195
  type: 'test'
  ...
# Subtest: unsupported output filesystem rejects before gates
ok 36 - unsupported output filesystem rejects before gates
  ---
  duration_ms: 147.522714
  type: 'test'
  ...
# Subtest: publication refuses an existing empty directory
ok 37 - publication refuses an existing empty directory
  ---
  duration_ms: 10.458646
  type: 'test'
  ...
# Subtest: concurrent no-replace contenders expose exactly one complete directory
ok 38 - concurrent no-replace contenders expose exactly one complete directory
  ---
  duration_ms: 6.012486
  type: 'test'
  ...
# Release gate 1/8: ./scripts/check 
# Release gate 2/8: ./scripts/build --release
# Release gate 3/8: ./demo/verify 
# Release gate 4/8: ./demo/verify-provider 
# Release gate 5/8: ./scripts/check-skills 
# Release gate 6/8: node scripts/check-packages.mjs /var/tmp/rom-artifact-test-dH05F7/source
# Release gate 7/8: ./scripts/studio-browser-runtime-check 
# Release gate 8/8: ./demo/verify-studio --assets-dir /var/tmp/rom-artifact-test-dH05F7/.rom-release-stage-X73fJN/.studio-work-Gmc53r/extracted/rom-0.0.2-1dec96517c08-studio
# Completed local source artifacts: /var/tmp/rom-artifact-test-dH05F7/completed
# Release gate 1/8: ./scripts/check 
# Release gate 2/8: ./scripts/build --release
# Release gate 3/8: ./demo/verify 
# Release gate 4/8: ./demo/verify-provider 
# Release gate 5/8: ./scripts/check-skills 
# Release gate 6/8: node scripts/check-packages.mjs /var/tmp/rom-artifact-test-0EoHO8/source
# Release gate 7/8: ./scripts/studio-browser-runtime-check 
# Release gate 8/8: ./demo/verify-studio --assets-dir /var/tmp/rom-artifact-test-0EoHO8/.rom-release-stage-Dqhjb7/.studio-work-0HkoAF/extracted/rom-0.0.2-1dec96517c08-studio
# Completed local source artifacts: /var/tmp/rom-artifact-test-0EoHO8/completed
# Release gate 1/8: ./scripts/check 
# Release gate 2/8: ./scripts/build --release
# Release gate 3/8: ./demo/verify 
# Release gate 4/8: ./demo/verify-provider 
# Release gate 5/8: ./scripts/check-skills 
# Release gate 6/8: node scripts/check-packages.mjs /var/tmp/rom-artifact-test-FBRbfu/source
# Release gate 7/8: ./scripts/studio-browser-runtime-check 
# Release gate 8/8: ./demo/verify-studio --assets-dir /var/tmp/rom-artifact-test-FBRbfu/.rom-release-stage-2L1UIc/.studio-work-eaEHlj/extracted/rom-0.0.2-6a7ff88fef1e-studio
# Incomplete release evidence retained: /var/tmp/rom-artifact-test-FBRbfu/.rom-release-stage-2L1UIc
# Release gate 1/8: ./scripts/check 
# Release gate 2/8: ./scripts/build --release
# Release gate 3/8: ./demo/verify 
# Release gate 4/8: ./demo/verify-provider 
# Release gate 5/8: ./scripts/check-skills 
# Release gate 6/8: node scripts/check-packages.mjs /var/tmp/rom-artifact-test-sYrI9d/source
# Release gate 7/8: ./scripts/studio-browser-runtime-check 
# Release gate 8/8: ./demo/verify-studio --assets-dir /var/tmp/rom-artifact-test-sYrI9d/.rom-release-stage-uOjR70/.studio-work-M1CnBC/extracted/rom-0.0.2-6a7ff88fef1e-studio
# Incomplete release evidence retained: /var/tmp/rom-artifact-test-sYrI9d/.rom-release-stage-uOjR70
# Subtest: legacy version-one source-only manifest retains its six-gate contract
ok 39 - legacy version-one source-only manifest retains its six-gate contract
  ---
  duration_ms: 500.400006
  type: 'test'
  ...
# Subtest: frontend source, npm commands, asset inventory and profile are bound to their records
ok 40 - frontend source, npm commands, asset inventory and profile are bound to their records
  ---
  duration_ms: 702.383227
  type: 'test'
  ...
# Subtest: committed frontend generated caches are rejected before the first gate
ok 41 - committed frontend generated caches are rejected before the first gate
  ---
  duration_ms: 209.831286
  type: 'test'
  ...
# Subtest: incompatible frontend release version is rejected before gates or npm execution
ok 42 - incompatible frontend release version is rejected before gates or npm execution
  ---
  duration_ms: 70.313996
  type: 'test'
  ...
# Subtest: host gate must consume unchanged extracted assets and succeed before publication
ok 43 - host gate must consume unchanged extracted assets and succeed before publication
  ---
  duration_ms: 324.032265
  type: 'test'
  ...
1..43
# tests 43
# suites 0
# pass 43
# fail 0
# cancelled 0
# skipped 0
# todo 0
# duration_ms 3857.256894
