BEWARE: your OS is not officially supported by Playwright; downloading fallback build for ubuntu24.04-x64.
Downloading Chrome for Testing 153.0.8010.12 (playwright chromium v1243)[2m from https://cdn.playwright.dev/builds/cft/153.0.8010.12/linux64/chrome-linux64.zip[22m
|                                                                                |   0% of 186.8 MiB
|■■■■■■■■                                                                        |  10% of 186.8 MiB
|■■■■■■■■■■■■■■■■                                                                |  20% of 186.8 MiB
|■■■■■■■■■■■■■■■■■■■■■■■■                                                        |  30% of 186.8 MiB
|■■■■■■■■■■■■■■■■■■■■■■■■■■■■■■■■                                                |  40% of 186.8 MiB
|■■■■■■■■■■■■■■■■■■■■■■■■■■■■■■■■■■■■■■■■                                        |  50% of 186.8 MiB
|■■■■■■■■■■■■■■■■■■■■■■■■■■■■■■■■■■■■■■■■■■■■■■■■                                |  60% of 186.8 MiB
|■■■■■■■■■■■■■■■■■■■■■■■■■■■■■■■■■■■■■■■■■■■■■■■■■■■■■■■■                        |  70% of 186.8 MiB
|■■■■■■■■■■■■■■■■■■■■■■■■■■■■■■■■■■■■■■■■■■■■■■■■■■■■■■■■■■■■■■■■                |  80% of 186.8 MiB
|■■■■■■■■■■■■■■■■■■■■■■■■■■■■■■■■■■■■■■■■■■■■■■■■■■■■■■■■■■■■■■■■■■■■■■■■        |  90% of 186.8 MiB
|■■■■■■■■■■■■■■■■■■■■■■■■■■■■■■■■■■■■■■■■■■■■■■■■■■■■■■■■■■■■■■■■■■■■■■■■■■■■■■■■| 100% of 186.8 MiB
Chrome for Testing 153.0.8010.12 (playwright chromium v1243) downloaded to /root/.cache/ms-playwright/chromium-1243
BEWARE: your OS is not officially supported by Playwright; downloading fallback build for ubuntu24.04-x64.
Downloading FFmpeg (playwright ffmpeg v1011)[2m from https://cdn.playwright.dev/dbazure/download/playwright/builds/ffmpeg/1011/ffmpeg-linux.zip[22m
|                                                                                |   0% of 2.3 MiB
|■■■■■■■■                                                                        |  10% of 2.3 MiB
|■■■■■■■■■■■■■■■■                                                                |  20% of 2.3 MiB
|■■■■■■■■■■■■■■■■■■■■■■■■                                                        |  30% of 2.3 MiB
|■■■■■■■■■■■■■■■■■■■■■■■■■■■■■■■■                                                |  40% of 2.3 MiB
|■■■■■■■■■■■■■■■■■■■■■■■■■■■■■■■■■■■■■■■■                                        |  50% of 2.3 MiB
|■■■■■■■■■■■■■■■■■■■■■■■■■■■■■■■■■■■■■■■■■■■■■■■■                                |  60% of 2.3 MiB
|■■■■■■■■■■■■■■■■■■■■■■■■■■■■■■■■■■■■■■■■■■■■■■■■■■■■■■■■                        |  70% of 2.3 MiB
|■■■■■■■■■■■■■■■■■■■■■■■■■■■■■■■■■■■■■■■■■■■■■■■■■■■■■■■■■■■■■■■■                |  80% of 2.3 MiB
|■■■■■■■■■■■■■■■■■■■■■■■■■■■■■■■■■■■■■■■■■■■■■■■■■■■■■■■■■■■■■■■■■■■■■■■■        |  90% of 2.3 MiB
|■■■■■■■■■■■■■■■■■■■■■■■■■■■■■■■■■■■■■■■■■■■■■■■■■■■■■■■■■■■■■■■■■■■■■■■■■■■■■■■■| 100% of 2.3 MiB
FFmpeg (playwright ffmpeg v1011) downloaded to /root/.cache/ms-playwright/ffmpeg-1011
BEWARE: your OS is not officially supported by Playwright; downloading fallback build for ubuntu24.04-x64.
Downloading Chrome Headless Shell 153.0.8010.12 (playwright chromium-headless-shell v1243)[2m from https://cdn.playwright.dev/builds/cft/153.0.8010.12/linux64/chrome-headless-shell-linux64.zip[22m
|                                                                                |   0% of 114.3 MiB
|■■■■■■■■                                                                        |  10% of 114.3 MiB
|■■■■■■■■■■■■■■■■                                                                |  20% of 114.3 MiB
|■■■■■■■■■■■■■■■■■■■■■■■■                                                        |  30% of 114.3 MiB
|■■■■■■■■■■■■■■■■■■■■■■■■■■■■■■■■                                                |  40% of 114.3 MiB
|■■■■■■■■■■■■■■■■■■■■■■■■■■■■■■■■■■■■■■■■                                        |  50% of 114.3 MiB
|■■■■■■■■■■■■■■■■■■■■■■■■■■■■■■■■■■■■■■■■■■■■■■■■                                |  60% of 114.3 MiB
|■■■■■■■■■■■■■■■■■■■■■■■■■■■■■■■■■■■■■■■■■■■■■■■■■■■■■■■■                        |  70% of 114.3 MiB
|■■■■■■■■■■■■■■■■■■■■■■■■■■■■■■■■■■■■■■■■■■■■■■■■■■■■■■■■■■■■■■■■                |  80% of 114.3 MiB
|■■■■■■■■■■■■■■■■■■■■■■■■■■■■■■■■■■■■■■■■■■■■■■■■■■■■■■■■■■■■■■■■■■■■■■■■        |  90% of 114.3 MiB
|■■■■■■■■■■■■■■■■■■■■■■■■■■■■■■■■■■■■■■■■■■■■■■■■■■■■■■■■■■■■■■■■■■■■■■■■■■■■■■■■| 100% of 114.3 MiB
Chrome Headless Shell 153.0.8010.12 (playwright chromium-headless-shell v1243) downloaded to /root/.cache/ms-playwright/chromium_headless_shell-1243
BEWARE: your OS is not officially supported by Playwright; downloading fallback build for ubuntu24.04-x64.
Downloading WebKit 26.6 (playwright webkit v2359)[2m from https://cdn.playwright.dev/dbazure/download/playwright/builds/webkit/2359/webkit-ubuntu-24.04.zip[22m
|                                                                                |   0% of 102.3 MiB
|■■■■■■■■                                                                        |  10% of 102.3 MiB
|■■■■■■■■■■■■■■■■                                                                |  20% of 102.3 MiB
|■■■■■■■■■■■■■■■■■■■■■■■■                                                        |  30% of 102.3 MiB
|■■■■■■■■■■■■■■■■■■■■■■■■■■■■■■■■                                                |  40% of 102.3 MiB
|■■■■■■■■■■■■■■■■■■■■■■■■■■■■■■■■■■■■■■■■                                        |  50% of 102.3 MiB
|■■■■■■■■■■■■■■■■■■■■■■■■■■■■■■■■■■■■■■■■■■■■■■■■                                |  60% of 102.3 MiB
|■■■■■■■■■■■■■■■■■■■■■■■■■■■■■■■■■■■■■■■■■■■■■■■■■■■■■■■■                        |  70% of 102.3 MiB
|■■■■■■■■■■■■■■■■■■■■■■■■■■■■■■■■■■■■■■■■■■■■■■■■■■■■■■■■■■■■■■■■                |  80% of 102.3 MiB
|■■■■■■■■■■■■■■■■■■■■■■■■■■■■■■■■■■■■■■■■■■■■■■■■■■■■■■■■■■■■■■■■■■■■■■■■        |  90% of 102.3 MiB
|■■■■■■■■■■■■■■■■■■■■■■■■■■■■■■■■■■■■■■■■■■■■■■■■■■■■■■■■■■■■■■■■■■■■■■■■■■■■■■■■| 100% of 102.3 MiB
WebKit 26.6 (playwright webkit v2359) downloaded to /root/.cache/ms-playwright/webkit-2359
Playwright Host validation warning: 
╔══════════════════════════════════════════════════════╗
║ Host system is missing dependencies to run browsers. ║
║ Missing libraries:                                   ║
║     libgstreamer-1.0.so.0                            ║
║     libgmodule-2.0.so.0                              ║
║     libgtk-4.so.1                                    ║
║     libpangocairo-1.0.so.0                           ║
║     libpango-1.0.so.0                                ║
║     libharfbuzz.so.0                                 ║
║     libgdk_pixbuf-2.0.so.0                           ║
║     libcairo-gobject.so.2                            ║
║     libcairo.so.2                                    ║
║     libvulkan.so.1                                   ║
║     libgraphene-1.0.so.0                             ║
║     libgio-2.0.so.0                                  ║
║     libgobject-2.0.so.0                              ║
║     libglib-2.0.so.0                                 ║
║     libicudata.so.74                                 ║
║     libicui18n.so.74                                 ║
║     libatomic.so.1                                   ║
║     libsystemd.so.0                                  ║
║     libicuuc.so.74                                   ║
║     libxml2.so.2                                     ║
║     libsqlite3.so.0                                  ║
║     libxslt.so.1                                     ║
║     liblcms2.so.2                                    ║
║     libevent-2.1.so.7                                ║
║     libopus.so.0                                     ║
║     libgcrypt.so.20                                  ║
║     libgpg-error.so.0                                ║
║     libgstallocators-1.0.so.0                        ║
║     libgstapp-1.0.so.0                               ║
║     libgstbase-1.0.so.0                              ║
║     libgstpbutils-1.0.so.0                           ║
║     libgstaudio-1.0.so.0                             ║
║     libgsttag-1.0.so.0                               ║
║     libgstvideo-1.0.so.0                             ║
║     libgstgl-1.0.so.0                                ║
║     libgstcodecparsers-1.0.so.0                      ║
║     libgstfft-1.0.so.0                               ║
║     libflite.so.1                                    ║
║     libflite_usenglish.so.1                          ║
║     libflite_cmu_grapheme_lang.so.1                  ║
║     libflite_cmu_grapheme_lex.so.1                   ║
║     libflite_cmu_indic_lang.so.1                     ║
║     libflite_cmu_indic_lex.so.1                      ║
║     libflite_cmulex.so.1                             ║
║     libflite_cmu_time_awb.so.1                       ║
║     libflite_cmu_us_awb.so.1                         ║
║     libflite_cmu_us_kal16.so.1                       ║
║     libflite_cmu_us_kal.so.1                         ║
║     libflite_cmu_us_rms.so.1                         ║
║     libflite_cmu_us_slt.so.1                         ║
║     libwebpdemux.so.2                                ║
║     libavif.so.16                                    ║
║     libharfbuzz-icu.so.0                             ║
║     libepoxy.so.0                                    ║
║     libjpeg.so.8                                     ║
║     libpng16.so.16                                   ║
║     libz.so.1                                        ║
║     libfreetype.so.6                                 ║
║     libfontconfig.so.1                               ║
║     libwebpmux.so.3                                  ║
║     libwebp.so.7                                     ║
║     libexpat.so.1                                    ║
║     libX11.so.6                                      ║
║     libwayland-server.so.0                           ║
║     libwayland-egl.so.1                              ║
║     libwayland-client.so.0                           ║
║     libmanette-0.2.so.0                              ║
║     libenchant-2.so.2                                ║
║     libgbm.so.1                                      ║
║     libdrm.so.2                                      ║
║     libstdc++.so.6                                   ║
║     libtasn1.so.6                                    ║
║     libhyphen.so.0                                   ║
║     libsecret-1.so.0                                 ║
║     libpsl.so.5                                      ║
║     libnghttp2.so.14                                 ║
║     libatk-1.0.so.0                                  ║
║     libatk-bridge-2.0.so.0                           ║
║     libxkbcommon.so.0                                ║
╚══════════════════════════════════════════════════════╝
    at validateDependenciesLinux (/var/tmp/rom-0.0.2-frontend-stack/node_modules/playwright-core/lib/coreBundle.js:32259:9)
    at process.processTicksAndRejections (node:internal/process/task_queues:105:5)
    at async Registry._validateHostRequirements (/var/tmp/rom-0.0.2-frontend-stack/node_modules/playwright-core/lib/coreBundle.js:33519:18)
    at async Registry._validateHostRequirementsForExecutableIfNeeded (/var/tmp/rom-0.0.2-frontend-stack/node_modules/playwright-core/lib/coreBundle.js:33641:11)
    at async Registry.validateHostRequirementsForExecutablesIfNeeded (/var/tmp/rom-0.0.2-frontend-stack/node_modules/playwright-core/lib/coreBundle.js:33630:11)
    at async installBrowsers (/var/tmp/rom-0.0.2-frontend-stack/node_modules/playwright-core/lib/coreBundle.js:70097:5)
    at async _Command.<anonymous> (/var/tmp/rom-0.0.2-frontend-stack/node_modules/playwright-core/lib/coreBundle.js:73670:7)
