TAP version 13
# Subtest: emitted runtime ownership retains exact license and notice bytes without requiring SPDX
ok 1 - emitted runtime ownership retains exact license and notice bytes without requiring SPDX
  ---
  duration_ms: 9.412259
  type: 'test'
  ...
# Subtest: build refuses missing full license text, unknown virtual code, or an untrusted package owner
ok 2 - build refuses missing full license text, unknown virtual code, or an untrusted package owner
  ---
  duration_ms: 13.790234
  type: 'test'
  ...
# Subtest: asset admission fails closed on missing inventory, missing or changed notices, and uncovered JavaScript
not ok 3 - asset admission fails closed on missing inventory, missing or changed notices, and uncovered JavaScript
  ---
  duration_ms: 1.313445
  type: 'test'
  location: '/root/ROM/.worktrees/release-query-index/scripts/packages/studio-notices.test.mjs:62:1'
  failureType: 'testCodeFailure'
  error: 'Missing expected exception.'
  code: 'ERR_ASSERTION'
  name: 'AssertionError'
  expected:
  operator: 'throws'
  stack: |-
    TestContext.<anonymous> (file:///root/ROM/.worktrees/release-query-index/scripts/packages/studio-notices.test.mjs:74:14)
    Test.runInAsyncScope (node:async_hooks:214:14)
    Test.run (node:internal/test_runner/test:1047:25)
    Test.processPendingSubtests (node:internal/test_runner/test:744:18)
    Test.postRun (node:internal/test_runner/test:1173:19)
    Test.run (node:internal/test_runner/test:1101:12)
    async Test.processPendingSubtests (node:internal/test_runner/test:744:7)
  ...
1..3
# tests 3
# suites 0
# pass 2
# fail 1
# cancelled 0
# skipped 0
# todo 0
# duration_ms 67.075275
