TAP version 13
# Subtest: emitted runtime ownership retains exact license and notice bytes without requiring SPDX
ok 1 - emitted runtime ownership retains exact license and notice bytes without requiring SPDX
  ---
  duration_ms: 9.041589
  type: 'test'
  ...
# Subtest: build refuses missing full license text, unknown virtual code, or an untrusted package owner
ok 2 - build refuses missing full license text, unknown virtual code, or an untrusted package owner
  ---
  duration_ms: 7.571214
  type: 'test'
  ...
# Subtest: asset admission fails closed on missing inventory, missing or changed notices, and uncovered JavaScript
ok 3 - asset admission fails closed on missing inventory, missing or changed notices, and uncovered JavaScript
  ---
  duration_ms: 3.760615
  type: 'test'
  ...
# Subtest: inventory rejects missing owner bindings and malformed notice metadata before admission
ok 4 - inventory rejects missing owner bindings and malformed notice metadata before admission
  ---
  duration_ms: 4.254617
  type: 'test'
  ...
# Subtest: distinct transformed module IDs preserve query suffixes in the emitted inventory
not ok 5 - distinct transformed module IDs preserve query suffixes in the emitted inventory
  ---
  duration_ms: 2.171182
  type: 'test'
  location: '/root/ROM/.worktrees/release-query-index/scripts/packages/studio-notices.test.mjs:97:1'
  failureType: 'testCodeFailure'
  error: 'duplicate runtime notice record'
  code: 'ERR_TEST_FAILURE'
  stack: |-
    unique (file:///root/ROM/.worktrees/release-query-index/studio/build/notices/inventory.mjs:24:57)
    validateRuntimeNotices (file:///root/ROM/.worktrees/release-query-index/studio/build/notices/inventory.mjs:65:64)
    collectRuntimeNotices (file:///root/ROM/.worktrees/release-query-index/studio/build/notices/collection.mjs:42:3)
    TestContext.<anonymous> (file:///root/ROM/.worktrees/release-query-index/scripts/packages/studio-notices.test.mjs:101:20)
    Test.runInAsyncScope (node:async_hooks:214:14)
    Test.run (node:internal/test_runner/test:1047:25)
    Test.processPendingSubtests (node:internal/test_runner/test:744:18)
    Test.postRun (node:internal/test_runner/test:1173:19)
    Test.run (node:internal/test_runner/test:1101:12)
    async Test.processPendingSubtests (node:internal/test_runner/test:744:7)
  ...
1..5
# tests 5
# suites 0
# pass 4
# fail 1
# cancelled 0
# skipped 0
# todo 0
# duration_ms 67.844953
