TAP version 13
# node:internal/modules/esm/resolve:275
#     throw new ERR_MODULE_NOT_FOUND(
#           ^
# Error [ERR_MODULE_NOT_FOUND]: Cannot find module '/root/ROM/.worktrees/release-query-index/studio/build/notices/collection.mjs' imported from /root/ROM/.worktrees/release-query-index/scripts/packages/studio-notices.test.mjs
#     at finalizeResolution (node:internal/modules/esm/resolve:275:11)
#     at moduleResolve (node:internal/modules/esm/resolve:860:10)
#     at defaultResolve (node:internal/modules/esm/resolve:984:11)
#     at ModuleLoader.defaultResolve (node:internal/modules/esm/loader:780:12)
#     at \#cachedDefaultResolve (node:internal/modules/esm/loader:704:25)
#     at ModuleLoader.resolve (node:internal/modules/esm/loader:687:38)
#     at ModuleLoader.getModuleJobForImport (node:internal/modules/esm/loader:305:38)
#     at ModuleJob._link (node:internal/modules/esm/module_job:137:49) {
#   code: 'ERR_MODULE_NOT_FOUND',
#   url: 'file:///root/ROM/.worktrees/release-query-index/studio/build/notices/collection.mjs'
# }
# Node.js v22.16.0
# Subtest: scripts/packages/studio-notices.test.mjs
not ok 1 - scripts/packages/studio-notices.test.mjs
  ---
  duration_ms: 25.974115
  type: 'test'
  location: '/root/ROM/.worktrees/release-query-index/scripts/packages/studio-notices.test.mjs:1:1'
  failureType: 'testCodeFailure'
  exitCode: 1
  signal: ~
  error: 'test failed'
  code: 'ERR_TEST_FAILURE'
  ...
1..1
# tests 1
# suites 0
# pass 0
# fail 1
# cancelled 0
# skipped 0
# todo 0
# duration_ms 30.312385
