TAP version 13
# Subtest: emitted runtime ownership retains exact license and notice bytes without requiring SPDX
ok 1 - emitted runtime ownership retains exact license and notice bytes without requiring SPDX
  ---
  duration_ms: 8.901944
  type: 'test'
  ...
# Subtest: build refuses missing full license text, unknown virtual code, or an untrusted package owner
ok 2 - build refuses missing full license text, unknown virtual code, or an untrusted package owner
  ---
  duration_ms: 7.468093
  type: 'test'
  ...
# Subtest: asset admission fails closed on missing inventory, missing or changed notices, and uncovered JavaScript
ok 3 - asset admission fails closed on missing inventory, missing or changed notices, and uncovered JavaScript
  ---
  duration_ms: 3.624463
  type: 'test'
  ...
# Subtest: inventory rejects missing owner bindings and malformed notice metadata before admission
ok 4 - inventory rejects missing owner bindings and malformed notice metadata before admission
  ---
  duration_ms: 3.850012
  type: 'test'
  ...
# Subtest: distinct transformed module IDs preserve query suffixes in the emitted inventory
ok 5 - distinct transformed module IDs preserve query suffixes in the emitted inventory
  ---
  duration_ms: 2.166216
  type: 'test'
  ...
# Subtest: unclassified JavaScript assets cannot bypass emitted runtime provenance
not ok 6 - unclassified JavaScript assets cannot bypass emitted runtime provenance
  ---
  duration_ms: 2.323075
  type: 'test'
  location: '/root/ROM/.worktrees/release-query-index/scripts/packages/studio-notices.test.mjs:108:1'
  failureType: 'testCodeFailure'
  error: 'Missing expected exception.'
  code: 'ERR_ASSERTION'
  name: 'AssertionError'
  expected:
  operator: 'throws'
  stack: |-
    TestContext.<anonymous> (file:///root/ROM/.worktrees/release-query-index/scripts/packages/studio-notices.test.mjs:112:12)
    Test.runInAsyncScope (node:async_hooks:214:14)
    Test.run (node:internal/test_runner/test:1047:25)
    Test.processPendingSubtests (node:internal/test_runner/test:744:18)
    Test.postRun (node:internal/test_runner/test:1173:19)
    Test.run (node:internal/test_runner/test:1101:12)
    async Test.processPendingSubtests (node:internal/test_runner/test:744:7)
  ...
1..6
# tests 6
# suites 0
# pass 5
# fail 1
# cancelled 0
# skipped 0
# todo 0
# duration_ms 72.331561
