
MiniBrowser
	linux-vdso.so.1 (0x00007fff5a1fb000)
	libatk-1.0.so.0 => /nix/store/zqds74n0cczzmkj4y2zs2iwdkdyls3rg-at-spi2-core-2.54.1/lib/libatk-1.0.so.0 (0x00007f71f1771000)
	libgstreamer-1.0.so.0 => /nix/store/rzxp038v3k8md0jgn3q2jkfdnrh8k4wb-gstreamer-1.24.10/lib/libgstreamer-1.0.so.0 (0x00007f71f160b000)
	libWPEWebKit-2.0.so.1 => /var/tmp/rom-studio-webkit-runtime/minibrowser-wpe/lib/libWPEWebKit-2.0.so.1 (0x00007f71e9000000)
	libicudata.so.74 => /nix/store/av8xcj0jnl69mdvzpxvz11vigxkyrwiz-icu4c-74.2/lib/libicudata.so.74 (0x00007f71e7200000)
	libicui18n.so.74 => /nix/store/av8xcj0jnl69mdvzpxvz11vigxkyrwiz-icu4c-74.2/lib/libicui18n.so.74 (0x00007f71e6e00000)
	libicuuc.so.74 => /nix/store/av8xcj0jnl69mdvzpxvz11vigxkyrwiz-icu4c-74.2/lib/libicuuc.so.74 (0x00007f71e6a00000)
	libsystemd.so.0 => /nix/store/1kfyx9lmvkxd9mvg8py9w1q9brv5q6hd-systemd-minimal-256.10/lib/libsystemd.so.0 (0x00007f71f14f1000)
	libbacktrace.so.0 => /var/tmp/rom-studio-webkit-runtime/minibrowser-wpe/sys/lib/libbacktrace.so.0 (0x00007f71f14d7000)
	libxml2.so.2 => /nix/store/bfwqrbwqpbnsdbgf86gz8pn8vvddci3i-libxml2-2.13.8/lib/libxml2.so.2 (0x00007f71e6ca4000)
	libsqlite3.so.0 => /nix/store/v9smapvfv1z340qs3p7xbw6zb6zplfcf-sqlite-3.46.1/lib/libsqlite3.so.0 (0x00007f71e6897000)
	libxslt.so.1 => /nix/store/rgvzwzcwdw3aii28ycr2c8a6xw1mj8x2-libxslt-1.1.42/lib/libxslt.so.1 (0x00007f71f1497000)
	liblcms2.so.2 => /nix/store/466cgcc5r8xzc9g91dc8j716vdknixpm-lcms2-2.16/lib/liblcms2.so.2 (0x00007f71e8f97000)
	libevent-2.1.so.7 => /nix/store/r1ilwryz6s92xcik8c6z43rrrpwzv1wl-libevent-2.1.12/lib/libevent-2.1.so.7 (0x00007f71e71a8000)
	libopus.so.0 => /nix/store/4ada10fnnazmjmkf13fa83q94qh6gfj9-libopus-1.5.2/lib/libopus.so.0 (0x00007f71e6c3c000)
	libgcrypt.so.20 => /nix/store/yh310lhknz4yq8hb6ha4ga9hv1gka40j-libgcrypt-1.10.3-lib/lib/libgcrypt.so.20 (0x00007f71e674d000)
	libgpg-error.so.0 => /nix/store/9045sjkafh8rkjybarzgph2720zn04p4-libgpg-error-1.50/lib/libgpg-error.so.0 (0x00007f71e8f6c000)
	libgio-2.0.so.0 => /nix/store/s6mwa9zhvgjhyiyg014pdj1xln099v6w-glib-2.82.1/lib/libgio-2.0.so.0 (0x00007f71e6400000)
	libgobject-2.0.so.0 => /nix/store/s6mwa9zhvgjhyiyg014pdj1xln099v6w-glib-2.82.1/lib/libgobject-2.0.so.0 (0x00007f71e66e9000)
	libatomic.so.1 => /nix/store/avp5csfm2mrg5ycb9qmianx4khp9fzm2-gfortran-13.3.0-lib/lib/libatomic.so.1 (0x00007f71e8f61000)
	libgstallocators-1.0.so.0 => /nix/store/ilz9m3kw59y4yyzxlwwv6i4fzmmagkys-gst-plugins-base-1.24.10/lib/libgstallocators-1.0.so.0 (0x00007f71f1489000)
	libgstapp-1.0.so.0 => /nix/store/ilz9m3kw59y4yyzxlwwv6i4fzmmagkys-gst-plugins-base-1.24.10/lib/libgstapp-1.0.so.0 (0x00007f71e7190000)
	libgstbase-1.0.so.0 => /nix/store/rzxp038v3k8md0jgn3q2jkfdnrh8k4wb-gstreamer-1.24.10/lib/libgstbase-1.0.so.0 (0x00007f71e665c000)
	libgstpbutils-1.0.so.0 => /nix/store/ilz9m3kw59y4yyzxlwwv6i4fzmmagkys-gst-plugins-base-1.24.10/lib/libgstpbutils-1.0.so.0 (0x00007f71e6616000)
	libgstaudio-1.0.so.0 => /nix/store/ilz9m3kw59y4yyzxlwwv6i4fzmmagkys-gst-plugins-base-1.24.10/lib/libgstaudio-1.0.so.0 (0x00007f71e6375000)
	libgsttag-1.0.so.0 => /nix/store/ilz9m3kw59y4yyzxlwwv6i4fzmmagkys-gst-plugins-base-1.24.10/lib/libgsttag-1.0.so.0 (0x00007f71e6332000)
	libgstvideo-1.0.so.0 => /nix/store/ilz9m3kw59y4yyzxlwwv6i4fzmmagkys-gst-plugins-base-1.24.10/lib/libgstvideo-1.0.so.0 (0x00007f71e6250000)
	libgstgl-1.0.so.0 => /nix/store/ilz9m3kw59y4yyzxlwwv6i4fzmmagkys-gst-plugins-base-1.24.10/lib/libgstgl-1.0.so.0 (0x00007f71e61c0000)
	libgstcodecparsers-1.0.so.0 => /nix/store/xq3pf3dbpzy4q5ac941lh5aag3bxj3fl-gst-plugins-bad-1.24.10/lib/libgstcodecparsers-1.0.so.0 (0x00007f71e6118000)
	libgstfft-1.0.so.0 => /nix/store/ilz9m3kw59y4yyzxlwwv6i4fzmmagkys-gst-plugins-base-1.24.10/lib/libgstfft-1.0.so.0 (0x00007f71e7181000)
	libflite.so.1 => /nix/store/5gkwrcybjxwxn2b7z401waa0nq30bka4-flite-2.2-lib/lib/libflite.so.1 (0x00007f71e60da000)
	libflite_usenglish.so.1 => /nix/store/5gkwrcybjxwxn2b7z401waa0nq30bka4-flite-2.2-lib/lib/libflite_usenglish.so.1 (0x00007f71e60ae000)
	libflite_cmu_grapheme_lang.so.1 => /nix/store/5gkwrcybjxwxn2b7z401waa0nq30bka4-flite-2.2-lib/lib/libflite_cmu_grapheme_lang.so.1 (0x00007f71e7176000)
	libflite_cmu_grapheme_lex.so.1 => /nix/store/5gkwrcybjxwxn2b7z401waa0nq30bka4-flite-2.2-lib/lib/libflite_cmu_grapheme_lex.so.1 (0x00007f71e5e00000)
	libflite_cmu_indic_lang.so.1 => /nix/store/5gkwrcybjxwxn2b7z401waa0nq30bka4-flite-2.2-lib/lib/libflite_cmu_indic_lang.so.1 (0x00007f71e6086000)
	libflite_cmu_indic_lex.so.1 => /nix/store/5gkwrcybjxwxn2b7z401waa0nq30bka4-flite-2.2-lib/lib/libflite_cmu_indic_lex.so.1 (0x00007f71e7168000)
	libflite_cmulex.so.1 => /nix/store/5gkwrcybjxwxn2b7z401waa0nq30bka4-flite-2.2-lib/lib/libflite_cmulex.so.1 (0x00007f71e5d69000)
	libflite_cmu_time_awb.so.1 => /nix/store/5gkwrcybjxwxn2b7z401waa0nq30bka4-flite-2.2-lib/lib/libflite_cmu_time_awb.so.1 (0x00007f71e5800000)
	libflite_cmu_us_awb.so.1 => /nix/store/5gkwrcybjxwxn2b7z401waa0nq30bka4-flite-2.2-lib/lib/libflite_cmu_us_awb.so.1 (0x00007f71e5400000)
	libflite_cmu_us_kal16.so.1 => /nix/store/5gkwrcybjxwxn2b7z401waa0nq30bka4-flite-2.2-lib/lib/libflite_cmu_us_kal16.so.1 (0x00007f71e5000000)
	libflite_cmu_us_kal.so.1 => /nix/store/5gkwrcybjxwxn2b7z401waa0nq30bka4-flite-2.2-lib/lib/libflite_cmu_us_kal.so.1 (0x00007f71e4e9b000)
	libflite_cmu_us_rms.so.1 => /nix/store/5gkwrcybjxwxn2b7z401waa0nq30bka4-flite-2.2-lib/lib/libflite_cmu_us_rms.so.1 (0x00007f71e4800000)
	libflite_cmu_us_slt.so.1 => /nix/store/5gkwrcybjxwxn2b7z401waa0nq30bka4-flite-2.2-lib/lib/libflite_cmu_us_slt.so.1 (0x00007f71e4400000)
	libwebpdemux.so.2 => /nix/store/gv3kq66mvm039jzyyyxqfs18gfslv8jd-libwebp-1.4.0/lib/libwebpdemux.so.2 (0x00007f71e6c35000)
	libjxl.so.0.8 => /var/tmp/rom-studio-webkit-runtime/minibrowser-wpe/sys/lib/libjxl.so.0.8 (0x00007f71e3400000)
	libavif.so.16 => /nix/store/w0hcakfcz24vw3f9a0ncxys23jg83bpb-libavif-1.1.1/lib/libavif.so.16 (0x00007f71e6052000)
	libharfbuzz-icu.so.0 => /nix/store/c0y50qpz9k7nafpai4jp9ic3hkgq8297-harfbuzz-icu-10.0.1/lib/libharfbuzz-icu.so.0 (0x00007f71e6c30000)
	libepoxy.so.0 => /nix/store/52g7pnwxvqpmipcvmc2c0qyvwkfv7myy-libepoxy-1.5.10/lib/libepoxy.so.0 (0x00007f71e4d65000)
	libjpeg.so.8 => /nix/store/1mr06d73yd5ld74w9g0sg0i87dyzra1f-libjpeg-turbo-3.0.4/lib/libjpeg.so.8 (0x00007f71e332d000)
	libpng16.so.16 => /nix/store/187jl497p1hr5rsybpr751rk1s40wl0d-libpng-apng-1.6.43/lib/libpng16.so.16 (0x00007f71e5d2e000)
	libz.so.1 => /nix/store/b6mjyiadysqlh7nps52faznnqmp32604-zlib-1.3.1/lib/libz.so.1 (0x00007f71e6034000)
	libharfbuzz.so.0 => /nix/store/njvg6r852g82r94g5bxjsrpq6g7kmfsp-harfbuzz-10.0.1/lib/libharfbuzz.so.0 (0x00007f71e31f0000)
	libfreetype.so.6 => /nix/store/zrcar9dxgd1b453k1b7lsms6mm84frs8-freetype-2.13.3/lib/libfreetype.so.6 (0x00007f71e311e000)
	libfontconfig.so.1 => /nix/store/9mwfi1naginyz9sch0l37f4pxmi6d9kw-fontconfig-2.15.0-lib/lib/libfontconfig.so.1 (0x00007f71e4d17000)
	libwebpmux.so.3 => /nix/store/gv3kq66mvm039jzyyyxqfs18gfslv8jd-libwebp-1.4.0/lib/libwebpmux.so.3 (0x00007f71e6c21000)
	libwebp.so.7 => /nix/store/gv3kq66mvm039jzyyyxqfs18gfslv8jd-libwebp-1.4.0/lib/libwebp.so.7 (0x00007f71e3071000)
	libexpat.so.1 => /nix/store/h08i7wrlqmd48lnaimaz28pny9i8vmr8-expat-2.7.1/lib/libexpat.so.1 (0x00007f71e5d01000)
	libsoup-3.0.so.0 => /var/tmp/rom-studio-webkit-runtime/minibrowser-wpe/sys/lib/libsoup-3.0.so.0 (0x00007f71e436e000)
	libgmodule-2.0.so.0 => /nix/store/s6mwa9zhvgjhyiyg014pdj1xln099v6w-glib-2.82.1/lib/libgmodule-2.0.so.0 (0x00007f71e660f000)
	libglib-2.0.so.0 => /nix/store/s6mwa9zhvgjhyiyg014pdj1xln099v6w-glib-2.82.1/lib/libglib-2.0.so.0 (0x00007f71e2f1c000)
	libenchant-2.so.2 => /nix/store/kmywn5ivcz44v4nd8d6snh6viaawfmh6-enchant-2.6.9/lib/libenchant-2.so.2 (0x00007f71e6603000)
	libgbm.so.1 => /nix/store/2lq8ihiy3d2b2xa0m9mnwdqhscczzb2m-mesa-24.2.8/lib/libgbm.so.1 (0x00007f71e6023000)
	libdrm.so.2 => /nix/store/6qmfmza7nyac6jnk44v6pigqpiadhjh0-libdrm-2.4.123/lib/libdrm.so.2 (0x00007f71e53e8000)
	libstdc++.so.6 => /nix/store/avp5csfm2mrg5ycb9qmianx4khp9fzm2-gfortran-13.3.0-lib/lib/libstdc++.so.6 (0x00007f71e2c00000)
	libm.so.6 => /nix/store/3vzqb31d2d8s253c94kddml4v7dr6789-extra-utils/lib/libm.so.6 (0x00007f71e2b13000)
	libgcc_s.so.1 => /nix/store/avp5csfm2mrg5ycb9qmianx4khp9fzm2-gfortran-13.3.0-lib/lib/libgcc_s.so.1 (0x00007f71e4cf2000)
	libc.so.6 => /nix/store/3vzqb31d2d8s253c94kddml4v7dr6789-extra-utils/lib/libc.so.6 (0x00007f71e2800000)
	libunwind.so.8 => /nix/store/5yyk0kd3929bf6ac43rrmpnijrcygcnf-libunwind-1.8.1/lib/libunwind.so.8 (0x00007f71e4cd5000)
	libdw.so.1 => /nix/store/sz4dchxmxnhk3ancyyh0d636gdrb651b-elfutils-0.191/lib/libdw.so.1 (0x00007f71e2e76000)
	libatk-bridge-2.0.so.0 => /nix/store/zqds74n0cczzmkj4y2zs2iwdkdyls3rg-at-spi2-core-2.54.1/lib/libatk-bridge-2.0.so.0 (0x00007f71e2ad3000)
	libwayland-server.so.0 => /nix/store/8gfcx6sj2yrv5ry0dmi1nxibxcp1ggwl-wayland-1.23.1/lib/libwayland-server.so.0 (0x00007f71e4cbc000)
	libwayland-egl.so.1 => /nix/store/8gfcx6sj2yrv5ry0dmi1nxibxcp1ggwl-wayland-1.23.1/lib/libwayland-egl.so.1 (0x00007f71e5cfc000)
	libwayland-client.so.0 => /nix/store/8gfcx6sj2yrv5ry0dmi1nxibxcp1ggwl-wayland-1.23.1/lib/libwayland-client.so.0 (0x00007f71e4ca9000)
	libxkbcommon.so.0 => /nix/store/vrl8bn3frgdlnz52ccvqf36kbma9wnls-libxkbcommon-1.7.0/lib/libxkbcommon.so.0 (0x00007f71e2a88000)
	libmanette-0.2.so.0 => /nix/store/fdhs2scwssjcsrsqw11z49gv0r2a21wh-libmanette-0.2.9/lib/libmanette-0.2.so.0 (0x00007f71e2a40000)
	libtasn1.so.6 => /nix/store/nnfc7jajz8linw50amjk42rynig03dc5-libtasn1-4.20.0/lib/libtasn1.so.6 (0x00007f71e2a2a000)
	libhyphen.so.0 => /nix/store/7dmw2y0r7zcl23jb32885v3whb7qjk7i-hyphen-2.8.8/lib/libhyphen.so.0 (0x00007f71e5cf2000)
	/nix/store/5m9amsvvh2z8sl7jrnc87hzy21glw6k1-glibc-2.40-66/lib/ld-linux-x86-64.so.2 (0x00007f71f17c3000)
	libpthread.so.0 => /nix/store/3vzqb31d2d8s253c94kddml4v7dr6789-extra-utils/lib/libpthread.so.0 (0x00007f71e57f8000)
	libcap.so.2 => /nix/store/3vzqb31d2d8s253c94kddml4v7dr6789-extra-utils/lib/libcap.so.2 (0x00007f71e53dc000)
	libmount.so.1 => /nix/store/3vzqb31d2d8s253c94kddml4v7dr6789-extra-utils/lib/libmount.so.1 (0x00007f71e278c000)
	libselinux.so.1 => /nix/store/qzjb1p4qz3sa9nkb1b5ai8nxbda17lz0-libselinux-3.7/lib/libselinux.so.1 (0x00007f71e275a000)
	libffi.so.8 => /nix/store/1xid1r772g3w9wnrn721qjbnhcg46szw-libffi-3.4.6/lib/libffi.so.8 (0x00007f71e435d000)
	liborc-0.4.so.0 => /nix/store/fyzm5kmzs8s8qs2lmzr70qy5yj4f188a-orc-0.4.40/lib/liborc-0.4.so.0 (0x00007f71e26a0000)
	libEGL.so.1 => /nix/store/ws1zf8zhnk98yp0b4zkgk5w3s29bxsyl-libglvnd-1.7.0/lib/libEGL.so.1 (0x00007f71e2a14000)
	libGLX.so.0 => /nix/store/ws1zf8zhnk98yp0b4zkgk5w3s29bxsyl-libglvnd-1.7.0/lib/libGLX.so.0 (0x00007f71e266c000)
	libwayland-cursor.so.0 => /nix/store/8gfcx6sj2yrv5ry0dmi1nxibxcp1ggwl-wayland-1.23.1/lib/libwayland-cursor.so.0 (0x00007f71e4c9f000)
	libX11.so.6 => /nix/store/i88qpfah2j0yq7nihbm626abbhzkc21g-libX11-1.8.10/lib/libX11.so.6 (0x00007f71e2520000)
	libX11-xcb.so.1 => /nix/store/i88qpfah2j0yq7nihbm626abbhzkc21g-libX11-1.8.10/lib/libX11-xcb.so.1 (0x00007f71e47fb000)
	libxcb.so.1 => /nix/store/09aq563zkqcw9ikxn02p4bm13i2hz51r-libxcb-1.17.0/lib/libxcb.so.1 (0x00007f71e24f4000)
	libpulse-simple.so.0 => /nix/store/1gsbh7hcxqwpf1rk5h8x04vc8dpph1rw-libpulseaudio-17.0/lib/libpulse-simple.so.0 (0x00007f71e2e6f000)
	libpulse.so.0 => /nix/store/1gsbh7hcxqwpf1rk5h8x04vc8dpph1rw-libpulseaudio-17.0/lib/libpulse.so.0 (0x00007f71e249c000)
	libsharpyuv.so.0 => /nix/store/gv3kq66mvm039jzyyyxqfs18gfslv8jd-libwebp-1.4.0/lib/libsharpyuv.so.0 (0x00007f71e2e65000)
	libbrotlidec.so.1 => /var/tmp/rom-studio-webkit-runtime/minibrowser-wpe/sys/lib/libbrotlidec.so.1 (0x00007f71e2479000)
	libbrotlienc.so.1 => /var/tmp/rom-studio-webkit-runtime/minibrowser-wpe/sys/lib/libbrotlienc.so.1 (0x00007f71e2381000)
	libbrotlicommon.so.1 => /var/tmp/rom-studio-webkit-runtime/minibrowser-wpe/sys/lib/libbrotlicommon.so.1 (0x00007f71e235e000)
	libyuv.so => /nix/store/9ym4rh48acgpmhhl7vzw7l0haz0lp78z-libyuv-1787/lib/libyuv.so (0x00007f71e226f000)
	libdav1d.so.7 => /nix/store/by9dax6q0bx0bwzh9wnkwxqshybp763a-dav1d-1.5.0/lib/libdav1d.so.7 (0x00007f71e2091000)
	libdl.so.2 => /nix/store/3vzqb31d2d8s253c94kddml4v7dr6789-extra-utils/lib/libdl.so.2 (0x00007f71e2a0e000)
	libaom.so.3 => /nix/store/d6i2dvhql6srx5vsjh42q3sfzn3isrlv-libaom-3.10.0/lib/libaom.so.3 (0x00007f71e1800000)
	libgraphite2.so.3 => /nix/store/g8id9ac031i3fpfsm7zf2p7di6ls5gmq-graphite2-1.3.14/lib/libgraphite2.so.3 (0x00007f71e2067000)
	libbz2.so.1 => /nix/store/vrqss3954zk1c52mda3xf1rv7wc5ygba-bzip2-1.0.8/lib/libbz2.so.1 (0x00007f71e2054000)
	libpsl.so.5 => /nix/store/a79pxcmsswqiianw3nqhbpvqn07ridr1-libpsl-0.21.5/lib/libpsl.so.5 (0x00007f71e2040000)
	libnghttp2.so.14 => /nix/store/28611j8cjjvifa0lxcm2ddvjl35rj9zb-nghttp2-1.64.0-lib/lib/libnghttp2.so.14 (0x00007f71e200e000)
	libpcre2-8.so.0 => /nix/store/5fyihpawb075p85ya1xb5ss9s2w0jrbk-pcre2-10.44/lib/libpcre2-8.so.0 (0x00007f71e1760000)
	libaspell.so.15 => /nix/store/gmakyj9sfqk08f6072152d2vcclv7q66-aspell-0.60.8.1/lib/libaspell.so.15 (0x00007f71e16ab000)
	libgallium-24.2.8.so => /nix/store/2lq8ihiy3d2b2xa0m9mnwdqhscczzb2m-mesa-24.2.8/lib/libgallium-24.2.8.so (0x00007f71dee00000)
	libxcb-randr.so.0 => /nix/store/09aq563zkqcw9ikxn02p4bm13i2hz51r-libxcb-1.17.0/lib/libxcb-randr.so.0 (0x00007f71e1ffb000)
	liblzma.so.5 => /nix/store/3vzqb31d2d8s253c94kddml4v7dr6789-extra-utils/lib/liblzma.so.5 (0x00007f71e1fca000)
	libelf.so.1 => /nix/store/sz4dchxmxnhk3ancyyh0d636gdrb651b-elfutils-0.191/lib/libelf.so.1 (0x00007f71e168e000)
	libzstd.so.1 => /nix/store/3vzqb31d2d8s253c94kddml4v7dr6789-extra-utils/lib/libzstd.so.1 (0x00007f71e15ba000)
	libatspi.so.0 => /nix/store/zqds74n0cczzmkj4y2zs2iwdkdyls3rg-at-spi2-core-2.54.1/lib/libatspi.so.0 (0x00007f71dedc3000)
	libdbus-1.so.3 => /nix/store/k0myw579z0gav01cndr6wk7vx63nrbma-dbus-1.14.10-lib/lib/libdbus-1.so.3 (0x00007f71ded6a000)
	libevdev.so.2 => /nix/store/frnyn9h74xi0r9p7barq89wvrfb5sxw3-libevdev-1.13.3/lib/libevdev.so.2 (0x00007f71e159c000)
	libgudev-1.0.so.0 => /nix/store/83ajpiypk4hnxflxqnwskpl6rcbp69k1-libgudev-238/lib/libgudev-1.0.so.0 (0x00007f71e1fbd000)
	libblkid.so.1 => /nix/store/3vzqb31d2d8s253c94kddml4v7dr6789-extra-utils/lib/libblkid.so.1 (0x00007f71ded0b000)
	libGLdispatch.so.0 => /nix/store/ws1zf8zhnk98yp0b4zkgk5w3s29bxsyl-libglvnd-1.7.0/lib/libGLdispatch.so.0 (0x00007f71dec52000)
	libXext.so.6 => /nix/store/58hahz0ds522pz7bc9fwmgjjfy36swn8-libXext-1.3.6/lib/libXext.so.6 (0x00007f71e1587000)
	libXau.so.6 => /nix/store/yajrv8lpsmrypm6ra5sf82whpn1gjqm3-libXau-1.0.11/lib/libXau.so.6 (0x00007f71e2a05000)
	libXdmcp.so.6 => /nix/store/gpgcyp2ns1r8f0sazaizqi0ainxfxzg2-libXdmcp-1.1.5/lib/libXdmcp.so.6 (0x00007f71e1fb5000)
	libpulsecommon-17.0.so => /nix/store/1gsbh7hcxqwpf1rk5h8x04vc8dpph1rw-libpulseaudio-17.0/lib/pulseaudio/libpulsecommon-17.0.so (0x00007f71debc7000)
	libjpeg.so.62 => /nix/store/zxp2pp577dpvazax4jfcn1yprqqfa98w-libjpeg-turbo-3.0.4/lib/libjpeg.so.62 (0x00007f71deaf5000)
	libvmaf.so.3 => /nix/store/lkmngkp2lpyrprs85dqa537rmk3mz7lv-libvmaf-3.0.0/lib/libvmaf.so.3 (0x00007f71de9ea000)
	libunistring.so.5 => /nix/store/2745pvn6cv32yn9gp2rlqiqhqgs01pb5-libunistring-1.2/lib/libunistring.so.5 (0x00007f71de832000)
	libidn2.so.0 => /nix/store/c47b963idja6h1d8n91pf28v2jcq96kp-libidn2-2.3.7/lib/libidn2.so.0 (0x00007f71de801000)
	libglapi.so.0 => /nix/store/2lq8ihiy3d2b2xa0m9mnwdqhscczzb2m-mesa-24.2.8/lib/libglapi.so.0 (0x00007f71de7cd000)
	libLLVM.so.18.1 => /nix/store/2iv1z95ckglxkjfym0q5sl6an78axwzn-llvm-18.1.8-lib/lib/libLLVM.so.18.1 (0x00007f71d5c00000)
	libxcb-dri3.so.0 => /nix/store/09aq563zkqcw9ikxn02p4bm13i2hz51r-libxcb-1.17.0/lib/libxcb-dri3.so.0 (0x00007f71de7c6000)
	libxcb-present.so.0 => /nix/store/09aq563zkqcw9ikxn02p4bm13i2hz51r-libxcb-1.17.0/lib/libxcb-present.so.0 (0x00007f71de7c0000)
	libxcb-xfixes.so.0 => /nix/store/09aq563zkqcw9ikxn02p4bm13i2hz51r-libxcb-1.17.0/lib/libxcb-xfixes.so.0 (0x00007f71de7b6000)
	libxcb-sync.so.1 => /nix/store/09aq563zkqcw9ikxn02p4bm13i2hz51r-libxcb-1.17.0/lib/libxcb-sync.so.1 (0x00007f71de7ad000)
	libxshmfence.so.1 => /nix/store/6rx2yb7mq67d0fcm6028rmr55a52vb7j-libxshmfence-1.3.2/lib/libxshmfence.so.1 (0x00007f71de7a8000)
	libsensors.so.5 => /nix/store/24j6bjw0m538dx3axhmg6g8122hw2q3l-lm-sensors-3.6.0/lib/libsensors.so.5 (0x00007f71de797000)
	libdrm_radeon.so.1 => /nix/store/6qmfmza7nyac6jnk44v6pigqpiadhjh0-libdrm-2.4.123/lib/libdrm_radeon.so.1 (0x00007f71de789000)
	libdrm_amdgpu.so.1 => /nix/store/6qmfmza7nyac6jnk44v6pigqpiadhjh0-libdrm-2.4.123/lib/libdrm_amdgpu.so.1 (0x00007f71de77d000)
	libdrm_intel.so.1 => /nix/store/6qmfmza7nyac6jnk44v6pigqpiadhjh0-libdrm-2.4.123/lib/libdrm_intel.so.1 (0x00007f71de755000)
	libxcb-dri2.so.0 => /nix/store/09aq563zkqcw9ikxn02p4bm13i2hz51r-libxcb-1.17.0/lib/libxcb-dri2.so.0 (0x00007f71de74e000)
	libXi.so.6 => /nix/store/rab8q4c4iqr0sqix4z792jipn4k6zs42-libXi-1.8.2/lib/libXi.so.6 (0x00007f71de73a000)
	libudev.so.1 => /nix/store/1kfyx9lmvkxd9mvg8py9w1q9brv5q6hd-systemd-minimal-256.10/lib/libudev.so.1 (0x00007f71d5ba6000)
	libsndfile.so.1 => /nix/store/z6smrrfpdc2yl9k9ifr5mp51dvg66swi-libsndfile-1.2.2/lib/libsndfile.so.1 (0x00007f71d5b19000)
	librt.so.1 => /nix/store/5m9amsvvh2z8sl7jrnc87hzy21glw6k1-glibc-2.40-66/lib/librt.so.1 (0x00007f71de733000)
	libncursesw.so.6 => /nix/store/20yryxk063i1r7wvlral81frr00r4q5y-system-path/lib/libncursesw.so.6 (0x00007f71d5aa3000)
	libpciaccess.so.0 => /nix/store/6l7d86r8jfm0dwmwrwr8757cq89gyr7m-libpciaccess-0.18.1/lib/libpciaccess.so.0 (0x00007f71de727000)
	libFLAC.so.12 => /nix/store/zbz995ia3g5grja492pflq65cg1svbjh-flac-1.4.3/lib/libFLAC.so.12 (0x00007f71d5a21000)
	libvorbis.so.0 => /nix/store/sj5s2b58xpqqz2kmg8xpzq2xb0ldl3ai-libvorbis-1.3.7/lib/libvorbis.so.0 (0x00007f71d59e6000)
	libvorbisenc.so.2 => /nix/store/sj5s2b58xpqqz2kmg8xpzq2xb0ldl3ai-libvorbis-1.3.7/lib/libvorbisenc.so.2 (0x00007f71d593a000)
	libogg.so.0 => /nix/store/h28fwgq6wi81c67a502vb5hjdjv0mrpi-libogg-1.3.5/lib/libogg.so.0 (0x00007f71de71a000)
	libmpg123.so.0 => /nix/store/l8bxh62birsv608hkkx56v32mbsc0497-mpg123-1.32.9/lib/libmpg123.so.0 (0x00007f71d58db000)
	libmp3lame.so.0 => /nix/store/w5pzcgdksw1zcpjqrx03v7lyhvrjd5gc-lame-3.100-lib/lib/libmp3lame.so.0 (0x00007f71d5861000)
	libmvec.so.1 => /nix/store/5m9amsvvh2z8sl7jrnc87hzy21glw6k1-glibc-2.40-66/lib/libmvec.so.1 (0x00007f71d5768000)

WPEGPUProcess
	linux-vdso.so.1 (0x00007ffd7a3ec000)
	libWPEWebKit-2.0.so.1 => /var/tmp/rom-studio-webkit-runtime/minibrowser-wpe/lib/libWPEWebKit-2.0.so.1 (0x00007fb1bb400000)
	libevent-2.1.so.7 => /nix/store/r1ilwryz6s92xcik8c6z43rrrpwzv1wl-libevent-2.1.12/lib/libevent-2.1.so.7 (0x00007fb1bb3a8000)
	libopus.so.0 => /nix/store/4ada10fnnazmjmkf13fa83q94qh6gfj9-libopus-1.5.2/lib/libopus.so.0 (0x00007fb1bb340000)
	libfreetype.so.6 => /nix/store/zrcar9dxgd1b453k1b7lsms6mm84frs8-freetype-2.13.3/lib/libfreetype.so.6 (0x00007fb1bb26e000)
	libfontconfig.so.1 => /nix/store/9mwfi1naginyz9sch0l37f4pxmi6d9kw-fontconfig-2.15.0-lib/lib/libfontconfig.so.1 (0x00007fb1bb220000)
	libepoxy.so.0 => /nix/store/52g7pnwxvqpmipcvmc2c0qyvwkfv7myy-libepoxy-1.5.10/lib/libepoxy.so.0 (0x00007fb1bb0ea000)
	libwebpmux.so.3 => /nix/store/gv3kq66mvm039jzyyyxqfs18gfslv8jd-libwebp-1.4.0/lib/libwebpmux.so.3 (0x00007fb1c38a7000)
	libwebp.so.7 => /nix/store/gv3kq66mvm039jzyyyxqfs18gfslv8jd-libwebp-1.4.0/lib/libwebp.so.7 (0x00007fb1bb03d000)
	libexpat.so.1 => /nix/store/h08i7wrlqmd48lnaimaz28pny9i8vmr8-expat-2.7.1/lib/libexpat.so.1 (0x00007fb1bb010000)
	libharfbuzz.so.0 => /nix/store/njvg6r852g82r94g5bxjsrpq6g7kmfsp-harfbuzz-10.0.1/lib/libharfbuzz.so.0 (0x00007fb1baed3000)
	libjpeg.so.8 => /nix/store/1mr06d73yd5ld74w9g0sg0i87dyzra1f-libjpeg-turbo-3.0.4/lib/libjpeg.so.8 (0x00007fb1bae00000)
	libpng16.so.16 => /nix/store/187jl497p1hr5rsybpr751rk1s40wl0d-libpng-apng-1.6.43/lib/libpng16.so.16 (0x00007fb1badc5000)
	libz.so.1 => /nix/store/b6mjyiadysqlh7nps52faznnqmp32604-zlib-1.3.1/lib/libz.so.1 (0x00007fb1bada7000)
	libgio-2.0.so.0 => /nix/store/s6mwa9zhvgjhyiyg014pdj1xln099v6w-glib-2.82.1/lib/libgio-2.0.so.0 (0x00007fb1baa00000)
	libgobject-2.0.so.0 => /nix/store/s6mwa9zhvgjhyiyg014pdj1xln099v6w-glib-2.82.1/lib/libgobject-2.0.so.0 (0x00007fb1bad43000)
	libgmodule-2.0.so.0 => /nix/store/s6mwa9zhvgjhyiyg014pdj1xln099v6w-glib-2.82.1/lib/libgmodule-2.0.so.0 (0x00007fb1c389e000)
	libglib-2.0.so.0 => /nix/store/s6mwa9zhvgjhyiyg014pdj1xln099v6w-glib-2.82.1/lib/libglib-2.0.so.0 (0x00007fb1ba8ab000)
	libsoup-3.0.so.0 => /var/tmp/rom-studio-webkit-runtime/minibrowser-wpe/sys/lib/libsoup-3.0.so.0 (0x00007fb1bacb1000)
	libgstreamer-1.0.so.0 => /nix/store/rzxp038v3k8md0jgn3q2jkfdnrh8k4wb-gstreamer-1.24.10/lib/libgstreamer-1.0.so.0 (0x00007fb1ba747000)
	libstdc++.so.6 => /nix/store/avp5csfm2mrg5ycb9qmianx4khp9fzm2-gfortran-13.3.0-lib/lib/libstdc++.so.6 (0x00007fb1ba400000)
	libm.so.6 => /nix/store/3vzqb31d2d8s253c94kddml4v7dr6789-extra-utils/lib/libm.so.6 (0x00007fb1ba313000)
	libgcc_s.so.1 => /nix/store/avp5csfm2mrg5ycb9qmianx4khp9fzm2-gfortran-13.3.0-lib/lib/libgcc_s.so.1 (0x00007fb1bac8c000)
	libc.so.6 => /nix/store/3vzqb31d2d8s253c94kddml4v7dr6789-extra-utils/lib/libc.so.6 (0x00007fb1ba000000)
	libatomic.so.1 => /nix/store/avp5csfm2mrg5ycb9qmianx4khp9fzm2-gfortran-13.3.0-lib/lib/libatomic.so.1 (0x00007fb1c388f000)
	libatk-1.0.so.0 => /nix/store/zqds74n0cczzmkj4y2zs2iwdkdyls3rg-at-spi2-core-2.54.1/lib/libatk-1.0.so.0 (0x00007fb1bac62000)
	libatk-bridge-2.0.so.0 => /nix/store/zqds74n0cczzmkj4y2zs2iwdkdyls3rg-at-spi2-core-2.54.1/lib/libatk-bridge-2.0.so.0 (0x00007fb1bac22000)
	libwayland-server.so.0 => /nix/store/8gfcx6sj2yrv5ry0dmi1nxibxcp1ggwl-wayland-1.23.1/lib/libwayland-server.so.0 (0x00007fb1bac09000)
	libwayland-egl.so.1 => /nix/store/8gfcx6sj2yrv5ry0dmi1nxibxcp1ggwl-wayland-1.23.1/lib/libwayland-egl.so.1 (0x00007fb1bac04000)
	libwayland-client.so.0 => /nix/store/8gfcx6sj2yrv5ry0dmi1nxibxcp1ggwl-wayland-1.23.1/lib/libwayland-client.so.0 (0x00007fb1ba734000)
	libxkbcommon.so.0 => /nix/store/vrl8bn3frgdlnz52ccvqf36kbma9wnls-libxkbcommon-1.7.0/lib/libxkbcommon.so.0 (0x00007fb1ba6e9000)
	libmanette-0.2.so.0 => /nix/store/fdhs2scwssjcsrsqw11z49gv0r2a21wh-libmanette-0.2.9/lib/libmanette-0.2.so.0 (0x00007fb1ba6a1000)
	libicudata.so.74 => /nix/store/av8xcj0jnl69mdvzpxvz11vigxkyrwiz-icu4c-74.2/lib/libicudata.so.74 (0x00007fb1b8200000)
	libicui18n.so.74 => /nix/store/av8xcj0jnl69mdvzpxvz11vigxkyrwiz-icu4c-74.2/lib/libicui18n.so.74 (0x00007fb1b7e00000)
	libsystemd.so.0 => /nix/store/1kfyx9lmvkxd9mvg8py9w1q9brv5q6hd-systemd-minimal-256.10/lib/libsystemd.so.0 (0x00007fb1b7ce8000)
	libbacktrace.so.0 => /var/tmp/rom-studio-webkit-runtime/minibrowser-wpe/sys/lib/libbacktrace.so.0 (0x00007fb1ba687000)
	libgbm.so.1 => /nix/store/2lq8ihiy3d2b2xa0m9mnwdqhscczzb2m-mesa-24.2.8/lib/libgbm.so.1 (0x00007fb1ba676000)
	libdrm.so.2 => /nix/store/6qmfmza7nyac6jnk44v6pigqpiadhjh0-libdrm-2.4.123/lib/libdrm.so.2 (0x00007fb1ba2fb000)
	libicuuc.so.74 => /nix/store/av8xcj0jnl69mdvzpxvz11vigxkyrwiz-icu4c-74.2/lib/libicuuc.so.74 (0x00007fb1b7a00000)
	libxml2.so.2 => /nix/store/bfwqrbwqpbnsdbgf86gz8pn8vvddci3i-libxml2-2.13.8/lib/libxml2.so.2 (0x00007fb1b78a4000)
	libsqlite3.so.0 => /nix/store/v9smapvfv1z340qs3p7xbw6zb6zplfcf-sqlite-3.46.1/lib/libsqlite3.so.0 (0x00007fb1b773b000)
	libxslt.so.1 => /nix/store/rgvzwzcwdw3aii28ycr2c8a6xw1mj8x2-libxslt-1.1.42/lib/libxslt.so.1 (0x00007fb1ba2bb000)
	liblcms2.so.2 => /nix/store/466cgcc5r8xzc9g91dc8j716vdknixpm-lcms2-2.16/lib/liblcms2.so.2 (0x00007fb1ba252000)
	libgcrypt.so.20 => /nix/store/yh310lhknz4yq8hb6ha4ga9hv1gka40j-libgcrypt-1.10.3-lib/lib/libgcrypt.so.20 (0x00007fb1b75f1000)
	libgpg-error.so.0 => /nix/store/9045sjkafh8rkjybarzgph2720zn04p4-libgpg-error-1.50/lib/libgpg-error.so.0 (0x00007fb1ba227000)
	libgstallocators-1.0.so.0 => /nix/store/ilz9m3kw59y4yyzxlwwv6i4fzmmagkys-gst-plugins-base-1.24.10/lib/libgstallocators-1.0.so.0 (0x00007fb1ba66c000)
	libgstapp-1.0.so.0 => /nix/store/ilz9m3kw59y4yyzxlwwv6i4fzmmagkys-gst-plugins-base-1.24.10/lib/libgstapp-1.0.so.0 (0x00007fb1ba20f000)
	libgstbase-1.0.so.0 => /nix/store/rzxp038v3k8md0jgn3q2jkfdnrh8k4wb-gstreamer-1.24.10/lib/libgstbase-1.0.so.0 (0x00007fb1b9f73000)
	libgstpbutils-1.0.so.0 => /nix/store/ilz9m3kw59y4yyzxlwwv6i4fzmmagkys-gst-plugins-base-1.24.10/lib/libgstpbutils-1.0.so.0 (0x00007fb1b81ba000)
	libgstaudio-1.0.so.0 => /nix/store/ilz9m3kw59y4yyzxlwwv6i4fzmmagkys-gst-plugins-base-1.24.10/lib/libgstaudio-1.0.so.0 (0x00007fb1b7c5d000)
	libgsttag-1.0.so.0 => /nix/store/ilz9m3kw59y4yyzxlwwv6i4fzmmagkys-gst-plugins-base-1.24.10/lib/libgsttag-1.0.so.0 (0x00007fb1b8177000)
	libgstvideo-1.0.so.0 => /nix/store/ilz9m3kw59y4yyzxlwwv6i4fzmmagkys-gst-plugins-base-1.24.10/lib/libgstvideo-1.0.so.0 (0x00007fb1b750f000)
	libgstgl-1.0.so.0 => /nix/store/ilz9m3kw59y4yyzxlwwv6i4fzmmagkys-gst-plugins-base-1.24.10/lib/libgstgl-1.0.so.0 (0x00007fb1b747f000)
	libgstcodecparsers-1.0.so.0 => /nix/store/xq3pf3dbpzy4q5ac941lh5aag3bxj3fl-gst-plugins-bad-1.24.10/lib/libgstcodecparsers-1.0.so.0 (0x00007fb1b73d7000)
	libgstfft-1.0.so.0 => /nix/store/ilz9m3kw59y4yyzxlwwv6i4fzmmagkys-gst-plugins-base-1.24.10/lib/libgstfft-1.0.so.0 (0x00007fb1b9f66000)
	libflite.so.1 => /nix/store/5gkwrcybjxwxn2b7z401waa0nq30bka4-flite-2.2-lib/lib/libflite.so.1 (0x00007fb1b7c1f000)
	libflite_usenglish.so.1 => /nix/store/5gkwrcybjxwxn2b7z401waa0nq30bka4-flite-2.2-lib/lib/libflite_usenglish.so.1 (0x00007fb1b73ab000)
	libflite_cmu_grapheme_lang.so.1 => /nix/store/5gkwrcybjxwxn2b7z401waa0nq30bka4-flite-2.2-lib/lib/libflite_cmu_grapheme_lang.so.1 (0x00007fb1ba206000)
	libflite_cmu_grapheme_lex.so.1 => /nix/store/5gkwrcybjxwxn2b7z401waa0nq30bka4-flite-2.2-lib/lib/libflite_cmu_grapheme_lex.so.1 (0x00007fb1b7000000)
	libflite_cmu_indic_lang.so.1 => /nix/store/5gkwrcybjxwxn2b7z401waa0nq30bka4-flite-2.2-lib/lib/libflite_cmu_indic_lang.so.1 (0x00007fb1b7383000)
	libflite_cmu_indic_lex.so.1 => /nix/store/5gkwrcybjxwxn2b7z401waa0nq30bka4-flite-2.2-lib/lib/libflite_cmu_indic_lex.so.1 (0x00007fb1b8169000)
	libflite_cmulex.so.1 => /nix/store/5gkwrcybjxwxn2b7z401waa0nq30bka4-flite-2.2-lib/lib/libflite_cmulex.so.1 (0x00007fb1b72ec000)
	libflite_cmu_time_awb.so.1 => /nix/store/5gkwrcybjxwxn2b7z401waa0nq30bka4-flite-2.2-lib/lib/libflite_cmu_time_awb.so.1 (0x00007fb1b6a00000)
	libflite_cmu_us_awb.so.1 => /nix/store/5gkwrcybjxwxn2b7z401waa0nq30bka4-flite-2.2-lib/lib/libflite_cmu_us_awb.so.1 (0x00007fb1b6600000)
	libflite_cmu_us_kal16.so.1 => /nix/store/5gkwrcybjxwxn2b7z401waa0nq30bka4-flite-2.2-lib/lib/libflite_cmu_us_kal16.so.1 (0x00007fb1b6200000)
	libflite_cmu_us_kal.so.1 => /nix/store/5gkwrcybjxwxn2b7z401waa0nq30bka4-flite-2.2-lib/lib/libflite_cmu_us_kal.so.1 (0x00007fb1b609b000)
	libflite_cmu_us_rms.so.1 => /nix/store/5gkwrcybjxwxn2b7z401waa0nq30bka4-flite-2.2-lib/lib/libflite_cmu_us_rms.so.1 (0x00007fb1b5a00000)
	libflite_cmu_us_slt.so.1 => /nix/store/5gkwrcybjxwxn2b7z401waa0nq30bka4-flite-2.2-lib/lib/libflite_cmu_us_slt.so.1 (0x00007fb1b5600000)
	libwebpdemux.so.2 => /nix/store/gv3kq66mvm039jzyyyxqfs18gfslv8jd-libwebp-1.4.0/lib/libwebpdemux.so.2 (0x00007fb1b9f5f000)
	libjxl.so.0.8 => /var/tmp/rom-studio-webkit-runtime/minibrowser-wpe/sys/lib/libjxl.so.0.8 (0x00007fb1b4600000)
	libavif.so.16 => /nix/store/w0hcakfcz24vw3f9a0ncxys23jg83bpb-libavif-1.1.1/lib/libavif.so.16 (0x00007fb1b72b8000)
	libharfbuzz-icu.so.0 => /nix/store/c0y50qpz9k7nafpai4jp9ic3hkgq8297-harfbuzz-icu-10.0.1/lib/libharfbuzz-icu.so.0 (0x00007fb1b8164000)
	libenchant-2.so.2 => /nix/store/kmywn5ivcz44v4nd8d6snh6viaawfmh6-enchant-2.6.9/lib/libenchant-2.so.2 (0x00007fb1b72ac000)
	libtasn1.so.6 => /nix/store/nnfc7jajz8linw50amjk42rynig03dc5-libtasn1-4.20.0/lib/libtasn1.so.6 (0x00007fb1b7296000)
	libhyphen.so.0 => /nix/store/7dmw2y0r7zcl23jb32885v3whb7qjk7i-hyphen-2.8.8/lib/libhyphen.so.0 (0x00007fb1b728e000)
	/nix/store/5m9amsvvh2z8sl7jrnc87hzy21glw6k1-glibc-2.40-66/lib/ld-linux-x86-64.so.2 (0x00007fb1c38e0000)
	libbz2.so.1 => /nix/store/vrqss3954zk1c52mda3xf1rv7wc5ygba-bzip2-1.0.8/lib/libbz2.so.1 (0x00007fb1b727b000)
	libbrotlidec.so.1 => /var/tmp/rom-studio-webkit-runtime/minibrowser-wpe/sys/lib/libbrotlidec.so.1 (0x00007fb1b7258000)
	libpthread.so.0 => /nix/store/3vzqb31d2d8s253c94kddml4v7dr6789-extra-utils/lib/libpthread.so.0 (0x00007fb1b7252000)
	libsharpyuv.so.0 => /nix/store/gv3kq66mvm039jzyyyxqfs18gfslv8jd-libwebp-1.4.0/lib/libsharpyuv.so.0 (0x00007fb1b7248000)
	libgraphite2.so.3 => /nix/store/g8id9ac031i3fpfsm7zf2p7di6ls5gmq-graphite2-1.3.14/lib/libgraphite2.so.3 (0x00007fb1b6fd6000)
	libmount.so.1 => /nix/store/3vzqb31d2d8s253c94kddml4v7dr6789-extra-utils/lib/libmount.so.1 (0x00007fb1b6f62000)
	libselinux.so.1 => /nix/store/qzjb1p4qz3sa9nkb1b5ai8nxbda17lz0-libselinux-3.7/lib/libselinux.so.1 (0x00007fb1b6f30000)
	libffi.so.8 => /nix/store/1xid1r772g3w9wnrn721qjbnhcg46szw-libffi-3.4.6/lib/libffi.so.8 (0x00007fb1b7235000)
	libpcre2-8.so.0 => /nix/store/5fyihpawb075p85ya1xb5ss9s2w0jrbk-pcre2-10.44/lib/libpcre2-8.so.0 (0x00007fb1b5ffb000)
	libpsl.so.5 => /nix/store/a79pxcmsswqiianw3nqhbpvqn07ridr1-libpsl-0.21.5/lib/libpsl.so.5 (0x00007fb1b6f1c000)
	libnghttp2.so.14 => /nix/store/28611j8cjjvifa0lxcm2ddvjl35rj9zb-nghttp2-1.64.0-lib/lib/libnghttp2.so.14 (0x00007fb1b5fc9000)
	libunwind.so.8 => /nix/store/5yyk0kd3929bf6ac43rrmpnijrcygcnf-libunwind-1.8.1/lib/libunwind.so.8 (0x00007fb1b6eff000)
	libdw.so.1 => /nix/store/sz4dchxmxnhk3ancyyh0d636gdrb651b-elfutils-0.191/lib/libdw.so.1 (0x00007fb1b5f23000)
	libatspi.so.0 => /nix/store/zqds74n0cczzmkj4y2zs2iwdkdyls3rg-at-spi2-core-2.54.1/lib/libatspi.so.0 (0x00007fb1b5ee6000)
	libdbus-1.so.3 => /nix/store/k0myw579z0gav01cndr6wk7vx63nrbma-dbus-1.14.10-lib/lib/libdbus-1.so.3 (0x00007fb1b55a7000)
	libevdev.so.2 => /nix/store/frnyn9h74xi0r9p7barq89wvrfb5sxw3-libevdev-1.13.3/lib/libevdev.so.2 (0x00007fb1b65e2000)
	libgudev-1.0.so.0 => /nix/store/83ajpiypk4hnxflxqnwskpl6rcbp69k1-libgudev-238/lib/libgudev-1.0.so.0 (0x00007fb1b7224000)
	libcap.so.2 => /nix/store/3vzqb31d2d8s253c94kddml4v7dr6789-extra-utils/lib/libcap.so.2 (0x00007fb1b6ef3000)
	libgallium-24.2.8.so => /nix/store/2lq8ihiy3d2b2xa0m9mnwdqhscczzb2m-mesa-24.2.8/lib/libgallium-24.2.8.so (0x00007fb1b1e00000)
	libxcb-randr.so.0 => /nix/store/09aq563zkqcw9ikxn02p4bm13i2hz51r-libxcb-1.17.0/lib/libxcb-randr.so.0 (0x00007fb1b5ed3000)
	liborc-0.4.so.0 => /nix/store/fyzm5kmzs8s8qs2lmzr70qy5yj4f188a-orc-0.4.40/lib/liborc-0.4.so.0 (0x00007fb1b1d46000)
	libEGL.so.1 => /nix/store/ws1zf8zhnk98yp0b4zkgk5w3s29bxsyl-libglvnd-1.7.0/lib/libEGL.so.1 (0x00007fb1b5ebd000)
	libGLX.so.0 => /nix/store/ws1zf8zhnk98yp0b4zkgk5w3s29bxsyl-libglvnd-1.7.0/lib/libGLX.so.0 (0x00007fb1b5573000)
	libwayland-cursor.so.0 => /nix/store/8gfcx6sj2yrv5ry0dmi1nxibxcp1ggwl-wayland-1.23.1/lib/libwayland-cursor.so.0 (0x00007fb1b5eb3000)
	libX11.so.6 => /nix/store/i88qpfah2j0yq7nihbm626abbhzkc21g-libX11-1.8.10/lib/libX11.so.6 (0x00007fb1b1bfa000)
	libX11-xcb.so.1 => /nix/store/i88qpfah2j0yq7nihbm626abbhzkc21g-libX11-1.8.10/lib/libX11-xcb.so.1 (0x00007fb1b69f9000)
	libxcb.so.1 => /nix/store/09aq563zkqcw9ikxn02p4bm13i2hz51r-libxcb-1.17.0/lib/libxcb.so.1 (0x00007fb1b45d4000)
	libpulse-simple.so.0 => /nix/store/1gsbh7hcxqwpf1rk5h8x04vc8dpph1rw-libpulseaudio-17.0/lib/libpulse-simple.so.0 (0x00007fb1b65db000)
	libpulse.so.0 => /nix/store/1gsbh7hcxqwpf1rk5h8x04vc8dpph1rw-libpulseaudio-17.0/lib/libpulse.so.0 (0x00007fb1b1ba2000)
	libbrotlienc.so.1 => /var/tmp/rom-studio-webkit-runtime/minibrowser-wpe/sys/lib/libbrotlienc.so.1 (0x00007fb1b1aaa000)
	libbrotlicommon.so.1 => /var/tmp/rom-studio-webkit-runtime/minibrowser-wpe/sys/lib/libbrotlicommon.so.1 (0x00007fb1b45b1000)
	libyuv.so => /nix/store/9ym4rh48acgpmhhl7vzw7l0haz0lp78z-libyuv-1787/lib/libyuv.so (0x00007fb1b19bb000)
	libdav1d.so.7 => /nix/store/by9dax6q0bx0bwzh9wnkwxqshybp763a-dav1d-1.5.0/lib/libdav1d.so.7 (0x00007fb1b17dd000)
	libdl.so.2 => /nix/store/3vzqb31d2d8s253c94kddml4v7dr6789-extra-utils/lib/libdl.so.2 (0x00007fb1b5ead000)
	libaom.so.3 => /nix/store/d6i2dvhql6srx5vsjh42q3sfzn3isrlv-libaom-3.10.0/lib/libaom.so.3 (0x00007fb1b1000000)
	libaspell.so.15 => /nix/store/gmakyj9sfqk08f6072152d2vcclv7q66-aspell-0.60.8.1/lib/libaspell.so.15 (0x00007fb1b0f4b000)
	libblkid.so.1 => /nix/store/3vzqb31d2d8s253c94kddml4v7dr6789-extra-utils/lib/libblkid.so.1 (0x00007fb1b0eec000)
	libunistring.so.5 => /nix/store/2745pvn6cv32yn9gp2rlqiqhqgs01pb5-libunistring-1.2/lib/libunistring.so.5 (0x00007fb1b0d34000)
	libidn2.so.0 => /nix/store/c47b963idja6h1d8n91pf28v2jcq96kp-libidn2-2.3.7/lib/libidn2.so.0 (0x00007fb1b0d03000)
	liblzma.so.5 => /nix/store/3vzqb31d2d8s253c94kddml4v7dr6789-extra-utils/lib/liblzma.so.5 (0x00007fb1b0cd2000)
	libelf.so.1 => /nix/store/sz4dchxmxnhk3ancyyh0d636gdrb651b-elfutils-0.191/lib/libelf.so.1 (0x00007fb1b4594000)
	libzstd.so.1 => /nix/store/3vzqb31d2d8s253c94kddml4v7dr6789-extra-utils/lib/libzstd.so.1 (0x00007fb1b0bfe000)
	libXi.so.6 => /nix/store/rab8q4c4iqr0sqix4z792jipn4k6zs42-libXi-1.8.2/lib/libXi.so.6 (0x00007fb1b555f000)
	libudev.so.1 => /nix/store/1kfyx9lmvkxd9mvg8py9w1q9brv5q6hd-systemd-minimal-256.10/lib/libudev.so.1 (0x00007fb1b0ba4000)
	libglapi.so.0 => /nix/store/2lq8ihiy3d2b2xa0m9mnwdqhscczzb2m-mesa-24.2.8/lib/libglapi.so.0 (0x00007fb1b0b70000)
	libLLVM.so.18.1 => /nix/store/2iv1z95ckglxkjfym0q5sl6an78axwzn-llvm-18.1.8-lib/lib/libLLVM.so.18.1 (0x00007fb1a8000000)
	libxcb-dri3.so.0 => /nix/store/09aq563zkqcw9ikxn02p4bm13i2hz51r-libxcb-1.17.0/lib/libxcb-dri3.so.0 (0x00007fb1b5ea0000)
	libxcb-present.so.0 => /nix/store/09aq563zkqcw9ikxn02p4bm13i2hz51r-libxcb-1.17.0/lib/libxcb-present.so.0 (0x00007fb1b59fa000)
	libxcb-xfixes.so.0 => /nix/store/09aq563zkqcw9ikxn02p4bm13i2hz51r-libxcb-1.17.0/lib/libxcb-xfixes.so.0 (0x00007fb1b458a000)
	libxcb-sync.so.1 => /nix/store/09aq563zkqcw9ikxn02p4bm13i2hz51r-libxcb-1.17.0/lib/libxcb-sync.so.1 (0x00007fb1b17d4000)
	libxshmfence.so.1 => /nix/store/6rx2yb7mq67d0fcm6028rmr55a52vb7j-libxshmfence-1.3.2/lib/libxshmfence.so.1 (0x00007fb1b4585000)
	libsensors.so.5 => /nix/store/24j6bjw0m538dx3axhmg6g8122hw2q3l-lm-sensors-3.6.0/lib/libsensors.so.5 (0x00007fb1b17c3000)
	libdrm_radeon.so.1 => /nix/store/6qmfmza7nyac6jnk44v6pigqpiadhjh0-libdrm-2.4.123/lib/libdrm_radeon.so.1 (0x00007fb1b17b5000)
	libdrm_amdgpu.so.1 => /nix/store/6qmfmza7nyac6jnk44v6pigqpiadhjh0-libdrm-2.4.123/lib/libdrm_amdgpu.so.1 (0x00007fb1b0b64000)
	libdrm_intel.so.1 => /nix/store/6qmfmza7nyac6jnk44v6pigqpiadhjh0-libdrm-2.4.123/lib/libdrm_intel.so.1 (0x00007fb1b0b3e000)
	libxcb-dri2.so.0 => /nix/store/09aq563zkqcw9ikxn02p4bm13i2hz51r-libxcb-1.17.0/lib/libxcb-dri2.so.0 (0x00007fb1b0b37000)
	libXau.so.6 => /nix/store/yajrv8lpsmrypm6ra5sf82whpn1gjqm3-libXau-1.0.11/lib/libXau.so.6 (0x00007fb1b0b32000)
	libXdmcp.so.6 => /nix/store/gpgcyp2ns1r8f0sazaizqi0ainxfxzg2-libXdmcp-1.1.5/lib/libXdmcp.so.6 (0x00007fb1b0b2a000)
	libGLdispatch.so.0 => /nix/store/ws1zf8zhnk98yp0b4zkgk5w3s29bxsyl-libglvnd-1.7.0/lib/libGLdispatch.so.0 (0x00007fb1a7f47000)
	libXext.so.6 => /nix/store/58hahz0ds522pz7bc9fwmgjjfy36swn8-libXext-1.3.6/lib/libXext.so.6 (0x00007fb1b0b15000)
	libpulsecommon-17.0.so => /nix/store/1gsbh7hcxqwpf1rk5h8x04vc8dpph1rw-libpulseaudio-17.0/lib/pulseaudio/libpulsecommon-17.0.so (0x00007fb1a7ebc000)
	libjpeg.so.62 => /nix/store/zxp2pp577dpvazax4jfcn1yprqqfa98w-libjpeg-turbo-3.0.4/lib/libjpeg.so.62 (0x00007fb1a7dea000)
	libvmaf.so.3 => /nix/store/lkmngkp2lpyrprs85dqa537rmk3mz7lv-libvmaf-3.0.0/lib/libvmaf.so.3 (0x00007fb1a7cdf000)
	librt.so.1 => /nix/store/5m9amsvvh2z8sl7jrnc87hzy21glw6k1-glibc-2.40-66/lib/librt.so.1 (0x00007fb1a7cda000)
	libncursesw.so.6 => /nix/store/20yryxk063i1r7wvlral81frr00r4q5y-system-path/lib/libncursesw.so.6 (0x00007fb1a7c64000)
	libpciaccess.so.0 => /nix/store/6l7d86r8jfm0dwmwrwr8757cq89gyr7m-libpciaccess-0.18.1/lib/libpciaccess.so.0 (0x00007fb1a7c58000)
	libsndfile.so.1 => /nix/store/z6smrrfpdc2yl9k9ifr5mp51dvg66swi-libsndfile-1.2.2/lib/libsndfile.so.1 (0x00007fb1a7bcb000)
	libFLAC.so.12 => /nix/store/zbz995ia3g5grja492pflq65cg1svbjh-flac-1.4.3/lib/libFLAC.so.12 (0x00007fb1a7b49000)
	libvorbis.so.0 => /nix/store/sj5s2b58xpqqz2kmg8xpzq2xb0ldl3ai-libvorbis-1.3.7/lib/libvorbis.so.0 (0x00007fb1a7b0e000)
	libvorbisenc.so.2 => /nix/store/sj5s2b58xpqqz2kmg8xpzq2xb0ldl3ai-libvorbis-1.3.7/lib/libvorbisenc.so.2 (0x00007fb1a7a62000)
	libogg.so.0 => /nix/store/h28fwgq6wi81c67a502vb5hjdjv0mrpi-libogg-1.3.5/lib/libogg.so.0 (0x00007fb1a7a57000)
	libmpg123.so.0 => /nix/store/l8bxh62birsv608hkkx56v32mbsc0497-mpg123-1.32.9/lib/libmpg123.so.0 (0x00007fb1a79f8000)
	libmp3lame.so.0 => /nix/store/w5pzcgdksw1zcpjqrx03v7lyhvrjd5gc-lame-3.100-lib/lib/libmp3lame.so.0 (0x00007fb1a797e000)
	libmvec.so.1 => /nix/store/5m9amsvvh2z8sl7jrnc87hzy21glw6k1-glibc-2.40-66/lib/libmvec.so.1 (0x00007fb1a7885000)

WPENetworkProcess
	linux-vdso.so.1 (0x00007fffb87f5000)
	libWPEWebKit-2.0.so.1 => /var/tmp/rom-studio-webkit-runtime/minibrowser-wpe/lib/libWPEWebKit-2.0.so.1 (0x00007f5126600000)
	libevent-2.1.so.7 => /nix/store/r1ilwryz6s92xcik8c6z43rrrpwzv1wl-libevent-2.1.12/lib/libevent-2.1.so.7 (0x00007f51265a8000)
	libopus.so.0 => /nix/store/4ada10fnnazmjmkf13fa83q94qh6gfj9-libopus-1.5.2/lib/libopus.so.0 (0x00007f5126540000)
	libfreetype.so.6 => /nix/store/zrcar9dxgd1b453k1b7lsms6mm84frs8-freetype-2.13.3/lib/libfreetype.so.6 (0x00007f512646e000)
	libfontconfig.so.1 => /nix/store/9mwfi1naginyz9sch0l37f4pxmi6d9kw-fontconfig-2.15.0-lib/lib/libfontconfig.so.1 (0x00007f5126420000)
	libepoxy.so.0 => /nix/store/52g7pnwxvqpmipcvmc2c0qyvwkfv7myy-libepoxy-1.5.10/lib/libepoxy.so.0 (0x00007f51262ea000)
	libwebpmux.so.3 => /nix/store/gv3kq66mvm039jzyyyxqfs18gfslv8jd-libwebp-1.4.0/lib/libwebpmux.so.3 (0x00007f512ea8f000)
	libwebp.so.7 => /nix/store/gv3kq66mvm039jzyyyxqfs18gfslv8jd-libwebp-1.4.0/lib/libwebp.so.7 (0x00007f512623d000)
	libexpat.so.1 => /nix/store/h08i7wrlqmd48lnaimaz28pny9i8vmr8-expat-2.7.1/lib/libexpat.so.1 (0x00007f5126210000)
	libharfbuzz.so.0 => /nix/store/njvg6r852g82r94g5bxjsrpq6g7kmfsp-harfbuzz-10.0.1/lib/libharfbuzz.so.0 (0x00007f51260d3000)
	libjpeg.so.8 => /nix/store/1mr06d73yd5ld74w9g0sg0i87dyzra1f-libjpeg-turbo-3.0.4/lib/libjpeg.so.8 (0x00007f5126000000)
	libpng16.so.16 => /nix/store/187jl497p1hr5rsybpr751rk1s40wl0d-libpng-apng-1.6.43/lib/libpng16.so.16 (0x00007f5125fc5000)
	libz.so.1 => /nix/store/b6mjyiadysqlh7nps52faznnqmp32604-zlib-1.3.1/lib/libz.so.1 (0x00007f5125fa7000)
	libgio-2.0.so.0 => /nix/store/s6mwa9zhvgjhyiyg014pdj1xln099v6w-glib-2.82.1/lib/libgio-2.0.so.0 (0x00007f5125c00000)
	libgobject-2.0.so.0 => /nix/store/s6mwa9zhvgjhyiyg014pdj1xln099v6w-glib-2.82.1/lib/libgobject-2.0.so.0 (0x00007f5125f43000)
	libgmodule-2.0.so.0 => /nix/store/s6mwa9zhvgjhyiyg014pdj1xln099v6w-glib-2.82.1/lib/libgmodule-2.0.so.0 (0x00007f5125f3c000)
	libglib-2.0.so.0 => /nix/store/s6mwa9zhvgjhyiyg014pdj1xln099v6w-glib-2.82.1/lib/libglib-2.0.so.0 (0x00007f5125aab000)
	libsoup-3.0.so.0 => /var/tmp/rom-studio-webkit-runtime/minibrowser-wpe/sys/lib/libsoup-3.0.so.0 (0x00007f5125eaa000)
	libgstreamer-1.0.so.0 => /nix/store/rzxp038v3k8md0jgn3q2jkfdnrh8k4wb-gstreamer-1.24.10/lib/libgstreamer-1.0.so.0 (0x00007f5125947000)
	libstdc++.so.6 => /nix/store/avp5csfm2mrg5ycb9qmianx4khp9fzm2-gfortran-13.3.0-lib/lib/libstdc++.so.6 (0x00007f5125600000)
	libm.so.6 => /nix/store/3vzqb31d2d8s253c94kddml4v7dr6789-extra-utils/lib/libm.so.6 (0x00007f5125513000)
	libgcc_s.so.1 => /nix/store/avp5csfm2mrg5ycb9qmianx4khp9fzm2-gfortran-13.3.0-lib/lib/libgcc_s.so.1 (0x00007f5125e85000)
	libc.so.6 => /nix/store/3vzqb31d2d8s253c94kddml4v7dr6789-extra-utils/lib/libc.so.6 (0x00007f5125200000)
	libatomic.so.1 => /nix/store/avp5csfm2mrg5ycb9qmianx4khp9fzm2-gfortran-13.3.0-lib/lib/libatomic.so.1 (0x00007f5125e7a000)
	libatk-1.0.so.0 => /nix/store/zqds74n0cczzmkj4y2zs2iwdkdyls3rg-at-spi2-core-2.54.1/lib/libatk-1.0.so.0 (0x00007f5125e50000)
	libatk-bridge-2.0.so.0 => /nix/store/zqds74n0cczzmkj4y2zs2iwdkdyls3rg-at-spi2-core-2.54.1/lib/libatk-bridge-2.0.so.0 (0x00007f5125e10000)
	libwayland-server.so.0 => /nix/store/8gfcx6sj2yrv5ry0dmi1nxibxcp1ggwl-wayland-1.23.1/lib/libwayland-server.so.0 (0x00007f512592e000)
	libwayland-egl.so.1 => /nix/store/8gfcx6sj2yrv5ry0dmi1nxibxcp1ggwl-wayland-1.23.1/lib/libwayland-egl.so.1 (0x00007f5125e09000)
	libwayland-client.so.0 => /nix/store/8gfcx6sj2yrv5ry0dmi1nxibxcp1ggwl-wayland-1.23.1/lib/libwayland-client.so.0 (0x00007f512591b000)
	libxkbcommon.so.0 => /nix/store/vrl8bn3frgdlnz52ccvqf36kbma9wnls-libxkbcommon-1.7.0/lib/libxkbcommon.so.0 (0x00007f51258d0000)
	libmanette-0.2.so.0 => /nix/store/fdhs2scwssjcsrsqw11z49gv0r2a21wh-libmanette-0.2.9/lib/libmanette-0.2.so.0 (0x00007f5125888000)
	libicudata.so.74 => /nix/store/av8xcj0jnl69mdvzpxvz11vigxkyrwiz-icu4c-74.2/lib/libicudata.so.74 (0x00007f5123400000)
	libicui18n.so.74 => /nix/store/av8xcj0jnl69mdvzpxvz11vigxkyrwiz-icu4c-74.2/lib/libicui18n.so.74 (0x00007f5123000000)
	libsystemd.so.0 => /nix/store/1kfyx9lmvkxd9mvg8py9w1q9brv5q6hd-systemd-minimal-256.10/lib/libsystemd.so.0 (0x00007f5122ee8000)
	libbacktrace.so.0 => /var/tmp/rom-studio-webkit-runtime/minibrowser-wpe/sys/lib/libbacktrace.so.0 (0x00007f512586e000)
	libgbm.so.1 => /nix/store/2lq8ihiy3d2b2xa0m9mnwdqhscczzb2m-mesa-24.2.8/lib/libgbm.so.1 (0x00007f5125502000)
	libdrm.so.2 => /nix/store/6qmfmza7nyac6jnk44v6pigqpiadhjh0-libdrm-2.4.123/lib/libdrm.so.2 (0x00007f51254ea000)
	libicuuc.so.74 => /nix/store/av8xcj0jnl69mdvzpxvz11vigxkyrwiz-icu4c-74.2/lib/libicuuc.so.74 (0x00007f5122c00000)
	libxml2.so.2 => /nix/store/bfwqrbwqpbnsdbgf86gz8pn8vvddci3i-libxml2-2.13.8/lib/libxml2.so.2 (0x00007f5122aa4000)
	libsqlite3.so.0 => /nix/store/v9smapvfv1z340qs3p7xbw6zb6zplfcf-sqlite-3.46.1/lib/libsqlite3.so.0 (0x00007f512293b000)
	libxslt.so.1 => /nix/store/rgvzwzcwdw3aii28ycr2c8a6xw1mj8x2-libxslt-1.1.42/lib/libxslt.so.1 (0x00007f51254aa000)
	liblcms2.so.2 => /nix/store/466cgcc5r8xzc9g91dc8j716vdknixpm-lcms2-2.16/lib/liblcms2.so.2 (0x00007f5125441000)
	libgcrypt.so.20 => /nix/store/yh310lhknz4yq8hb6ha4ga9hv1gka40j-libgcrypt-1.10.3-lib/lib/libgcrypt.so.20 (0x00007f51227f1000)
	libgpg-error.so.0 => /nix/store/9045sjkafh8rkjybarzgph2720zn04p4-libgpg-error-1.50/lib/libgpg-error.so.0 (0x00007f5125416000)
	libgstallocators-1.0.so.0 => /nix/store/ilz9m3kw59y4yyzxlwwv6i4fzmmagkys-gst-plugins-base-1.24.10/lib/libgstallocators-1.0.so.0 (0x00007f5125864000)
	libgstapp-1.0.so.0 => /nix/store/ilz9m3kw59y4yyzxlwwv6i4fzmmagkys-gst-plugins-base-1.24.10/lib/libgstapp-1.0.so.0 (0x00007f51251e8000)
	libgstbase-1.0.so.0 => /nix/store/rzxp038v3k8md0jgn3q2jkfdnrh8k4wb-gstreamer-1.24.10/lib/libgstbase-1.0.so.0 (0x00007f5123373000)
	libgstpbutils-1.0.so.0 => /nix/store/ilz9m3kw59y4yyzxlwwv6i4fzmmagkys-gst-plugins-base-1.24.10/lib/libgstpbutils-1.0.so.0 (0x00007f51251a2000)
	libgstaudio-1.0.so.0 => /nix/store/ilz9m3kw59y4yyzxlwwv6i4fzmmagkys-gst-plugins-base-1.24.10/lib/libgstaudio-1.0.so.0 (0x00007f5122e5d000)
	libgsttag-1.0.so.0 => /nix/store/ilz9m3kw59y4yyzxlwwv6i4fzmmagkys-gst-plugins-base-1.24.10/lib/libgsttag-1.0.so.0 (0x00007f512515f000)
	libgstvideo-1.0.so.0 => /nix/store/ilz9m3kw59y4yyzxlwwv6i4fzmmagkys-gst-plugins-base-1.24.10/lib/libgstvideo-1.0.so.0 (0x00007f512270f000)
	libgstgl-1.0.so.0 => /nix/store/ilz9m3kw59y4yyzxlwwv6i4fzmmagkys-gst-plugins-base-1.24.10/lib/libgstgl-1.0.so.0 (0x00007f512267f000)
	libgstcodecparsers-1.0.so.0 => /nix/store/xq3pf3dbpzy4q5ac941lh5aag3bxj3fl-gst-plugins-bad-1.24.10/lib/libgstcodecparsers-1.0.so.0 (0x00007f51225d7000)
	libgstfft-1.0.so.0 => /nix/store/ilz9m3kw59y4yyzxlwwv6i4fzmmagkys-gst-plugins-base-1.24.10/lib/libgstfft-1.0.so.0 (0x00007f5125409000)
	libflite.so.1 => /nix/store/5gkwrcybjxwxn2b7z401waa0nq30bka4-flite-2.2-lib/lib/libflite.so.1 (0x00007f5122e1f000)
	libflite_usenglish.so.1 => /nix/store/5gkwrcybjxwxn2b7z401waa0nq30bka4-flite-2.2-lib/lib/libflite_usenglish.so.1 (0x00007f51225ab000)
	libflite_cmu_grapheme_lang.so.1 => /nix/store/5gkwrcybjxwxn2b7z401waa0nq30bka4-flite-2.2-lib/lib/libflite_cmu_grapheme_lang.so.1 (0x00007f512336a000)
	libflite_cmu_grapheme_lex.so.1 => /nix/store/5gkwrcybjxwxn2b7z401waa0nq30bka4-flite-2.2-lib/lib/libflite_cmu_grapheme_lex.so.1 (0x00007f5122200000)
	libflite_cmu_indic_lang.so.1 => /nix/store/5gkwrcybjxwxn2b7z401waa0nq30bka4-flite-2.2-lib/lib/libflite_cmu_indic_lang.so.1 (0x00007f5122583000)
	libflite_cmu_indic_lex.so.1 => /nix/store/5gkwrcybjxwxn2b7z401waa0nq30bka4-flite-2.2-lib/lib/libflite_cmu_indic_lex.so.1 (0x00007f5122575000)
	libflite_cmulex.so.1 => /nix/store/5gkwrcybjxwxn2b7z401waa0nq30bka4-flite-2.2-lib/lib/libflite_cmulex.so.1 (0x00007f51224de000)
	libflite_cmu_time_awb.so.1 => /nix/store/5gkwrcybjxwxn2b7z401waa0nq30bka4-flite-2.2-lib/lib/libflite_cmu_time_awb.so.1 (0x00007f5121c00000)
	libflite_cmu_us_awb.so.1 => /nix/store/5gkwrcybjxwxn2b7z401waa0nq30bka4-flite-2.2-lib/lib/libflite_cmu_us_awb.so.1 (0x00007f5121800000)
	libflite_cmu_us_kal16.so.1 => /nix/store/5gkwrcybjxwxn2b7z401waa0nq30bka4-flite-2.2-lib/lib/libflite_cmu_us_kal16.so.1 (0x00007f5121400000)
	libflite_cmu_us_kal.so.1 => /nix/store/5gkwrcybjxwxn2b7z401waa0nq30bka4-flite-2.2-lib/lib/libflite_cmu_us_kal.so.1 (0x00007f512129b000)
	libflite_cmu_us_rms.so.1 => /nix/store/5gkwrcybjxwxn2b7z401waa0nq30bka4-flite-2.2-lib/lib/libflite_cmu_us_rms.so.1 (0x00007f5120c00000)
	libflite_cmu_us_slt.so.1 => /nix/store/5gkwrcybjxwxn2b7z401waa0nq30bka4-flite-2.2-lib/lib/libflite_cmu_us_slt.so.1 (0x00007f5120800000)
	libwebpdemux.so.2 => /nix/store/gv3kq66mvm039jzyyyxqfs18gfslv8jd-libwebp-1.4.0/lib/libwebpdemux.so.2 (0x00007f51224d7000)
	libjxl.so.0.8 => /var/tmp/rom-studio-webkit-runtime/minibrowser-wpe/sys/lib/libjxl.so.0.8 (0x00007f511f800000)
	libavif.so.16 => /nix/store/w0hcakfcz24vw3f9a0ncxys23jg83bpb-libavif-1.1.1/lib/libavif.so.16 (0x00007f51224a3000)
	libharfbuzz-icu.so.0 => /nix/store/c0y50qpz9k7nafpai4jp9ic3hkgq8297-harfbuzz-icu-10.0.1/lib/libharfbuzz-icu.so.0 (0x00007f5123363000)
	libenchant-2.so.2 => /nix/store/kmywn5ivcz44v4nd8d6snh6viaawfmh6-enchant-2.6.9/lib/libenchant-2.so.2 (0x00007f5122497000)
	libtasn1.so.6 => /nix/store/nnfc7jajz8linw50amjk42rynig03dc5-libtasn1-4.20.0/lib/libtasn1.so.6 (0x00007f5122481000)
	libhyphen.so.0 => /nix/store/7dmw2y0r7zcl23jb32885v3whb7qjk7i-hyphen-2.8.8/lib/libhyphen.so.0 (0x00007f5122479000)
	/nix/store/5m9amsvvh2z8sl7jrnc87hzy21glw6k1-glibc-2.40-66/lib/ld-linux-x86-64.so.2 (0x00007f512eac8000)
	libbz2.so.1 => /nix/store/vrqss3954zk1c52mda3xf1rv7wc5ygba-bzip2-1.0.8/lib/libbz2.so.1 (0x00007f5122466000)
	libbrotlidec.so.1 => /var/tmp/rom-studio-webkit-runtime/minibrowser-wpe/sys/lib/libbrotlidec.so.1 (0x00007f5122441000)
	libpthread.so.0 => /nix/store/3vzqb31d2d8s253c94kddml4v7dr6789-extra-utils/lib/libpthread.so.0 (0x00007f512243b000)
	libsharpyuv.so.0 => /nix/store/gv3kq66mvm039jzyyyxqfs18gfslv8jd-libwebp-1.4.0/lib/libsharpyuv.so.0 (0x00007f5122431000)
	libgraphite2.so.3 => /nix/store/g8id9ac031i3fpfsm7zf2p7di6ls5gmq-graphite2-1.3.14/lib/libgraphite2.so.3 (0x00007f51221d6000)
	libmount.so.1 => /nix/store/3vzqb31d2d8s253c94kddml4v7dr6789-extra-utils/lib/libmount.so.1 (0x00007f5122162000)
	libselinux.so.1 => /nix/store/qzjb1p4qz3sa9nkb1b5ai8nxbda17lz0-libselinux-3.7/lib/libselinux.so.1 (0x00007f5122130000)
	libffi.so.8 => /nix/store/1xid1r772g3w9wnrn721qjbnhcg46szw-libffi-3.4.6/lib/libffi.so.8 (0x00007f512211f000)
	libpcre2-8.so.0 => /nix/store/5fyihpawb075p85ya1xb5ss9s2w0jrbk-pcre2-10.44/lib/libpcre2-8.so.0 (0x00007f51211fb000)
	libpsl.so.5 => /nix/store/a79pxcmsswqiianw3nqhbpvqn07ridr1-libpsl-0.21.5/lib/libpsl.so.5 (0x00007f512210b000)
	libnghttp2.so.14 => /nix/store/28611j8cjjvifa0lxcm2ddvjl35rj9zb-nghttp2-1.64.0-lib/lib/libnghttp2.so.14 (0x00007f51211c9000)
	libunwind.so.8 => /nix/store/5yyk0kd3929bf6ac43rrmpnijrcygcnf-libunwind-1.8.1/lib/libunwind.so.8 (0x00007f51217e3000)
	libdw.so.1 => /nix/store/sz4dchxmxnhk3ancyyh0d636gdrb651b-elfutils-0.191/lib/libdw.so.1 (0x00007f5121123000)
	libatspi.so.0 => /nix/store/zqds74n0cczzmkj4y2zs2iwdkdyls3rg-at-spi2-core-2.54.1/lib/libatspi.so.0 (0x00007f51210e6000)
	libdbus-1.so.3 => /nix/store/k0myw579z0gav01cndr6wk7vx63nrbma-dbus-1.14.10-lib/lib/libdbus-1.so.3 (0x00007f51207a7000)
	libevdev.so.2 => /nix/store/frnyn9h74xi0r9p7barq89wvrfb5sxw3-libevdev-1.13.3/lib/libevdev.so.2 (0x00007f51210c8000)
	libgudev-1.0.so.0 => /nix/store/83ajpiypk4hnxflxqnwskpl6rcbp69k1-libgudev-238/lib/libgudev-1.0.so.0 (0x00007f51220fe000)
	libcap.so.2 => /nix/store/3vzqb31d2d8s253c94kddml4v7dr6789-extra-utils/lib/libcap.so.2 (0x00007f51220f2000)
	libgallium-24.2.8.so => /nix/store/2lq8ihiy3d2b2xa0m9mnwdqhscczzb2m-mesa-24.2.8/lib/libgallium-24.2.8.so (0x00007f511d000000)
	libxcb-randr.so.0 => /nix/store/09aq563zkqcw9ikxn02p4bm13i2hz51r-libxcb-1.17.0/lib/libxcb-randr.so.0 (0x00007f51210b5000)
	liborc-0.4.so.0 => /nix/store/fyzm5kmzs8s8qs2lmzr70qy5yj4f188a-orc-0.4.40/lib/liborc-0.4.so.0 (0x00007f511cf46000)
	libEGL.so.1 => /nix/store/ws1zf8zhnk98yp0b4zkgk5w3s29bxsyl-libglvnd-1.7.0/lib/libEGL.so.1 (0x00007f512109f000)
	libGLX.so.0 => /nix/store/ws1zf8zhnk98yp0b4zkgk5w3s29bxsyl-libglvnd-1.7.0/lib/libGLX.so.0 (0x00007f5120773000)
	libwayland-cursor.so.0 => /nix/store/8gfcx6sj2yrv5ry0dmi1nxibxcp1ggwl-wayland-1.23.1/lib/libwayland-cursor.so.0 (0x00007f51217d9000)
	libX11.so.6 => /nix/store/i88qpfah2j0yq7nihbm626abbhzkc21g-libX11-1.8.10/lib/libX11.so.6 (0x00007f511cdfa000)
	libX11-xcb.so.1 => /nix/store/i88qpfah2j0yq7nihbm626abbhzkc21g-libX11-1.8.10/lib/libX11-xcb.so.1 (0x00007f5121bfb000)
	libxcb.so.1 => /nix/store/09aq563zkqcw9ikxn02p4bm13i2hz51r-libxcb-1.17.0/lib/libxcb.so.1 (0x00007f511f7d4000)
	libpulse-simple.so.0 => /nix/store/1gsbh7hcxqwpf1rk5h8x04vc8dpph1rw-libpulseaudio-17.0/lib/libpulse-simple.so.0 (0x00007f5120bf9000)
	libpulse.so.0 => /nix/store/1gsbh7hcxqwpf1rk5h8x04vc8dpph1rw-libpulseaudio-17.0/lib/libpulse.so.0 (0x00007f511cda2000)
	libbrotlienc.so.1 => /var/tmp/rom-studio-webkit-runtime/minibrowser-wpe/sys/lib/libbrotlienc.so.1 (0x00007f511ccaa000)
	libbrotlicommon.so.1 => /var/tmp/rom-studio-webkit-runtime/minibrowser-wpe/sys/lib/libbrotlicommon.so.1 (0x00007f511f7b1000)
	libyuv.so => /nix/store/9ym4rh48acgpmhhl7vzw7l0haz0lp78z-libyuv-1787/lib/libyuv.so (0x00007f511cbbb000)
	libdav1d.so.7 => /nix/store/by9dax6q0bx0bwzh9wnkwxqshybp763a-dav1d-1.5.0/lib/libdav1d.so.7 (0x00007f511c9dd000)
	libdl.so.2 => /nix/store/3vzqb31d2d8s253c94kddml4v7dr6789-extra-utils/lib/libdl.so.2 (0x00007f512076d000)
	libaom.so.3 => /nix/store/d6i2dvhql6srx5vsjh42q3sfzn3isrlv-libaom-3.10.0/lib/libaom.so.3 (0x00007f511c200000)
	libaspell.so.15 => /nix/store/gmakyj9sfqk08f6072152d2vcclv7q66-aspell-0.60.8.1/lib/libaspell.so.15 (0x00007f511c14b000)
	libblkid.so.1 => /nix/store/3vzqb31d2d8s253c94kddml4v7dr6789-extra-utils/lib/libblkid.so.1 (0x00007f511c0ec000)
	libunistring.so.5 => /nix/store/2745pvn6cv32yn9gp2rlqiqhqgs01pb5-libunistring-1.2/lib/libunistring.so.5 (0x00007f511bf34000)
	libidn2.so.0 => /nix/store/c47b963idja6h1d8n91pf28v2jcq96kp-libidn2-2.3.7/lib/libidn2.so.0 (0x00007f511bf03000)
	liblzma.so.5 => /nix/store/3vzqb31d2d8s253c94kddml4v7dr6789-extra-utils/lib/liblzma.so.5 (0x00007f511bed2000)
	libelf.so.1 => /nix/store/sz4dchxmxnhk3ancyyh0d636gdrb651b-elfutils-0.191/lib/libelf.so.1 (0x00007f511f794000)
	libzstd.so.1 => /nix/store/3vzqb31d2d8s253c94kddml4v7dr6789-extra-utils/lib/libzstd.so.1 (0x00007f511bdfe000)
	libXi.so.6 => /nix/store/rab8q4c4iqr0sqix4z792jipn4k6zs42-libXi-1.8.2/lib/libXi.so.6 (0x00007f511c9c9000)
	libudev.so.1 => /nix/store/1kfyx9lmvkxd9mvg8py9w1q9brv5q6hd-systemd-minimal-256.10/lib/libudev.so.1 (0x00007f511bda4000)
	libglapi.so.0 => /nix/store/2lq8ihiy3d2b2xa0m9mnwdqhscczzb2m-mesa-24.2.8/lib/libglapi.so.0 (0x00007f511bd70000)
	libLLVM.so.18.1 => /nix/store/2iv1z95ckglxkjfym0q5sl6an78axwzn-llvm-18.1.8-lib/lib/libLLVM.so.18.1 (0x00007f5113200000)
	libxcb-dri3.so.0 => /nix/store/09aq563zkqcw9ikxn02p4bm13i2hz51r-libxcb-1.17.0/lib/libxcb-dri3.so.0 (0x00007f5120766000)
	libxcb-present.so.0 => /nix/store/09aq563zkqcw9ikxn02p4bm13i2hz51r-libxcb-1.17.0/lib/libxcb-present.so.0 (0x00007f5120760000)
	libxcb-xfixes.so.0 => /nix/store/09aq563zkqcw9ikxn02p4bm13i2hz51r-libxcb-1.17.0/lib/libxcb-xfixes.so.0 (0x00007f511f78a000)
	libxcb-sync.so.1 => /nix/store/09aq563zkqcw9ikxn02p4bm13i2hz51r-libxcb-1.17.0/lib/libxcb-sync.so.1 (0x00007f511c9c0000)
	libxshmfence.so.1 => /nix/store/6rx2yb7mq67d0fcm6028rmr55a52vb7j-libxshmfence-1.3.2/lib/libxshmfence.so.1 (0x00007f512075b000)
	libsensors.so.5 => /nix/store/24j6bjw0m538dx3axhmg6g8122hw2q3l-lm-sensors-3.6.0/lib/libsensors.so.5 (0x00007f511bd5f000)
	libdrm_radeon.so.1 => /nix/store/6qmfmza7nyac6jnk44v6pigqpiadhjh0-libdrm-2.4.123/lib/libdrm_radeon.so.1 (0x00007f511c9b2000)
	libdrm_amdgpu.so.1 => /nix/store/6qmfmza7nyac6jnk44v6pigqpiadhjh0-libdrm-2.4.123/lib/libdrm_amdgpu.so.1 (0x00007f511bd53000)
	libdrm_intel.so.1 => /nix/store/6qmfmza7nyac6jnk44v6pigqpiadhjh0-libdrm-2.4.123/lib/libdrm_intel.so.1 (0x00007f511bd2d000)
	libxcb-dri2.so.0 => /nix/store/09aq563zkqcw9ikxn02p4bm13i2hz51r-libxcb-1.17.0/lib/libxcb-dri2.so.0 (0x00007f511bd26000)
	libXau.so.6 => /nix/store/yajrv8lpsmrypm6ra5sf82whpn1gjqm3-libXau-1.0.11/lib/libXau.so.6 (0x00007f511bd21000)
	libXdmcp.so.6 => /nix/store/gpgcyp2ns1r8f0sazaizqi0ainxfxzg2-libXdmcp-1.1.5/lib/libXdmcp.so.6 (0x00007f511bd19000)
	libGLdispatch.so.0 => /nix/store/ws1zf8zhnk98yp0b4zkgk5w3s29bxsyl-libglvnd-1.7.0/lib/libGLdispatch.so.0 (0x00007f5113147000)
	libXext.so.6 => /nix/store/58hahz0ds522pz7bc9fwmgjjfy36swn8-libXext-1.3.6/lib/libXext.so.6 (0x00007f5113132000)
	libpulsecommon-17.0.so => /nix/store/1gsbh7hcxqwpf1rk5h8x04vc8dpph1rw-libpulseaudio-17.0/lib/pulseaudio/libpulsecommon-17.0.so (0x00007f51130a7000)
	libjpeg.so.62 => /nix/store/zxp2pp577dpvazax4jfcn1yprqqfa98w-libjpeg-turbo-3.0.4/lib/libjpeg.so.62 (0x00007f5112fd5000)
	libvmaf.so.3 => /nix/store/lkmngkp2lpyrprs85dqa537rmk3mz7lv-libvmaf-3.0.0/lib/libvmaf.so.3 (0x00007f5112eca000)
	librt.so.1 => /nix/store/5m9amsvvh2z8sl7jrnc87hzy21glw6k1-glibc-2.40-66/lib/librt.so.1 (0x00007f511bd14000)
	libncursesw.so.6 => /nix/store/20yryxk063i1r7wvlral81frr00r4q5y-system-path/lib/libncursesw.so.6 (0x00007f5112e54000)
	libpciaccess.so.0 => /nix/store/6l7d86r8jfm0dwmwrwr8757cq89gyr7m-libpciaccess-0.18.1/lib/libpciaccess.so.0 (0x00007f5112e48000)
	libsndfile.so.1 => /nix/store/z6smrrfpdc2yl9k9ifr5mp51dvg66swi-libsndfile-1.2.2/lib/libsndfile.so.1 (0x00007f5112dbb000)
	libFLAC.so.12 => /nix/store/zbz995ia3g5grja492pflq65cg1svbjh-flac-1.4.3/lib/libFLAC.so.12 (0x00007f5112d39000)
	libvorbis.so.0 => /nix/store/sj5s2b58xpqqz2kmg8xpzq2xb0ldl3ai-libvorbis-1.3.7/lib/libvorbis.so.0 (0x00007f5112cfe000)
	libvorbisenc.so.2 => /nix/store/sj5s2b58xpqqz2kmg8xpzq2xb0ldl3ai-libvorbis-1.3.7/lib/libvorbisenc.so.2 (0x00007f5112c52000)
	libogg.so.0 => /nix/store/h28fwgq6wi81c67a502vb5hjdjv0mrpi-libogg-1.3.5/lib/libogg.so.0 (0x00007f5112c47000)
	libmpg123.so.0 => /nix/store/l8bxh62birsv608hkkx56v32mbsc0497-mpg123-1.32.9/lib/libmpg123.so.0 (0x00007f5112be8000)
	libmp3lame.so.0 => /nix/store/w5pzcgdksw1zcpjqrx03v7lyhvrjd5gc-lame-3.100-lib/lib/libmp3lame.so.0 (0x00007f5112b6c000)
	libmvec.so.1 => /nix/store/5m9amsvvh2z8sl7jrnc87hzy21glw6k1-glibc-2.40-66/lib/libmvec.so.1 (0x00007f5112a73000)

WPEWebProcess
	linux-vdso.so.1 (0x00007ffeac9b0000)
	libWPEWebKit-2.0.so.1 => /var/tmp/rom-studio-webkit-runtime/minibrowser-wpe/lib/libWPEWebKit-2.0.so.1 (0x00007f8826600000)
	libevent-2.1.so.7 => /nix/store/r1ilwryz6s92xcik8c6z43rrrpwzv1wl-libevent-2.1.12/lib/libevent-2.1.so.7 (0x00007f88265a8000)
	libopus.so.0 => /nix/store/4ada10fnnazmjmkf13fa83q94qh6gfj9-libopus-1.5.2/lib/libopus.so.0 (0x00007f8826540000)
	libfreetype.so.6 => /nix/store/zrcar9dxgd1b453k1b7lsms6mm84frs8-freetype-2.13.3/lib/libfreetype.so.6 (0x00007f882646e000)
	libfontconfig.so.1 => /nix/store/9mwfi1naginyz9sch0l37f4pxmi6d9kw-fontconfig-2.15.0-lib/lib/libfontconfig.so.1 (0x00007f8826420000)
	libepoxy.so.0 => /nix/store/52g7pnwxvqpmipcvmc2c0qyvwkfv7myy-libepoxy-1.5.10/lib/libepoxy.so.0 (0x00007f88262ea000)
	libwebpmux.so.3 => /nix/store/gv3kq66mvm039jzyyyxqfs18gfslv8jd-libwebp-1.4.0/lib/libwebpmux.so.3 (0x00007f882eab3000)
	libwebp.so.7 => /nix/store/gv3kq66mvm039jzyyyxqfs18gfslv8jd-libwebp-1.4.0/lib/libwebp.so.7 (0x00007f882623d000)
	libexpat.so.1 => /nix/store/h08i7wrlqmd48lnaimaz28pny9i8vmr8-expat-2.7.1/lib/libexpat.so.1 (0x00007f8826210000)
	libharfbuzz.so.0 => /nix/store/njvg6r852g82r94g5bxjsrpq6g7kmfsp-harfbuzz-10.0.1/lib/libharfbuzz.so.0 (0x00007f88260d3000)
	libjpeg.so.8 => /nix/store/1mr06d73yd5ld74w9g0sg0i87dyzra1f-libjpeg-turbo-3.0.4/lib/libjpeg.so.8 (0x00007f8826000000)
	libpng16.so.16 => /nix/store/187jl497p1hr5rsybpr751rk1s40wl0d-libpng-apng-1.6.43/lib/libpng16.so.16 (0x00007f8825fc5000)
	libz.so.1 => /nix/store/b6mjyiadysqlh7nps52faznnqmp32604-zlib-1.3.1/lib/libz.so.1 (0x00007f882ea93000)
	libgio-2.0.so.0 => /nix/store/s6mwa9zhvgjhyiyg014pdj1xln099v6w-glib-2.82.1/lib/libgio-2.0.so.0 (0x00007f8825c00000)
	libgobject-2.0.so.0 => /nix/store/s6mwa9zhvgjhyiyg014pdj1xln099v6w-glib-2.82.1/lib/libgobject-2.0.so.0 (0x00007f8825f61000)
	libgmodule-2.0.so.0 => /nix/store/s6mwa9zhvgjhyiyg014pdj1xln099v6w-glib-2.82.1/lib/libgmodule-2.0.so.0 (0x00007f882ea8c000)
	libglib-2.0.so.0 => /nix/store/s6mwa9zhvgjhyiyg014pdj1xln099v6w-glib-2.82.1/lib/libglib-2.0.so.0 (0x00007f8825e0c000)
	libsoup-3.0.so.0 => /var/tmp/rom-studio-webkit-runtime/minibrowser-wpe/sys/lib/libsoup-3.0.so.0 (0x00007f8825b6e000)
	libgstreamer-1.0.so.0 => /nix/store/rzxp038v3k8md0jgn3q2jkfdnrh8k4wb-gstreamer-1.24.10/lib/libgstreamer-1.0.so.0 (0x00007f8825a0a000)
	libstdc++.so.6 => /nix/store/avp5csfm2mrg5ycb9qmianx4khp9fzm2-gfortran-13.3.0-lib/lib/libstdc++.so.6 (0x00007f8825600000)
	libm.so.6 => /nix/store/3vzqb31d2d8s253c94kddml4v7dr6789-extra-utils/lib/libm.so.6 (0x00007f882591d000)
	libgcc_s.so.1 => /nix/store/avp5csfm2mrg5ycb9qmianx4khp9fzm2-gfortran-13.3.0-lib/lib/libgcc_s.so.1 (0x00007f88258f8000)
	libc.so.6 => /nix/store/3vzqb31d2d8s253c94kddml4v7dr6789-extra-utils/lib/libc.so.6 (0x00007f8825200000)
	libatomic.so.1 => /nix/store/avp5csfm2mrg5ycb9qmianx4khp9fzm2-gfortran-13.3.0-lib/lib/libatomic.so.1 (0x00007f88258ed000)
	libatk-1.0.so.0 => /nix/store/zqds74n0cczzmkj4y2zs2iwdkdyls3rg-at-spi2-core-2.54.1/lib/libatk-1.0.so.0 (0x00007f88258c3000)
	libatk-bridge-2.0.so.0 => /nix/store/zqds74n0cczzmkj4y2zs2iwdkdyls3rg-at-spi2-core-2.54.1/lib/libatk-bridge-2.0.so.0 (0x00007f8825883000)
	libwayland-server.so.0 => /nix/store/8gfcx6sj2yrv5ry0dmi1nxibxcp1ggwl-wayland-1.23.1/lib/libwayland-server.so.0 (0x00007f882586a000)
	libwayland-egl.so.1 => /nix/store/8gfcx6sj2yrv5ry0dmi1nxibxcp1ggwl-wayland-1.23.1/lib/libwayland-egl.so.1 (0x00007f8825e03000)
	libwayland-client.so.0 => /nix/store/8gfcx6sj2yrv5ry0dmi1nxibxcp1ggwl-wayland-1.23.1/lib/libwayland-client.so.0 (0x00007f88255ed000)
	libxkbcommon.so.0 => /nix/store/vrl8bn3frgdlnz52ccvqf36kbma9wnls-libxkbcommon-1.7.0/lib/libxkbcommon.so.0 (0x00007f88255a2000)
	libmanette-0.2.so.0 => /nix/store/fdhs2scwssjcsrsqw11z49gv0r2a21wh-libmanette-0.2.9/lib/libmanette-0.2.so.0 (0x00007f882555a000)
	libicudata.so.74 => /nix/store/av8xcj0jnl69mdvzpxvz11vigxkyrwiz-icu4c-74.2/lib/libicudata.so.74 (0x00007f8823400000)
	libicui18n.so.74 => /nix/store/av8xcj0jnl69mdvzpxvz11vigxkyrwiz-icu4c-74.2/lib/libicui18n.so.74 (0x00007f8823000000)
	libsystemd.so.0 => /nix/store/1kfyx9lmvkxd9mvg8py9w1q9brv5q6hd-systemd-minimal-256.10/lib/libsystemd.so.0 (0x00007f8825442000)
	libbacktrace.so.0 => /var/tmp/rom-studio-webkit-runtime/minibrowser-wpe/sys/lib/libbacktrace.so.0 (0x00007f8825428000)
	libgbm.so.1 => /nix/store/2lq8ihiy3d2b2xa0m9mnwdqhscczzb2m-mesa-24.2.8/lib/libgbm.so.1 (0x00007f8825417000)
	libdrm.so.2 => /nix/store/6qmfmza7nyac6jnk44v6pigqpiadhjh0-libdrm-2.4.123/lib/libdrm.so.2 (0x00007f88251e8000)
	libicuuc.so.74 => /nix/store/av8xcj0jnl69mdvzpxvz11vigxkyrwiz-icu4c-74.2/lib/libicuuc.so.74 (0x00007f8822c00000)
	libxml2.so.2 => /nix/store/bfwqrbwqpbnsdbgf86gz8pn8vvddci3i-libxml2-2.13.8/lib/libxml2.so.2 (0x00007f8822ea4000)
	libsqlite3.so.0 => /nix/store/v9smapvfv1z340qs3p7xbw6zb6zplfcf-sqlite-3.46.1/lib/libsqlite3.so.0 (0x00007f8822a97000)
	libxslt.so.1 => /nix/store/rgvzwzcwdw3aii28ycr2c8a6xw1mj8x2-libxslt-1.1.42/lib/libxslt.so.1 (0x00007f88251a8000)
	liblcms2.so.2 => /nix/store/466cgcc5r8xzc9g91dc8j716vdknixpm-lcms2-2.16/lib/liblcms2.so.2 (0x00007f8823397000)
	libgcrypt.so.20 => /nix/store/yh310lhknz4yq8hb6ha4ga9hv1gka40j-libgcrypt-1.10.3-lib/lib/libgcrypt.so.20 (0x00007f882294d000)
	libgpg-error.so.0 => /nix/store/9045sjkafh8rkjybarzgph2720zn04p4-libgpg-error-1.50/lib/libgpg-error.so.0 (0x00007f882517d000)
	libgstallocators-1.0.so.0 => /nix/store/ilz9m3kw59y4yyzxlwwv6i4fzmmagkys-gst-plugins-base-1.24.10/lib/libgstallocators-1.0.so.0 (0x00007f882540d000)
	libgstapp-1.0.so.0 => /nix/store/ilz9m3kw59y4yyzxlwwv6i4fzmmagkys-gst-plugins-base-1.24.10/lib/libgstapp-1.0.so.0 (0x00007f8825165000)
	libgstbase-1.0.so.0 => /nix/store/rzxp038v3k8md0jgn3q2jkfdnrh8k4wb-gstreamer-1.24.10/lib/libgstbase-1.0.so.0 (0x00007f88228c0000)
	libgstpbutils-1.0.so.0 => /nix/store/ilz9m3kw59y4yyzxlwwv6i4fzmmagkys-gst-plugins-base-1.24.10/lib/libgstpbutils-1.0.so.0 (0x00007f8822e5e000)
	libgstaudio-1.0.so.0 => /nix/store/ilz9m3kw59y4yyzxlwwv6i4fzmmagkys-gst-plugins-base-1.24.10/lib/libgstaudio-1.0.so.0 (0x00007f8822835000)
	libgsttag-1.0.so.0 => /nix/store/ilz9m3kw59y4yyzxlwwv6i4fzmmagkys-gst-plugins-base-1.24.10/lib/libgsttag-1.0.so.0 (0x00007f88227f2000)
	libgstvideo-1.0.so.0 => /nix/store/ilz9m3kw59y4yyzxlwwv6i4fzmmagkys-gst-plugins-base-1.24.10/lib/libgstvideo-1.0.so.0 (0x00007f8822710000)
	libgstgl-1.0.so.0 => /nix/store/ilz9m3kw59y4yyzxlwwv6i4fzmmagkys-gst-plugins-base-1.24.10/lib/libgstgl-1.0.so.0 (0x00007f8822680000)
	libgstcodecparsers-1.0.so.0 => /nix/store/xq3pf3dbpzy4q5ac941lh5aag3bxj3fl-gst-plugins-bad-1.24.10/lib/libgstcodecparsers-1.0.so.0 (0x00007f88225d8000)
	libgstfft-1.0.so.0 => /nix/store/ilz9m3kw59y4yyzxlwwv6i4fzmmagkys-gst-plugins-base-1.24.10/lib/libgstfft-1.0.so.0 (0x00007f882338a000)
	libflite.so.1 => /nix/store/5gkwrcybjxwxn2b7z401waa0nq30bka4-flite-2.2-lib/lib/libflite.so.1 (0x00007f8822e20000)
	libflite_usenglish.so.1 => /nix/store/5gkwrcybjxwxn2b7z401waa0nq30bka4-flite-2.2-lib/lib/libflite_usenglish.so.1 (0x00007f88225ac000)
	libflite_cmu_grapheme_lang.so.1 => /nix/store/5gkwrcybjxwxn2b7z401waa0nq30bka4-flite-2.2-lib/lib/libflite_cmu_grapheme_lang.so.1 (0x00007f8823381000)
	libflite_cmu_grapheme_lex.so.1 => /nix/store/5gkwrcybjxwxn2b7z401waa0nq30bka4-flite-2.2-lib/lib/libflite_cmu_grapheme_lex.so.1 (0x00007f8822200000)
	libflite_cmu_indic_lang.so.1 => /nix/store/5gkwrcybjxwxn2b7z401waa0nq30bka4-flite-2.2-lib/lib/libflite_cmu_indic_lang.so.1 (0x00007f8822584000)
	libflite_cmu_indic_lex.so.1 => /nix/store/5gkwrcybjxwxn2b7z401waa0nq30bka4-flite-2.2-lib/lib/libflite_cmu_indic_lex.so.1 (0x00007f8823373000)
	libflite_cmulex.so.1 => /nix/store/5gkwrcybjxwxn2b7z401waa0nq30bka4-flite-2.2-lib/lib/libflite_cmulex.so.1 (0x00007f88224ed000)
	libflite_cmu_time_awb.so.1 => /nix/store/5gkwrcybjxwxn2b7z401waa0nq30bka4-flite-2.2-lib/lib/libflite_cmu_time_awb.so.1 (0x00007f8821c00000)
	libflite_cmu_us_awb.so.1 => /nix/store/5gkwrcybjxwxn2b7z401waa0nq30bka4-flite-2.2-lib/lib/libflite_cmu_us_awb.so.1 (0x00007f8821800000)
	libflite_cmu_us_kal16.so.1 => /nix/store/5gkwrcybjxwxn2b7z401waa0nq30bka4-flite-2.2-lib/lib/libflite_cmu_us_kal16.so.1 (0x00007f8821400000)
	libflite_cmu_us_kal.so.1 => /nix/store/5gkwrcybjxwxn2b7z401waa0nq30bka4-flite-2.2-lib/lib/libflite_cmu_us_kal.so.1 (0x00007f882129b000)
	libflite_cmu_us_rms.so.1 => /nix/store/5gkwrcybjxwxn2b7z401waa0nq30bka4-flite-2.2-lib/lib/libflite_cmu_us_rms.so.1 (0x00007f8820c00000)
	libflite_cmu_us_slt.so.1 => /nix/store/5gkwrcybjxwxn2b7z401waa0nq30bka4-flite-2.2-lib/lib/libflite_cmu_us_slt.so.1 (0x00007f8820800000)
	libwebpdemux.so.2 => /nix/store/gv3kq66mvm039jzyyyxqfs18gfslv8jd-libwebp-1.4.0/lib/libwebpdemux.so.2 (0x00007f882515e000)
	libjxl.so.0.8 => /var/tmp/rom-studio-webkit-runtime/minibrowser-wpe/sys/lib/libjxl.so.0.8 (0x00007f881f800000)
	libavif.so.16 => /nix/store/w0hcakfcz24vw3f9a0ncxys23jg83bpb-libavif-1.1.1/lib/libavif.so.16 (0x00007f88224b9000)
	libharfbuzz-icu.so.0 => /nix/store/c0y50qpz9k7nafpai4jp9ic3hkgq8297-harfbuzz-icu-10.0.1/lib/libharfbuzz-icu.so.0 (0x00007f882336e000)
	libenchant-2.so.2 => /nix/store/kmywn5ivcz44v4nd8d6snh6viaawfmh6-enchant-2.6.9/lib/libenchant-2.so.2 (0x00007f8823362000)
	libtasn1.so.6 => /nix/store/nnfc7jajz8linw50amjk42rynig03dc5-libtasn1-4.20.0/lib/libtasn1.so.6 (0x00007f88224a3000)
	libhyphen.so.0 => /nix/store/7dmw2y0r7zcl23jb32885v3whb7qjk7i-hyphen-2.8.8/lib/libhyphen.so.0 (0x00007f882249b000)
	/nix/store/5m9amsvvh2z8sl7jrnc87hzy21glw6k1-glibc-2.40-66/lib/ld-linux-x86-64.so.2 (0x00007f882eaec000)
	libbz2.so.1 => /nix/store/vrqss3954zk1c52mda3xf1rv7wc5ygba-bzip2-1.0.8/lib/libbz2.so.1 (0x00007f8822488000)
	libbrotlidec.so.1 => /var/tmp/rom-studio-webkit-runtime/minibrowser-wpe/sys/lib/libbrotlidec.so.1 (0x00007f8822465000)
	libpthread.so.0 => /nix/store/3vzqb31d2d8s253c94kddml4v7dr6789-extra-utils/lib/libpthread.so.0 (0x00007f882245f000)
	libsharpyuv.so.0 => /nix/store/gv3kq66mvm039jzyyyxqfs18gfslv8jd-libwebp-1.4.0/lib/libsharpyuv.so.0 (0x00007f8822455000)
	libgraphite2.so.3 => /nix/store/g8id9ac031i3fpfsm7zf2p7di6ls5gmq-graphite2-1.3.14/lib/libgraphite2.so.3 (0x00007f882242b000)
	libmount.so.1 => /nix/store/3vzqb31d2d8s253c94kddml4v7dr6789-extra-utils/lib/libmount.so.1 (0x00007f882218c000)
	libselinux.so.1 => /nix/store/qzjb1p4qz3sa9nkb1b5ai8nxbda17lz0-libselinux-3.7/lib/libselinux.so.1 (0x00007f882215a000)
	libffi.so.8 => /nix/store/1xid1r772g3w9wnrn721qjbnhcg46szw-libffi-3.4.6/lib/libffi.so.8 (0x00007f8822149000)
	libpcre2-8.so.0 => /nix/store/5fyihpawb075p85ya1xb5ss9s2w0jrbk-pcre2-10.44/lib/libpcre2-8.so.0 (0x00007f88211fb000)
	libpsl.so.5 => /nix/store/a79pxcmsswqiianw3nqhbpvqn07ridr1-libpsl-0.21.5/lib/libpsl.so.5 (0x00007f8822135000)
	libnghttp2.so.14 => /nix/store/28611j8cjjvifa0lxcm2ddvjl35rj9zb-nghttp2-1.64.0-lib/lib/libnghttp2.so.14 (0x00007f8822103000)
	libunwind.so.8 => /nix/store/5yyk0kd3929bf6ac43rrmpnijrcygcnf-libunwind-1.8.1/lib/libunwind.so.8 (0x00007f88217e3000)
	libdw.so.1 => /nix/store/sz4dchxmxnhk3ancyyh0d636gdrb651b-elfutils-0.191/lib/libdw.so.1 (0x00007f8821155000)
	libatspi.so.0 => /nix/store/zqds74n0cczzmkj4y2zs2iwdkdyls3rg-at-spi2-core-2.54.1/lib/libatspi.so.0 (0x00007f8821118000)
	libdbus-1.so.3 => /nix/store/k0myw579z0gav01cndr6wk7vx63nrbma-dbus-1.14.10-lib/lib/libdbus-1.so.3 (0x00007f88210bf000)
	libevdev.so.2 => /nix/store/frnyn9h74xi0r9p7barq89wvrfb5sxw3-libevdev-1.13.3/lib/libevdev.so.2 (0x00007f88210a1000)
	libgudev-1.0.so.0 => /nix/store/83ajpiypk4hnxflxqnwskpl6rcbp69k1-libgudev-238/lib/libgudev-1.0.so.0 (0x00007f88220f6000)
	libcap.so.2 => /nix/store/3vzqb31d2d8s253c94kddml4v7dr6789-extra-utils/lib/libcap.so.2 (0x00007f88207f4000)
	libgallium-24.2.8.so => /nix/store/2lq8ihiy3d2b2xa0m9mnwdqhscczzb2m-mesa-24.2.8/lib/libgallium-24.2.8.so (0x00007f881d000000)
	libxcb-randr.so.0 => /nix/store/09aq563zkqcw9ikxn02p4bm13i2hz51r-libxcb-1.17.0/lib/libxcb-randr.so.0 (0x00007f88207e1000)
	liborc-0.4.so.0 => /nix/store/fyzm5kmzs8s8qs2lmzr70qy5yj4f188a-orc-0.4.40/lib/liborc-0.4.so.0 (0x00007f881cf46000)
	libEGL.so.1 => /nix/store/ws1zf8zhnk98yp0b4zkgk5w3s29bxsyl-libglvnd-1.7.0/lib/libEGL.so.1 (0x00007f88207cb000)
	libGLX.so.0 => /nix/store/ws1zf8zhnk98yp0b4zkgk5w3s29bxsyl-libglvnd-1.7.0/lib/libGLX.so.0 (0x00007f8820797000)
	libwayland-cursor.so.0 => /nix/store/8gfcx6sj2yrv5ry0dmi1nxibxcp1ggwl-wayland-1.23.1/lib/libwayland-cursor.so.0 (0x00007f88217d9000)
	libX11.so.6 => /nix/store/i88qpfah2j0yq7nihbm626abbhzkc21g-libX11-1.8.10/lib/libX11.so.6 (0x00007f881cdfa000)
	libX11-xcb.so.1 => /nix/store/i88qpfah2j0yq7nihbm626abbhzkc21g-libX11-1.8.10/lib/libX11-xcb.so.1 (0x00007f8821bfb000)
	libxcb.so.1 => /nix/store/09aq563zkqcw9ikxn02p4bm13i2hz51r-libxcb-1.17.0/lib/libxcb.so.1 (0x00007f882076b000)
	libpulse-simple.so.0 => /nix/store/1gsbh7hcxqwpf1rk5h8x04vc8dpph1rw-libpulseaudio-17.0/lib/libpulse-simple.so.0 (0x00007f8820bf9000)
	libpulse.so.0 => /nix/store/1gsbh7hcxqwpf1rk5h8x04vc8dpph1rw-libpulseaudio-17.0/lib/libpulse.so.0 (0x00007f881f7a8000)
	libbrotlienc.so.1 => /var/tmp/rom-studio-webkit-runtime/minibrowser-wpe/sys/lib/libbrotlienc.so.1 (0x00007f881cd02000)
	libbrotlicommon.so.1 => /var/tmp/rom-studio-webkit-runtime/minibrowser-wpe/sys/lib/libbrotlicommon.so.1 (0x00007f881f785000)
	libyuv.so => /nix/store/9ym4rh48acgpmhhl7vzw7l0haz0lp78z-libyuv-1787/lib/libyuv.so (0x00007f881cc13000)
	libdav1d.so.7 => /nix/store/by9dax6q0bx0bwzh9wnkwxqshybp763a-dav1d-1.5.0/lib/libdav1d.so.7 (0x00007f881ca35000)
	libdl.so.2 => /nix/store/3vzqb31d2d8s253c94kddml4v7dr6789-extra-utils/lib/libdl.so.2 (0x00007f882109b000)
	libaom.so.3 => /nix/store/d6i2dvhql6srx5vsjh42q3sfzn3isrlv-libaom-3.10.0/lib/libaom.so.3 (0x00007f881c200000)
	libaspell.so.15 => /nix/store/gmakyj9sfqk08f6072152d2vcclv7q66-aspell-0.60.8.1/lib/libaspell.so.15 (0x00007f881c14b000)
	libblkid.so.1 => /nix/store/3vzqb31d2d8s253c94kddml4v7dr6789-extra-utils/lib/libblkid.so.1 (0x00007f881c9d6000)
	libunistring.so.5 => /nix/store/2745pvn6cv32yn9gp2rlqiqhqgs01pb5-libunistring-1.2/lib/libunistring.so.5 (0x00007f881bf93000)
	libidn2.so.0 => /nix/store/c47b963idja6h1d8n91pf28v2jcq96kp-libidn2-2.3.7/lib/libidn2.so.0 (0x00007f881bf62000)
	liblzma.so.5 => /nix/store/3vzqb31d2d8s253c94kddml4v7dr6789-extra-utils/lib/liblzma.so.5 (0x00007f881bf31000)
	libelf.so.1 => /nix/store/sz4dchxmxnhk3ancyyh0d636gdrb651b-elfutils-0.191/lib/libelf.so.1 (0x00007f881c9b9000)
	libzstd.so.1 => /nix/store/3vzqb31d2d8s253c94kddml4v7dr6789-extra-utils/lib/libzstd.so.1 (0x00007f881be5d000)
	libXi.so.6 => /nix/store/rab8q4c4iqr0sqix4z792jipn4k6zs42-libXi-1.8.2/lib/libXi.so.6 (0x00007f881be49000)
	libudev.so.1 => /nix/store/1kfyx9lmvkxd9mvg8py9w1q9brv5q6hd-systemd-minimal-256.10/lib/libudev.so.1 (0x00007f881bdef000)
	libglapi.so.0 => /nix/store/2lq8ihiy3d2b2xa0m9mnwdqhscczzb2m-mesa-24.2.8/lib/libglapi.so.0 (0x00007f881bdbb000)
	libLLVM.so.18.1 => /nix/store/2iv1z95ckglxkjfym0q5sl6an78axwzn-llvm-18.1.8-lib/lib/libLLVM.so.18.1 (0x00007f8813200000)
	libxcb-dri3.so.0 => /nix/store/09aq563zkqcw9ikxn02p4bm13i2hz51r-libxcb-1.17.0/lib/libxcb-dri3.so.0 (0x00007f8820760000)
	libxcb-present.so.0 => /nix/store/09aq563zkqcw9ikxn02p4bm13i2hz51r-libxcb-1.17.0/lib/libxcb-present.so.0 (0x00007f881c9b3000)
	libxcb-xfixes.so.0 => /nix/store/09aq563zkqcw9ikxn02p4bm13i2hz51r-libxcb-1.17.0/lib/libxcb-xfixes.so.0 (0x00007f881bdb1000)
	libxcb-sync.so.1 => /nix/store/09aq563zkqcw9ikxn02p4bm13i2hz51r-libxcb-1.17.0/lib/libxcb-sync.so.1 (0x00007f881bda8000)
	libxshmfence.so.1 => /nix/store/6rx2yb7mq67d0fcm6028rmr55a52vb7j-libxshmfence-1.3.2/lib/libxshmfence.so.1 (0x00007f881bda3000)
	libsensors.so.5 => /nix/store/24j6bjw0m538dx3axhmg6g8122hw2q3l-lm-sensors-3.6.0/lib/libsensors.so.5 (0x00007f881bd92000)
	libdrm_radeon.so.1 => /nix/store/6qmfmza7nyac6jnk44v6pigqpiadhjh0-libdrm-2.4.123/lib/libdrm_radeon.so.1 (0x00007f881bd84000)
	libdrm_amdgpu.so.1 => /nix/store/6qmfmza7nyac6jnk44v6pigqpiadhjh0-libdrm-2.4.123/lib/libdrm_amdgpu.so.1 (0x00007f881bd78000)
	libdrm_intel.so.1 => /nix/store/6qmfmza7nyac6jnk44v6pigqpiadhjh0-libdrm-2.4.123/lib/libdrm_intel.so.1 (0x00007f881bd52000)
	libxcb-dri2.so.0 => /nix/store/09aq563zkqcw9ikxn02p4bm13i2hz51r-libxcb-1.17.0/lib/libxcb-dri2.so.0 (0x00007f881bd4b000)
	libXau.so.6 => /nix/store/yajrv8lpsmrypm6ra5sf82whpn1gjqm3-libXau-1.0.11/lib/libXau.so.6 (0x00007f881bd46000)
	libXdmcp.so.6 => /nix/store/gpgcyp2ns1r8f0sazaizqi0ainxfxzg2-libXdmcp-1.1.5/lib/libXdmcp.so.6 (0x00007f881bd3e000)
	libGLdispatch.so.0 => /nix/store/ws1zf8zhnk98yp0b4zkgk5w3s29bxsyl-libglvnd-1.7.0/lib/libGLdispatch.so.0 (0x00007f8813147000)
	libXext.so.6 => /nix/store/58hahz0ds522pz7bc9fwmgjjfy36swn8-libXext-1.3.6/lib/libXext.so.6 (0x00007f881bd29000)
	libpulsecommon-17.0.so => /nix/store/1gsbh7hcxqwpf1rk5h8x04vc8dpph1rw-libpulseaudio-17.0/lib/pulseaudio/libpulsecommon-17.0.so (0x00007f88130bc000)
	libjpeg.so.62 => /nix/store/zxp2pp577dpvazax4jfcn1yprqqfa98w-libjpeg-turbo-3.0.4/lib/libjpeg.so.62 (0x00007f8812fea000)
	libvmaf.so.3 => /nix/store/lkmngkp2lpyrprs85dqa537rmk3mz7lv-libvmaf-3.0.0/lib/libvmaf.so.3 (0x00007f8812edf000)
	librt.so.1 => /nix/store/5m9amsvvh2z8sl7jrnc87hzy21glw6k1-glibc-2.40-66/lib/librt.so.1 (0x00007f881bd22000)
	libncursesw.so.6 => /nix/store/20yryxk063i1r7wvlral81frr00r4q5y-system-path/lib/libncursesw.so.6 (0x00007f8812e69000)
	libpciaccess.so.0 => /nix/store/6l7d86r8jfm0dwmwrwr8757cq89gyr7m-libpciaccess-0.18.1/lib/libpciaccess.so.0 (0x00007f881bd16000)
	libsndfile.so.1 => /nix/store/z6smrrfpdc2yl9k9ifr5mp51dvg66swi-libsndfile-1.2.2/lib/libsndfile.so.1 (0x00007f8812ddc000)
	libFLAC.so.12 => /nix/store/zbz995ia3g5grja492pflq65cg1svbjh-flac-1.4.3/lib/libFLAC.so.12 (0x00007f8812d5a000)
	libvorbis.so.0 => /nix/store/sj5s2b58xpqqz2kmg8xpzq2xb0ldl3ai-libvorbis-1.3.7/lib/libvorbis.so.0 (0x00007f8812d1f000)
	libvorbisenc.so.2 => /nix/store/sj5s2b58xpqqz2kmg8xpzq2xb0ldl3ai-libvorbis-1.3.7/lib/libvorbisenc.so.2 (0x00007f8812c73000)
	libogg.so.0 => /nix/store/h28fwgq6wi81c67a502vb5hjdjv0mrpi-libogg-1.3.5/lib/libogg.so.0 (0x00007f8812c68000)
	libmpg123.so.0 => /nix/store/l8bxh62birsv608hkkx56v32mbsc0497-mpg123-1.32.9/lib/libmpg123.so.0 (0x00007f8812c09000)
	libmp3lame.so.0 => /nix/store/w5pzcgdksw1zcpjqrx03v7lyhvrjd5gc-lame-3.100-lib/lib/libmp3lame.so.0 (0x00007f8812b8f000)
	libmvec.so.1 => /nix/store/5m9amsvvh2z8sl7jrnc87hzy21glw6k1-glibc-2.40-66/lib/libmvec.so.1 (0x00007f8812a96000)
