    Checking tokio-rustls v0.26.6
    Checking hyper-rustls v0.27.10
    Checking reqwest v0.13.5
    Checking rom-auth v0.1.0-alpha.1 (/workspace/ROM/.worktrees/release-query-index/crates/rom-auth)
    Finished `dev` profile [unoptimized] target(s) in 0.83s
   Compiling rustls v0.23.45
   Compiling tokio-rustls v0.26.6
   Compiling hyper-rustls v0.27.10
   Compiling rustls-platform-verifier v0.7.1
   Compiling reqwest v0.13.5
   Compiling rom-auth v0.1.0-alpha.1 (/workspace/ROM/.worktrees/release-query-index/crates/rom-auth)
    Finished `test` profile [unoptimized] target(s) in 3.51s
     Running unittests src/lib.rs (/var/tmp/rom-release-measured-verification-target/debug/deps/rom_auth-fdbd389c552a196e)

running 0 tests

test result: ok. 0 passed; 0 failed; 0 ignored; 0 measured; 0 filtered out; finished in 0.00s

     Running tests/oidc.rs (/var/tmp/rom-release-measured-verification-target/debug/deps/oidc-0c42c251decbf1b2)

running 10 tests
test id_token_constructs_sealed_bounded_human_proof_with_explicit_profile ... ok
test oidc_keys::positional_header_array_is_rejected_before_host_key_acquisition ... ok
test old_access_verifier_rejects_id_tokens_and_oidc_rejects_access_type ... ok
test oidc_keys::expired_keys_refresh_completely_and_evidence_never_outlives_cached_keys ... ok
test header_trust_and_host_context_bounds_reject_before_key_acquisition ... ok
test present_hashes_bind_the_original_returned_tokens_and_cannot_be_ignored ... ok
test multi_audience_requires_explicit_trust_and_client_authorized_party ... ok
test oidc_keys::invalid_header_never_fetches_and_invalid_complete_key_sets_never_issue_proof ... ok
test declared_claim_and_configuration_limits_reject_ambiguous_values ... ok
test wrong_signature_binding_nonce_times_or_missing_claims_never_construct_proof ... ok

test result: ok. 10 passed; 0 failed; 0 ignored; 0 measured; 0 filtered out; finished in 0.11s

     Running tests/profiles.rs (/var/tmp/rom-release-measured-verification-target/debug/deps/profiles-7702c8cf02a824ca)

running 19 tests
test introspection_basic_credentials_use_oauth_form_encoding ... ok
test introspection_real_http_form_authenticated_service_mapping_and_cache ... ok
test introspection_server_rejects_wrong_client_credentials ... ok
test introspection_cache_never_outlives_expiry_and_unavailable_cannot_extend_actor ... ok
test introspection_cache_capacity_is_bounded_and_oversize_token_does_not_send ... ok
test introspection_revocation_observed_after_cache_bound_or_explicit_invalidation ... ok
test introspection_present_time_or_proof_claim_cannot_be_null ... ok
test host_configuration_requires_explicit_bindings_and_transport_policy ... ok
test jwt_valid_access_profile_constructs_bounded_human_actor_without_credentials_or_claim_dump ... ok
test jwt_uses_one_trusted_host_clock_and_enforces_exact_expiry ... ok
test jwt_untrusted_key_urls_critical_headers_oversize_and_malformed_fail_before_fetch ... ok
test bounded_key_source_rejects_oversized_set_and_missing_requested_key ... ok
test jwt_rotation_refresh_is_bounded_replaces_old_keys_and_expired_cache_fails_closed ... ok
test jwt_same_subject_different_issuers_is_not_same_identity ... ok
test jwt_issuer_must_be_one_exact_string_not_a_matching_array ... ok
test jwt_claim_shapes_reject_wrong_types_and_explicit_null_optional_claims ... ok
test jwt_rejects_wrong_signature_issuer_audience_times_missing_claims_and_profile ... ok
test introspection_inactive_wrong_binding_missing_claims_and_ambiguous_kind_fail_closed ... ok
test introspection_redirect_timeout_bad_json_oversize_and_unsafe_endpoint_rejected ... ok

test result: ok. 19 passed; 0 failed; 0 ignored; 0 measured; 0 filtered out; finished in 0.72s

   Doc-tests rom_auth

running 2 tests
test crates/rom-auth/src/introspection.rs - introspection (line 3) - compile ... ok
test crates/rom-auth/src/jwt.rs - jwt (line 4) - compile ... ok

test result: ok. 2 passed; 0 failed; 0 ignored; 0 measured; 0 filtered out; finished in 0.00s


running 2 tests
test crates/rom-auth/src/identity.rs - identity::VerifiedIdentity (line 17) - compile fail ... ok
test crates/rom-auth/src/jwt.rs - jwt (line 21) - compile fail ... ok

test result: ok. 2 passed; 0 failed; 0 ignored; 0 measured; 0 filtered out; finished in 0.04s

all doctests ran in 0.27s; merged doctests compilation took 0.24s
    Checking rom-auth v0.1.0-alpha.1 (/workspace/ROM/.worktrees/release-query-index/crates/rom-auth)
    Finished `dev` profile [unoptimized] target(s) in 0.06s
    Checking rom-auth v0.1.0-alpha.1 (/workspace/ROM/.worktrees/release-query-index/crates/rom-auth)
    Finished `dev` profile [unoptimized] target(s) in 0.11s
    Checking rom-auth v0.1.0-alpha.1 (/workspace/ROM/.worktrees/release-query-index/crates/rom-auth)
    Finished `dev` profile [unoptimized] target(s) in 0.14s
    Checking rom-auth v0.1.0-alpha.1 (/workspace/ROM/.worktrees/release-query-index/crates/rom-auth)
    Finished `dev` profile [unoptimized] target(s) in 0.15s
 Documenting rom-auth v0.1.0-alpha.1 (/workspace/ROM/.worktrees/release-query-index/crates/rom-auth)
    Finished `dev` profile [unoptimized] target(s) in 0.37s
   Generated /var/tmp/rom-release-measured-verification-target/doc/rom_auth/index.html
rom-auth v0.1.0-alpha.1 (/workspace/ROM/.worktrees/release-query-index/crates/rom-auth)
