   Compiling rom-storage-conformance v0.1.0-alpha.1 (/workspace/ROM/.worktrees/release-query-index/tests/persistence)
    Finished `test` profile [unoptimized] target(s) in 1.70s
     Running tests/studio_discovery.rs (/var/tmp/rom-release-measured-verification-target/debug/deps/studio_discovery-d2a53ecff27b4b54)

running 3 tests
test invalid_input_metadata_and_unregistered_targets_fail_before_runtime ... ok
test enabling_presentation_metadata_does_not_change_native_catalog_or_values ... ok
test authorized_metadata_preserves_codec_bindings_and_hides_nested_targets ... ok

test result: ok. 3 passed; 0 failed; 0 ignored; 0 measured; 0 filtered out; finished in 0.01s

   Compiling rom v0.1.0-alpha.1 (/workspace/ROM/.worktrees/release-query-index/crates/rom)
   Compiling rom-auth v0.1.0-alpha.1 (/workspace/ROM/.worktrees/release-query-index/crates/rom-auth)
   Compiling rom-backup v0.1.0-alpha.1 (/workspace/ROM/.worktrees/release-query-index/crates/rom-backup)
   Compiling rom-blob v0.1.0-alpha.1 (/workspace/ROM/.worktrees/release-query-index/crates/rom-blob)
   Compiling rom-sqlite v0.1.0-alpha.1 (/workspace/ROM/.worktrees/release-query-index/crates/rom-sqlite)
   Compiling rom-blob-object-store v0.1.0-alpha.1 (/workspace/ROM/.worktrees/release-query-index/crates/rom-blob-object-store)
   Compiling rom-redb v0.1.0-alpha.1 (/workspace/ROM/.worktrees/release-query-index/crates/rom-redb)
   Compiling rom-identity v0.1.0-alpha.1 (/workspace/ROM/.worktrees/release-query-index/crates/rom-identity)
   Compiling rom-config v0.1.0-alpha.1 (/workspace/ROM/.worktrees/release-query-index/crates/rom-config)
   Compiling rom-http v0.1.0-alpha.1 (/workspace/ROM/.worktrees/release-query-index/crates/rom-http)
   Compiling rom-cli v0.1.0-alpha.1 (/workspace/ROM/.worktrees/release-query-index/crates/rom-cli)
   Compiling rom-demo v0.1.0-alpha.1 (/workspace/ROM/.worktrees/release-query-index/demo)
    Finished `test` profile [unoptimized] target(s) in 3.49s
     Running tests/loopback.rs (/var/tmp/rom-release-measured-verification-target/debug/deps/loopback-a5b9c18c6a744444)

running 3 tests
test partial_projection_preserves_null_absence_false_and_exact_u64 ... ok
test real_live_and_journal_streams_flush_updates_and_stop_on_revocation ... ok
test two_kinds_use_same_binary_protocol_on_both_adapters ... ok

test result: ok. 3 passed; 0 failed; 0 ignored; 0 measured; 0 filtered out; finished in 0.77s

    Checking rom v0.1.0-alpha.1 (/workspace/ROM/.worktrees/release-query-index/crates/rom)
    Checking rom-auth v0.1.0-alpha.1 (/workspace/ROM/.worktrees/release-query-index/crates/rom-auth)
    Checking rom-backup v0.1.0-alpha.1 (/workspace/ROM/.worktrees/release-query-index/crates/rom-backup)
    Checking rom-conformance v0.1.0-alpha.1 (/workspace/ROM/.worktrees/release-query-index/crates/rom-conformance)
    Checking rom-sqlite v0.1.0-alpha.1 (/workspace/ROM/.worktrees/release-query-index/crates/rom-sqlite)
    Checking rom-redb v0.1.0-alpha.1 (/workspace/ROM/.worktrees/release-query-index/crates/rom-redb)
    Checking rom-http v0.1.0-alpha.1 (/workspace/ROM/.worktrees/release-query-index/crates/rom-http)
    Checking rom-blob v0.1.0-alpha.1 (/workspace/ROM/.worktrees/release-query-index/crates/rom-blob)
    Checking rom-config v0.1.0-alpha.1 (/workspace/ROM/.worktrees/release-query-index/crates/rom-config)
    Checking rom-blob-object-store v0.1.0-alpha.1 (/workspace/ROM/.worktrees/release-query-index/crates/rom-blob-object-store)
    Checking rom-identity v0.1.0-alpha.1 (/workspace/ROM/.worktrees/release-query-index/crates/rom-identity)
    Checking rom-consumer v0.1.0-alpha.1 (/workspace/ROM/.worktrees/release-query-index/examples/consumer)
    Checking rom-demo v0.1.0-alpha.1 (/workspace/ROM/.worktrees/release-query-index/demo)
    Checking rom-cli v0.1.0-alpha.1 (/workspace/ROM/.worktrees/release-query-index/crates/rom-cli)
    Checking rom-storage-conformance v0.1.0-alpha.1 (/workspace/ROM/.worktrees/release-query-index/tests/persistence)
    Finished `dev` profile [unoptimized] target(s) in 7.90s
