   Compiling rom v0.1.0-alpha.1 (/workspace/ROM/.worktrees/release-query-index/crates/rom)
   Compiling rom-backup v0.1.0-alpha.1 (/workspace/ROM/.worktrees/release-query-index/crates/rom-backup)
   Compiling rom-sqlite v0.1.0-alpha.1 (/workspace/ROM/.worktrees/release-query-index/crates/rom-sqlite)
   Compiling rom-consumer v0.1.0-alpha.1 (/workspace/ROM/.worktrees/release-query-index/examples/consumer)
   Compiling rom-http v0.1.0-alpha.1 (/workspace/ROM/.worktrees/release-query-index/crates/rom-http)
    Finished `test` profile [unoptimized] target(s) in 4.20s
     Running tests/loopback.rs (/var/tmp/rom-release-measured-verification-target/debug/deps/loopback-4ea42631b9e5364e)

running 2 tests
test discovery::discovery_http_never_returns_an_oversized_partial_catalog ... ok
test discovery::discovery_route_uses_explicit_grants_and_strict_authenticated_input ... FAILED

failures:

---- discovery::discovery_route_uses_explicit_grants_and_strict_authenticated_input stdout ----

thread 'discovery::discovery_route_uses_explicit_grants_and_strict_authenticated_input' (1975309) panicked at crates/rom-http/tests/loopback/discovery.rs:34:5:
assertion `left == right` failed
  left: Object {"resources": Array [Object {"action_inputs": Array [Object {"input": Object {"type": String("unit")}, "name": String("complete"), "version": Number(1)}], "actions": Array [String("complete")], "fields": Array [Object {"name": String("done"), "shape": Object {"type": String("bool")}}], "kind": String("tasks"), "version": Number(1)}], "version": Number(1)}
 right: Object {"resources": Array [Object {"actions": Array [String("complete")], "fields": Array [Object {"name": String("done"), "shape": Object {"type": String("bool")}}], "kind": String("tasks"), "version": Number(1)}], "version": Number(1)}
note: run with `RUST_BACKTRACE=1` environment variable to display a backtrace


failures:
    discovery::discovery_route_uses_explicit_grants_and_strict_authenticated_input

test result: FAILED. 1 passed; 1 failed; 0 ignored; 0 measured; 30 filtered out; finished in 0.00s

error: test failed, to rerun pass `-p rom-http --test loopback`
