TAP version 13
# (node:2910762) ExperimentalWarning: Type Stripping is an experimental feature and might change at any time
# (Use `node --trace-warnings ...` to show where the warning was created)
# Subtest: unknown reserve repeats the frozen key/file then upload without Resource kind switches
ok 1 - unknown reserve repeats the frozen key/file then upload without Resource kind switches
  ---
  duration_ms: 1.387613
  type: 'test'
  ...
# Subtest: unknown upload retries publication only and disposal clears retained content
ok 2 - unknown upload retries publication only and disposal clears retained content
  ---
  duration_ms: 0.265115
  type: 'test'
  ...
# Subtest: byte limit rejects before mutation
ok 3 - byte limit rejects before mutation
  ---
  duration_ms: 0.141139
  type: 'test'
  ...
# Subtest: a result from the old session generation never populates the new view
ok 4 - a result from the old session generation never populates the new view
  ---
  duration_ms: 0.18881
  type: 'test'
  ...
# Subtest: disposal denies a late completed download
ok 5 - disposal denies a late completed download
  ---
  duration_ms: 0.323687
  type: 'test'
  ...
# Subtest: HTTP 500 retains the exact pending reservation until explicit retry
ok 6 - HTTP 500 retains the exact pending reservation until explicit retry
  ---
  duration_ms: 0.430339
  type: 'test'
  ...
1..6
# tests 6
# suites 0
# pass 6
# fail 0
# cancelled 0
# skipped 0
# todo 0
# duration_ms 92.566705
