
> rom-studio@0.0.2 check
> svelte-check --tsconfig ./tsconfig.json

Loading svelte-check in workspace: /root/ROM/.worktrees/release-query-index/studio
Getting Svelte diagnostics...

svelte-check found 0 errors and 0 warnings

> rom-studio@0.0.2 test:unit
> node --experimental-strip-types --test tests/unit/*.test.ts

TAP version 13
# (node:3593400) ExperimentalWarning: Type Stripping is an experimental feature and might change at any time
# (Use `node --trace-warnings ...` to show where the warning was created)
# Subtest: canonical query boundary survives cloning and float integer replay
ok 1 - canonical query boundary survives cloning and float integer replay
  ---
  duration_ms: 18.666893
  type: 'test'
  ...
# Subtest: anchors reject journal cursors and response identity changes
ok 2 - anchors reject journal cursors and response identity changes
  ---
  duration_ms: 0.792464
  type: 'test'
  ...
# Subtest: anchor admission rejects malformed native envelope members
ok 3 - anchor admission rejects malformed native envelope members
  ---
  duration_ms: 0.624045
  type: 'test'
  ...
# Subtest: anchor replies bind the requested literal order and predicate structure
ok 4 - anchor replies bind the requested literal order and predicate structure
  ---
  duration_ms: 0.33742
  type: 'test'
  ...
# Subtest: anchor correspondence leaves canonical codec operands opaque
ok 5 - anchor correspondence leaves canonical codec operands opaque
  ---
  duration_ms: 1.166805
  type: 'test'
  ...
# Subtest: anchor value states keep missing distinct from present null
ok 6 - anchor value states keep missing distinct from present null
  ---
  duration_ms: 0.177918
  type: 'test'
  ...
# Subtest: native comparison operators cannot be coerced from arrays
ok 7 - native comparison operators cannot be coerced from arrays
  ---
  duration_ms: 0.148813
  type: 'test'
  ...
# Subtest: native absence predicates retain their null and equality constraints
ok 8 - native absence predicates retain their null and equality constraints
  ---
  duration_ms: 0.153351
  type: 'test'
  ...
# Subtest: public anchor response is bound to the submitted snapshot despite caller edits
ok 9 - public anchor response is bound to the submitted snapshot despite caller edits
  ---
  duration_ms: 1.392484
  type: 'test'
  ...
# (node:3593401) ExperimentalWarning: Type Stripping is an experimental feature and might change at any time
# (Use `node --trace-warnings ...` to show where the warning was created)
# Subtest: blob capabilities and reserve bind the admitted kind, ID and exact integer body
ok 10 - blob capabilities and reserve bind the admitted kind, ID and exact integer body
  ---
  duration_ms: 38.729365
  type: 'test'
  ...
# Subtest: blob uploads use immutable bytes, same-origin CSRF and bound projected responses
ok 11 - blob uploads use immutable bytes, same-origin CSRF and bound projected responses
  ---
  duration_ms: 2.743409
  type: 'test'
  ...
# Subtest: blob capability limits, operation and response status admission fail closed
ok 12 - blob capability limits, operation and response status admission fail closed
  ---
  duration_ms: 1.500639
  type: 'test'
  ...
# Subtest: blob generation and finite deadline protect binary requests and explicit recovery
ok 13 - blob generation and finite deadline protect binary requests and explicit recovery
  ---
  duration_ms: 12.309241
  type: 'test'
  ...
# Subtest: download enforces admitted size and binary type without JSON decoding
ok 14 - download enforces admitted size and binary type without JSON decoding
  ---
  duration_ms: 1.323323
  type: 'test'
  ...
# Subtest: download IDs cannot normalize into another route and rejected headers cancel unused bytes
ok 15 - download IDs cannot normalize into another route and rejected headers cancel unused bytes
  ---
  duration_ms: 1.139995
  type: 'test'
  ...
# Subtest: returned capabilities cannot widen private admission and reserve input is frozen before waiting
ok 16 - returned capabilities cannot widen private admission and reserve input is frozen before waiting
  ---
  duration_ms: 0.704117
  type: 'test'
  ...
# Subtest: binary request pre-abort reaches no transport and failed capability refresh closes admission
ok 17 - binary request pre-abort reaches no transport and failed capability refresh closes admission
  ---
  duration_ms: 0.696403
  type: 'test'
  ...
# Subtest: capability completion cannot stamp an old response with a new session generation
ok 18 - capability completion cannot stamp an old response with a new session generation
  ---
  duration_ms: 9.64393
  type: 'test'
  ...
# Subtest: a superseded capability request cannot reopen admission after a newer denial
ok 19 - a superseded capability request cannot reopen admission after a newer denial
  ---
  duration_ms: 0.697815
  type: 'test'
  ...
# (node:3593402) ExperimentalWarning: Type Stripping is an experimental feature and might change at any time
# (Use `node --trace-warnings ...` to show where the warning was created)
# Subtest: binds result identity and preserves revision, never accepts wrong resource
ok 20 - binds result identity and preserves revision, never accepts wrong resource
  ---
  duration_ms: 22.194691
  type: 'test'
  ...
# Subtest: lost response retains exact frozen request and key for explicit retry
ok 21 - lost response retains exact frozen request and key for explicit retry
  ---
  duration_ms: 1.075101
  type: 'test'
  ...
# Subtest: session generation rejects stale replies and old mutation retries
ok 22 - session generation rejects stale replies and old mutation retries
  ---
  duration_ms: 0.63713
  type: 'test'
  ...
# Subtest: denial is rejected, conflict is distinct and unknown outcome is recoverable
ok 23 - denial is rejected, conflict is distinct and unknown outcome is recoverable
  ---
  duration_ms: 1.088857
  type: 'test'
  ...
# Subtest: response bounds, content type and rows are enforced
ok 24 - response bounds, content type and rows are enforced
  ---
  duration_ms: 2.220567
  type: 'test'
  ...
# Subtest: public mutation status cannot bypass private ownership or reuse a failed attempt
ok 25 - public mutation status cannot bypass private ownership or reuse a failed attempt
  ---
  duration_ms: 0.180273
  type: 'test'
  ...
# Subtest: an unclassified server failure remains unknown and must not imply rollback
ok 26 - an unclassified server failure remains unknown and must not imply rollback
  ---
  duration_ms: 0.413856
  type: 'test'
  ...
# Subtest: receipt replay rechecks current server authority rather than returning a cached result
ok 27 - receipt replay rechecks current server authority rather than returning a cached result
  ---
  duration_ms: 0.572136
  type: 'test'
  ...
# (node:3593403) ExperimentalWarning: Type Stripping is an experimental feature and might change at any time
# (Use `node --trace-warnings ...` to show where the warning was created)
# Subtest: wire codec preserves boundary integers and ordinary false/zero/null/empty values
ok 28 - wire codec preserves boundary integers and ordinary false/zero/null/empty values
  ---
  duration_ms: 4.923628
  type: 'test'
  ...
# Subtest: wire parser rejects duplicate keys, oversized text, excessive nesting, and infinite numbers
ok 29 - wire parser rejects duplicate keys, oversized text, excessive nesting, and infinite numbers
  ---
  duration_ms: 0.573159
  type: 'test'
  ...
# Subtest: wire maps preserve reserved names without prototype mutation
ok 30 - wire maps preserve reserved names without prototype mutation
  ---
  duration_ms: 0.203566
  type: 'test'
  ...
# Subtest: wire encoder refuses nonfinite and recursive values before sending them
ok 31 - wire encoder refuses nonfinite and recursive values before sending them
  ---
  duration_ms: 0.255906
  type: 'test'
  ...
# Subtest: scalar normalization applies exact integer ranges and finite float semantics
ok 32 - scalar normalization applies exact integer ranges and finite float semantics
  ---
  duration_ms: 1.519866
  type: 'test'
  ...
# Subtest: object and patch encoders distinguish omission, null, value and removal
ok 33 - object and patch encoders distinguish omission, null, value and removal
  ---
  duration_ms: 0.481945
  type: 'test'
  ...
# Subtest: structural normalization bounds nesting and validates enums, references and maps
ok 34 - structural normalization bounds nesting and validates enums, references and maps
  ---
  duration_ms: 0.312363
  type: 'test'
  ...
# Subtest: malformed runtime modes and shapes are refused, not coerced
ok 35 - malformed runtime modes and shapes are refused, not coerced
  ---
  duration_ms: 0.1579
  type: 'test'
  ...
# Subtest: wire strings agree with Rust Unicode and preserve signed zero
ok 36 - wire strings agree with Rust Unicode and preserve signed zero
  ---
  duration_ms: 0.346207
  type: 'test'
  ...
# Subtest: array and map accessors are rejected without executing user code
ok 37 - array and map accessors are rejected without executing user code
  ---
  duration_ms: 0.436539
  type: 'test'
  ...
# Subtest: parsed floating integer tokens retain their Rust number category on replay
ok 38 - parsed floating integer tokens retain their Rust number category on replay
  ---
  duration_ms: 0.327452
  type: 'test'
  ...
# (node:3593404) ExperimentalWarning: Type Stripping is an experimental feature and might change at any time
# (Use `node --trace-warnings ...` to show where the warning was created)
# Subtest: authorized discovery can omit an input descriptor that would disclose a hidden target
ok 39 - authorized discovery can omit an input descriptor that would disclose a hidden target
  ---
  duration_ms: 21.768302
  type: 'test'
  ...
# Subtest: discovery rejects native-impossible empty enum
ok 40 - discovery rejects native-impossible empty enum
  ---
  duration_ms: 1.238301
  type: 'test'
  ...
# Subtest: discovery rejects native-impossible oversized enum
ok 41 - discovery rejects native-impossible oversized enum
  ---
  duration_ms: 1.010669
  type: 'test'
  ...
# Subtest: discovery rejects native-impossible nested optional
ok 42 - discovery rejects native-impossible nested optional
  ---
  duration_ms: 0.627452
  type: 'test'
  ...
# Subtest: discovery rejects native-impossible nested nullable
ok 43 - discovery rejects native-impossible nested nullable
  ---
  duration_ms: 0.551787
  type: 'test'
  ...
# Subtest: discovery rejects native-impossible scalar presence
ok 44 - discovery rejects native-impossible scalar presence
  ---
  duration_ms: 0.408977
  type: 'test'
  ...
# Subtest: discovery rejects native-impossible codec UTF-8 bytes
ok 45 - discovery rejects native-impossible codec UTF-8 bytes
  ---
  duration_ms: 1.291132
  type: 'test'
  ...
# Subtest: accepts authorized descriptor and rejects duplicate or inconsistent metadata
ok 46 - accepts authorized descriptor and rejects duplicate or inconsistent metadata
  ---
  duration_ms: 1.907472
  type: 'test'
  ...
# Subtest: bounded POST stream handles split CRLF frames and surfaces terminal errors
ok 47 - bounded POST stream handles split CRLF frames and surfaces terminal errors
  ---
  duration_ms: 1.505329
  type: 'test'
  ...
# Subtest: stream rejects oversized frames and a wrong kind before disclosure
ok 48 - stream rejects oversized frames and a wrong kind before disclosure
  ---
  duration_ms: 0.744924
  type: 'test'
  ...
# Subtest: idle stream closes its reader on timeout and cancellation
ok 49 - idle stream closes its reader on timeout and cancellation
  ---
  duration_ms: 11.605024
  type: 'test'
  ...
# Subtest: stream flushes UTF8 decoder and treats silent EOF as stale
ok 50 - stream flushes UTF8 decoder and treats silent EOF as stale
  ---
  duration_ms: 1.046446
  type: 'test'
  ...
# Subtest: invalid stream media cancels its body, and opening errors retain server category
ok 51 - invalid stream media cancels its body, and opening errors retain server category
  ---
  duration_ms: 0.717853
  type: 'test'
  ...
# Subtest: live snapshots obey the requested page limit
ok 52 - live snapshots obey the requested page limit
  ---
  duration_ms: 0.484901
  type: 'test'
  ...
# Subtest: observation admission is finite and cancellation releases its slot
ok 53 - observation admission is finite and cancellation releases its slot
  ---
  duration_ms: 0.968079
  type: 'test'
  ...
# Subtest: discovery retains bounded wrapper paths and rejects shape mismatches
ok 54 - discovery retains bounded wrapper paths and rejects shape mismatches
  ---
  duration_ms: 0.668019
  type: 'test'
  ...
# (node:3593413) ExperimentalWarning: Type Stripping is an experimental feature and might change at any time
# (Use `node --trace-warnings ...` to show where the warning was created)
# Subtest: filter round trip preserves exact values, comparisons and ordered fields
ok 55 - filter round trip preserves exact values, comparisons and ordered fields
  ---
  duration_ms: 4.670949
  type: 'test'
  ...
# Subtest: nested conjunctions retain all rules without invoking a numeric parser
ok 56 - nested conjunctions retain all rules without invoking a numeric parser
  ---
  duration_ms: 0.249494
  type: 'test'
  ...
# Subtest: unsupported operators, OR and hidden fields are rejected without silent dropping
ok 57 - unsupported operators, OR and hidden fields are rejected without silent dropping
  ---
  duration_ms: 0.492826
  type: 'test'
  ...
# Subtest: absence is distinct from null and allowed only for optional fields
ok 58 - absence is distinct from null and allowed only for optional fields
  ---
  duration_ms: 0.218324
  type: 'test'
  ...
# Subtest: native query bounds and scalar comparison restrictions apply before execution
ok 59 - native query bounds and scalar comparison restrictions apply before execution
  ---
  duration_ms: 0.503355
  type: 'test'
  ...
# Subtest: malformed trees, cyclic groups and unknown attributes are rejected
ok 60 - malformed trees, cyclic groups and unknown attributes are rejected
  ---
  duration_ms: 0.209057
  type: 'test'
  ...
# Subtest: draft conversion resets page continuation and never aliases active query arrays
ok 61 - draft conversion resets page continuation and never aliases active query arrays
  ---
  duration_ms: 0.259583
  type: 'test'
  ...
# Subtest: invalid saved query operators cannot enter an editable draft
ok 62 - invalid saved query operators cannot enter an editable draft
  ---
  duration_ms: 0.135367
  type: 'test'
  ...
# Subtest: wrapped custom values are cloned without aliasing or loss of reserved map names
ok 63 - wrapped custom values are cloned without aliasing or loss of reserved map names
  ---
  duration_ms: 0.52128
  type: 'test'
  ...
# Subtest: optional present comparison survives saved query conversion
ok 64 - optional present comparison survives saved query conversion
  ---
  duration_ms: 0.391764
  type: 'test'
  ...
# Subtest: inherited fields and getter rules are rejected without evaluating the getter
ok 65 - inherited fields and getter rules are rejected without evaluating the getter
  ---
  duration_ms: 0.337712
  type: 'test'
  ...
# Subtest: non-enumerable filter accessors are rejected before invocation
ok 66 - non-enumerable filter accessors are rejected before invocation
  ---
  duration_ms: 0.222973
  type: 'test'
  ...
# Subtest: draft envelope rejects inherited members, symbols, unknown and hidden getters
ok 67 - draft envelope rejects inherited members, symbols, unknown and hidden getters
  ---
  duration_ms: 0.292786
  type: 'test'
  ...
# (node:3593430) ExperimentalWarning: Type Stripping is an experimental feature and might change at any time
# (Use `node --trace-warnings ...` to show where the warning was created)
# Subtest: journal validates cursor generation, kind and strictly advancing positions
ok 68 - journal validates cursor generation, kind and strictly advancing positions
  ---
  duration_ms: 20.407518
  type: 'test'
  ...
# (node:3593439) ExperimentalWarning: Type Stripping is an experimental feature and might change at any time
# (Use `node --trace-warnings ...` to show where the warning was created)
# Subtest: POST deadline rejects even when transport ignores abort
ok 69 - POST deadline rejects even when transport ignores abort
  ---
  duration_ms: 22.139516
  type: 'test'
  ...
# Subtest: already aborted request does not invoke transport
ok 70 - already aborted request does not invoke transport
  ---
  duration_ms: 0.248442
  type: 'test'
  ...
# Subtest: oversized body rejection does not await transport cancellation
ok 71 - oversized body rejection does not await transport cancellation
  ---
  duration_ms: 0.749854
  type: 'test'
  ...
# Subtest: query reply obeys explicit page limit
ok 72 - query reply obeys explicit page limit
  ---
  duration_ms: 1.140445
  type: 'test'
  ...
# Subtest: mutation reply must match revision and deletion semantics
ok 73 - mutation reply must match revision and deletion semantics
  ---
  duration_ms: 1.108545
  type: 'test'
  ...
# Subtest: legal no-op revision and deletion are accepted
ok 74 - legal no-op revision and deletion are accepted
  ---
  duration_ms: 0.447089
  type: 'test'
  ...
# Subtest: response reader and parser use the same byte policy
ok 75 - response reader and parser use the same byte policy
  ---
  duration_ms: 8.889117
  type: 'test'
  ...
# Subtest: timer values outside execution range are rejected before transport
ok 76 - timer values outside execution range are rejected before transport
  ---
  duration_ms: 0.157308
  type: 'test'
  ...
# Subtest: floating wire tokens cannot become integer metadata
ok 77 - floating wire tokens cannot become integer metadata
  ---
  duration_ms: 1.13774
  type: 'test'
  ...
# Subtest: request timeout cancels an opened idle response body
ok 78 - request timeout cancels an opened idle response body
  ---
  duration_ms: 6.769553
  type: 'test'
  ...
# Subtest: a mutation without a prior row binds the initial revision
ok 79 - a mutation without a prior row binds the initial revision
  ---
  duration_ms: 0.775201
  type: 'test'
  ...
# (node:3593447) ExperimentalWarning: Type Stripping is an experimental feature and might change at any time
# (Use `node --trace-warnings ...` to show where the warning was created)
# Subtest: work reads bind handles and validate protocol, state and counters
ok 80 - work reads bind handles and validate protocol, state and counters
  ---
  duration_ms: 29.719949
  type: 'test'
  ...
# Subtest: operator control binds key, operation, history and coherent revision
ok 81 - operator control binds key, operation, history and coherent revision
  ---
  duration_ms: 2.79709
  type: 'test'
  ...
# Subtest: work capabilities and lists reject invalid booleans, handles, duplicate rows and limits
ok 82 - work capabilities and lists reject invalid booleans, handles, duplicate rows and limits
  ---
  duration_ms: 3.183144
  type: 'test'
  ...
# Subtest: response is bound to the original submitted control despite caller edits
ok 83 - response is bound to the original submitted control despite caller edits
  ---
  duration_ms: 0.529616
  type: 'test'
  ...
1..83
# tests 83
# suites 0
# pass 83
# fail 0
# cancelled 0
# skipped 0
# todo 0
# duration_ms 333.082281
TAP version 13
# (node:3593521) ExperimentalWarning: Type Stripping is an experimental feature and might change at any time
# (Use `node --trace-warnings ...` to show where the warning was created)
# Subtest: connect exposes discovered resources and selected rows
ok 1 - connect exposes discovered resources and selected rows
  ---
  duration_ms: 1.196351
  type: 'test'
  ...
# Subtest: query Apply retains the selected key continuously and reads its latest authorized revision
ok 2 - query Apply retains the selected key continuously and reads its latest authorized revision
  ---
  duration_ms: 0.866265
  type: 'test'
  ...
# Subtest: query Apply clears a currently denied selection even when the query contains its old row
ok 3 - query Apply clears a currently denied selection even when the query contains its old row
  ---
  duration_ms: 0.739293
  type: 'test'
  ...
# Subtest: query Apply resets moving anchors and history while preserving live choice
ok 4 - query Apply resets moving anchors and history while preserving live choice
  ---
  duration_ms: 3.072434
  type: 'test'
  ...
# Subtest: late query selection read cannot undo disconnect
ok 5 - late query selection read cannot undo disconnect
  ---
  duration_ms: 0.361837
  type: 'test'
  ...
# Subtest: late query selection read cannot undo navigation
ok 6 - late query selection read cannot undo navigation
  ---
  duration_ms: 0.116411
  type: 'test'
  ...
# Subtest: late query selection read cannot undo selection
ok 7 - late query selection read cannot undo selection
  ---
  duration_ms: 0.194349
  type: 'test'
  ...
# Subtest: live filter exclusion retains a currently readable Resource at its latest revision
ok 8 - live filter exclusion retains a currently readable Resource at its latest revision
  ---
  duration_ms: 0.247299
  type: 'test'
  ...
# Subtest: live exclusion clears a selection when its current read is denied
ok 9 - live exclusion clears a selection when its current read is denied
  ---
  duration_ms: 0.324487
  type: 'test'
  ...
# Subtest: late excluded live selection read cannot undo disconnect
ok 10 - late excluded live selection read cannot undo disconnect
  ---
  duration_ms: 1.175312
  type: 'test'
  ...
# Subtest: late excluded live selection read cannot undo navigation
ok 11 - late excluded live selection read cannot undo navigation
  ---
  duration_ms: 0.344123
  type: 'test'
  ...
# Subtest: late excluded live selection read cannot undo stop
ok 12 - late excluded live selection read cannot undo stop
  ---
  duration_ms: 0.341399
  type: 'test'
  ...
# Subtest: late excluded live selection read cannot undo selection
ok 13 - late excluded live selection read cannot undo selection
  ---
  duration_ms: 0.899738
  type: 'test'
  ...
# Subtest: late query cannot replace another navigation
ok 14 - late query cannot replace another navigation
  ---
  duration_ms: 0.140497
  type: 'test'
  ...
# Subtest: unknown outcome blocks another mutation and exact retry uses same object
ok 15 - unknown outcome blocks another mutation and exact retry uses same object
  ---
  duration_ms: 1.370732
  type: 'test'
  ...
# Subtest: disconnect aborts and suppresses delayed discovery
ok 16 - disconnect aborts and suppresses delayed discovery
  ---
  duration_ms: 0.13691
  type: 'test'
  ...
# Subtest: finite lease revalidation reopens once with fresh snapshot
ok 17 - finite lease revalidation reopens once with fresh snapshot
  ---
  duration_ms: 0.211532
  type: 'test'
  ...
# Subtest: repeated finite lease failure stays bounded and clears projections
ok 18 - repeated finite lease failure stays bounded and clears projections
  ---
  duration_ms: 0.238844
  type: 'test'
  ...
# Subtest: separated normal lease expiries renew after each accepted snapshot
ok 19 - separated normal lease expiries renew after each accepted snapshot
  ---
  duration_ms: 0.23666
  type: 'test'
  ...
# Subtest: moving pagination uses server envelope, refetches previous and resets on new query
ok 20 - moving pagination uses server envelope, refetches previous and resets on new query
  ---
  duration_ms: 0.178048
  type: 'test'
  ...
# Subtest: delayed anchor cannot paginate a different Resource
ok 21 - delayed anchor cannot paginate a different Resource
  ---
  duration_ms: 0.144715
  type: 'test'
  ...
# Subtest: pagination history is bounded and first page remains available
ok 22 - pagination history is bounded and first page remains available
  ---
  duration_ms: 2.365372
  type: 'test'
  ...
# Subtest: moving page changes cancel the old live stream and open a new one
ok 23 - moving page changes cancel the old live stream and open a new one
  ---
  duration_ms: 1.567295
  type: 'test'
  ...
# Subtest: query Apply preserves live table choice when only the selected Resource read is denied
ok 24 - query Apply preserves live table choice when only the selected Resource read is denied
  ---
  duration_ms: 0.52162
  type: 'test'
  ...
# (node:3593522) ExperimentalWarning: Type Stripping is an experimental feature and might change at any time
# (Use `node --trace-warnings ...` to show where the warning was created)
# Subtest: unknown reserve repeats the frozen key/file then upload without Resource kind switches
ok 25 - unknown reserve repeats the frozen key/file then upload without Resource kind switches
  ---
  duration_ms: 1.441087
  type: 'test'
  ...
# Subtest: unknown upload retries publication only and disposal clears retained content
ok 26 - unknown upload retries publication only and disposal clears retained content
  ---
  duration_ms: 0.326981
  type: 'test'
  ...
# Subtest: byte limit rejects before mutation
ok 27 - byte limit rejects before mutation
  ---
  duration_ms: 0.129476
  type: 'test'
  ...
# Subtest: a result from the old session generation never populates the new view
ok 28 - a result from the old session generation never populates the new view
  ---
  duration_ms: 0.205871
  type: 'test'
  ...
# Subtest: disposal denies a late completed download
ok 29 - disposal denies a late completed download
  ---
  duration_ms: 0.355365
  type: 'test'
  ...
# Subtest: HTTP 500 retains the exact pending reservation until explicit retry
ok 30 - HTTP 500 retains the exact pending reservation until explicit retry
  ---
  duration_ms: 0.865393
  type: 'test'
  ...
# (node:3593523) ExperimentalWarning: Type Stripping is an experimental feature and might change at any time
# (Use `node --trace-warnings ...` to show where the warning was created)
# Subtest: browser session supplies CSRF only after verified authenticated response
ok 31 - browser session supplies CSRF only after verified authenticated response
  ---
  duration_ms: 17.68033
  type: 'test'
  ...
# Subtest: unauthenticated authority and expired session fail closed
ok 32 - unauthenticated authority and expired session fail closed
  ---
  duration_ms: 0.719607
  type: 'test'
  ...
# Subtest: logout includes last CSRF and clears it before request returns
ok 33 - logout includes last CSRF and clears it before request returns
  ---
  duration_ms: 0.488507
  type: 'test'
  ...
# Subtest: primary provider must exist; provider URL is encoded
ok 34 - primary provider must exist; provider URL is encoded
  ---
  duration_ms: 0.42132
  type: 'test'
  ...
# Subtest: delayed session response cannot restore authority after logout
ok 35 - delayed session response cannot restore authority after logout
  ---
  duration_ms: 0.382226
  type: 'test'
  ...
1..35
# tests 35
# suites 0
# pass 35
# fail 0
# cancelled 0
# skipped 0
# todo 0
# duration_ms 119.441723

> rom-studio@0.0.2 build
> vite build

vite v8.3.2 building client environment for production...
transforming...
✓ 4869 modules transformed.
rendering chunks...
computing gzip size...
dist/index.html                                                                                0.37 kB │ gzip:   0.26 kB
dist/notices/npm/cn/0.3.3/LICENSE                                                              1.06 kB
dist/notices/npm/tw-animate-css/1.4.0/LICENSE                                                  1.06 kB
dist/notices/npm/bits-ui/2.19.5/LICENSE                                                        1.07 kB
dist/notices/npm/tailwind-variants/3.3.1/LICENSE                                               1.07 kB
dist/notices/vendored/svar-filter-vendored/1c581c3312c626c525ee64b8f94446a025fa141c/LICENSE    1.07 kB
dist/notices/npm/tabbable/6.5.0/LICENSE                                                        1.07 kB
dist/notices/npm/_floating-ui_core/1.8.0/LICENSE                                               1.08 kB
dist/notices/npm/_floating-ui_dom/1.8.0/LICENSE                                                1.08 kB
dist/notices/npm/_floating-ui_utils/0.2.12/LICENSE                                             1.08 kB
dist/notices/npm/inline-style-parser/0.2.7/LICENSE                                             1.09 kB
dist/notices/npm/clsx/2.1.1/license                                                            1.10 kB
dist/notices/npm/style-to-object/1.0.14/LICENSE                                                1.11 kB
dist/notices/npm/svelte/5.57.1/LICENSE.md                                                      1.12 kB
dist/notices/npm/runed/0.35.1/LICENSE                                                          1.16 kB
dist/notices/npm/svelte-toolbelt/0.10.6/LICENSE                                                1.16 kB
dist/notices/npm/shadcn-svelte/1.7.0/LICENSE.md                                                1.19 kB
dist/notices/vendored/shadcn-svelte-vendored/source-checkout/LICENSE.md                        1.19 kB
dist/notices/tool-runtime/rolldown/1.2.12/LICENSE                                              1.30 kB
dist/notices/tool-runtime/rolldown/1.2.12/THIRD-PARTY-LICENSE                                  2.20 kB
dist/notices/npm/_lucide_svelte/1.51.0/LICENSE                                                 3.20 kB
dist/third-party-notices.json                                                                 92.60 kB │ gzip:   7.86 kB
dist/notices/tool-runtime/vite/8.3.2/LICENSE.md                                              108.78 kB
dist/assets/index-CKo0Stie.css                                                               176.36 kB │ gzip:  25.67 kB
dist/assets/index-BN8-oqmX.js                                                                494.04 kB │ gzip: 138.62 kB

✓ built in 2.43s

> rom-studio@0.0.2 test:components
> npm run build:components && playwright test --config tests/components/playwright.config.ts


> rom-studio@0.0.2 build:components
> vite build --mode components --outDir .component-dist

vite v8.3.2 building client environment for components...
transforming...
✓ 4883 modules transformed.
rendering chunks...
computing gzip size...
.component-dist/tests/components/direct-form.html                                                         0.57 kB │ gzip:  0.32 kB
.component-dist/tests/components/renderer-regressions.html                                                0.73 kB │ gzip:  0.35 kB
.component-dist/tests/components/harness.html                                                             0.79 kB │ gzip:  0.36 kB
.component-dist/tests/components/details.html                                                             0.87 kB │ gzip:  0.34 kB
.component-dist/index.html                                                                                0.91 kB │ gzip:  0.37 kB
.component-dist/notices/npm/cn/0.3.3/LICENSE                                                              1.06 kB
.component-dist/notices/npm/tw-animate-css/1.4.0/LICENSE                                                  1.06 kB
.component-dist/notices/npm/bits-ui/2.19.5/LICENSE                                                        1.07 kB
.component-dist/notices/npm/tailwind-variants/3.3.1/LICENSE                                               1.07 kB
.component-dist/notices/vendored/svar-filter-vendored/1c581c3312c626c525ee64b8f94446a025fa141c/LICENSE    1.07 kB
.component-dist/notices/npm/tabbable/6.5.0/LICENSE                                                        1.07 kB
.component-dist/notices/npm/_floating-ui_core/1.8.0/LICENSE                                               1.08 kB
.component-dist/notices/npm/_floating-ui_dom/1.8.0/LICENSE                                                1.08 kB
.component-dist/notices/npm/_floating-ui_utils/0.2.12/LICENSE                                             1.08 kB
.component-dist/notices/npm/inline-style-parser/0.2.7/LICENSE                                             1.09 kB
.component-dist/notices/npm/clsx/2.1.1/license                                                            1.10 kB
.component-dist/notices/npm/style-to-object/1.0.14/LICENSE                                                1.11 kB
.component-dist/notices/npm/svelte/5.57.1/LICENSE.md                                                      1.12 kB
.component-dist/notices/npm/runed/0.35.1/LICENSE                                                          1.16 kB
.component-dist/notices/npm/svelte-toolbelt/0.10.6/LICENSE                                                1.16 kB
.component-dist/notices/npm/shadcn-svelte/1.7.0/LICENSE.md                                                1.19 kB
.component-dist/notices/vendored/shadcn-svelte-vendored/source-checkout/LICENSE.md                        1.19 kB
.component-dist/notices/tool-runtime/rolldown/1.2.12/LICENSE                                              1.30 kB
.component-dist/notices/tool-runtime/rolldown/1.2.12/THIRD-PARTY-LICENSE                                  2.20 kB
.component-dist/notices/npm/_lucide_svelte/1.51.0/LICENSE                                                 3.20 kB
.component-dist/third-party-notices.json                                                                 95.30 kB │ gzip:  8.35 kB
.component-dist/notices/tool-runtime/vite/8.3.2/LICENSE.md                                              108.78 kB
.component-dist/assets/app-CKo0Stie.css                                                                 176.36 kB │ gzip: 25.67 kB
.component-dist/assets/details-B-5u3M_t.js                                                                1.19 kB │ gzip:  0.69 kB
.component-dist/assets/directForm-BoZJnTXy.js                                                             1.41 kB │ gzip:  0.67 kB
.component-dist/assets/rendererRegressions-XrchB9d8.js                                                    2.96 kB │ gzip:  1.35 kB
.component-dist/assets/ActionForm-_dnEwjZZ.js                                                             3.35 kB │ gzip:  1.67 kB
.component-dist/assets/ResourceTable-Om4mXO3c.js                                                          5.45 kB │ gzip:  1.57 kB
.component-dist/assets/ResponsiveInspector-BJX9qPvk.js                                                    6.21 kB │ gzip:  2.17 kB
.component-dist/assets/components-CN2xezTt.js                                                             6.94 kB │ gzip:  2.78 kB
.component-dist/assets/main-CMaIFO-U.js                                                                  69.19 kB │ gzip: 18.58 kB
.component-dist/assets/ResourceForm-BV_HWMMd.js                                                          74.61 kB │ gzip: 19.13 kB
.component-dist/assets/ResourcePage-BmONXw0O.js                                                          81.73 kB │ gzip: 23.44 kB
.component-dist/assets/app-D3XNRi-d.js                                                                  259.91 kB │ gzip: 82.93 kB

✓ built in 2.49s
[WebServer] (node:3593803) Warning: The 'NO_COLOR' env is ignored due to the 'FORCE_COLOR' env being set.
[WebServer] (Use `node --trace-warnings ...` to show where the warning was created)

Running 108 tests using 2 workers

(node:3593865) Warning: The 'NO_COLOR' env is ignored due to the 'FORCE_COLOR' env being set.
(Use `node --trace-warnings ...` to show where the warning was created)
(node:3593866) Warning: The 'NO_COLOR' env is ignored due to the 'FORCE_COLOR' env being set.
(Use `node --trace-warnings ...` to show where the warning was created)
  ✓    1 [webkit] › tests/components/application.spec.ts:9:1 › real SDK composes two metadata-driven pages; logout clears details (528ms)
  ✓    2 [webkit] › tests/components/controls.spec.ts:7:1 › integer fields request a numeric mobile keyboard without losing exact input (545ms)
  ✓    3 [webkit] › tests/components/application.spec.ts:93:1 › real app reports unavailable session without simulated data (299ms)
  ✓    4 [webkit] › tests/components/controls.spec.ts:19:1 › Resource references identify the target kind while accepting an exact ID (541ms)
  ✓    5 [webkit] › tests/components/application.spec.ts:106:1 › moving pages use native query anchors and previous refetches (464ms)
  ✓    7 [webkit] › tests/components/details.spec.ts:2:1 › selected Resource shows its current title as a direct editable field (317ms)
  ✓    8 [webkit] › tests/components/details.spec.ts:27:1 › direct boolean control keeps false and becomes an explicit edit only when switched (332ms)
  ✓    6 [webkit] › tests/components/controls.spec.ts:30:1 › Resource controls preserve integer, presence, boolean and nested edits (1.1s)
  ✓    9 [webkit] › tests/components/details.spec.ts:42:1 › mobile Resource editor uses the full viewport and a concise heading (350ms)
  ✓   11 [webkit] › tests/components/details.spec.ts:53:1 › live revision retains draft and disables stale submission until explicit reload (632ms)
  ✓   12 [webkit] › tests/components/details.spec.ts:88:1 › an open field popup cannot mutate a draft after a newer revision (412ms)
  ✓   13 [webkit] › tests/components/direct-form.spec.ts:3:1 › current null and absent fields are distinct from an empty value (269ms)
  ✓   14 [webkit] › tests/components/direct-form.spec.ts:14:1 › generic scalar fields fit label, control and actions in one mobile row (280ms)
  ✓   10 [webkit] › tests/components/controls.spec.ts:58:1 › same field hosts support custom codec, nested collections and generic action input (2.1s)
  ✓   15 [webkit] › tests/components/direct-form.spec.ts:29:1 › choosing Set a value starts from the current value (661ms)
  ✓   16 [webkit] › tests/components/controls.spec.ts:82:1 › unsupported action stays visible, generic table selects, query emits values (686ms)
  ✓   17 [webkit] › tests/components/direct-form.spec.ts:47:1 › switching an invalid omitted field to a value resets its draft (700ms)
  ✓   18 [webkit] › tests/components/controls.spec.ts:99:1 › keyboard controls and assembled accessibility (785ms)
  ✓   19 [webkit] › tests/components/direct-form.spec.ts:64:1 › nested null differs from an empty value in an expanded list editor (730ms)
  ✓   21 [webkit] › tests/components/direct-form.spec.ts:87:1 › large collections remain readable when editing is bounded (315ms)
  ✓   20 [webkit] › tests/components/controls.spec.ts:109:1 › descriptor change retains an open draft and requires explicit reopen (1.2s)
  ✓   23 [webkit] › tests/components/controls.spec.ts:155:1 › invalid field keeps keyboard focus and cannot submit until corrected (613ms)
  ✓   24 [webkit] › tests/components/controls.spec.ts:181:1 › shared Select Checkbox and submit keyboard semantics preserve a boolean (344ms)
  ✓   22 [webkit] › tests/components/direct-form.spec.ts:98:1 › direct fields distinguish unchanged, false, zero, empty, null and removal (1.7s)
  ✓   26 [webkit] › tests/components/filter-workspace.spec.ts:54:1 › compact actions keep their names and details stays beside quick filters (421ms)
  ✓   25 [webkit] › tests/components/controls.spec.ts:201:1 › optional remove and empty string remain distinct from omitted fields (1.3s)
  ✓   27 [webkit] › tests/components/filter-workspace.spec.ts:103:1 › quick and full filters share draft without querying until Apply (1.1s)
  ✓   29 [webkit] › tests/components/filter-workspace.spec.ts:158:1 › Resource draft survives filter tab, Apply and mobile inspector lifecycle (1.0s)
  ✓   28 [webkit] › tests/components/controls.spec.ts:222:1 › nested invalid input survives sibling edits and removal releases only its error (1.2s)
  ✓   30 [webkit] › tests/components/filter-workspace.spec.ts:221:1 › invalid filter input survives popover close and switching editors (1.1s)
  ✓   32 [webkit] › tests/components/filter-workspace.spec.ts:284:1 › removing an earlier rule preserves the later rule's invalid draft (729ms)
  ✓   31 [webkit] › tests/components/controls.spec.ts:243:1 › enum reference and prototype-shaped map keys use generic controls (1.9s)
  ✓   34 [webkit] › tests/components/controls.spec.ts:263:1 › opaque input uses the shared strict lossless codec (364ms)
  ✓   33 [webkit] › tests/components/filter-workspace.spec.ts:320:1 › descriptor change permits explicit discard of an obsolete filter (647ms)
  ✓   36 [webkit] › tests/components/filter-workspace.spec.ts:352:1 › invalid input after an applied numeric filter is marked pending (723ms)
  ✓   35 [webkit] › tests/components/controls.spec.ts:279:1 › sort field is independent from filter field (1.1s)
  ✓   38 [webkit] › tests/components/controls.spec.ts:293:1 › sort picker excludes collection fields but retains scalar fields (345ms)
  ✓   37 [webkit] › tests/components/generic-presentation.spec.ts:7:1 › shared mode picker uses keyboard and keeps nullable operation controlled (809ms)
  ✓   40 [webkit] › tests/components/generic-presentation.spec.ts:26:1 › shared query picker preserves independent sort selection and closes on Escape (647ms)
  ✓   41 [webkit] › tests/components/renderer-regressions.spec.ts:14:3 › generic display exposes visible text for Scalar text (252ms)
  ✓   42 [webkit] › tests/components/renderer-regressions.spec.ts:14:3 › generic display exposes visible text for Scalar zero (251ms)
  ✓   43 [webkit] › tests/components/renderer-regressions.spec.ts:14:3 › generic display exposes visible text for Scalar false (253ms)
  ✓   44 [webkit] › tests/components/renderer-regressions.spec.ts:14:3 › generic display exposes visible text for Explicit null (258ms)
  ✓   45 [webkit] › tests/components/renderer-regressions.spec.ts:14:3 › generic display exposes visible text for Missing optional (252ms)
  ✓   46 [webkit] › tests/components/renderer-regressions.spec.ts:14:3 › generic display exposes visible text for Empty codec list (257ms)
  ✓   47 [webkit] › tests/components/renderer-regressions.spec.ts:14:3 › generic display exposes visible text for Empty codec map (253ms)
  ✓   39 [webkit] › tests/components/controls.spec.ts:308:1 › wrapped custom codecs apply only to leaves; unknown leaves remain read-only (2.9s)
  ✓   48 [webkit] › tests/components/renderer-regressions.spec.ts:40:1 › mobile nested Select remains usable after scrolling its Sheet (733ms)
  ✓   49 [webkit] › tests/components/controls.spec.ts:372:1 › query filters preserve wrapper provenance and edit only registered leaves (647ms)
  ✓   50 [webkit] › tests/components/renderer-regressions.spec.ts:76:1 › mobile nested Select dismisses by ordinary outside click without closing its Sheet (668ms)
ROM_TABLE_FRAME {"engine":"webkit","rows":100,"columns":16,"cells_before":1600,"cells_after_clear":0,"navigation_to_visible_frame_ms":421,"clear_to_frame_ms":85,"api_requests":0,"scope":"Local descriptor-only browser fixture, warm asset cache, real generic ResourceTable and custom codec renderers. Navigation includes module execution and frame scheduling. DOM retention count, not heap reclamation or database/parser cost."}
  ✓   51 [webkit] › tests/components/controls.spec.ts:388:3 › finite generic table 100 row frame and DOM retention sample (811ms)
  ✓   52 [webkit] › tests/components/renderer-regressions.spec.ts:103:1 › mobile Escape dismisses Select before Sheet and restores toolbar focus (549ms)
  ✓   54 [webkit] › tests/components/shell-presentation.spec.ts:3:1 › mobile sidebar opens, selects a descriptor and returns space to the page (1.3s)
(node:3596802) Warning: The 'NO_COLOR' env is ignored due to the 'FORCE_COLOR' env being set.
(Use `node --trace-warnings ...` to show where the warning was created)
  ✓   55 [chromium] › tests/components/application.spec.ts:9:1 › real SDK composes two metadata-driven pages; logout clears details (493ms)
  ✓   56 [chromium] › tests/components/application.spec.ts:93:1 › real app reports unavailable session without simulated data (124ms)
ROM_TABLE_FRAME {"engine":"webkit","rows":500,"columns":16,"cells_before":8000,"cells_after_clear":0,"navigation_to_visible_frame_ms":1677,"clear_to_frame_ms":1007,"api_requests":0,"scope":"Local descriptor-only browser fixture, warm asset cache, real generic ResourceTable and custom codec renderers. Navigation includes module execution and frame scheduling. DOM retention count, not heap reclamation or database/parser cost."}
  ✓   53 [webkit] › tests/components/controls.spec.ts:388:3 › finite generic table 500 row frame and DOM retention sample (3.0s)
  ✓   57 [chromium] › tests/components/application.spec.ts:106:1 › moving pages use native query anchors and previous refetches (361ms)
  ✓   58 [chromium] › tests/components/details.spec.ts:2:1 › selected Resource shows its current title as a direct editable field (174ms)
(node:3596994) Warning: The 'NO_COLOR' env is ignored due to the 'FORCE_COLOR' env being set.
(Use `node --trace-warnings ...` to show where the warning was created)
  ✓   59 [chromium] › tests/components/details.spec.ts:27:1 › direct boolean control keeps false and becomes an explicit edit only when switched (197ms)
  ✓   61 [chromium] › tests/components/details.spec.ts:42:1 › mobile Resource editor uses the full viewport and a concise heading (210ms)
  ✓   62 [chromium] › tests/components/details.spec.ts:53:1 › live revision retains draft and disables stale submission until explicit reload (402ms)
  ✓   60 [chromium] › tests/components/controls.spec.ts:7:1 › integer fields request a numeric mobile keyboard without losing exact input (530ms)
  ✓   63 [chromium] › tests/components/details.spec.ts:88:1 › an open field popup cannot mutate a draft after a newer revision (253ms)
  ✓   65 [chromium] › tests/components/direct-form.spec.ts:3:1 › current null and absent fields are distinct from an empty value (135ms)
  ✓   64 [chromium] › tests/components/controls.spec.ts:19:1 › Resource references identify the target kind while accepting an exact ID (367ms)
  ✓   66 [chromium] › tests/components/direct-form.spec.ts:14:1 › generic scalar fields fit label, control and actions in one mobile row (158ms)
  ✓   68 [chromium] › tests/components/direct-form.spec.ts:29:1 › choosing Set a value starts from the current value (535ms)
  ✓   67 [chromium] › tests/components/controls.spec.ts:30:1 › Resource controls preserve integer, presence, boolean and nested edits (901ms)
  ✓   69 [chromium] › tests/components/direct-form.spec.ts:47:1 › switching an invalid omitted field to a value resets its draft (545ms)
  ✓   71 [chromium] › tests/components/direct-form.spec.ts:64:1 › nested null differs from an empty value in an expanded list editor (561ms)
  ✓   72 [chromium] › tests/components/direct-form.spec.ts:87:1 › large collections remain readable when editing is bounded (170ms)
  ✓   70 [chromium] › tests/components/controls.spec.ts:58:1 › same field hosts support custom codec, nested collections and generic action input (1.7s)
  ✓   74 [chromium] › tests/components/controls.spec.ts:82:1 › unsupported action stays visible, generic table selects, query emits values (408ms)
  ✓   73 [chromium] › tests/components/direct-form.spec.ts:98:1 › direct fields distinguish unchanged, false, zero, empty, null and removal (1.5s)
  ✓   75 [chromium] › tests/components/controls.spec.ts:99:1 › keyboard controls and assembled accessibility (581ms)
  ✓   76 [chromium] › tests/components/filter-workspace.spec.ts:54:1 › compact actions keep their names and details stays beside quick filters (244ms)
  ✓   78 [chromium] › tests/components/filter-workspace.spec.ts:103:1 › quick and full filters share draft without querying until Apply (773ms)
  ✓   77 [chromium] › tests/components/controls.spec.ts:109:1 › descriptor change retains an open draft and requires explicit reopen (915ms)
  ✓   80 [chromium] › tests/components/controls.spec.ts:155:1 › invalid field keeps keyboard focus and cannot submit until corrected (353ms)
  ✓   81 [chromium] › tests/components/controls.spec.ts:181:1 › shared Select Checkbox and submit keyboard semantics preserve a boolean (192ms)
  ✓   79 [chromium] › tests/components/filter-workspace.spec.ts:158:1 › Resource draft survives filter tab, Apply and mobile inspector lifecycle (922ms)
  ✓   82 [chromium] › tests/components/controls.spec.ts:201:1 › optional remove and empty string remain distinct from omitted fields (926ms)
  ✓   83 [chromium] › tests/components/filter-workspace.spec.ts:221:1 › invalid filter input survives popover close and switching editors (863ms)
  ✓   85 [chromium] › tests/components/filter-workspace.spec.ts:284:1 › removing an earlier rule preserves the later rule's invalid draft (468ms)
  ✓   84 [chromium] › tests/components/controls.spec.ts:222:1 › nested invalid input survives sibling edits and removal releases only its error (846ms)
  ✓   86 [chromium] › tests/components/filter-workspace.spec.ts:320:1 › descriptor change permits explicit discard of an obsolete filter (473ms)
  ✓   88 [chromium] › tests/components/filter-workspace.spec.ts:352:1 › invalid input after an applied numeric filter is marked pending (414ms)
  ✓   89 [chromium] › tests/components/generic-presentation.spec.ts:7:1 › shared mode picker uses keyboard and keeps nullable operation controlled (424ms)
  ✓   87 [chromium] › tests/components/controls.spec.ts:243:1 › enum reference and prototype-shaped map keys use generic controls (1.6s)
  ✓   90 [chromium] › tests/components/generic-presentation.spec.ts:26:1 › shared query picker preserves independent sort selection and closes on Escape (490ms)
  ✓   91 [chromium] › tests/components/controls.spec.ts:263:1 › opaque input uses the shared strict lossless codec (210ms)
  ✓   92 [chromium] › tests/components/renderer-regressions.spec.ts:14:3 › generic display exposes visible text for Scalar text (118ms)
  ✓   94 [chromium] › tests/components/renderer-regressions.spec.ts:14:3 › generic display exposes visible text for Scalar zero (114ms)
  ✓   95 [chromium] › tests/components/renderer-regressions.spec.ts:14:3 › generic display exposes visible text for Scalar false (117ms)
  ✓   96 [chromium] › tests/components/renderer-regressions.spec.ts:14:3 › generic display exposes visible text for Explicit null (120ms)
  ✓   97 [chromium] › tests/components/renderer-regressions.spec.ts:14:3 › generic display exposes visible text for Missing optional (113ms)
  ✓   98 [chromium] › tests/components/renderer-regressions.spec.ts:14:3 › generic display exposes visible text for Empty codec list (110ms)
  ✓   99 [chromium] › tests/components/renderer-regressions.spec.ts:14:3 › generic display exposes visible text for Empty codec map (113ms)
  ✓   93 [chromium] › tests/components/controls.spec.ts:279:1 › sort field is independent from filter field (905ms)
  ✓  101 [chromium] › tests/components/controls.spec.ts:293:1 › sort picker excludes collection fields but retains scalar fields (183ms)
  ✓  100 [chromium] › tests/components/renderer-regressions.spec.ts:40:1 › mobile nested Select remains usable after scrolling its Sheet (593ms)
  ✓  103 [chromium] › tests/components/renderer-regressions.spec.ts:76:1 › mobile nested Select dismisses by ordinary outside click without closing its Sheet (559ms)
  ✓  104 [chromium] › tests/components/renderer-regressions.spec.ts:103:1 › mobile Escape dismisses Select before Sheet and restores toolbar focus (429ms)
  ✓  105 [chromium] › tests/components/shell-presentation.spec.ts:3:1 › mobile sidebar opens, selects a descriptor and returns space to the page (1.1s)
  ✓  102 [chromium] › tests/components/controls.spec.ts:308:1 › wrapped custom codecs apply only to leaves; unknown leaves remain read-only (2.4s)
  ✓  106 [chromium] › tests/components/controls.spec.ts:372:1 › query filters preserve wrapper provenance and edit only registered leaves (359ms)
ROM_TABLE_FRAME {"engine":"chromium","rows":100,"columns":16,"cells_before":1600,"cells_after_clear":0,"navigation_to_visible_frame_ms":215.39999997615814,"clear_to_frame_ms":71.09999996423721,"api_requests":0,"scope":"Local descriptor-only browser fixture, warm asset cache, real generic ResourceTable and custom codec renderers. Navigation includes module execution and frame scheduling. DOM retention count, not heap reclamation or database/parser cost."}
  ✓  107 [chromium] › tests/components/controls.spec.ts:388:3 › finite generic table 100 row frame and DOM retention sample (437ms)
ROM_TABLE_FRAME {"engine":"chromium","rows":500,"columns":16,"cells_before":8000,"cells_after_clear":0,"navigation_to_visible_frame_ms":815.6999999880791,"clear_to_frame_ms":95.80000001192093,"api_requests":0,"scope":"Local descriptor-only browser fixture, warm asset cache, real generic ResourceTable and custom codec renderers. Navigation includes module execution and frame scheduling. DOM retention count, not heap reclamation or database/parser cost."}
  ✓  108 [chromium] › tests/components/controls.spec.ts:388:3 › finite generic table 500 row frame and DOM retention sample (1.1s)

  108 passed (38.4s)
