
Running 4 tests using 1 worker

(node:2927241) Warning: The 'NO_COLOR' env is ignored due to the 'FORCE_COLOR' env being set.
(Use `node --trace-warnings ...` to show where the warning was created)
oidc-provider WARNING: a quick start development-only in-memory adapter is used, you MUST change it in order to not lose all stateful provider data upon restart and to be able to share these between processes
  ✘  1 [chromium] › tests/runtime/host.spec.ts:547:3 › real sqlite shared session logout clears two tabs and closes delivery (2.0m)
(node:2928571) Warning: The 'NO_COLOR' env is ignored due to the 'FORCE_COLOR' env being set.
(Use `node --trace-warnings ...` to show where the warning was created)
oidc-provider WARNING: a quick start development-only in-memory adapter is used, you MUST change it in order to not lose all stateful provider data upon restart and to be able to share these between processes
  ✘  2 [chromium] › tests/runtime/host.spec.ts:547:3 › real redb shared session logout clears two tabs and closes delivery (1.2m)


  1) [chromium] › tests/runtime/host.spec.ts:547:3 › real sqlite shared session logout clears two tabs and closes delivery 

    Test timeout of 120000ms exceeded.

    Error: Test timeout of 120000ms exceeded.

      588 |       ).toBeVisible();
      589 |       // Both pages share the same BrowserContext cookie/session, not copied Actor data.
    > 590 |       const terminal = delivery.finished();
          |                                 ^
      591 |       await second
      592 |         .getByRole("button", { name: "Sign out", exact: true })
      593 |         .click();
        at /root/ROM/.worktrees/release-query-index/studio/tests/runtime/host.spec.ts:590:33

    Error Context: test-results/host-real-sqlite-shared-se-23f9d-wo-tabs-and-closes-delivery-chromium/error-context.md

  2) [chromium] › tests/runtime/host.spec.ts:547:3 › real redb shared session logout clears two tabs and closes delivery 

    Test was interrupted.

    Error: Test ended.

      588 |       ).toBeVisible();
      589 |       // Both pages share the same BrowserContext cookie/session, not copied Actor data.
    > 590 |       const terminal = delivery.finished();
          |                                 ^
      591 |       await second
      592 |         .getByRole("button", { name: "Sign out", exact: true })
      593 |         .click();
        at /root/ROM/.worktrees/release-query-index/studio/tests/runtime/host.spec.ts:590:33

    Error Context: test-results/host-real-redb-shared-sess-7867a-wo-tabs-and-closes-delivery-chromium/error-context.md

  1 failed
    [chromium] › tests/runtime/host.spec.ts:547:3 › real sqlite shared session logout clears two tabs and closes delivery 
  1 interrupted
    [chromium] › tests/runtime/host.spec.ts:547:3 › real redb shared session logout clears two tabs and closes delivery 
  2 did not run
