
> rom-studio@0.0.2 test:components
> npm run build:components && playwright test --config tests/components/playwright.config.ts --grep nested invalid


> rom-studio@0.0.2 build:components
> vite build --mode components --outDir .component-dist

vite v8.3.2 building client environment for components...
transforming...
✓ 157 modules transformed.
rendering chunks...
computing gzip size...
.component-dist/index.html                       0.47 kB │ gzip:  0.30 kB
.component-dist/tests/components/harness.html    0.51 kB │ gzip:  0.30 kB
.component-dist/assets/app-B2_5umm8.css         22.67 kB │ gzip:  5.11 kB
.component-dist/assets/main-C2qMmQHS.js          0.62 kB │ gzip:  0.43 kB
.component-dist/assets/components-gKr6HFwS.js   30.02 kB │ gzip:  9.45 kB
.component-dist/assets/app-ByskllmX.js         117.26 kB │ gzip: 42.22 kB

✓ built in 326ms
[WebServer] (node:2601436) Warning: The 'NO_COLOR' env is ignored due to the 'FORCE_COLOR' env being set.
[WebServer] (Use `node --trace-warnings ...` to show where the warning was created)

Running 1 test using 1 worker

(node:2601491) Warning: The 'NO_COLOR' env is ignored due to the 'FORCE_COLOR' env being set.
(Use `node --trace-warnings ...` to show where the warning was created)
  ✘  1 [chromium] › tests/components/controls.spec.ts:102:1 › nested invalid input survives sibling edits and removal releases only its error (5.4s)


  1) [chromium] › tests/components/controls.spec.ts:102:1 › nested invalid input survives sibling edits and removal releases only its error 

    Error: expect(locator).toBeEnabled() failed

    Locator:  getByRole('button', { name: 'Apply patch' })
    Expected: enabled
    Received: disabled
    Timeout:  5000ms

    Call log:
      - Expect "toBeEnabled" getByRole('button', { name: 'Apply patch' }) with timeout 5000ms
      - waiting for getByRole('button', { name: 'Apply patch' })
        14 × locator resolved to <button disabled type="submit" data-slot="button" class="focus-visible:border-ring focus-visible:ring-ring/50 aria-invalid:ring-destructive/20 dark:aria-invalid:ring-destructive/40 aria-invalid:border-destructive dark:aria-invalid:border-destructive/50 rounded-md border border-transparent bg-clip-padding text-sm font-medium focus-visible:ring-3 aria-invalid:ring-3 active:not-aria-[haspopup]:translate-y-px [&_svg:not([class*='size-'])]:size-4 group/button inline-flex shrink-0 items-center justify-cente…>…</button>
           - unexpected value "disabled"


      107 | await expect(page.getByRole('button',{name:'Apply patch'})).toBeDisabled();
      108 | await page.getByRole('button',{name:'Remove scores[0]'}).click();
    > 109 | await expect(page.getByRole('button',{name:'Apply patch'})).toBeEnabled();
          |                                                             ^
      110 | await page.getByRole('button',{name:'Apply patch'}).click();await expect(page.getByTestId('submitted')).toContainText('"value":[1]');
      111 | });
      112 |
        at /root/ROM/.worktrees/release-query-index/studio/tests/components/controls.spec.ts:109:61

    Error Context: test-results/controls-nested-invalid-in-3d144-val-releases-only-its-error-chromium/error-context.md

  1 failed
    [chromium] › tests/components/controls.spec.ts:102:1 › nested invalid input survives sibling edits and removal releases only its error 
