
> rom-studio@0.0.2 test:unit
> node --experimental-strip-types --test tests/unit/*.test.ts

TAP version 13
# (node:517567) ExperimentalWarning: Type Stripping is an experimental feature and might change at any time
# (Use `node --trace-warnings ...` to show where the warning was created)
# Subtest: canonical query boundary survives cloning and float integer replay
ok 1 - canonical query boundary survives cloning and float integer replay
  ---
  duration_ms: 32.442425
  type: 'test'
  ...
# Subtest: anchors reject journal cursors and response identity changes
ok 2 - anchors reject journal cursors and response identity changes
  ---
  duration_ms: 1.356594
  type: 'test'
  ...
# Subtest: anchor admission rejects malformed native envelope members
ok 3 - anchor admission rejects malformed native envelope members
  ---
  duration_ms: 1.073896
  type: 'test'
  ...
# Subtest: anchor replies bind the requested literal order and predicate structure
ok 4 - anchor replies bind the requested literal order and predicate structure
  ---
  duration_ms: 1.176481
  type: 'test'
  ...
# Subtest: anchor correspondence leaves canonical codec operands opaque
ok 5 - anchor correspondence leaves canonical codec operands opaque
  ---
  duration_ms: 1.319143
  type: 'test'
  ...
# Subtest: anchor value states keep missing distinct from present null
ok 6 - anchor value states keep missing distinct from present null
  ---
  duration_ms: 0.274082
  type: 'test'
  ...
# Subtest: native comparison operators cannot be coerced from arrays
ok 7 - native comparison operators cannot be coerced from arrays
  ---
  duration_ms: 0.223426
  type: 'test'
  ...
# Subtest: native absence predicates retain their null and equality constraints
ok 8 - native absence predicates retain their null and equality constraints
  ---
  duration_ms: 0.175645
  type: 'test'
  ...
# Subtest: public anchor response is bound to the submitted snapshot despite caller edits
ok 9 - public anchor response is bound to the submitted snapshot despite caller edits
  ---
  duration_ms: 1.590591
  type: 'test'
  ...
# (node:517568) ExperimentalWarning: Type Stripping is an experimental feature and might change at any time
# (Use `node --trace-warnings ...` to show where the warning was created)
# Subtest: blob capabilities and reserve bind the admitted kind, ID and exact integer body
ok 10 - blob capabilities and reserve bind the admitted kind, ID and exact integer body
  ---
  duration_ms: 22.466787
  type: 'test'
  ...
# Subtest: blob uploads use immutable bytes, same-origin CSRF and bound projected responses
ok 11 - blob uploads use immutable bytes, same-origin CSRF and bound projected responses
  ---
  duration_ms: 2.523789
  type: 'test'
  ...
# Subtest: blob capability limits, operation and response status admission fail closed
ok 12 - blob capability limits, operation and response status admission fail closed
  ---
  duration_ms: 1.633613
  type: 'test'
  ...
# Subtest: blob generation and finite deadline protect binary requests and explicit recovery
ok 13 - blob generation and finite deadline protect binary requests and explicit recovery
  ---
  duration_ms: 11.034384
  type: 'test'
  ...
# Subtest: download enforces admitted size and binary type without JSON decoding
ok 14 - download enforces admitted size and binary type without JSON decoding
  ---
  duration_ms: 1.219113
  type: 'test'
  ...
# Subtest: download IDs cannot normalize into another route and rejected headers cancel unused bytes
ok 15 - download IDs cannot normalize into another route and rejected headers cancel unused bytes
  ---
  duration_ms: 1.094324
  type: 'test'
  ...
# Subtest: returned capabilities cannot widen private admission and reserve input is frozen before waiting
ok 16 - returned capabilities cannot widen private admission and reserve input is frozen before waiting
  ---
  duration_ms: 0.686759
  type: 'test'
  ...
# Subtest: binary request pre-abort reaches no transport and failed capability refresh closes admission
ok 17 - binary request pre-abort reaches no transport and failed capability refresh closes admission
  ---
  duration_ms: 0.674104
  type: 'test'
  ...
# Subtest: capability completion cannot stamp an old response with a new session generation
ok 18 - capability completion cannot stamp an old response with a new session generation
  ---
  duration_ms: 7.557109
  type: 'test'
  ...
# Subtest: a superseded capability request cannot reopen admission after a newer denial
ok 19 - a superseded capability request cannot reopen admission after a newer denial
  ---
  duration_ms: 0.529609
  type: 'test'
  ...
# (node:517569) ExperimentalWarning: Type Stripping is an experimental feature and might change at any time
# (Use `node --trace-warnings ...` to show where the warning was created)
# Subtest: binds result identity and preserves revision, never accepts wrong resource
ok 20 - binds result identity and preserves revision, never accepts wrong resource
  ---
  duration_ms: 23.524312
  type: 'test'
  ...
# Subtest: lost response retains exact frozen request and key for explicit retry
ok 21 - lost response retains exact frozen request and key for explicit retry
  ---
  duration_ms: 1.807183
  type: 'test'
  ...
# Subtest: session generation rejects stale replies and old mutation retries
ok 22 - session generation rejects stale replies and old mutation retries
  ---
  duration_ms: 0.978995
  type: 'test'
  ...
# Subtest: denial is rejected, conflict is distinct and unknown outcome is recoverable
ok 23 - denial is rejected, conflict is distinct and unknown outcome is recoverable
  ---
  duration_ms: 1.810249
  type: 'test'
  ...
# Subtest: response bounds, content type and rows are enforced
ok 24 - response bounds, content type and rows are enforced
  ---
  duration_ms: 2.085353
  type: 'test'
  ...
# Subtest: public mutation status cannot bypass private ownership or reuse a failed attempt
ok 25 - public mutation status cannot bypass private ownership or reuse a failed attempt
  ---
  duration_ms: 1.508955
  type: 'test'
  ...
# Subtest: an unclassified server failure remains unknown and must not imply rollback
ok 26 - an unclassified server failure remains unknown and must not imply rollback
  ---
  duration_ms: 0.787139
  type: 'test'
  ...
# Subtest: receipt replay rechecks current server authority rather than returning a cached result
ok 27 - receipt replay rechecks current server authority rather than returning a cached result
  ---
  duration_ms: 0.899334
  type: 'test'
  ...
# (node:517570) ExperimentalWarning: Type Stripping is an experimental feature and might change at any time
# (Use `node --trace-warnings ...` to show where the warning was created)
# Subtest: wire codec preserves boundary integers and ordinary false/zero/null/empty values
ok 28 - wire codec preserves boundary integers and ordinary false/zero/null/empty values
  ---
  duration_ms: 7.997198
  type: 'test'
  ...
# Subtest: wire parser rejects duplicate keys, oversized text, excessive nesting, and infinite numbers
ok 29 - wire parser rejects duplicate keys, oversized text, excessive nesting, and infinite numbers
  ---
  duration_ms: 0.645771
  type: 'test'
  ...
# Subtest: wire maps preserve reserved names without prototype mutation
ok 30 - wire maps preserve reserved names without prototype mutation
  ---
  duration_ms: 0.203167
  type: 'test'
  ...
# Subtest: wire encoder refuses nonfinite and recursive values before sending them
ok 31 - wire encoder refuses nonfinite and recursive values before sending them
  ---
  duration_ms: 0.260576
  type: 'test'
  ...
# Subtest: scalar normalization applies exact integer ranges and finite float semantics
ok 32 - scalar normalization applies exact integer ranges and finite float semantics
  ---
  duration_ms: 1.021877
  type: 'test'
  ...
# Subtest: object and patch encoders distinguish omission, null, value and removal
ok 33 - object and patch encoders distinguish omission, null, value and removal
  ---
  duration_ms: 0.415442
  type: 'test'
  ...
# Subtest: structural normalization bounds nesting and validates enums, references and maps
ok 34 - structural normalization bounds nesting and validates enums, references and maps
  ---
  duration_ms: 0.274443
  type: 'test'
  ...
# Subtest: malformed runtime modes and shapes are refused, not coerced
ok 35 - malformed runtime modes and shapes are refused, not coerced
  ---
  duration_ms: 0.136741
  type: 'test'
  ...
# Subtest: wire strings agree with Rust Unicode and preserve signed zero
ok 36 - wire strings agree with Rust Unicode and preserve signed zero
  ---
  duration_ms: 0.313518
  type: 'test'
  ...
# Subtest: array and map accessors are rejected without executing user code
ok 37 - array and map accessors are rejected without executing user code
  ---
  duration_ms: 0.382589
  type: 'test'
  ...
# Subtest: parsed floating integer tokens retain their Rust number category on replay
ok 38 - parsed floating integer tokens retain their Rust number category on replay
  ---
  duration_ms: 0.276938
  type: 'test'
  ...
# (node:517571) ExperimentalWarning: Type Stripping is an experimental feature and might change at any time
# (Use `node --trace-warnings ...` to show where the warning was created)
# Subtest: authorized discovery can omit an input descriptor that would disclose a hidden target
ok 39 - authorized discovery can omit an input descriptor that would disclose a hidden target
  ---
  duration_ms: 22.624598
  type: 'test'
  ...
# Subtest: discovery rejects native-impossible empty enum
ok 40 - discovery rejects native-impossible empty enum
  ---
  duration_ms: 0.78206
  type: 'test'
  ...
# Subtest: discovery rejects native-impossible oversized enum
ok 41 - discovery rejects native-impossible oversized enum
  ---
  duration_ms: 0.544657
  type: 'test'
  ...
# Subtest: discovery rejects native-impossible nested optional
ok 42 - discovery rejects native-impossible nested optional
  ---
  duration_ms: 0.37226
  type: 'test'
  ...
# Subtest: discovery rejects native-impossible nested nullable
ok 43 - discovery rejects native-impossible nested nullable
  ---
  duration_ms: 0.473823
  type: 'test'
  ...
# Subtest: discovery rejects native-impossible scalar presence
ok 44 - discovery rejects native-impossible scalar presence
  ---
  duration_ms: 0.293769
  type: 'test'
  ...
# Subtest: discovery rejects native-impossible codec UTF-8 bytes
ok 45 - discovery rejects native-impossible codec UTF-8 bytes
  ---
  duration_ms: 0.912098
  type: 'test'
  ...
# Subtest: accepts authorized descriptor and rejects duplicate or inconsistent metadata
ok 46 - accepts authorized descriptor and rejects duplicate or inconsistent metadata
  ---
  duration_ms: 1.59057
  type: 'test'
  ...
# Subtest: bounded POST stream handles split CRLF frames and surfaces terminal errors
ok 47 - bounded POST stream handles split CRLF frames and surfaces terminal errors
  ---
  duration_ms: 1.375301
  type: 'test'
  ...
# Subtest: stream rejects oversized frames and a wrong kind before disclosure
ok 48 - stream rejects oversized frames and a wrong kind before disclosure
  ---
  duration_ms: 0.664987
  type: 'test'
  ...
# Subtest: idle stream closes its reader on timeout and cancellation
ok 49 - idle stream closes its reader on timeout and cancellation
  ---
  duration_ms: 12.825507
  type: 'test'
  ...
# Subtest: stream flushes UTF8 decoder and treats silent EOF as stale
ok 50 - stream flushes UTF8 decoder and treats silent EOF as stale
  ---
  duration_ms: 0.858175
  type: 'test'
  ...
# Subtest: invalid stream media cancels its body, and opening errors retain server category
ok 51 - invalid stream media cancels its body, and opening errors retain server category
  ---
  duration_ms: 0.660629
  type: 'test'
  ...
# Subtest: live snapshots obey the requested page limit
ok 52 - live snapshots obey the requested page limit
  ---
  duration_ms: 0.339126
  type: 'test'
  ...
# Subtest: observation admission is finite and cancellation releases its slot
ok 53 - observation admission is finite and cancellation releases its slot
  ---
  duration_ms: 0.783222
  type: 'test'
  ...
# Subtest: discovery retains bounded wrapper paths and rejects shape mismatches
ok 54 - discovery retains bounded wrapper paths and rejects shape mismatches
  ---
  duration_ms: 0.564475
  type: 'test'
  ...
# (node:517574) ExperimentalWarning: Type Stripping is an experimental feature and might change at any time
# (Use `node --trace-warnings ...` to show where the warning was created)
# Subtest: filter round trip preserves exact values, comparisons and ordered fields
ok 55 - filter round trip preserves exact values, comparisons and ordered fields
  ---
  duration_ms: 4.444539
  type: 'test'
  ...
# Subtest: nested conjunctions retain all rules without invoking a numeric parser
ok 56 - nested conjunctions retain all rules without invoking a numeric parser
  ---
  duration_ms: 0.22012
  type: 'test'
  ...
# Subtest: unsupported operators, OR and hidden fields are rejected without silent dropping
ok 57 - unsupported operators, OR and hidden fields are rejected without silent dropping
  ---
  duration_ms: 0.627677
  type: 'test'
  ...
# Subtest: absence is distinct from null and allowed only for optional fields
ok 58 - absence is distinct from null and allowed only for optional fields
  ---
  duration_ms: 0.268802
  type: 'test'
  ...
# Subtest: native query bounds and scalar comparison restrictions apply before execution
ok 59 - native query bounds and scalar comparison restrictions apply before execution
  ---
  duration_ms: 0.879947
  type: 'test'
  ...
# Subtest: malformed trees, cyclic groups and unknown attributes are rejected
ok 60 - malformed trees, cyclic groups and unknown attributes are rejected
  ---
  duration_ms: 0.232663
  type: 'test'
  ...
# Subtest: draft conversion resets page continuation and never aliases active query arrays
ok 61 - draft conversion resets page continuation and never aliases active query arrays
  ---
  duration_ms: 0.292127
  type: 'test'
  ...
# Subtest: invalid saved query operators cannot enter an editable draft
ok 62 - invalid saved query operators cannot enter an editable draft
  ---
  duration_ms: 0.141059
  type: 'test'
  ...
# Subtest: wrapped custom values are cloned without aliasing or loss of reserved map names
ok 63 - wrapped custom values are cloned without aliasing or loss of reserved map names
  ---
  duration_ms: 0.615383
  type: 'test'
  ...
# Subtest: optional present comparison survives saved query conversion
ok 64 - optional present comparison survives saved query conversion
  ---
  duration_ms: 0.3986
  type: 'test'
  ...
# Subtest: inherited fields and getter rules are rejected without evaluating the getter
ok 65 - inherited fields and getter rules are rejected without evaluating the getter
  ---
  duration_ms: 0.365587
  type: 'test'
  ...
# Subtest: non-enumerable filter accessors are rejected before invocation
ok 66 - non-enumerable filter accessors are rejected before invocation
  ---
  duration_ms: 0.327755
  type: 'test'
  ...
# Subtest: draft envelope rejects inherited members, symbols, unknown and hidden getters
ok 67 - draft envelope rejects inherited members, symbols, unknown and hidden getters
  ---
  duration_ms: 0.287598
  type: 'test'
  ...
# (node:517589) ExperimentalWarning: Type Stripping is an experimental feature and might change at any time
# (Use `node --trace-warnings ...` to show where the warning was created)
# Subtest: journal validates cursor generation, kind and strictly advancing positions
ok 68 - journal validates cursor generation, kind and strictly advancing positions
  ---
  duration_ms: 21.397871
  type: 'test'
  ...
# (node:517605) ExperimentalWarning: Type Stripping is an experimental feature and might change at any time
# (Use `node --trace-warnings ...` to show where the warning was created)
# Subtest: discovery retains typed Resource and field presentation
ok 69 - discovery retains typed Resource and field presentation
  ---
  duration_ms: 3.83127
  type: 'test'
  ...
# Subtest: discovery rejects invalid presentation UTF-8 label
ok 70 - discovery rejects invalid presentation UTF-8 label
  ---
  duration_ms: 1.375942
  type: 'test'
  ...
# Subtest: discovery rejects invalid presentation empty label
ok 71 - discovery rejects invalid presentation empty label
  ---
  duration_ms: 0.134226
  type: 'test'
  ...
# Subtest: discovery rejects invalid presentation unknown selector
ok 72 - discovery rejects invalid presentation unknown selector
  ---
  duration_ms: 0.187918
  type: 'test'
  ...
# Subtest: discovery rejects invalid presentation hidden field
ok 73 - discovery rejects invalid presentation hidden field
  ---
  duration_ms: 5.779973
  type: 'test'
  ...
# Subtest: discovery rejects invalid presentation unknown group
ok 74 - discovery rejects invalid presentation unknown group
  ---
  duration_ms: 0.174452
  type: 'test'
  ...
# Subtest: discovery rejects invalid presentation duplicate group
ok 75 - discovery rejects invalid presentation duplicate group
  ---
  duration_ms: 0.09995
  type: 'test'
  ...
# Subtest: discovery rejects invalid presentation unknown executable hint
ok 76 - discovery rejects invalid presentation unknown executable hint
  ---
  duration_ms: 2.72385
  type: 'test'
  ...
# Subtest: title selectors cannot reinterpret custom codecs or nontext values
ok 77 - title selectors cannot reinterpret custom codecs or nontext values
  ---
  duration_ms: 0.533276
  type: 'test'
  ...
# Subtest: legacy descriptors omit presentation without changing discovery version
ok 78 - legacy descriptors omit presentation without changing discovery version
  ---
  duration_ms: 2.821707
  type: 'test'
  ...
# Subtest: client accepts the exact backend discovery conformance fixture
ok 79 - client accepts the exact backend discovery conformance fixture
  ---
  duration_ms: 3.473037
  type: 'test'
  ...
# (node:517607) ExperimentalWarning: Type Stripping is an experimental feature and might change at any time
# (Use `node --trace-warnings ...` to show where the warning was created)
# Subtest: POST deadline rejects even when transport ignores abort
ok 80 - POST deadline rejects even when transport ignores abort
  ---
  duration_ms: 28.266288
  type: 'test'
  ...
# Subtest: already aborted request does not invoke transport
ok 81 - already aborted request does not invoke transport
  ---
  duration_ms: 0.384443
  type: 'test'
  ...
# Subtest: oversized body rejection does not await transport cancellation
ok 82 - oversized body rejection does not await transport cancellation
  ---
  duration_ms: 1.28088
  type: 'test'
  ...
# Subtest: query reply obeys explicit page limit
ok 83 - query reply obeys explicit page limit
  ---
  duration_ms: 1.968621
  type: 'test'
  ...
# Subtest: mutation reply must match revision and deletion semantics
ok 84 - mutation reply must match revision and deletion semantics
  ---
  duration_ms: 1.715679
  type: 'test'
  ...
# Subtest: legal no-op revision and deletion are accepted
ok 85 - legal no-op revision and deletion are accepted
  ---
  duration_ms: 0.752664
  type: 'test'
  ...
# Subtest: response reader and parser use the same byte policy
ok 86 - response reader and parser use the same byte policy
  ---
  duration_ms: 16.945217
  type: 'test'
  ...
# Subtest: timer values outside execution range are rejected before transport
ok 87 - timer values outside execution range are rejected before transport
  ---
  duration_ms: 0.263151
  type: 'test'
  ...
# Subtest: floating wire tokens cannot become integer metadata
ok 88 - floating wire tokens cannot become integer metadata
  ---
  duration_ms: 1.720318
  type: 'test'
  ...
# Subtest: request timeout cancels an opened idle response body
ok 89 - request timeout cancels an opened idle response body
  ---
  duration_ms: 6.273373
  type: 'test'
  ...
# Subtest: a mutation without a prior row binds the initial revision
ok 90 - a mutation without a prior row binds the initial revision
  ---
  duration_ms: 0.985999
  type: 'test'
  ...
# (node:517616) ExperimentalWarning: Type Stripping is an experimental feature and might change at any time
# (Use `node --trace-warnings ...` to show where the warning was created)
# Subtest: titles use declared authorized fields rather than interpreting identity
ok 91 - titles use declared authorized fields rather than interpreting identity
  ---
  duration_ms: 0.693351
  type: 'test'
  ...
# Subtest: missing titles fall back without guessing JSON identity
ok 92 - missing titles fall back without guessing JSON identity
  ---
  duration_ms: 0.176987
  type: 'test'
  ...
# Subtest: hidden undeclared title fields are not resolved
ok 93 - hidden undeclared title fields are not resolved
  ---
  duration_ms: 0.105771
  type: 'test'
  ...
# Subtest: settings catalog includes classified descriptors only and groups plugins
ok 94 - settings catalog includes classified descriptors only and groups plugins
  ---
  duration_ms: 0.689674
  type: 'test'
  ...
# (node:517625) ExperimentalWarning: Type Stripping is an experimental feature and might change at any time
# (Use `node --trace-warnings ...` to show where the warning was created)
# Subtest: work reads bind handles and validate protocol, state and counters
ok 95 - work reads bind handles and validate protocol, state and counters
  ---
  duration_ms: 25.102639
  type: 'test'
  ...
# Subtest: operator control binds key, operation, history and coherent revision
ok 96 - operator control binds key, operation, history and coherent revision
  ---
  duration_ms: 2.708621
  type: 'test'
  ...
# Subtest: work capabilities and lists reject invalid booleans, handles, duplicate rows and limits
ok 97 - work capabilities and lists reject invalid booleans, handles, duplicate rows and limits
  ---
  duration_ms: 3.39566
  type: 'test'
  ...
# Subtest: response is bound to the original submitted control despite caller edits
ok 98 - response is bound to the original submitted control despite caller edits
  ---
  duration_ms: 0.546591
  type: 'test'
  ...
1..98
# tests 98
# suites 0
# pass 98
# fail 0
# cancelled 0
# skipped 0
# todo 0
# duration_ms 357.01884
