
> rom-studio@0.0.2 test
> playwright test --config tests/components/playwright.config.ts

[WebServer] (node:520828) Warning: The 'NO_COLOR' env is ignored due to the 'FORCE_COLOR' env being set.
[WebServer] (Use `node --trace-warnings ...` to show where the warning was created)

Running 132 tests using 2 workers

(node:520892) Warning: The 'NO_COLOR' env is ignored due to the 'FORCE_COLOR' env being set.
(Use `node --trace-warnings ...` to show where the warning was created)
(node:520893) Warning: The 'NO_COLOR' env is ignored due to the 'FORCE_COLOR' env being set.
(Use `node --trace-warnings ...` to show where the warning was created)
  ✓    1 [webkit] › tests/components/application.spec.ts:9:1 › real SDK composes two metadata-driven pages; logout clears details (562ms)
  ✓    2 [webkit] › tests/components/controls.spec.ts:7:1 › integer fields request a numeric mobile keyboard without losing exact input (561ms)
  ✓    3 [webkit] › tests/components/application.spec.ts:93:1 › real app reports unavailable session without simulated data (277ms)
  ✓    4 [webkit] › tests/components/controls.spec.ts:19:1 › Resource references identify the target kind while accepting an exact ID (655ms)
  ✓    5 [webkit] › tests/components/application.spec.ts:106:1 › moving pages use native query anchors and previous refetches (448ms)
  ✓    7 [webkit] › tests/components/details.spec.ts:2:1 › selected Resource shows its current title as a direct editable field (360ms)
  ✓    8 [webkit] › tests/components/details.spec.ts:27:1 › direct boolean control keeps false and becomes an explicit edit only when switched (336ms)
  ✓    9 [webkit] › tests/components/details.spec.ts:42:1 › mobile Resource editor uses the full viewport and a concise heading (361ms)
  ✓    6 [webkit] › tests/components/controls.spec.ts:30:1 › Resource controls preserve integer, presence, boolean and nested edits (1.2s)
  ✓   10 [webkit] › tests/components/details.spec.ts:53:1 › live revision retains draft and disables stale submission until explicit reload (511ms)
  ✓   12 [webkit] › tests/components/details.spec.ts:88:1 › an open field popup cannot mutate a draft after a newer revision (418ms)
  ✓   13 [webkit] › tests/components/details.spec.ts:117:1 › stale Resource keeps collection details readable without reopening mutation (416ms)
  ✓   14 [webkit] › tests/components/direct-form.spec.ts:3:1 › current null and absent fields are distinct from an empty value (278ms)
  ✓   15 [webkit] › tests/components/direct-form.spec.ts:14:1 › generic scalar fields fit label, control and actions in one mobile row (304ms)
  ✓   11 [webkit] › tests/components/controls.spec.ts:58:1 › same field hosts support custom codec, nested collections and generic action input (1.9s)
  ✓   16 [webkit] › tests/components/direct-form.spec.ts:35:1 › choosing Set a value starts from the current value (706ms)
  ✓   17 [webkit] › tests/components/controls.spec.ts:82:1 › expanded action input describes submission rather than Resource saving (615ms)
  ✓   18 [webkit] › tests/components/direct-form.spec.ts:53:1 › switching an invalid omitted field to a value resets its draft (741ms)
  ✓   19 [webkit] › tests/components/controls.spec.ts:91:1 › unsupported action stays visible, generic table selects, query emits values (729ms)
  ✓   20 [webkit] › tests/components/direct-form.spec.ts:72:1 › nested null differs from an empty value in an expanded list editor (767ms)
  ✓   21 [webkit] › tests/components/controls.spec.ts:108:1 › keyboard controls and assembled accessibility (837ms)
  ✓   22 [webkit] › tests/components/direct-form.spec.ts:105:1 › large collections remain readable when editing is bounded (382ms)
  ✓   24 [webkit] › tests/components/direct-form.spec.ts:118:1 › descriptor change keeps existing collection available for read-only inspection (323ms)
  ✓   23 [webkit] › tests/components/controls.spec.ts:118:1 › descriptor change retains an open draft and requires explicit reopen (1.3s)
  ✓   26 [webkit] › tests/components/controls.spec.ts:166:1 › invalid field keeps keyboard focus and cannot submit until corrected (618ms)
  ✓   27 [webkit] › tests/components/controls.spec.ts:192:1 › shared Select Checkbox and submit keyboard semantics preserve a boolean (344ms)
  ✓   25 [webkit] › tests/components/direct-form.spec.ts:133:1 › direct fields distinguish unchanged, false, zero, empty, null and removal (1.7s)
  ✓   29 [webkit] › tests/components/filter-workspace.spec.ts:54:1 › compact actions keep their names and the inspector toggle stays on the right (391ms)
  ✓   28 [webkit] › tests/components/controls.spec.ts:212:1 › optional remove and empty string remain distinct from omitted fields (1.2s)
  ✓   30 [webkit] › tests/components/filter-workspace.spec.ts:111:1 › quick and full filters share draft without querying until Apply (1.0s)
  ✓   31 [webkit] › tests/components/controls.spec.ts:233:1 › nested invalid input survives sibling edits and removal releases only its error (1.2s)
  ✓   32 [webkit] › tests/components/filter-workspace.spec.ts:166:1 › Resource draft survives filter tab, Apply and mobile inspector lifecycle (932ms)
  ✓   34 [webkit] › tests/components/filter-workspace.spec.ts:229:1 › invalid filter input survives popover close and switching editors (1.1s)
  ✓   35 [webkit] › tests/components/filter-workspace.spec.ts:292:1 › removing an earlier rule preserves the later rule's invalid draft (623ms)
  ✓   33 [webkit] › tests/components/controls.spec.ts:254:1 › enum reference and prototype-shaped map keys use generic controls (2.0s)
  ✓   37 [webkit] › tests/components/controls.spec.ts:274:1 › opaque input uses the shared strict lossless codec (341ms)
  ✓   36 [webkit] › tests/components/filter-workspace.spec.ts:328:1 › descriptor change permits explicit discard of an obsolete filter (651ms)
  ✓   39 [webkit] › tests/components/filter-workspace.spec.ts:360:1 › invalid input after an applied numeric filter is marked pending (731ms)
  ✓   38 [webkit] › tests/components/controls.spec.ts:290:1 › sort field is independent from filter field (1.2s)
  ✓   41 [webkit] › tests/components/controls.spec.ts:304:1 › sort picker excludes collection fields but retains scalar fields (336ms)
  ✓   40 [webkit] › tests/components/generic-presentation.spec.ts:7:1 › shared mode picker uses keyboard and keeps nullable operation controlled (819ms)
  ✓   43 [webkit] › tests/components/generic-presentation.spec.ts:26:1 › shared query picker preserves independent sort selection and closes on Escape (675ms)
  ✓   44 [webkit] › tests/components/presentation-ux.spec.ts:53:1 › generic Resource presentation separates human title, field label, and exact identity (368ms)
  ✓   45 [webkit] › tests/components/presentation-ux.spec.ts:82:1 › mobile Resource details returns focus to the actual row opener (328ms)
  ✓   46 [webkit] › tests/components/renderer-regressions.spec.ts:14:3 › generic display exposes visible text for Scalar text (256ms)
  ✓   47 [webkit] › tests/components/renderer-regressions.spec.ts:14:3 › generic display exposes visible text for Scalar zero (250ms)
  ✓   48 [webkit] › tests/components/renderer-regressions.spec.ts:14:3 › generic display exposes visible text for Scalar false (254ms)
  ✓   49 [webkit] › tests/components/renderer-regressions.spec.ts:14:3 › generic display exposes visible text for Explicit null (255ms)
  ✓   50 [webkit] › tests/components/renderer-regressions.spec.ts:14:3 › generic display exposes visible text for Missing optional (251ms)
  ✓   42 [webkit] › tests/components/controls.spec.ts:319:1 › wrapped custom codecs apply only to leaves; unknown leaves remain read-only (2.9s)
  ✓   51 [webkit] › tests/components/renderer-regressions.spec.ts:14:3 › generic display exposes visible text for Empty codec list (254ms)
  ✓   53 [webkit] › tests/components/renderer-regressions.spec.ts:14:3 › generic display exposes visible text for Empty codec map (278ms)
  ✓   52 [webkit] › tests/components/controls.spec.ts:383:1 › query filters preserve wrapper provenance and edit only registered leaves (588ms)
  ✓   54 [webkit] › tests/components/renderer-regressions.spec.ts:40:1 › mobile nested Select remains usable after scrolling its Sheet (720ms)
ROM_TABLE_FRAME {"engine":"webkit","rows":100,"columns":16,"cells_before":1600,"cells_after_clear":0,"navigation_to_visible_frame_ms":420,"clear_to_frame_ms":104,"api_requests":0,"scope":"Local descriptor-only browser fixture, warm asset cache, real generic ResourceTable and custom codec renderers. Navigation includes module execution and frame scheduling. DOM retention count, not heap reclamation or database/parser cost."}
  ✓   55 [webkit] › tests/components/controls.spec.ts:399:3 › finite generic table 100 row frame and DOM retention sample (811ms)
  ✓   56 [webkit] › tests/components/renderer-regressions.spec.ts:76:1 › mobile nested Select dismisses by ordinary outside click without closing its Sheet (621ms)
  ✓   58 [webkit] › tests/components/renderer-regressions.spec.ts:103:1 › mobile Escape dismisses Select before Sheet and restores toolbar focus (547ms)
  ✓   59 [webkit] › tests/components/right-inspector.spec.ts:3:1 › right inspector toggles by keyboard and preserves filter drafts (406ms)
  ✓   60 [webkit] › tests/components/right-inspector.spec.ts:52:1 › right mobile Sheet restores toggle focus and preserves Resource draft across resize (415ms)
  ✓   61 [webkit] › tests/components/settings-presentation.spec.ts:72:1 › Settings groups disclosed plugin Resources and uses the authorized patch path (772ms)
  ✓   62 [webkit] › tests/components/settings-presentation.spec.ts:120:1 › Settings exposes no group when discovery discloses no settings metadata (345ms)
ROM_TABLE_FRAME {"engine":"webkit","rows":500,"columns":16,"cells_before":8000,"cells_after_clear":0,"navigation_to_visible_frame_ms":1768,"clear_to_frame_ms":829,"api_requests":0,"scope":"Local descriptor-only browser fixture, warm asset cache, real generic ResourceTable and custom codec renderers. Navigation includes module execution and frame scheduling. DOM retention count, not heap reclamation or database/parser cost."}
  ✓   57 [webkit] › tests/components/controls.spec.ts:399:3 › finite generic table 500 row frame and DOM retention sample (2.9s)
  ✓   64 [webkit] › tests/components/work-presentation.spec.ts:79:1 › Work loads readable snapshots automatically and applies operator filters (489ms)
  ✓   65 [webkit] › tests/components/work-presentation.spec.ts:111:1 › Work inspector close preserves the exact recovery retry request (599ms)
  ✓   63 [webkit] › tests/components/shell-presentation.spec.ts:3:1 › mobile sidebar opens, selects a descriptor and returns space to the page (1.3s)
(node:524457) Warning: The 'NO_COLOR' env is ignored due to the 'FORCE_COLOR' env being set.
(Use `node --trace-warnings ...` to show where the warning was created)
  ✓   66 [webkit] › tests/components/work-presentation.spec.ts:144:1 › mobile Work details returns focus to the actual row opener (453ms)
(node:524505) Warning: The 'NO_COLOR' env is ignored due to the 'FORCE_COLOR' env being set.
(Use `node --trace-warnings ...` to show where the warning was created)
  ✓   67 [chromium] › tests/components/application.spec.ts:9:1 › real SDK composes two metadata-driven pages; logout clears details (516ms)
  ✓   69 [chromium] › tests/components/application.spec.ts:93:1 › real app reports unavailable session without simulated data (117ms)
  ✓   68 [chromium] › tests/components/controls.spec.ts:7:1 › integer fields request a numeric mobile keyboard without losing exact input (484ms)
  ✓   70 [chromium] › tests/components/application.spec.ts:106:1 › moving pages use native query anchors and previous refetches (370ms)
  ✓   72 [chromium] › tests/components/details.spec.ts:2:1 › selected Resource shows its current title as a direct editable field (176ms)
  ✓   71 [chromium] › tests/components/controls.spec.ts:19:1 › Resource references identify the target kind while accepting an exact ID (370ms)
  ✓   73 [chromium] › tests/components/details.spec.ts:27:1 › direct boolean control keeps false and becomes an explicit edit only when switched (205ms)
  ✓   75 [chromium] › tests/components/details.spec.ts:42:1 › mobile Resource editor uses the full viewport and a concise heading (223ms)
  ✓   76 [chromium] › tests/components/details.spec.ts:53:1 › live revision retains draft and disables stale submission until explicit reload (378ms)
  ✓   74 [chromium] › tests/components/controls.spec.ts:30:1 › Resource controls preserve integer, presence, boolean and nested edits (795ms)
  ✓   77 [chromium] › tests/components/details.spec.ts:88:1 › an open field popup cannot mutate a draft after a newer revision (248ms)
  ✓   79 [chromium] › tests/components/details.spec.ts:117:1 › stale Resource keeps collection details readable without reopening mutation (276ms)
  ✓   80 [chromium] › tests/components/direct-form.spec.ts:3:1 › current null and absent fields are distinct from an empty value (127ms)
  ✓   81 [chromium] › tests/components/direct-form.spec.ts:14:1 › generic scalar fields fit label, control and actions in one mobile row (147ms)
  ✓   82 [chromium] › tests/components/direct-form.spec.ts:35:1 › choosing Set a value starts from the current value (538ms)
  ✓   78 [chromium] › tests/components/controls.spec.ts:58:1 › same field hosts support custom codec, nested collections and generic action input (1.5s)
  ✓   83 [chromium] › tests/components/direct-form.spec.ts:53:1 › switching an invalid omitted field to a value resets its draft (544ms)
  ✓   84 [chromium] › tests/components/controls.spec.ts:82:1 › expanded action input describes submission rather than Resource saving (360ms)
  ✓   86 [chromium] › tests/components/controls.spec.ts:91:1 › unsupported action stays visible, generic table selects, query emits values (423ms)
  ✓   85 [chromium] › tests/components/direct-form.spec.ts:72:1 › nested null differs from an empty value in an expanded list editor (563ms)
  ✓   88 [chromium] › tests/components/direct-form.spec.ts:105:1 › large collections remain readable when editing is bounded (173ms)
  ✓   89 [chromium] › tests/components/direct-form.spec.ts:118:1 › descriptor change keeps existing collection available for read-only inspection (205ms)
  ✓   87 [chromium] › tests/components/controls.spec.ts:108:1 › keyboard controls and assembled accessibility (605ms)
  ✓   91 [chromium] › tests/components/controls.spec.ts:118:1 › descriptor change retains an open draft and requires explicit reopen (923ms)
  ✓   92 [chromium] › tests/components/controls.spec.ts:166:1 › invalid field keeps keyboard focus and cannot submit until corrected (352ms)
  ✓   90 [chromium] › tests/components/direct-form.spec.ts:133:1 › direct fields distinguish unchanged, false, zero, empty, null and removal (1.4s)
  ✓   93 [chromium] › tests/components/controls.spec.ts:192:1 › shared Select Checkbox and submit keyboard semantics preserve a boolean (182ms)
  ✓   94 [chromium] › tests/components/filter-workspace.spec.ts:54:1 › compact actions keep their names and the inspector toggle stays on the right (261ms)
  ✓   95 [chromium] › tests/components/controls.spec.ts:212:1 › optional remove and empty string remain distinct from omitted fields (942ms)
  ✓   96 [chromium] › tests/components/filter-workspace.spec.ts:111:1 › quick and full filters share draft without querying until Apply (875ms)
  ✓   97 [chromium] › tests/components/controls.spec.ts:233:1 › nested invalid input survives sibling edits and removal releases only its error (831ms)
  ✓   98 [chromium] › tests/components/filter-workspace.spec.ts:166:1 › Resource draft survives filter tab, Apply and mobile inspector lifecycle (855ms)
  ✓  100 [chromium] › tests/components/filter-workspace.spec.ts:229:1 › invalid filter input survives popover close and switching editors (863ms)
  ✓  101 [chromium] › tests/components/filter-workspace.spec.ts:292:1 › removing an earlier rule preserves the later rule's invalid draft (473ms)
  ✓   99 [chromium] › tests/components/controls.spec.ts:254:1 › enum reference and prototype-shaped map keys use generic controls (1.6s)
  ✓  103 [chromium] › tests/components/controls.spec.ts:274:1 › opaque input uses the shared strict lossless codec (206ms)
  ✓  102 [chromium] › tests/components/filter-workspace.spec.ts:328:1 › descriptor change permits explicit discard of an obsolete filter (468ms)
  ✓  105 [chromium] › tests/components/filter-workspace.spec.ts:360:1 › invalid input after an applied numeric filter is marked pending (430ms)
  ✓  104 [chromium] › tests/components/controls.spec.ts:290:1 › sort field is independent from filter field (912ms)
  ✓  106 [chromium] › tests/components/generic-presentation.spec.ts:7:1 › shared mode picker uses keyboard and keeps nullable operation controlled (408ms)
  ✓  107 [chromium] › tests/components/controls.spec.ts:304:1 › sort picker excludes collection fields but retains scalar fields (199ms)
  ✓  108 [chromium] › tests/components/generic-presentation.spec.ts:26:1 › shared query picker preserves independent sort selection and closes on Escape (474ms)
  ✓  110 [chromium] › tests/components/presentation-ux.spec.ts:53:1 › generic Resource presentation separates human title, field label, and exact identity (276ms)
  ✓  111 [chromium] › tests/components/presentation-ux.spec.ts:82:1 › mobile Resource details returns focus to the actual row opener (194ms)
  ✓  112 [chromium] › tests/components/renderer-regressions.spec.ts:14:3 › generic display exposes visible text for Scalar text (115ms)
  ✓  113 [chromium] › tests/components/renderer-regressions.spec.ts:14:3 › generic display exposes visible text for Scalar zero (122ms)
  ✓  114 [chromium] › tests/components/renderer-regressions.spec.ts:14:3 › generic display exposes visible text for Scalar false (120ms)
  ✓  115 [chromium] › tests/components/renderer-regressions.spec.ts:14:3 › generic display exposes visible text for Explicit null (119ms)
  ✓  116 [chromium] › tests/components/renderer-regressions.spec.ts:14:3 › generic display exposes visible text for Missing optional (115ms)
  ✓  117 [chromium] › tests/components/renderer-regressions.spec.ts:14:3 › generic display exposes visible text for Empty codec list (115ms)
  ✓  118 [chromium] › tests/components/renderer-regressions.spec.ts:14:3 › generic display exposes visible text for Empty codec map (109ms)
  ✓  119 [chromium] › tests/components/renderer-regressions.spec.ts:40:1 › mobile nested Select remains usable after scrolling its Sheet (567ms)
  ✓  109 [chromium] › tests/components/controls.spec.ts:319:1 › wrapped custom codecs apply only to leaves; unknown leaves remain read-only (2.5s)
  ✓  120 [chromium] › tests/components/renderer-regressions.spec.ts:76:1 › mobile nested Select dismisses by ordinary outside click without closing its Sheet (542ms)
  ✓  121 [chromium] › tests/components/controls.spec.ts:383:1 › query filters preserve wrapper provenance and edit only registered leaves (376ms)
  ✓  122 [chromium] › tests/components/renderer-regressions.spec.ts:103:1 › mobile Escape dismisses Select before Sheet and restores toolbar focus (424ms)
ROM_TABLE_FRAME {"engine":"chromium","rows":100,"columns":16,"cells_before":1600,"cells_after_clear":0,"navigation_to_visible_frame_ms":228.69999998807907,"clear_to_frame_ms":63.90000003576279,"api_requests":0,"scope":"Local descriptor-only browser fixture, warm asset cache, real generic ResourceTable and custom codec renderers. Navigation includes module execution and frame scheduling. DOM retention count, not heap reclamation or database/parser cost."}
  ✓  123 [chromium] › tests/components/controls.spec.ts:399:3 › finite generic table 100 row frame and DOM retention sample (454ms)
  ✓  124 [chromium] › tests/components/right-inspector.spec.ts:3:1 › right inspector toggles by keyboard and preserves filter drafts (234ms)
  ✓  126 [chromium] › tests/components/right-inspector.spec.ts:52:1 › right mobile Sheet restores toggle focus and preserves Resource draft across resize (278ms)
  ✓  127 [chromium] › tests/components/settings-presentation.spec.ts:72:1 › Settings groups disclosed plugin Resources and uses the authorized patch path (586ms)
  ✓  128 [chromium] › tests/components/settings-presentation.spec.ts:120:1 › Settings exposes no group when discovery discloses no settings metadata (200ms)
ROM_TABLE_FRAME {"engine":"chromium","rows":500,"columns":16,"cells_before":8000,"cells_after_clear":0,"navigation_to_visible_frame_ms":904.1000000238419,"clear_to_frame_ms":111.89999997615814,"api_requests":0,"scope":"Local descriptor-only browser fixture, warm asset cache, real generic ResourceTable and custom codec renderers. Navigation includes module execution and frame scheduling. DOM retention count, not heap reclamation or database/parser cost."}
  ✓  125 [chromium] › tests/components/controls.spec.ts:399:3 › finite generic table 500 row frame and DOM retention sample (1.3s)
  ✓  130 [chromium] › tests/components/work-presentation.spec.ts:79:1 › Work loads readable snapshots automatically and applies operator filters (388ms)
  ✓  131 [chromium] › tests/components/work-presentation.spec.ts:111:1 › Work inspector close preserves the exact recovery retry request (490ms)
  ✓  129 [chromium] › tests/components/shell-presentation.spec.ts:3:1 › mobile sidebar opens, selects a descriptor and returns space to the page (1.1s)
  ✓  132 [chromium] › tests/components/work-presentation.spec.ts:144:1 › mobile Work details returns focus to the actual row opener (292ms)

  132 passed (42.2s)
