
> build
> vite build

11:20:18 AM [vite-plugin-svelte] no Svelte config found at /root/ROM/prototypes/studio-controls-003 - using default configuration.
vite v8.3.2 building client environment for production...
transforming...
✓ 1063 modules transformed.
rendering chunks...
computing gzip size...
dist/index.html                           0.29 kB │ gzip:   0.22 kB
dist/assets/TextDocument-DpxCiQG6.css     0.13 kB │ gzip:   0.13 kB
dist/assets/index-CZU_xBqx.css            0.53 kB │ gzip:   0.31 kB
dist/assets/Document-C_W2zW4g.css       104.83 kB │ gzip:  12.19 kB
dist/assets/TextDocument-B4y2--Ab.js      0.84 kB │ gzip:   0.56 kB
dist/assets/Manual-DfAVAS9k.js            1.13 kB │ gzip:   0.68 kB
dist/assets/bounds-CL9znwHn.js            6.01 kB │ gzip:   2.33 kB
dist/assets/vanilla-picker-DRFJl8Wg.js   18.47 kB │ gzip:   6.54 kB
dist/assets/Sortable-BUacnQN6.js         39.52 kB │ gzip:  13.12 kB
dist/assets/index-B9Yl6o54.js            55.81 kB │ gzip:  21.48 kB
dist/assets/Document-DZ7TpmL5.js        754.97 kB │ gzip: 246.42 kB

✓ built in 1.15s
[plugin builtin:vite-reporter] 
(!) Some chunks are larger than 500 kB after minification. Consider:
- Using dynamic import() to code-split the application
- Use build.rolldownOptions.output.codeSplitting to improve chunking: https://rolldown.rs/reference/OutputOptions.codeSplitting
- Adjust chunk size limit for this warning via build.chunkSizeWarningLimit.
