
> rom-studio@0.0.2 test:unit
> node --experimental-strip-types --test tests/unit/*.test.ts

TAP version 13
# (node:707987) ExperimentalWarning: Type Stripping is an experimental feature and might change at any time
# (Use `node --trace-warnings ...` to show where the warning was created)
# Subtest: canonical query boundary survives cloning and float integer replay
ok 1 - canonical query boundary survives cloning and float integer replay
  ---
  duration_ms: 18.750537
  type: 'test'
  ...
# Subtest: anchors reject journal cursors and response identity changes
ok 2 - anchors reject journal cursors and response identity changes
  ---
  duration_ms: 0.837255
  type: 'test'
  ...
# Subtest: anchor admission rejects malformed native envelope members
ok 3 - anchor admission rejects malformed native envelope members
  ---
  duration_ms: 0.62976
  type: 'test'
  ...
# Subtest: anchor replies bind the requested literal order and predicate structure
ok 4 - anchor replies bind the requested literal order and predicate structure
  ---
  duration_ms: 0.341821
  type: 'test'
  ...
# Subtest: anchor correspondence leaves canonical codec operands opaque
ok 5 - anchor correspondence leaves canonical codec operands opaque
  ---
  duration_ms: 1.024641
  type: 'test'
  ...
# Subtest: anchor value states keep missing distinct from present null
ok 6 - anchor value states keep missing distinct from present null
  ---
  duration_ms: 0.175244
  type: 'test'
  ...
# Subtest: native comparison operators cannot be coerced from arrays
ok 7 - native comparison operators cannot be coerced from arrays
  ---
  duration_ms: 0.15263
  type: 'test'
  ...
# Subtest: native absence predicates retain their null and equality constraints
ok 8 - native absence predicates retain their null and equality constraints
  ---
  duration_ms: 0.150747
  type: 'test'
  ...
# Subtest: public anchor response is bound to the submitted snapshot despite caller edits
ok 9 - public anchor response is bound to the submitted snapshot despite caller edits
  ---
  duration_ms: 1.023739
  type: 'test'
  ...
# (node:707988) ExperimentalWarning: Type Stripping is an experimental feature and might change at any time
# (Use `node --trace-warnings ...` to show where the warning was created)
# Subtest: an expired authenticated session cannot retain the previous CSRF authority
ok 10 - an expired authenticated session cannot retain the previous CSRF authority
  ---
  duration_ms: 55.794592
  type: 'test'
  ...
# Subtest: an old expired response cannot clear replacement session authority
ok 11 - an old expired response cannot clear replacement session authority
  ---
  duration_ms: 1.321136
  type: 'test'
  ...
# (node:707989) ExperimentalWarning: Type Stripping is an experimental feature and might change at any time
# (Use `node --trace-warnings ...` to show where the warning was created)
# Subtest: blob capabilities and reserve bind the admitted kind, ID and exact integer body
ok 12 - blob capabilities and reserve bind the admitted kind, ID and exact integer body
  ---
  duration_ms: 73.976577
  type: 'test'
  ...
# Subtest: blob uploads use immutable bytes, same-origin CSRF and bound projected responses
ok 13 - blob uploads use immutable bytes, same-origin CSRF and bound projected responses
  ---
  duration_ms: 2.504479
  type: 'test'
  ...
# Subtest: blob capability limits, operation and response status admission fail closed
ok 14 - blob capability limits, operation and response status admission fail closed
  ---
  duration_ms: 1.485609
  type: 'test'
  ...
# Subtest: blob generation and finite deadline protect binary requests and explicit recovery
ok 15 - blob generation and finite deadline protect binary requests and explicit recovery
  ---
  duration_ms: 11.045505
  type: 'test'
  ...
# Subtest: download enforces admitted size and binary type without JSON decoding
ok 16 - download enforces admitted size and binary type without JSON decoding
  ---
  duration_ms: 2.183829
  type: 'test'
  ...
# Subtest: download IDs cannot normalize into another route and rejected headers cancel unused bytes
ok 17 - download IDs cannot normalize into another route and rejected headers cancel unused bytes
  ---
  duration_ms: 1.379587
  type: 'test'
  ...
# Subtest: returned capabilities cannot widen private admission and reserve input is frozen before waiting
ok 18 - returned capabilities cannot widen private admission and reserve input is frozen before waiting
  ---
  duration_ms: 1.100065
  type: 'test'
  ...
# Subtest: binary request pre-abort reaches no transport and failed capability refresh closes admission
ok 19 - binary request pre-abort reaches no transport and failed capability refresh closes admission
  ---
  duration_ms: 1.094504
  type: 'test'
  ...
# Subtest: capability completion cannot stamp an old response with a new session generation
ok 20 - capability completion cannot stamp an old response with a new session generation
  ---
  duration_ms: 21.14146
  type: 'test'
  ...
# Subtest: a superseded capability request cannot reopen admission after a newer denial
ok 21 - a superseded capability request cannot reopen admission after a newer denial
  ---
  duration_ms: 1.443419
  type: 'test'
  ...
# (node:707990) ExperimentalWarning: Type Stripping is an experimental feature and might change at any time
# (Use `node --trace-warnings ...` to show where the warning was created)
# Subtest: binds result identity and preserves revision, never accepts wrong resource
ok 22 - binds result identity and preserves revision, never accepts wrong resource
  ---
  duration_ms: 26.391418
  type: 'test'
  ...
# Subtest: lost response retains exact frozen request and key for explicit retry
ok 23 - lost response retains exact frozen request and key for explicit retry
  ---
  duration_ms: 1.361833
  type: 'test'
  ...
# Subtest: session generation rejects stale replies and old mutation retries
ok 24 - session generation rejects stale replies and old mutation retries
  ---
  duration_ms: 0.820583
  type: 'test'
  ...
# Subtest: denial is rejected, conflict is distinct and unknown outcome is recoverable
ok 25 - denial is rejected, conflict is distinct and unknown outcome is recoverable
  ---
  duration_ms: 1.598555
  type: 'test'
  ...
# Subtest: response bounds, content type and rows are enforced
ok 26 - response bounds, content type and rows are enforced
  ---
  duration_ms: 1.650894
  type: 'test'
  ...
# Subtest: public mutation status cannot bypass private ownership or reuse a failed attempt
ok 27 - public mutation status cannot bypass private ownership or reuse a failed attempt
  ---
  duration_ms: 1.177753
  type: 'test'
  ...
# Subtest: an unclassified server failure remains unknown and must not imply rollback
ok 28 - an unclassified server failure remains unknown and must not imply rollback
  ---
  duration_ms: 0.628607
  type: 'test'
  ...
# Subtest: receipt replay rechecks current server authority rather than returning a cached result
ok 29 - receipt replay rechecks current server authority rather than returning a cached result
  ---
  duration_ms: 0.88253
  type: 'test'
  ...
# (node:707991) ExperimentalWarning: Type Stripping is an experimental feature and might change at any time
# (Use `node --trace-warnings ...` to show where the warning was created)
# Subtest: wire codec preserves boundary integers and ordinary false/zero/null/empty values
ok 30 - wire codec preserves boundary integers and ordinary false/zero/null/empty values
  ---
  duration_ms: 12.700086
  type: 'test'
  ...
# Subtest: wire parser rejects duplicate keys, oversized text, excessive nesting, and infinite numbers
ok 31 - wire parser rejects duplicate keys, oversized text, excessive nesting, and infinite numbers
  ---
  duration_ms: 2.923247
  type: 'test'
  ...
# Subtest: wire maps preserve reserved names without prototype mutation
ok 32 - wire maps preserve reserved names without prototype mutation
  ---
  duration_ms: 5.87607
  type: 'test'
  ...
# Subtest: wire encoder refuses nonfinite and recursive values before sending them
ok 33 - wire encoder refuses nonfinite and recursive values before sending them
  ---
  duration_ms: 2.64685
  type: 'test'
  ...
# Subtest: scalar normalization applies exact integer ranges and finite float semantics
ok 34 - scalar normalization applies exact integer ranges and finite float semantics
  ---
  duration_ms: 4.782157
  type: 'test'
  ...
# Subtest: object and patch encoders distinguish omission, null, value and removal
ok 35 - object and patch encoders distinguish omission, null, value and removal
  ---
  duration_ms: 2.388178
  type: 'test'
  ...
# Subtest: structural normalization bounds nesting and validates enums, references and maps
ok 36 - structural normalization bounds nesting and validates enums, references and maps
  ---
  duration_ms: 4.122049
  type: 'test'
  ...
# Subtest: malformed runtime modes and shapes are refused, not coerced
ok 37 - malformed runtime modes and shapes are refused, not coerced
  ---
  duration_ms: 0.233574
  type: 'test'
  ...
# Subtest: wire strings agree with Rust Unicode and preserve signed zero
ok 38 - wire strings agree with Rust Unicode and preserve signed zero
  ---
  duration_ms: 1.866214
  type: 'test'
  ...
# Subtest: array and map accessors are rejected without executing user code
ok 39 - array and map accessors are rejected without executing user code
  ---
  duration_ms: 2.278519
  type: 'test'
  ...
# Subtest: parsed floating integer tokens retain their Rust number category on replay
ok 40 - parsed floating integer tokens retain their Rust number category on replay
  ---
  duration_ms: 3.932288
  type: 'test'
  ...
# (node:708007) ExperimentalWarning: Type Stripping is an experimental feature and might change at any time
# (Use `node --trace-warnings ...` to show where the warning was created)
# Subtest: authorized discovery can omit an input descriptor that would disclose a hidden target
ok 41 - authorized discovery can omit an input descriptor that would disclose a hidden target
  ---
  duration_ms: 32.03742
  type: 'test'
  ...
# Subtest: discovery rejects native-impossible empty enum
ok 42 - discovery rejects native-impossible empty enum
  ---
  duration_ms: 1.171471
  type: 'test'
  ...
# Subtest: discovery rejects native-impossible oversized enum
ok 43 - discovery rejects native-impossible oversized enum
  ---
  duration_ms: 0.890827
  type: 'test'
  ...
# Subtest: discovery rejects native-impossible nested optional
ok 44 - discovery rejects native-impossible nested optional
  ---
  duration_ms: 0.814781
  type: 'test'
  ...
# Subtest: discovery rejects native-impossible nested nullable
ok 45 - discovery rejects native-impossible nested nullable
  ---
  duration_ms: 0.550929
  type: 'test'
  ...
# Subtest: discovery rejects native-impossible scalar presence
ok 46 - discovery rejects native-impossible scalar presence
  ---
  duration_ms: 0.359434
  type: 'test'
  ...
# Subtest: discovery rejects native-impossible codec UTF-8 bytes
ok 47 - discovery rejects native-impossible codec UTF-8 bytes
  ---
  duration_ms: 1.35981
  type: 'test'
  ...
# Subtest: accepts authorized descriptor and rejects duplicate or inconsistent metadata
ok 48 - accepts authorized descriptor and rejects duplicate or inconsistent metadata
  ---
  duration_ms: 2.249363
  type: 'test'
  ...
# Subtest: bounded POST stream handles split CRLF frames and surfaces terminal errors
ok 49 - bounded POST stream handles split CRLF frames and surfaces terminal errors
  ---
  duration_ms: 2.290091
  type: 'test'
  ...
# Subtest: stream rejects oversized frames and a wrong kind before disclosure
ok 50 - stream rejects oversized frames and a wrong kind before disclosure
  ---
  duration_ms: 0.9976
  type: 'test'
  ...
# Subtest: idle stream closes its reader on timeout and cancellation
ok 51 - idle stream closes its reader on timeout and cancellation
  ---
  duration_ms: 12.3661
  type: 'test'
  ...
# Subtest: stream flushes UTF8 decoder and treats silent EOF as stale
ok 52 - stream flushes UTF8 decoder and treats silent EOF as stale
  ---
  duration_ms: 1.122477
  type: 'test'
  ...
# Subtest: invalid stream media cancels its body, and opening errors retain server category
ok 53 - invalid stream media cancels its body, and opening errors retain server category
  ---
  duration_ms: 0.799373
  type: 'test'
  ...
# Subtest: live snapshots obey the requested page limit
ok 54 - live snapshots obey the requested page limit
  ---
  duration_ms: 0.514119
  type: 'test'
  ...
# Subtest: observation admission is finite and cancellation releases its slot
ok 55 - observation admission is finite and cancellation releases its slot
  ---
  duration_ms: 1.146744
  type: 'test'
  ...
# Subtest: discovery retains bounded wrapper paths and rejects shape mismatches
ok 56 - discovery retains bounded wrapper paths and rejects shape mismatches
  ---
  duration_ms: 0.982691
  type: 'test'
  ...
# (node:708016) ExperimentalWarning: Type Stripping is an experimental feature and might change at any time
# (Use `node --trace-warnings ...` to show where the warning was created)
# Subtest: shared native discovery retains enum labels through wrappers and action inputs
ok 57 - shared native discovery retains enum labels through wrappers and action inputs
  ---
  duration_ms: 11.208455
  type: 'test'
  ...
# Subtest: shared native invalid enum label vectors are rejected
ok 58 - shared native invalid enum label vectors are rejected
  ---
  duration_ms: 16.347802
  type: 'test'
  ...
# Subtest: enum labels bound UTF8 and preserve prototype-shaped exact members
ok 59 - enum labels bound UTF8 and preserve prototype-shaped exact members
  ---
  duration_ms: 0.28375
  type: 'test'
  ...
# Subtest: enum label map bounds, omissions, partial labels and invalid container types
ok 60 - enum label map bounds, omissions, partial labels and invalid container types
  ---
  duration_ms: 16.028564
  type: 'test'
  ...
# Subtest: enum labels do not inherit object prototype or merge duplicate display labels
ok 61 - enum labels do not inherit object prototype or merge duplicate display labels
  ---
  duration_ms: 0.173431
  type: 'test'
  ...
# (node:708018) ExperimentalWarning: Type Stripping is an experimental feature and might change at any time
# (Use `node --trace-warnings ...` to show where the warning was created)
# Subtest: filter round trip preserves exact values, comparisons and ordered fields
ok 62 - filter round trip preserves exact values, comparisons and ordered fields
  ---
  duration_ms: 3.390898
  type: 'test'
  ...
# Subtest: nested conjunctions retain all rules without invoking a numeric parser
ok 63 - nested conjunctions retain all rules without invoking a numeric parser
  ---
  duration_ms: 0.18391
  type: 'test'
  ...
# Subtest: unsupported operators, OR and hidden fields are rejected without silent dropping
ok 64 - unsupported operators, OR and hidden fields are rejected without silent dropping
  ---
  duration_ms: 3.579296
  type: 'test'
  ...
# Subtest: absence is distinct from null and allowed only for optional fields
ok 65 - absence is distinct from null and allowed only for optional fields
  ---
  duration_ms: 0.323065
  type: 'test'
  ...
# Subtest: native query bounds and scalar comparison restrictions apply before execution
ok 66 - native query bounds and scalar comparison restrictions apply before execution
  ---
  duration_ms: 0.479584
  type: 'test'
  ...
# Subtest: malformed trees, cyclic groups and unknown attributes are rejected
ok 67 - malformed trees, cyclic groups and unknown attributes are rejected
  ---
  duration_ms: 0.243002
  type: 'test'
  ...
# Subtest: draft conversion resets page continuation and never aliases active query arrays
ok 68 - draft conversion resets page continuation and never aliases active query arrays
  ---
  duration_ms: 0.223435
  type: 'test'
  ...
# Subtest: invalid saved query operators cannot enter an editable draft
ok 69 - invalid saved query operators cannot enter an editable draft
  ---
  duration_ms: 0.124938
  type: 'test'
  ...
# Subtest: wrapped custom values are cloned without aliasing or loss of reserved map names
ok 70 - wrapped custom values are cloned without aliasing or loss of reserved map names
  ---
  duration_ms: 0.494852
  type: 'test'
  ...
# Subtest: optional present comparison survives saved query conversion
ok 71 - optional present comparison survives saved query conversion
  ---
  duration_ms: 0.385975
  type: 'test'
  ...
# Subtest: inherited fields and getter rules are rejected without evaluating the getter
ok 72 - inherited fields and getter rules are rejected without evaluating the getter
  ---
  duration_ms: 0.308577
  type: 'test'
  ...
# Subtest: non-enumerable filter accessors are rejected before invocation
ok 73 - non-enumerable filter accessors are rejected before invocation
  ---
  duration_ms: 0.226331
  type: 'test'
  ...
# Subtest: draft envelope rejects inherited members, symbols, unknown and hidden getters
ok 74 - draft envelope rejects inherited members, symbols, unknown and hidden getters
  ---
  duration_ms: 0.263482
  type: 'test'
  ...
# (node:708027) ExperimentalWarning: Type Stripping is an experimental feature and might change at any time
# (Use `node --trace-warnings ...` to show where the warning was created)
# Subtest: journal validates cursor generation, kind and strictly advancing positions
ok 75 - journal validates cursor generation, kind and strictly advancing positions
  ---
  duration_ms: 28.47223
  type: 'test'
  ...
# (node:708037) ExperimentalWarning: Type Stripping is an experimental feature and might change at any time
# (Use `node --trace-warnings ...` to show where the warning was created)
# Subtest: discovery retains typed Resource and field presentation
ok 76 - discovery retains typed Resource and field presentation
  ---
  duration_ms: 6.125645
  type: 'test'
  ...
# Subtest: discovery rejects invalid presentation UTF-8 label
ok 77 - discovery rejects invalid presentation UTF-8 label
  ---
  duration_ms: 0.422815
  type: 'test'
  ...
# Subtest: discovery rejects invalid presentation empty label
ok 78 - discovery rejects invalid presentation empty label
  ---
  duration_ms: 0.138384
  type: 'test'
  ...
# Subtest: discovery rejects invalid presentation unknown selector
ok 79 - discovery rejects invalid presentation unknown selector
  ---
  duration_ms: 0.221141
  type: 'test'
  ...
# Subtest: discovery rejects invalid presentation hidden field
ok 80 - discovery rejects invalid presentation hidden field
  ---
  duration_ms: 0.156909
  type: 'test'
  ...
# Subtest: discovery rejects invalid presentation unknown group
ok 81 - discovery rejects invalid presentation unknown group
  ---
  duration_ms: 0.08916
  type: 'test'
  ...
# Subtest: discovery rejects invalid presentation duplicate group
ok 82 - discovery rejects invalid presentation duplicate group
  ---
  duration_ms: 0.1416
  type: 'test'
  ...
# Subtest: discovery rejects invalid presentation unknown executable hint
ok 83 - discovery rejects invalid presentation unknown executable hint
  ---
  duration_ms: 0.092245
  type: 'test'
  ...
# Subtest: title selectors cannot reinterpret custom codecs or nontext values
ok 84 - title selectors cannot reinterpret custom codecs or nontext values
  ---
  duration_ms: 0.494783
  type: 'test'
  ...
# Subtest: legacy descriptors omit presentation without changing discovery version
ok 85 - legacy descriptors omit presentation without changing discovery version
  ---
  duration_ms: 0.429979
  type: 'test'
  ...
# Subtest: client accepts the exact backend discovery conformance fixture
ok 86 - client accepts the exact backend discovery conformance fixture
  ---
  duration_ms: 5.207576
  type: 'test'
  ...
# (node:708053) ExperimentalWarning: Type Stripping is an experimental feature and might change at any time
# (Use `node --trace-warnings ...` to show where the warning was created)
# Subtest: reference lookup bounds authorized candidates, preserves exact IDs and leaves navigation untouched
ok 87 - reference lookup bounds authorized candidates, preserves exact IDs and leaves navigation untouched
  ---
  duration_ms: 19.25064
  type: 'test'
  ...
# Subtest: hidden kinds and disconnected sessions perform no reference request
ok 88 - hidden kinds and disconnected sessions perform no reference request
  ---
  duration_ms: 0.865438
  type: 'test'
  ...
# Subtest: candidate titles cannot read a withheld title field
ok 89 - candidate titles cannot read a withheld title field
  ---
  duration_ms: 1.588445
  type: 'test'
  ...
# Subtest: denied lookup is distinct from no matching authorized candidates
ok 90 - denied lookup is distinct from no matching authorized candidates
  ---
  duration_ms: 2.155805
  type: 'test'
  ...
# Subtest: session changes and superseded requests discard delayed reference replies
ok 91 - session changes and superseded requests discard delayed reference replies
  ---
  duration_ms: 1.174487
  type: 'test'
  ...
# Subtest: reference candidate admission enforces bytes and row limits
ok 92 - reference candidate admission enforces bytes and row limits
  ---
  duration_ms: 3.708402
  type: 'test'
  ...
# Subtest: a full bounded page is marked limited without traversing subsequent pages
ok 93 - a full bounded page is marked limited without traversing subsequent pages
  ---
  duration_ms: 1.504415
  type: 'test'
  ...
# Subtest: lookup bounds simultaneous requests and rejects oversized search without fetching
ok 94 - lookup bounds simultaneous requests and rejects oversized search without fetching
  ---
  duration_ms: 1.11289
  type: 'test'
  ...
# Subtest: already cancelled lookup and tombstone candidates do not disclose selectable results
ok 95 - already cancelled lookup and tombstone candidates do not disclose selectable results
  ---
  duration_ms: 1.242706
  type: 'test'
  ...
# (node:708104) ExperimentalWarning: Type Stripping is an experimental feature and might change at any time
# (Use `node --trace-warnings ...` to show where the warning was created)
# Subtest: POST deadline rejects even when transport ignores abort
ok 96 - POST deadline rejects even when transport ignores abort
  ---
  duration_ms: 35.967094
  type: 'test'
  ...
# Subtest: already aborted request does not invoke transport
ok 97 - already aborted request does not invoke transport
  ---
  duration_ms: 6.600018
  type: 'test'
  ...
# Subtest: oversized body rejection does not await transport cancellation
ok 98 - oversized body rejection does not await transport cancellation
  ---
  duration_ms: 1.314774
  type: 'test'
  ...
# Subtest: query reply obeys explicit page limit
ok 99 - query reply obeys explicit page limit
  ---
  duration_ms: 2.245596
  type: 'test'
  ...
# Subtest: mutation reply must match revision and deletion semantics
ok 100 - mutation reply must match revision and deletion semantics
  ---
  duration_ms: 1.758769
  type: 'test'
  ...
# Subtest: legal no-op revision and deletion are accepted
ok 101 - legal no-op revision and deletion are accepted
  ---
  duration_ms: 0.743987
  type: 'test'
  ...
# Subtest: response reader and parser use the same byte policy
ok 102 - response reader and parser use the same byte policy
  ---
  duration_ms: 15.448309
  type: 'test'
  ...
# Subtest: timer values outside execution range are rejected before transport
ok 103 - timer values outside execution range are rejected before transport
  ---
  duration_ms: 0.221972
  type: 'test'
  ...
# Subtest: floating wire tokens cannot become integer metadata
ok 104 - floating wire tokens cannot become integer metadata
  ---
  duration_ms: 1.554811
  type: 'test'
  ...
# Subtest: request timeout cancels an opened idle response body
ok 105 - request timeout cancels an opened idle response body
  ---
  duration_ms: 6.223131
  type: 'test'
  ...
# Subtest: a mutation without a prior row binds the initial revision
ok 106 - a mutation without a prior row binds the initial revision
  ---
  duration_ms: 1.97911
  type: 'test'
  ...
# (node:708108) ExperimentalWarning: Type Stripping is an experimental feature and might change at any time
# (Use `node --trace-warnings ...` to show where the warning was created)
# Subtest: titles use declared authorized fields rather than interpreting identity
ok 107 - titles use declared authorized fields rather than interpreting identity
  ---
  duration_ms: 0.785326
  type: 'test'
  ...
# Subtest: missing titles fall back without guessing JSON identity
ok 108 - missing titles fall back without guessing JSON identity
  ---
  duration_ms: 0.19966
  type: 'test'
  ...
# Subtest: hidden undeclared title fields are not resolved
ok 109 - hidden undeclared title fields are not resolved
  ---
  duration_ms: 0.115991
  type: 'test'
  ...
# Subtest: settings catalog includes classified descriptors only and groups plugins
ok 110 - settings catalog includes classified descriptors only and groups plugins
  ---
  duration_ms: 6.956448
  type: 'test'
  ...
# (node:708109) ExperimentalWarning: Type Stripping is an experimental feature and might change at any time
# (Use `node --trace-warnings ...` to show where the warning was created)
# Subtest: standard codec selection requires exact immutable identity
ok 111 - standard codec selection requires exact immutable identity
  ---
  duration_ms: 1.006577
  type: 'test'
  ...
# Subtest: semantic date preserves its canonical wire contract: 2024-02-29
ok 112 - semantic date preserves its canonical wire contract: 2024-02-29
  ---
  duration_ms: 0.399671
  type: 'test'
  ...
# Subtest: semantic time preserves its canonical wire contract: 12:30:01.123400000
ok 113 - semantic time preserves its canonical wire contract: 12:30:01.123400000
  ---
  duration_ms: 0.180964
  type: 'test'
  ...
# Subtest: semantic datetime preserves its canonical wire contract: 2026-10-05T12:01:02.123456789+02:00
ok 114 - semantic datetime preserves its canonical wire contract: 2026-10-05T12:01:02.123456789+02:00
  ---
  duration_ms: 1.69094
  type: 'test'
  ...
# Subtest: semantic datetime preserves its canonical wire contract: 0001-01-01T00:00:00Z
ok 115 - semantic datetime preserves its canonical wire contract: 0001-01-01T00:00:00Z
  ---
  duration_ms: 0.22079
  type: 'test'
  ...
# Subtest: semantic color preserves its canonical wire contract: \#ABCDEF88
ok 116 - semantic color preserves its canonical wire contract: \#ABCDEF88
  ---
  duration_ms: 0.095502
  type: 'test'
  ...
# Subtest: semantic decimal preserves its canonical wire contract: -000012.34000
ok 117 - semantic decimal preserves its canonical wire contract: -000012.34000
  ---
  duration_ms: 0.264283
  type: 'test'
  ...
# Subtest: semantic decimal preserves its canonical wire contract: -000.000
ok 118 - semantic decimal preserves its canonical wire contract: -000.000
  ---
  duration_ms: 0.162309
  type: 'test'
  ...
# Subtest: semantic decimal preserves its canonical wire contract: 9007199254740993.000000000000000001
ok 119 - semantic decimal preserves its canonical wire contract: 9007199254740993.000000000000000001
  ---
  duration_ms: 0.302276
  type: 'test'
  ...
# Subtest: semantic email preserves its canonical wire contract: Alice@EXAMPLE.COM
ok 120 - semantic email preserves its canonical wire contract: Alice@EXAMPLE.COM
  ---
  duration_ms: 0.413808
  type: 'test'
  ...
# Subtest: semantic url preserves its canonical wire contract: https://example.com
ok 121 - semantic url preserves its canonical wire contract: https://example.com
  ---
  duration_ms: 0.177628
  type: 'test'
  ...
# Subtest: semantic multiline preserves its canonical wire contract: one\\r\\ntwo
ok 122 - semantic multiline preserves its canonical wire contract: one\\r\\ntwo
  ---
  duration_ms: 0.069032
  type: 'test'
  ...
# Subtest: semantic json-document preserves its canonical wire contract: {"large":9007199254740993,"decimal":0.000000000000000001}
ok 123 - semantic json-document preserves its canonical wire contract: {"large":9007199254740993,"decimal":0.000000000000000001}
  ---
  duration_ms: 0.155927
  type: 'test'
  ...
# Subtest: semantic date rejects 2025-02-29
ok 124 - semantic date rejects 2025-02-29
  ---
  duration_ms: 0.197707
  type: 'test'
  ...
# Subtest: semantic date rejects 0000-01-01
ok 125 - semantic date rejects 0000-01-01
  ---
  duration_ms: 0.066617
  type: 'test'
  ...
# Subtest: semantic time rejects 24:00:00
ok 126 - semantic time rejects 24:00:00
  ---
  duration_ms: 0.058241
  type: 'test'
  ...
# Subtest: semantic time rejects 12:00:60
ok 127 - semantic time rejects 12:00:60
  ---
  duration_ms: 0.055205
  type: 'test'
  ...
# Subtest: semantic datetime rejects 2026-10-05T10:00:00
ok 128 - semantic datetime rejects 2026-10-05T10:00:00
  ---
  duration_ms: 0.066356
  type: 'test'
  ...
# Subtest: semantic datetime rejects 2026-02-30T10:00:00Z
ok 129 - semantic datetime rejects 2026-02-30T10:00:00Z
  ---
  duration_ms: 0.061427
  type: 'test'
  ...
# Subtest: semantic datetime rejects 2026-10-05T10:00:00-00:00
ok 130 - semantic datetime rejects 2026-10-05T10:00:00-00:00
  ---
  duration_ms: 0.050907
  type: 'test'
  ...
# Subtest: semantic datetime rejects 0001-01-01T00:00:00+01:00
ok 131 - semantic datetime rejects 0001-01-01T00:00:00+01:00
  ---
  duration_ms: 0.083419
  type: 'test'
  ...
# Subtest: semantic color rejects red
ok 132 - semantic color rejects red
  ---
  duration_ms: 0.152621
  type: 'test'
  ...
# Subtest: semantic color rejects \#123
ok 133 - semantic color rejects \#123
  ---
  duration_ms: 0.067068
  type: 'test'
  ...
# Subtest: semantic decimal rejects 1e3
ok 134 - semantic decimal rejects 1e3
  ---
  duration_ms: 0.067508
  type: 'test'
  ...
# Subtest: semantic decimal rejects 1.
ok 135 - semantic decimal rejects 1.
  ---
  duration_ms: 0.074071
  type: 'test'
  ...
# Subtest: semantic email rejects a..b@example.com
ok 136 - semantic email rejects a..b@example.com
  ---
  duration_ms: 0.170094
  type: 'test'
  ...
# Subtest: semantic email rejects x@-example.com
ok 137 - semantic email rejects x@-example.com
  ---
  duration_ms: 0.074693
  type: 'test'
  ...
# Subtest: semantic url rejects javascript:alert(1)
ok 138 - semantic url rejects javascript:alert(1)
  ---
  duration_ms: 0.087927
  type: 'test'
  ...
# Subtest: semantic url rejects https://user:pass@example.com
ok 139 - semantic url rejects https://user:pass@example.com
  ---
  duration_ms: 0.080133
  type: 'test'
  ...
# Subtest: semantic json-document rejects {"invalid":}
ok 140 - semantic json-document rejects {"invalid":}
  ---
  duration_ms: 0.091755
  type: 'test'
  ...
# Subtest: unit magnitude remains exact and unit tokens are explicit
ok 141 - unit magnitude remains exact and unit tokens are explicit
  ---
  duration_ms: 0.720001
  type: 'test'
  ...
# Subtest: frontend validates the same semantic codec vectors as the backend
ok 142 - frontend validates the same semantic codec vectors as the backend
  ---
  duration_ms: 39.536381
  type: 'test'
  ...
# (node:708111) ExperimentalWarning: Type Stripping is an experimental feature and might change at any time
# (Use `node --trace-warnings ...` to show where the warning was created)
# Subtest: work reads bind handles and validate protocol, state and counters
ok 143 - work reads bind handles and validate protocol, state and counters
  ---
  duration_ms: 28.165267
  type: 'test'
  ...
# Subtest: operator control binds key, operation, history and coherent revision
ok 144 - operator control binds key, operation, history and coherent revision
  ---
  duration_ms: 2.51006
  type: 'test'
  ...
# Subtest: work capabilities and lists reject invalid booleans, handles, duplicate rows and limits
ok 145 - work capabilities and lists reject invalid booleans, handles, duplicate rows and limits
  ---
  duration_ms: 3.5288
  type: 'test'
  ...
# Subtest: response is bound to the original submitted control despite caller edits
ok 146 - response is bound to the original submitted control despite caller edits
  ---
  duration_ms: 0.512365
  type: 'test'
  ...
1..146
# tests 146
# suites 0
# pass 146
# fail 0
# cancelled 0
# skipped 0
# todo 0
# duration_ms 447.35065
