[WebServer] (node:647445) Warning: The 'NO_COLOR' env is ignored due to the 'FORCE_COLOR' env being set.
[WebServer] (Use `node --trace-warnings ...` to show where the warning was created)
[WebServer] (node:647465) Warning: The 'NO_COLOR' env is ignored due to the 'FORCE_COLOR' env being set.
[WebServer] (Use `node --trace-warnings ...` to show where the warning was created)

Running 3 tests using 1 worker

(node:647566) Warning: The 'NO_COLOR' env is ignored due to the 'FORCE_COLOR' env being set.
(Use `node --trace-warnings ...` to show where the warning was created)
  ✓  1 [chromium] › tests/components/sortable-fields.spec.ts:314:1 › labelled enum bulk append preserves duplicates and canonical ordered values (1.1s)
  ✓  2 [chromium] › tests/components/sortable-fields.spec.ts:331:1 › bulk chooser cancellation emits nothing and unknown stored enum remains visible (675ms)
  ✘  3 [chromium] › tests/components/sortable-fields.spec.ts:349:1 › action and filter reuse labelled enum bulk append with exact members (30.0s)


  1) [chromium] › tests/components/sortable-fields.spec.ts:349:1 › action and filter reuse labelled enum bulk append with exact members 

    Test timeout of 30000ms exceeded.

    Error: locator.click: Test timeout of 30000ms exceeded.
    Call log:
      - waiting for getByRole('region', { name: 'Action editor' }).getByRole('button', { name: 'Edit choices', exact: true })


      350 |  await page.goto(fixture);
      351 |  const action=page.getByRole('region',{name:'Action editor'});
    > 352 |  await action.getByRole('button',{name:'Edit choices',exact:true}).click();
          |                                                                    ^
      353 |  let editor=page.getByRole('dialog',{name:'choices',exact:true});
      354 |  await editor.getByRole('button',{name:'Choose choices items',exact:true}).click();
      355 |  await page.getByRole('checkbox',{name:'Select Active (paused) for choices',exact:true}).click();
        at /root/ROM/studio/tests/components/sortable-fields.spec.ts:352:68

    Error Context: test-results/sortable-fields-action-and-e611b-k-append-with-exact-members-chromium/error-context.md

  1 failed
    [chromium] › tests/components/sortable-fields.spec.ts:349:1 › action and filter reuse labelled enum bulk append with exact members 
  2 passed (33.3s)
