TAP version 13
# (node:648753) ExperimentalWarning: Type Stripping is an experimental feature and might change at any time
# (Use `node --trace-warnings ...` to show where the warning was created)
# Subtest: shared native discovery retains enum labels through wrappers and action inputs
ok 1 - shared native discovery retains enum labels through wrappers and action inputs
  ---
  duration_ms: 1.652855
  type: 'test'
  ...
# Subtest: shared native invalid enum label vectors are rejected
ok 2 - shared native invalid enum label vectors are rejected
  ---
  duration_ms: 0.427231
  type: 'test'
  ...
# Subtest: enum labels bound UTF8 and preserve prototype-shaped exact members
ok 3 - enum labels bound UTF8 and preserve prototype-shaped exact members
  ---
  duration_ms: 0.562527
  type: 'test'
  ...
1..3
# tests 3
# suites 0
# pass 3
# fail 0
# cancelled 0
# skipped 0
# todo 0
# duration_ms 82.978742
