[WebServer] (node:685173) Warning: The 'NO_COLOR' env is ignored due to the 'FORCE_COLOR' env being set.
[WebServer] (Use `node --trace-warnings ...` to show where the warning was created)

Running 106 tests using 2 workers

(node:685248) Warning: The 'NO_COLOR' env is ignored due to the 'FORCE_COLOR' env being set.
(Use `node --trace-warnings ...` to show where the warning was created)
(node:685247) Warning: The 'NO_COLOR' env is ignored due to the 'FORCE_COLOR' env being set.
(Use `node --trace-warnings ...` to show where the warning was created)
  ✓    1 [chromium] › tests/components/application.spec.ts:9:1 › real SDK composes two metadata-driven pages; logout clears details (555ms)
  ✓    3 [chromium] › tests/components/application.spec.ts:93:1 › real app reports unavailable session without simulated data (118ms)
  ✓    2 [chromium] › tests/components/attachments-ergonomics.spec.ts:166:1 › attachment selection uses right inspector and exact confirmation binding (710ms)
  ✓    4 [chromium] › tests/components/application.spec.ts:106:1 › moving pages use native query anchors and previous refetches (368ms)
  ✓    5 [chromium] › tests/components/attachments-ergonomics.spec.ts:217:1 › lost reservation acknowledgement retains exact request and contents through inspector close (559ms)
  ✓    6 [chromium] › tests/components/controls.spec.ts:7:1 › integer fields request a numeric mobile keyboard without losing exact input (360ms)
  ✓    7 [chromium] › tests/components/attachments-ergonomics.spec.ts:263:1 › denied capability has explicit unavailable state and no successful empty list (243ms)
  ✓    8 [chromium] › tests/components/controls.spec.ts:19:1 › Resource references identify the target kind while accepting an exact ID (357ms)
  ✓    9 [chromium] › tests/components/attachments-ergonomics.spec.ts:277:1 › mobile attachment details contain focus and return to selected row (387ms)
  ✓   11 [chromium] › tests/components/attachments-ergonomics.spec.ts:311:1 › lost upload response retries identical bytes and prevents pending navigation (449ms)
  ✓   12 [chromium] › tests/components/attachments-ergonomics.spec.ts:345:1 › attachment list error stays distinct from empty success and can refresh (341ms)
  ✓   10 [chromium] › tests/components/controls.spec.ts:30:1 › Resource controls preserve integer, presence, boolean and nested edits (889ms)
  ✓   14 [chromium] › tests/components/details.spec.ts:2:1 › selected Resource shows its current title as a direct editable field (182ms)
  ✓   15 [chromium] › tests/components/details.spec.ts:27:1 › direct boolean control keeps false and becomes an explicit edit only when switched (206ms)
  ✓   16 [chromium] › tests/components/details.spec.ts:42:1 › mobile Resource editor uses the full viewport and a concise heading (219ms)
  ✓   17 [chromium] › tests/components/details.spec.ts:53:1 › live revision retains draft and disables stale submission until explicit reload (365ms)
  ✓   18 [chromium] › tests/components/details.spec.ts:88:1 › an open field popup cannot mutate a draft after a newer revision (252ms)
  ✓   19 [chromium] › tests/components/details.spec.ts:117:1 › stale Resource keeps collection details readable without reopening mutation (267ms)
  ✓   20 [chromium] › tests/components/direct-form.spec.ts:3:1 › current null and absent fields are distinct from an empty value (130ms)
  ✓   13 [chromium] › tests/components/controls.spec.ts:58:1 › same field hosts support custom codec, nested collections and generic action input (1.7s)
  ✓   21 [chromium] › tests/components/direct-form.spec.ts:14:1 › generic scalar fields fit label, control and actions in one mobile row (157ms)
  ✓   22 [chromium] › tests/components/controls.spec.ts:82:1 › expanded action input describes submission rather than Resource saving (356ms)
  ✓   23 [chromium] › tests/components/direct-form.spec.ts:35:1 › choosing Set a value starts from the current value (531ms)
  ✓   24 [chromium] › tests/components/controls.spec.ts:91:1 › unsupported action stays visible, generic table selects, query emits values (412ms)
  ✓   25 [chromium] › tests/components/direct-form.spec.ts:53:1 › switching an invalid omitted field to a value resets its draft (547ms)
  ✓   26 [chromium] › tests/components/controls.spec.ts:108:1 › keyboard controls and assembled accessibility (612ms)
  ✓   27 [chromium] › tests/components/direct-form.spec.ts:72:1 › nested null differs from an empty value in an expanded list editor (574ms)
  ✓   29 [chromium] › tests/components/direct-form.spec.ts:105:1 › large collections remain readable when editing is bounded (173ms)
  ✓   30 [chromium] › tests/components/direct-form.spec.ts:118:1 › descriptor change keeps existing collection available for read-only inspection (205ms)
  ✓   28 [chromium] › tests/components/controls.spec.ts:118:1 › descriptor change retains an open draft and requires explicit reopen (915ms)
  ✓   32 [chromium] › tests/components/controls.spec.ts:166:1 › invalid field keeps keyboard focus and cannot submit until corrected (356ms)
  ✓   33 [chromium] › tests/components/controls.spec.ts:192:1 › shared Select Checkbox and submit keyboard semantics preserve a boolean (194ms)
  ✓   31 [chromium] › tests/components/direct-form.spec.ts:133:1 › direct fields distinguish unchanged, false, zero, empty, null and removal (1.3s)
  ✓   35 [chromium] › tests/components/filter-workspace.spec.ts:54:1 › compact actions keep their names and the inspector toggle stays on the right (248ms)
  ✓   34 [chromium] › tests/components/controls.spec.ts:212:1 › optional remove and empty string remain distinct from omitted fields (947ms)
  ✓   37 [chromium] › tests/components/controls.spec.ts:233:1 › nested invalid input survives sibling edits and removal releases only its error (744ms)
  ✓   36 [chromium] › tests/components/filter-workspace.spec.ts:111:1 › quick and full filters share draft without querying until Apply (789ms)
  ✓   39 [chromium] › tests/components/filter-workspace.spec.ts:166:1 › Resource draft survives filter tab, Apply and mobile inspector lifecycle (848ms)
  ✓   38 [chromium] › tests/components/controls.spec.ts:254:1 › enum reference and prototype-shaped map keys use generic controls (1.6s)
  ✓   40 [chromium] › tests/components/filter-workspace.spec.ts:229:1 › invalid filter input survives popover close and switching editors (773ms)
  ✓   41 [chromium] › tests/components/controls.spec.ts:274:1 › opaque input uses the shared strict lossless codec (223ms)
  ✓   42 [chromium] › tests/components/filter-workspace.spec.ts:292:1 › removing an earlier rule preserves the later rule's invalid draft (484ms)
  ✓   44 [chromium] › tests/components/filter-workspace.spec.ts:328:1 › descriptor change permits explicit discard of an obsolete filter (484ms)
  ✓   43 [chromium] › tests/components/controls.spec.ts:290:1 › sort field is independent from filter field (910ms)
  ✓   46 [chromium] › tests/components/controls.spec.ts:304:1 › sort picker excludes collection fields but retains scalar fields (207ms)
  ✓   45 [chromium] › tests/components/filter-workspace.spec.ts:360:1 › invalid input after an applied numeric filter is marked pending (465ms)
  ✓   48 [chromium] › tests/components/generic-presentation.spec.ts:7:1 › shared mode picker uses keyboard and keeps nullable operation controlled (425ms)
  ✓   49 [chromium] › tests/components/generic-presentation.spec.ts:26:1 › shared query picker preserves independent sort selection and closes on Escape (456ms)
  ✓   50 [chromium] › tests/components/login-ergonomics.spec.ts:3:1 › sign-in providers stay readable on narrow screens and preserve exact login route (136ms)
  ✓   51 [chromium] › tests/components/login-ergonomics.spec.ts:53:1 › unavailable session presents retry without exposing workspace values (147ms)
  ✓   52 [chromium] › tests/components/login-ergonomics.spec.ts:74:1 › primary provider auto-redirect retains explicit sign-in choice (184ms)
  ✓   53 [chromium] › tests/components/login-ergonomics.spec.ts:105:1 › expired session clears protected values and explains sign-in (199ms)
  ✓   54 [chromium] › tests/components/login-ergonomics.spec.ts:172:1 › expired authenticated response retains available provider sign-in (128ms)
  ✓   55 [chromium] › tests/components/presentation-ux.spec.ts:53:1 › generic Resource presentation separates human title, field label, and exact identity (273ms)
  ✓   56 [chromium] › tests/components/presentation-ux.spec.ts:82:1 › mobile Resource details returns focus to the actual row opener (193ms)
  ✓   47 [chromium] › tests/components/controls.spec.ts:319:1 › wrapped custom codecs apply only to leaves; unknown leaves remain read-only (2.4s)
  ✓   57 [chromium] › tests/components/reference-picker.spec.ts:7:1 › reference lookup is lazy and chooses an authorized title without changing exact identity or main navigation (289ms)
  ✓   58 [chromium] › tests/components/controls.spec.ts:383:1 › query filters preserve wrapper provenance and edit only registered leaves (394ms)
  ✓   59 [chromium] › tests/components/reference-picker.spec.ts:30:1 › debounced search filters bounded candidates and Escape restores focus (531ms)
ROM_TABLE_FRAME {"engine":"chromium","rows":100,"columns":16,"cells_before":1600,"cells_after_clear":0,"navigation_to_visible_frame_ms":213.19999998807907,"clear_to_frame_ms":56.89999997615814,"api_requests":0,"scope":"Local descriptor-only browser fixture, warm asset cache, real generic ResourceTable and custom codec renderers. Navigation includes module execution and frame scheduling. DOM retention count, not heap reclamation or database/parser cost."}
  ✓   60 [chromium] › tests/components/controls.spec.ts:399:3 › finite generic table 100 row frame and DOM retention sample (435ms)
  ✓   61 [chromium] › tests/components/reference-picker.spec.ts:68:1 › denied lookup preserves the exact ID fallback and never reports an empty successful search (221ms)
  ✓   63 [chromium] › tests/components/reference-picker.spec.ts:88:1 › withheld titles use the shared safe fallback and undisclosed kinds do not query (189ms)
ROM_TABLE_FRAME {"engine":"chromium","rows":500,"columns":16,"cells_before":8000,"cells_after_clear":0,"navigation_to_visible_frame_ms":859.8999999761581,"clear_to_frame_ms":95.90000003576279,"api_requests":0,"scope":"Local descriptor-only browser fixture, warm asset cache, real generic ResourceTable and custom codec renderers. Navigation includes module execution and frame scheduling. DOM retention count, not heap reclamation or database/parser cost."}
  ✓   62 [chromium] › tests/components/controls.spec.ts:399:3 › finite generic table 500 row frame and DOM retention sample (1.2s)
  ✓   65 [chromium] › tests/components/renderer-regressions.spec.ts:14:3 › generic display exposes visible text for Scalar text (116ms)
  ✓   64 [chromium] › tests/components/reference-picker.spec.ts:109:1 › session invalidation removes delayed and selected descriptions without erasing an exact ID (938ms)
  ✓   66 [chromium] › tests/components/renderer-regressions.spec.ts:14:3 › generic display exposes visible text for Scalar zero (119ms)
  ✓   67 [chromium] › tests/components/reference-picker.spec.ts:130:1 › without lookup context the supported reference stays an exact ID editor (113ms)
  ✓   68 [chromium] › tests/components/renderer-regressions.spec.ts:14:3 › generic display exposes visible text for Scalar false (118ms)
  ✓   69 [chromium] › tests/components/reference-picker.spec.ts:143:1 › the picker remains inside a narrow mobile viewport (197ms)
  ✓   70 [chromium] › tests/components/renderer-regressions.spec.ts:14:3 › generic display exposes visible text for Explicit null (119ms)
  ✓   72 [chromium] › tests/components/renderer-regressions.spec.ts:14:3 › generic display exposes visible text for Missing optional (122ms)
  ✓   73 [chromium] › tests/components/renderer-regressions.spec.ts:14:3 › generic display exposes visible text for Empty codec list (126ms)
  ✓   74 [chromium] › tests/components/renderer-regressions.spec.ts:14:3 › generic display exposes visible text for Empty codec map (111ms)
  ✓   75 [chromium] › tests/components/renderer-regressions.spec.ts:40:1 › mobile nested Select remains usable after scrolling its Sheet (600ms)
  ✓   76 [chromium] › tests/components/renderer-regressions.spec.ts:76:1 › mobile nested Select dismisses by ordinary outside click without closing its Sheet (527ms)
  ✓   77 [chromium] › tests/components/renderer-regressions.spec.ts:103:1 › mobile Escape dismisses Select before Sheet and restores toolbar focus (420ms)
  ✓   78 [chromium] › tests/components/right-inspector.spec.ts:3:1 › right inspector toggles by keyboard and preserves filter drafts (233ms)
  ✓   71 [chromium] › tests/components/reference-picker.spec.ts:164:1 › search requests are capped per open picker while exact ID editing remains available (2.5s)
  ✓   79 [chromium] › tests/components/right-inspector.spec.ts:52:1 › right mobile Sheet restores toggle focus and preserves Resource draft across resize (277ms)
  ✓   81 [chromium] › tests/components/semantic-fields.spec.ts:3:1 › standard fields provide shared compact controls without application renderers (219ms)
  ✓   80 [chromium] › tests/components/reference-picker.spec.ts:197:1 › selected authorized descriptions disappear with the session while the exact ID stays intact (325ms)
  ✓   83 [chromium] › tests/components/reference-picker.spec.ts:215:1 › empty reference input reports the canonical field path without replacing the last value (117ms)
  ✓   82 [chromium] › tests/components/semantic-fields.spec.ts:42:1 › invalid semantic drafts block submission and retain the user's exact input (177ms)
  ✓   85 [chromium] › tests/components/semantic-fields.spec.ts:67:1 › expanded document preserves numeric tokens and multiline source (375ms)
  ✓   84 [chromium] › tests/components/reference-picker.spec.ts:224:1 › a denied relookup retires the previously selected title and preserves the ID (382ms)
  ✓   86 [chromium] › tests/components/settings-presentation.spec.ts:72:1 › Settings groups disclosed plugin Resources and uses the authorized patch path (566ms)
  ✓   88 [chromium] › tests/components/settings-presentation.spec.ts:120:1 › Settings exposes no group when discovery discloses no settings metadata (211ms)
  ✓   87 [chromium] › tests/components/shell-presentation.spec.ts:3:1 › mobile sidebar opens, selects a descriptor and returns space to the page (1.1s)
  ✓   90 [chromium] › tests/components/work-presentation.spec.ts:79:1 › Work loads readable snapshots automatically and applies operator filters (403ms)
  ✓   89 [chromium] › tests/components/sortable-fields.spec.ts:10:1 › manual reorder keeps invalid duplicate row draft and blocks resource submission (872ms)
  ✓   91 [chromium] › tests/components/work-presentation.spec.ts:111:1 › Work inspector close preserves the exact recovery retry request (516ms)
  ✓   92 [chromium] › tests/components/sortable-fields.spec.ts:40:1 › keyboard drag submits only canonical values and retains duplicate identity (478ms)
  ✓   93 [chromium] › tests/components/work-presentation.spec.ts:144:1 › mobile Work details returns focus to the actual row opener (276ms)
  ✓   94 [chromium] › tests/components/sortable-fields.spec.ts:63:1 › pointer reorder keeps invalid drafts attached and removal clears row error (1.2s)
  ✓   95 [chromium] › tests/components/sortable-fields.spec.ts:98:1 › readonly and bounded lists expose no drag or mutation controls (154ms)
  ✓   96 [chromium] › tests/components/sortable-fields.spec.ts:114:1 › codec row draft survives pointer replacement without losing exact decimal source (1.1s)
  ✓   97 [chromium] › tests/components/sortable-fields.spec.ts:152:1 › action inputs use the same canonical list reorder (847ms)
  ✓   98 [chromium] › tests/components/sortable-fields.spec.ts:177:1 › filter candidates retain invalid row state after reorder (274ms)
  ✓   99 [chromium] › tests/components/sortable-fields.spec.ts:200:1 › touch handle reorders a duplicate row without serializing drag metadata (1.7s)
  ✓  100 [chromium] › tests/components/sortable-fields.spec.ts:252:1 › closing a keyboard drag releases the action and preserves the form candidate (929ms)
  ✓  101 [chromium] › tests/components/sortable-fields.spec.ts:279:1 › prototype-shaped map keys keep invalid drafts local to their editor (477ms)
  ✓  102 [chromium] › tests/components/sortable-fields.spec.ts:314:1 › labelled enum bulk append preserves duplicates and canonical ordered values (794ms)
  ✓  103 [chromium] › tests/components/sortable-fields.spec.ts:357:1 › bulk chooser cancellation emits nothing and unknown stored enum remains visible (1.1s)
  ✓  104 [chromium] › tests/components/sortable-fields.spec.ts:406:1 › action and filter reuse labelled enum bulk append with exact members (1.6s)
  ✓  105 [chromium] › tests/components/sortable-fields.spec.ts:464:1 › enum labels display across wrapped collections and unknown members stay exact (348ms)
  ✓  106 [chromium] › tests/components/sortable-fields.spec.ts:487:1 › renderer unregister lifecycle preserves newer inline registration and collections stay expanded (189ms)

  106 passed (34.6s)
