[WebServer] (node:688072) Warning: The 'NO_COLOR' env is ignored due to the 'FORCE_COLOR' env being set.
[WebServer] (Use `node --trace-warnings ...` to show where the warning was created)

Running 106 tests using 2 workers

(node:688131) Warning: The 'NO_COLOR' env is ignored due to the 'FORCE_COLOR' env being set.
(Use `node --trace-warnings ...` to show where the warning was created)
(node:688130) Warning: The 'NO_COLOR' env is ignored due to the 'FORCE_COLOR' env being set.
(Use `node --trace-warnings ...` to show where the warning was created)
  ✓    2 [webkit] › tests/components/application.spec.ts:9:1 › real SDK composes two metadata-driven pages; logout clears details (623ms)
  ✓    1 [webkit] › tests/components/attachments-ergonomics.spec.ts:166:1 › attachment selection uses right inspector and exact confirmation binding (705ms)
  ✓    3 [webkit] › tests/components/application.spec.ts:93:1 › real app reports unavailable session without simulated data (275ms)
  ✓    4 [webkit] › tests/components/attachments-ergonomics.spec.ts:217:1 › lost reservation acknowledgement retains exact request and contents through inspector close (664ms)
  ✓    5 [webkit] › tests/components/application.spec.ts:106:1 › moving pages use native query anchors and previous refetches (477ms)
  ✓    6 [webkit] › tests/components/attachments-ergonomics.spec.ts:263:1 › denied capability has explicit unavailable state and no successful empty list (363ms)
  ✓    7 [webkit] › tests/components/controls.spec.ts:7:1 › integer fields request a numeric mobile keyboard without losing exact input (523ms)
  ✓    8 [webkit] › tests/components/attachments-ergonomics.spec.ts:277:1 › mobile attachment details contain focus and return to selected row (474ms)
  ✓    9 [webkit] › tests/components/controls.spec.ts:19:1 › Resource references identify the target kind while accepting an exact ID (624ms)
  ✓   10 [webkit] › tests/components/attachments-ergonomics.spec.ts:311:1 › lost upload response retries identical bytes and prevents pending navigation (516ms)
  ✓   12 [webkit] › tests/components/attachments-ergonomics.spec.ts:345:1 › attachment list error stays distinct from empty success and can refresh (438ms)
  ✓   13 [webkit] › tests/components/details.spec.ts:2:1 › selected Resource shows its current title as a direct editable field (324ms)
  ✓   11 [webkit] › tests/components/controls.spec.ts:30:1 › Resource controls preserve integer, presence, boolean and nested edits (1.2s)
  ✓   14 [webkit] › tests/components/details.spec.ts:27:1 › direct boolean control keeps false and becomes an explicit edit only when switched (336ms)
  ✓   16 [webkit] › tests/components/details.spec.ts:42:1 › mobile Resource editor uses the full viewport and a concise heading (419ms)
  ✓   17 [webkit] › tests/components/details.spec.ts:53:1 › live revision retains draft and disables stale submission until explicit reload (550ms)
  ✓   18 [webkit] › tests/components/details.spec.ts:88:1 › an open field popup cannot mutate a draft after a newer revision (414ms)
  ✓   19 [webkit] › tests/components/details.spec.ts:117:1 › stale Resource keeps collection details readable without reopening mutation (424ms)
  ✓   15 [webkit] › tests/components/controls.spec.ts:58:1 › same field hosts support custom codec, nested collections and generic action input (2.1s)
  ✓   20 [webkit] › tests/components/direct-form.spec.ts:3:1 › current null and absent fields are distinct from an empty value (269ms)
  ✓   22 [webkit] › tests/components/direct-form.spec.ts:14:1 › generic scalar fields fit label, control and actions in one mobile row (308ms)
  ✓   21 [webkit] › tests/components/controls.spec.ts:82:1 › expanded action input describes submission rather than Resource saving (674ms)
  ✓   23 [webkit] › tests/components/direct-form.spec.ts:35:1 › choosing Set a value starts from the current value (693ms)
  ✓   24 [webkit] › tests/components/controls.spec.ts:91:1 › unsupported action stays visible, generic table selects, query emits values (691ms)
  ✓   25 [webkit] › tests/components/direct-form.spec.ts:53:1 › switching an invalid omitted field to a value resets its draft (711ms)
  ✓   26 [webkit] › tests/components/controls.spec.ts:108:1 › keyboard controls and assembled accessibility (800ms)
  ✓   27 [webkit] › tests/components/direct-form.spec.ts:72:1 › nested null differs from an empty value in an expanded list editor (708ms)
  ✓   29 [webkit] › tests/components/direct-form.spec.ts:105:1 › large collections remain readable when editing is bounded (328ms)
  ✓   30 [webkit] › tests/components/direct-form.spec.ts:118:1 › descriptor change keeps existing collection available for read-only inspection (338ms)
  ✓   28 [webkit] › tests/components/controls.spec.ts:118:1 › descriptor change retains an open draft and requires explicit reopen (1.2s)
  ✓   32 [webkit] › tests/components/controls.spec.ts:166:1 › invalid field keeps keyboard focus and cannot submit until corrected (514ms)
  ✓   33 [webkit] › tests/components/controls.spec.ts:192:1 › shared Select Checkbox and submit keyboard semantics preserve a boolean (352ms)
  ✓   31 [webkit] › tests/components/direct-form.spec.ts:133:1 › direct fields distinguish unchanged, false, zero, empty, null and removal (1.7s)
  ✓   35 [webkit] › tests/components/filter-workspace.spec.ts:54:1 › compact actions keep their names and the inspector toggle stays on the right (398ms)
  ✓   34 [webkit] › tests/components/controls.spec.ts:212:1 › optional remove and empty string remain distinct from omitted fields (1.3s)
  ✓   36 [webkit] › tests/components/filter-workspace.spec.ts:111:1 › quick and full filters share draft without querying until Apply (1.1s)
  ✓   37 [webkit] › tests/components/controls.spec.ts:233:1 › nested invalid input survives sibling edits and removal releases only its error (1.3s)
  ✓   38 [webkit] › tests/components/filter-workspace.spec.ts:166:1 › Resource draft survives filter tab, Apply and mobile inspector lifecycle (968ms)
  ✓   40 [webkit] › tests/components/filter-workspace.spec.ts:229:1 › invalid filter input survives popover close and switching editors (1.1s)
  ✓   39 [webkit] › tests/components/controls.spec.ts:254:1 › enum reference and prototype-shaped map keys use generic controls (2.0s)
  ✓   41 [webkit] › tests/components/filter-workspace.spec.ts:292:1 › removing an earlier rule preserves the later rule's invalid draft (636ms)
  ✓   42 [webkit] › tests/components/controls.spec.ts:274:1 › opaque input uses the shared strict lossless codec (375ms)
  ✓   43 [webkit] › tests/components/filter-workspace.spec.ts:328:1 › descriptor change permits explicit discard of an obsolete filter (666ms)
  ✓   44 [webkit] › tests/components/controls.spec.ts:290:1 › sort field is independent from filter field (1.2s)
  ✓   45 [webkit] › tests/components/filter-workspace.spec.ts:360:1 › invalid input after an applied numeric filter is marked pending (715ms)
  ✓   46 [webkit] › tests/components/controls.spec.ts:304:1 › sort picker excludes collection fields but retains scalar fields (382ms)
  ✓   47 [webkit] › tests/components/generic-presentation.spec.ts:7:1 › shared mode picker uses keyboard and keeps nullable operation controlled (843ms)
  ✓   49 [webkit] › tests/components/generic-presentation.spec.ts:26:1 › shared query picker preserves independent sort selection and closes on Escape (662ms)
  ✓   50 [webkit] › tests/components/login-ergonomics.spec.ts:3:1 › sign-in providers stay readable on narrow screens and preserve exact login route (278ms)
  ✓   51 [webkit] › tests/components/login-ergonomics.spec.ts:53:1 › unavailable session presents retry without exposing workspace values (278ms)
  ✓   52 [webkit] › tests/components/login-ergonomics.spec.ts:74:1 › primary provider auto-redirect retains explicit sign-in choice (328ms)
  ✓   53 [webkit] › tests/components/login-ergonomics.spec.ts:105:1 › expired session clears protected values and explains sign-in (334ms)
  ✓   54 [webkit] › tests/components/login-ergonomics.spec.ts:172:1 › expired authenticated response retains available provider sign-in (264ms)
  ✓   48 [webkit] › tests/components/controls.spec.ts:319:1 › wrapped custom codecs apply only to leaves; unknown leaves remain read-only (2.9s)
  ✓   55 [webkit] › tests/components/presentation-ux.spec.ts:53:1 › generic Resource presentation separates human title, field label, and exact identity (370ms)
  ✓   57 [webkit] › tests/components/presentation-ux.spec.ts:82:1 › mobile Resource details returns focus to the actual row opener (361ms)
  ✓   56 [webkit] › tests/components/controls.spec.ts:383:1 › query filters preserve wrapper provenance and edit only registered leaves (567ms)
  ✓   58 [webkit] › tests/components/reference-picker.spec.ts:7:1 › reference lookup is lazy and chooses an authorized title without changing exact identity or main navigation (483ms)
ROM_TABLE_FRAME {"engine":"webkit","rows":100,"columns":16,"cells_before":1600,"cells_after_clear":0,"navigation_to_visible_frame_ms":436,"clear_to_frame_ms":104,"api_requests":0,"scope":"Local descriptor-only browser fixture, warm asset cache, real generic ResourceTable and custom codec renderers. Navigation includes module execution and frame scheduling. DOM retention count, not heap reclamation or database/parser cost."}
  ✓   59 [webkit] › tests/components/controls.spec.ts:399:3 › finite generic table 100 row frame and DOM retention sample (882ms)
  ✓   60 [webkit] › tests/components/reference-picker.spec.ts:30:1 › debounced search filters bounded candidates and Escape restores focus (663ms)
  ✓   62 [webkit] › tests/components/reference-picker.spec.ts:68:1 › denied lookup preserves the exact ID fallback and never reports an empty successful search (344ms)
  ✓   63 [webkit] › tests/components/reference-picker.spec.ts:88:1 › withheld titles use the shared safe fallback and undisclosed kinds do not query (304ms)
  ✓   64 [webkit] › tests/components/reference-picker.spec.ts:109:1 › session invalidation removes delayed and selected descriptions without erasing an exact ID (1.1s)
  ✓   65 [webkit] › tests/components/reference-picker.spec.ts:130:1 › without lookup context the supported reference stays an exact ID editor (250ms)
  ✓   66 [webkit] › tests/components/reference-picker.spec.ts:143:1 › the picker remains inside a narrow mobile viewport (327ms)
ROM_TABLE_FRAME {"engine":"webkit","rows":500,"columns":16,"cells_before":8000,"cells_after_clear":0,"navigation_to_visible_frame_ms":1748,"clear_to_frame_ms":885,"api_requests":0,"scope":"Local descriptor-only browser fixture, warm asset cache, real generic ResourceTable and custom codec renderers. Navigation includes module execution and frame scheduling. DOM retention count, not heap reclamation or database/parser cost."}
  ✓   61 [webkit] › tests/components/controls.spec.ts:399:3 › finite generic table 500 row frame and DOM retention sample (3.0s)
  ✓   68 [webkit] › tests/components/renderer-regressions.spec.ts:14:3 › generic display exposes visible text for Scalar text (251ms)
  ✓   69 [webkit] › tests/components/renderer-regressions.spec.ts:14:3 › generic display exposes visible text for Scalar zero (244ms)
  ✓   70 [webkit] › tests/components/renderer-regressions.spec.ts:14:3 › generic display exposes visible text for Scalar false (261ms)
  ✓   71 [webkit] › tests/components/renderer-regressions.spec.ts:14:3 › generic display exposes visible text for Explicit null (249ms)
  ✓   72 [webkit] › tests/components/renderer-regressions.spec.ts:14:3 › generic display exposes visible text for Missing optional (250ms)
  ✓   73 [webkit] › tests/components/renderer-regressions.spec.ts:14:3 › generic display exposes visible text for Empty codec list (254ms)
  ✓   74 [webkit] › tests/components/renderer-regressions.spec.ts:14:3 › generic display exposes visible text for Empty codec map (252ms)
  ✓   67 [webkit] › tests/components/reference-picker.spec.ts:164:1 › search requests are capped per open picker while exact ID editing remains available (2.6s)
  ✓   75 [webkit] › tests/components/renderer-regressions.spec.ts:40:1 › mobile nested Select remains usable after scrolling its Sheet (726ms)
  ✓   76 [webkit] › tests/components/reference-picker.spec.ts:197:1 › selected authorized descriptions disappear with the session while the exact ID stays intact (453ms)
  ✓   78 [webkit] › tests/components/reference-picker.spec.ts:215:1 › empty reference input reports the canonical field path without replacing the last value (261ms)
  ✓   77 [webkit] › tests/components/renderer-regressions.spec.ts:76:1 › mobile nested Select dismisses by ordinary outside click without closing its Sheet (668ms)
  ✓   79 [webkit] › tests/components/reference-picker.spec.ts:224:1 › a denied relookup retires the previously selected title and preserves the ID (489ms)
  ✓   80 [webkit] › tests/components/renderer-regressions.spec.ts:103:1 › mobile Escape dismisses Select before Sheet and restores toolbar focus (549ms)
  ✓   81 [webkit] › tests/components/right-inspector.spec.ts:3:1 › right inspector toggles by keyboard and preserves filter drafts (426ms)
  ✓   82 [webkit] › tests/components/semantic-fields.spec.ts:3:1 › standard fields provide shared compact controls without application renderers (363ms)
  ✓   83 [webkit] › tests/components/right-inspector.spec.ts:52:1 › right mobile Sheet restores toggle focus and preserves Resource draft across resize (469ms)
  ✓   84 [webkit] › tests/components/semantic-fields.spec.ts:42:1 › invalid semantic drafts block submission and retain the user's exact input (312ms)
  ✓   85 [webkit] › tests/components/settings-presentation.spec.ts:72:1 › Settings groups disclosed plugin Resources and uses the authorized patch path (674ms)
  ✓   86 [webkit] › tests/components/semantic-fields.spec.ts:67:1 › expanded document preserves numeric tokens and multiline source (557ms)
  ✓   87 [webkit] › tests/components/settings-presentation.spec.ts:120:1 › Settings exposes no group when discovery discloses no settings metadata (403ms)
  ✓   88 [webkit] › tests/components/shell-presentation.spec.ts:3:1 › mobile sidebar opens, selects a descriptor and returns space to the page (1.3s)
  ✓   89 [webkit] › tests/components/sortable-fields.spec.ts:10:1 › manual reorder keeps invalid duplicate row draft and blocks resource submission (1.0s)
  ✓   90 [webkit] › tests/components/work-presentation.spec.ts:79:1 › Work loads readable snapshots automatically and applies operator filters (517ms)
  ✓   91 [webkit] › tests/components/sortable-fields.spec.ts:40:1 › keyboard drag submits only canonical values and retains duplicate identity (641ms)
  ✓   92 [webkit] › tests/components/work-presentation.spec.ts:111:1 › Work inspector close preserves the exact recovery retry request (618ms)
  ✓   94 [webkit] › tests/components/work-presentation.spec.ts:144:1 › mobile Work details returns focus to the actual row opener (450ms)
  ✓   93 [webkit] › tests/components/sortable-fields.spec.ts:63:1 › pointer reorder keeps invalid drafts attached and removal clears row error (1.2s)
  ✓   95 [webkit] › tests/components/sortable-fields.spec.ts:98:1 › readonly and bounded lists expose no drag or mutation controls (311ms)
  ✓   96 [webkit] › tests/components/sortable-fields.spec.ts:114:1 › codec row draft survives pointer replacement without losing exact decimal source (1.0s)
  ✓   97 [webkit] › tests/components/sortable-fields.spec.ts:152:1 › action inputs use the same canonical list reorder (1.1s)
  ✓   98 [webkit] › tests/components/sortable-fields.spec.ts:177:1 › filter candidates retain invalid row state after reorder (392ms)
  -   99 [webkit] › tests/components/sortable-fields.spec.ts:200:1 › touch handle reorders a duplicate row without serializing drag metadata
  ✓  100 [webkit] › tests/components/sortable-fields.spec.ts:252:1 › closing a keyboard drag releases the action and preserves the form candidate (1.1s)
  ✓  101 [webkit] › tests/components/sortable-fields.spec.ts:279:1 › prototype-shaped map keys keep invalid drafts local to their editor (501ms)
  ✓  102 [webkit] › tests/components/sortable-fields.spec.ts:314:1 › labelled enum bulk append preserves duplicates and canonical ordered values (1.1s)
  ✓  103 [webkit] › tests/components/sortable-fields.spec.ts:357:1 › bulk chooser cancellation emits nothing and unknown stored enum remains visible (1.5s)
  ✓  104 [webkit] › tests/components/sortable-fields.spec.ts:406:1 › action and filter reuse labelled enum bulk append with exact members (2.1s)
  ✓  105 [webkit] › tests/components/sortable-fields.spec.ts:464:1 › enum labels display across wrapped collections and unknown members stay exact (497ms)
  ✓  106 [webkit] › tests/components/sortable-fields.spec.ts:487:1 › renderer unregister lifecycle preserves newer inline registration and collections stay expanded (344ms)

  1 skipped
  105 passed (43.5s)
