[WebServer] (node:571698) Warning: The 'NO_COLOR' env is ignored due to the 'FORCE_COLOR' env being set.
[WebServer] (Use `node --trace-warnings ...` to show where the warning was created)
[WebServer] (node:571714) Warning: The 'NO_COLOR' env is ignored due to the 'FORCE_COLOR' env being set.
[WebServer] (Use `node --trace-warnings ...` to show where the warning was created)

Running 7 tests using 1 worker

(node:571822) Warning: The 'NO_COLOR' env is ignored due to the 'FORCE_COLOR' env being set.
(Use `node --trace-warnings ...` to show where the warning was created)
  ✓  1 [chromium] › tests/components/sortable-fields.spec.ts:6:1 › manual reorder keeps invalid duplicate row draft and blocks resource submission (1.1s)
  ✓  2 [chromium] › tests/components/sortable-fields.spec.ts:15:1 › keyboard drag submits only canonical values and retains duplicate identity (588ms)
  ✓  3 [chromium] › tests/components/sortable-fields.spec.ts:20:1 › pointer reorder keeps invalid drafts attached and removal clears row error (1.3s)
  ✓  4 [chromium] › tests/components/sortable-fields.spec.ts:26:1 › readonly and bounded lists expose no drag or mutation controls (275ms)
[WebServer] 11:40:06 AM [vite] (client) [Unhandled error] Svelte error: each_key_duplicate
[WebServer] Keyed each block has duplicate key `c25-1` at indexes 1 and 2
[WebServer] https://svelte.dev/e/each_key_duplicate
[WebServer] 
[WebServer] 	in <unknown>
[WebServer] 	in ListEditor.svelte
[WebServer] 	in ValueEditor.svelte
[WebServer] 	in text-selection-layer.svelte
[WebServer] 	in dismissible-layer.svelte
[WebServer] 	in escape-layer.svelte
[WebServer] 	in focus-scope.svelte
[WebServer] 	in dialog-content.svelte
[WebServer] 	in portal-consumer.svelte
[WebServer] 	in undefined
[WebServer] 	in portal.svelte
[WebServer] 	in dialog-portal.svelte
[WebServer] 	in dialog-content.svelte
[WebServer] 	in dialog.svelte
[WebServer] 	in dialog.svelte
[WebServer] 	in FieldHost.svelte
[WebServer] 	in ResourceForm.svelte
[WebServer] 	in SortableFieldsHarness.svelte
[WebServer] 	in undefined
[WebServer] 
[WebServer]  > each_key_duplicate ../../../rom-studio/node_modules/.vite/deps/runtime-DswP1vpz.js?v=2deb1757:449:33
[WebServer]  > validate_each_keys ../../../rom-studio/node_modules/.vite/deps/client-Dd0C8Y4f.js?v=2deb1757:1508:4
[WebServer]  > ../../../rom-studio/node_modules/.vite/deps/client-Dd0C8Y4f.js?v=2deb1757:1256:28
[WebServer]  > update_reaction ../../../rom-studio/node_modules/.vite/deps/runtime-DswP1vpz.js?v=2deb1757:4200:16
[WebServer]  > update_effect ../../../rom-studio/node_modules/.vite/deps/runtime-DswP1vpz.js?v=2deb1757:4312:18
[WebServer]  > #traverse ../../../rom-studio/node_modules/.vite/deps/runtime-DswP1vpz.js?v=2deb1757:2149:6
[WebServer]  > #process ../../../rom-studio/node_modules/.vite/deps/runtime-DswP1vpz.js?v=2deb1757:2073:19
[WebServer]  > Batch.flush ../../../rom-studio/node_modules/.vite/deps/runtime-DswP1vpz.js?v=2deb1757:2255:17
[WebServer]  > Array.<anonymous> ../../../rom-studio/node_modules/.vite/deps/runtime-DswP1vpz.js?v=2deb1757:2391:32
[WebServer]  > run_all ../../../rom-studio/node_modules/.vite/deps/runtime-DswP1vpz.js?v=2deb1757:49:45
[WebServer] 
[WebServer] 11:40:06 AM [vite] (client) [Unhandled error] Svelte error: each_key_duplicate
[WebServer] Keyed each block has duplicate key `c25-1` at indexes 1 and 2
[WebServer] https://svelte.dev/e/each_key_duplicate
[WebServer] 
[WebServer] 	in <unknown>
[WebServer] 	in ListEditor.svelte
[WebServer] 	in ValueEditor.svelte
[WebServer] 	in text-selection-layer.svelte
[WebServer] 	in dismissible-layer.svelte
[WebServer] 	in escape-layer.svelte
[WebServer] 	in focus-scope.svelte
[WebServer] 	in dialog-content.svelte
[WebServer] 	in portal-consumer.svelte
[WebServer] 	in undefined
[WebServer] 	in portal.svelte
[WebServer] 	in dialog-portal.svelte
[WebServer] 	in dialog-content.svelte
[WebServer] 	in dialog.svelte
[WebServer] 	in dialog.svelte
[WebServer] 	in FieldHost.svelte
[WebServer] 	in ResourceForm.svelte
[WebServer] 	in SortableFieldsHarness.svelte
[WebServer] 	in undefined
[WebServer] 
[WebServer]  > each_key_duplicate ../../../rom-studio/node_modules/.vite/deps/runtime-DswP1vpz.js?v=2deb1757:449:33
[WebServer]  > validate_each_keys ../../../rom-studio/node_modules/.vite/deps/client-Dd0C8Y4f.js?v=2deb1757:1508:4
[WebServer]  > ../../../rom-studio/node_modules/.vite/deps/client-Dd0C8Y4f.js?v=2deb1757:1256:28
[WebServer]  > update_reaction ../../../rom-studio/node_modules/.vite/deps/runtime-DswP1vpz.js?v=2deb1757:4200:16
[WebServer]  > update_effect ../../../rom-studio/node_modules/.vite/deps/runtime-DswP1vpz.js?v=2deb1757:4312:18
[WebServer]  > #traverse ../../../rom-studio/node_modules/.vite/deps/runtime-DswP1vpz.js?v=2deb1757:2149:6
[WebServer]  > #process ../../../rom-studio/node_modules/.vite/deps/runtime-DswP1vpz.js?v=2deb1757:2073:19
[WebServer]  > Batch.flush ../../../rom-studio/node_modules/.vite/deps/runtime-DswP1vpz.js?v=2deb1757:2255:17
[WebServer]  > Array.<anonymous> ../../../rom-studio/node_modules/.vite/deps/runtime-DswP1vpz.js?v=2deb1757:2391:32
[WebServer]  > run_all ../../../rom-studio/node_modules/.vite/deps/runtime-DswP1vpz.js?v=2deb1757:49:45
[WebServer] 
[WebServer] 11:40:07 AM [vite] (client) [Unhandled error] Svelte error: each_key_duplicate
[WebServer] Keyed each block has duplicate key `c25-1` at indexes 1 and 2
[WebServer] https://svelte.dev/e/each_key_duplicate
[WebServer] 
[WebServer] 	in <unknown>
[WebServer] 	in ListEditor.svelte
[WebServer] 	in ValueEditor.svelte
[WebServer] 	in text-selection-layer.svelte
[WebServer] 	in dismissible-layer.svelte
[WebServer] 	in escape-layer.svelte
[WebServer] 	in focus-scope.svelte
[WebServer] 	in dialog-content.svelte
[WebServer] 	in portal-consumer.svelte
[WebServer] 	in undefined
[WebServer] 	in portal.svelte
[WebServer] 	in dialog-portal.svelte
[WebServer] 	in dialog-content.svelte
[WebServer] 	in dialog.svelte
[WebServer] 	in dialog.svelte
[WebServer] 	in FieldHost.svelte
[WebServer] 	in ResourceForm.svelte
[WebServer] 	in SortableFieldsHarness.svelte
[WebServer] 	in undefined
[WebServer] 
[WebServer]  > each_key_duplicate ../../../rom-studio/node_modules/.vite/deps/runtime-DswP1vpz.js?v=2deb1757:449:33
[WebServer]  > validate_each_keys ../../../rom-studio/node_modules/.vite/deps/client-Dd0C8Y4f.js?v=2deb1757:1508:4
[WebServer]  > ../../../rom-studio/node_modules/.vite/deps/client-Dd0C8Y4f.js?v=2deb1757:1256:28
[WebServer]  > update_reaction ../../../rom-studio/node_modules/.vite/deps/runtime-DswP1vpz.js?v=2deb1757:4200:16
[WebServer]  > update_effect ../../../rom-studio/node_modules/.vite/deps/runtime-DswP1vpz.js?v=2deb1757:4312:18
[WebServer]  > #traverse ../../../rom-studio/node_modules/.vite/deps/runtime-DswP1vpz.js?v=2deb1757:2149:6
[WebServer]  > #process ../../../rom-studio/node_modules/.vite/deps/runtime-DswP1vpz.js?v=2deb1757:2073:19
[WebServer]  > Batch.flush ../../../rom-studio/node_modules/.vite/deps/runtime-DswP1vpz.js?v=2deb1757:2255:17
[WebServer]  > Array.<anonymous> ../../../rom-studio/node_modules/.vite/deps/runtime-DswP1vpz.js?v=2deb1757:2391:32
[WebServer]  > run_all ../../../rom-studio/node_modules/.vite/deps/runtime-DswP1vpz.js?v=2deb1757:49:45
[WebServer] 
  ✘  5 [chromium] › tests/components/sortable-fields.spec.ts:30:1 › codec row draft survives pointer replacement without losing exact decimal source (6.0s)
(node:572139) Warning: The 'NO_COLOR' env is ignored due to the 'FORCE_COLOR' env being set.
(Use `node --trace-warnings ...` to show where the warning was created)
  ✓  6 [chromium] › tests/components/sortable-fields.spec.ts:36:1 › action inputs use the same canonical list reorder (1.1s)
  ✘  7 [chromium] › tests/components/sortable-fields.spec.ts:40:1 › filter candidates retain invalid row state after reorder (5.3s)


  1) [chromium] › tests/components/sortable-fields.spec.ts:30:1 › codec row draft survives pointer replacement without losing exact decimal source 

    Error: expect(locator).toHaveValue(expected) failed

    Locator:  getByRole('dialog', { name: 'amounts', exact: true }).getByLabel('amounts[2] value', { exact: true })
    Expected: "invalid"
    Received: "9.0000"
    Timeout:  5000ms

    Call log:
      - Expect "toHaveValue" getByRole('dialog', { name: 'amounts', exact: true }).getByLabel('amounts[2] value', { exact: true }) with timeout 5000ms
      - waiting for getByRole('dialog', { name: 'amounts', exact: true }).getByLabel('amounts[2] value', { exact: true })
        14 × locator resolved to <input type="text" data-slot="input" inputmode="decimal" aria-invalid="false" aria-label="amounts[2] value" class="dark:bg-input/30 border-input focus-visible:border-ring focus-visible:ring-ring/50 aria-invalid:ring-destructive/20 dark:aria-invalid:ring-destructive/40 aria-invalid:border-destructive dark:aria-invalid:border-destructive/50 rounded-md border bg-transparent px-2.5 py-1 text-base transition-[color,box-shadow] file:h-7 file:text-sm file:font-medium focus-visible:ring-3 aria-invalid:ring-3…/>
           - unexpected value "9.0000"


      31 |  await page.goto(fixture);await page.getByRole("button",{name:"Edit amounts",exact:true}).click();const editor=page.getByRole("dialog",{name:"amounts",exact:true});await editor.getByLabel("amounts[1] value",{exact:true}).fill("invalid");
      32 |  const a=await editor.getByRole("button",{name:"Drag amounts[1]",exact:true}).boundingBox();const z=await editor.getByText("Item 3",{exact:true}).locator("..").boundingBox();expect(a&&z).toBeTruthy();await page.mouse.move(a!.x+a!.width/2,a!.y+a!.height/2);await page.mouse.down();await page.mouse.move(a!.x+a!.width/2,z!.y+z!.height-5,{steps:20});await page.waitForTimeout(300);await page.mouse.up();
    > 33 |  await expect(editor.getByLabel("amounts[2] value",{exact:true})).toHaveValue("invalid");await expect(editor.getByLabel("amounts[2] value",{exact:true})).toHaveAttribute("aria-invalid","true");await editor.getByLabel("amounts[2] value",{exact:true}).fill("1.2300");await page.keyboard.press("Escape");await page.getByRole("button",{name:"Save 1 change",exact:true}).click();await expect(page.getByTestId("submitted")).toHaveText('{"type":"patch","input":{"amounts":{"op":"set","value":["1.2300","9.0000","1.2300"]}}}');
         |                                                                   ^
      34 | });
      35 |
      36 | test("action inputs use the same canonical list reorder",async({page})=>{
        at /root/ROM/studio/tests/components/sortable-fields.spec.ts:33:67

    Error Context: test-results/sortable-fields-codec-row--287a7-losing-exact-decimal-source-chromium/error-context.md

  2) [chromium] › tests/components/sortable-fields.spec.ts:40:1 › filter candidates retain invalid row state after reorder 

    Error: expect(locator).toHaveValue(expected) failed

    Locator:  getByRole('region', { name: 'Filter editor', exact: true }).getByLabel('Filter 1[2] value', { exact: true })
    Expected: "invalid"
    Received: "7"
    Timeout:  5000ms

    Call log:
      - Expect "toHaveValue" getByRole('region', { name: 'Filter editor', exact: true }).getByLabel('Filter 1[2] value', { exact: true }) with timeout 5000ms
      - waiting for getByRole('region', { name: 'Filter editor', exact: true }).getByLabel('Filter 1[2] value', { exact: true })
        14 × locator resolved to <input type="text" data-slot="input" inputmode="numeric" aria-invalid="false" aria-label="Filter 1[2] value" class="dark:bg-input/30 border-input focus-visible:border-ring focus-visible:ring-ring/50 aria-invalid:ring-destructive/20 dark:aria-invalid:ring-destructive/40 aria-invalid:border-destructive dark:aria-invalid:border-destructive/50 h-9 rounded-md border bg-transparent px-2.5 py-1 text-base shadow-xs transition-[color,box-shadow] file:h-7 file:text-sm file:font-medium focus-visible:ring-3 aria…/>
           - unexpected value "7"


      39 |
      40 | test("filter candidates retain invalid row state after reorder",async({page})=>{
    > 41 |  await page.goto(fixture);const area=page.getByRole("region",{name:"Filter editor",exact:true});await area.getByLabel("Filter 1[1] value",{exact:true}).fill("invalid");await area.getByRole("button",{name:"Move Filter 1[1] down",exact:true}).click();await expect(area.getByLabel("Filter 1[2] value",{exact:true})).toHaveValue("invalid");await expect(area.getByRole("button",{name:"Apply filters",exact:true})).toBeDisabled();await area.getByLabel("Filter 1[2] value",{exact:true}).fill("11");await area.getByRole("button",{name:"Apply filters",exact:true}).click();const query=JSON.parse((await page.getByTestId("filtered").textContent())!);expect(query.filter).toEqual({type:"compare",path:["entries"],op:"eq",value:[7,9,11]});
         |                                                                                                                                                                                                                                                                                                                          ^
      42 | });
      43 |
        at /root/ROM/studio/tests/components/sortable-fields.spec.ts:41:314

    Error Context: test-results/sortable-fields-filter-can-21cef-lid-row-state-after-reorder-chromium/error-context.md

  2 failed
    [chromium] › tests/components/sortable-fields.spec.ts:30:1 › codec row draft survives pointer replacement without losing exact decimal source 
    [chromium] › tests/components/sortable-fields.spec.ts:40:1 › filter candidates retain invalid row state after reorder 
  5 passed (17.8s)
