[WebServer] (node:620248) Warning: The 'NO_COLOR' env is ignored due to the 'FORCE_COLOR' env being set.
[WebServer] (Use `node --trace-warnings ...` to show where the warning was created)

Running 200 tests using 2 workers

(node:620313) Warning: The 'NO_COLOR' env is ignored due to the 'FORCE_COLOR' env being set.
(Use `node --trace-warnings ...` to show where the warning was created)
(node:620312) Warning: The 'NO_COLOR' env is ignored due to the 'FORCE_COLOR' env being set.
(Use `node --trace-warnings ...` to show where the warning was created)
  ✓    2 [webkit] › tests/components/application.spec.ts:9:1 › real SDK composes two metadata-driven pages; logout clears details (607ms)
  ✘    1 [webkit] › tests/components/attachments-ergonomics.spec.ts:108:1 › attachment selection uses right inspector and exact confirmation binding (558ms)
(node:620548) Warning: The 'NO_COLOR' env is ignored due to the 'FORCE_COLOR' env being set.
(Use `node --trace-warnings ...` to show where the warning was created)
  ✓    3 [webkit] › tests/components/application.spec.ts:93:1 › real app reports unavailable session without simulated data (259ms)
  ✓    4 [webkit] › tests/components/application.spec.ts:106:1 › moving pages use native query anchors and previous refetches (477ms)
  ✘    5 [webkit] › tests/components/attachments-ergonomics.spec.ts:152:1 › lost reservation acknowledgement retains exact request and contents through inspector close (621ms)
(node:620778) Warning: The 'NO_COLOR' env is ignored due to the 'FORCE_COLOR' env being set.
(Use `node --trace-warnings ...` to show where the warning was created)
  ✓    6 [webkit] › tests/components/controls.spec.ts:7:1 › integer fields request a numeric mobile keyboard without losing exact input (637ms)
  ✓    7 [webkit] › tests/components/controls.spec.ts:19:1 › Resource references identify the target kind while accepting an exact ID (506ms)
  ✓    8 [webkit] › tests/components/attachments-ergonomics.spec.ts:198:1 › denied capability has explicit unavailable state and no successful empty list (396ms)
  ✓   10 [webkit] › tests/components/attachments-ergonomics.spec.ts:212:1 › mobile attachment details contain focus and return to selected row (521ms)
  ✘   11 [webkit] › tests/components/attachments-ergonomics.spec.ts:246:1 › lost upload response retries identical bytes and prevents pending navigation (450ms)
  ✓    9 [webkit] › tests/components/controls.spec.ts:30:1 › Resource controls preserve integer, presence, boolean and nested edits (1.3s)
(node:621093) Warning: The 'NO_COLOR' env is ignored due to the 'FORCE_COLOR' env being set.
(Use `node --trace-warnings ...` to show where the warning was created)
  ✓   13 [webkit] › tests/components/attachments-ergonomics.spec.ts:280:1 › attachment list error stays distinct from empty success and can refresh (478ms)
  ✓   14 [webkit] › tests/components/details.spec.ts:2:1 › selected Resource shows its current title as a direct editable field (331ms)
  ✓   15 [webkit] › tests/components/details.spec.ts:27:1 › direct boolean control keeps false and becomes an explicit edit only when switched (360ms)
  ✓   16 [webkit] › tests/components/details.spec.ts:42:1 › mobile Resource editor uses the full viewport and a concise heading (380ms)
  ✓   12 [webkit] › tests/components/controls.spec.ts:58:1 › same field hosts support custom codec, nested collections and generic action input (2.0s)
  ✓   17 [webkit] › tests/components/details.spec.ts:53:1 › live revision retains draft and disables stale submission until explicit reload (540ms)
  ✓   18 [webkit] › tests/components/controls.spec.ts:82:1 › expanded action input describes submission rather than Resource saving (646ms)
  ✓   19 [webkit] › tests/components/details.spec.ts:88:1 › an open field popup cannot mutate a draft after a newer revision (415ms)
  ✓   21 [webkit] › tests/components/details.spec.ts:117:1 › stale Resource keeps collection details readable without reopening mutation (420ms)
  ✓   20 [webkit] › tests/components/controls.spec.ts:91:1 › unsupported action stays visible, generic table selects, query emits values (724ms)
  ✓   22 [webkit] › tests/components/direct-form.spec.ts:3:1 › current null and absent fields are distinct from an empty value (280ms)
  ✓   24 [webkit] › tests/components/direct-form.spec.ts:14:1 › generic scalar fields fit label, control and actions in one mobile row (285ms)
  ✓   23 [webkit] › tests/components/controls.spec.ts:108:1 › keyboard controls and assembled accessibility (818ms)
  ✓   25 [webkit] › tests/components/direct-form.spec.ts:35:1 › choosing Set a value starts from the current value (710ms)
  ✓   27 [webkit] › tests/components/direct-form.spec.ts:53:1 › switching an invalid omitted field to a value resets its draft (709ms)
  ✓   26 [webkit] › tests/components/controls.spec.ts:118:1 › descriptor change retains an open draft and requires explicit reopen (1.1s)
  ✓   28 [webkit] › tests/components/direct-form.spec.ts:72:1 › nested null differs from an empty value in an expanded list editor (721ms)
  ✓   29 [webkit] › tests/components/controls.spec.ts:166:1 › invalid field keeps keyboard focus and cannot submit until corrected (633ms)
  ✓   30 [webkit] › tests/components/direct-form.spec.ts:105:1 › large collections remain readable when editing is bounded (330ms)
  ✓   31 [webkit] › tests/components/controls.spec.ts:192:1 › shared Select Checkbox and submit keyboard semantics preserve a boolean (393ms)
  ✓   32 [webkit] › tests/components/direct-form.spec.ts:118:1 › descriptor change keeps existing collection available for read-only inspection (380ms)
  ✓   33 [webkit] › tests/components/controls.spec.ts:212:1 › optional remove and empty string remain distinct from omitted fields (1.3s)
  ✓   34 [webkit] › tests/components/direct-form.spec.ts:133:1 › direct fields distinguish unchanged, false, zero, empty, null and removal (1.7s)
  ✓   36 [webkit] › tests/components/filter-workspace.spec.ts:54:1 › compact actions keep their names and the inspector toggle stays on the right (406ms)
  ✓   35 [webkit] › tests/components/controls.spec.ts:233:1 › nested invalid input survives sibling edits and removal releases only its error (1.3s)
  ✓   37 [webkit] › tests/components/filter-workspace.spec.ts:111:1 › quick and full filters share draft without querying until Apply (1.1s)
  ✓   39 [webkit] › tests/components/filter-workspace.spec.ts:166:1 › Resource draft survives filter tab, Apply and mobile inspector lifecycle (1.1s)
  ✓   38 [webkit] › tests/components/controls.spec.ts:254:1 › enum reference and prototype-shaped map keys use generic controls (2.0s)
  ✓   41 [webkit] › tests/components/controls.spec.ts:274:1 › opaque input uses the shared strict lossless codec (407ms)
  ✓   40 [webkit] › tests/components/filter-workspace.spec.ts:229:1 › invalid filter input survives popover close and switching editors (1.1s)
  ✓   42 [webkit] › tests/components/controls.spec.ts:290:1 › sort field is independent from filter field (1.2s)
  ✓   43 [webkit] › tests/components/filter-workspace.spec.ts:292:1 › removing an earlier rule preserves the later rule's invalid draft (735ms)
  ✓   44 [webkit] › tests/components/controls.spec.ts:304:1 › sort picker excludes collection fields but retains scalar fields (342ms)
  ✓   45 [webkit] › tests/components/filter-workspace.spec.ts:328:1 › descriptor change permits explicit discard of an obsolete filter (663ms)
  ✓   47 [webkit] › tests/components/filter-workspace.spec.ts:360:1 › invalid input after an applied numeric filter is marked pending (723ms)
  ✓   48 [webkit] › tests/components/generic-presentation.spec.ts:7:1 › shared mode picker uses keyboard and keeps nullable operation controlled (837ms)
  ✓   49 [webkit] › tests/components/generic-presentation.spec.ts:26:1 › shared query picker preserves independent sort selection and closes on Escape (650ms)
  ✓   46 [webkit] › tests/components/controls.spec.ts:319:1 › wrapped custom codecs apply only to leaves; unknown leaves remain read-only (2.9s)
  ✓   50 [webkit] › tests/components/login-ergonomics.spec.ts:3:1 › sign-in providers stay readable on narrow screens and preserve exact login route (310ms)
  ✓   52 [webkit] › tests/components/login-ergonomics.spec.ts:53:1 › unavailable session presents retry without exposing workspace values (294ms)
  ✓   51 [webkit] › tests/components/controls.spec.ts:383:1 › query filters preserve wrapper provenance and edit only registered leaves (561ms)
  ✓   53 [webkit] › tests/components/login-ergonomics.spec.ts:74:1 › primary provider auto-redirect retains explicit sign-in choice (365ms)
  ✓   55 [webkit] › tests/components/login-ergonomics.spec.ts:105:1 › expired session clears protected values and explains sign-in (338ms)
ROM_TABLE_FRAME {"engine":"webkit","rows":100,"columns":16,"cells_before":1600,"cells_after_clear":0,"navigation_to_visible_frame_ms":439,"clear_to_frame_ms":88,"api_requests":0,"scope":"Local descriptor-only browser fixture, warm asset cache, real generic ResourceTable and custom codec renderers. Navigation includes module execution and frame scheduling. DOM retention count, not heap reclamation or database/parser cost."}
  ✓   54 [webkit] › tests/components/controls.spec.ts:399:3 › finite generic table 100 row frame and DOM retention sample (835ms)
  ✓   56 [webkit] › tests/components/login-ergonomics.spec.ts:172:1 › expired authenticated response retains available provider sign-in (264ms)
  ✓   58 [webkit] › tests/components/presentation-ux.spec.ts:53:1 › generic Resource presentation separates human title, field label, and exact identity (399ms)
  ✓   59 [webkit] › tests/components/presentation-ux.spec.ts:82:1 › mobile Resource details returns focus to the actual row opener (336ms)
  ✓   60 [webkit] › tests/components/reference-picker.spec.ts:7:1 › reference lookup is lazy and chooses an authorized title without changing exact identity or main navigation (424ms)
  ✓   61 [webkit] › tests/components/reference-picker.spec.ts:30:1 › debounced search filters bounded candidates and Escape restores focus (664ms)
  ✓   62 [webkit] › tests/components/reference-picker.spec.ts:68:1 › denied lookup preserves the exact ID fallback and never reports an empty successful search (345ms)
  ✓   63 [webkit] › tests/components/reference-picker.spec.ts:88:1 › withheld titles use the shared safe fallback and undisclosed kinds do not query (318ms)
ROM_TABLE_FRAME {"engine":"webkit","rows":500,"columns":16,"cells_before":8000,"cells_after_clear":0,"navigation_to_visible_frame_ms":1780,"clear_to_frame_ms":971,"api_requests":0,"scope":"Local descriptor-only browser fixture, warm asset cache, real generic ResourceTable and custom codec renderers. Navigation includes module execution and frame scheduling. DOM retention count, not heap reclamation or database/parser cost."}
  ✓   57 [webkit] › tests/components/controls.spec.ts:399:3 › finite generic table 500 row frame and DOM retention sample (3.1s)
  ✓   65 [webkit] › tests/components/renderer-regressions.spec.ts:14:3 › generic display exposes visible text for Scalar text (259ms)
  ✓   64 [webkit] › tests/components/reference-picker.spec.ts:109:1 › session invalidation removes delayed and selected descriptions without erasing an exact ID (1.1s)
  ✓   66 [webkit] › tests/components/renderer-regressions.spec.ts:14:3 › generic display exposes visible text for Scalar zero (251ms)
  ✓   67 [webkit] › tests/components/reference-picker.spec.ts:130:1 › without lookup context the supported reference stays an exact ID editor (276ms)
  ✓   68 [webkit] › tests/components/renderer-regressions.spec.ts:14:3 › generic display exposes visible text for Scalar false (291ms)
  ✓   70 [webkit] › tests/components/renderer-regressions.spec.ts:14:3 › generic display exposes visible text for Explicit null (283ms)
  ✓   69 [webkit] › tests/components/reference-picker.spec.ts:143:1 › the picker remains inside a narrow mobile viewport (344ms)
  ✓   71 [webkit] › tests/components/renderer-regressions.spec.ts:14:3 › generic display exposes visible text for Missing optional (276ms)
  ✓   73 [webkit] › tests/components/renderer-regressions.spec.ts:14:3 › generic display exposes visible text for Empty codec list (254ms)
  ✓   74 [webkit] › tests/components/renderer-regressions.spec.ts:14:3 › generic display exposes visible text for Empty codec map (245ms)
  ✓   75 [webkit] › tests/components/renderer-regressions.spec.ts:40:1 › mobile nested Select remains usable after scrolling its Sheet (735ms)
  ✓   76 [webkit] › tests/components/renderer-regressions.spec.ts:76:1 › mobile nested Select dismisses by ordinary outside click without closing its Sheet (638ms)
  ✓   72 [webkit] › tests/components/reference-picker.spec.ts:164:1 › search requests are capped per open picker while exact ID editing remains available (2.6s)
  ✓   77 [webkit] › tests/components/renderer-regressions.spec.ts:103:1 › mobile Escape dismisses Select before Sheet and restores toolbar focus (547ms)
  ✓   78 [webkit] › tests/components/reference-picker.spec.ts:197:1 › selected authorized descriptions disappear with the session while the exact ID stays intact (492ms)
  ✓   79 [webkit] › tests/components/right-inspector.spec.ts:3:1 › right inspector toggles by keyboard and preserves filter drafts (443ms)
  ✓   80 [webkit] › tests/components/reference-picker.spec.ts:215:1 › empty reference input reports the canonical field path without replacing the last value (291ms)
  ✓   81 [webkit] › tests/components/right-inspector.spec.ts:52:1 › right mobile Sheet restores toggle focus and preserves Resource draft across resize (466ms)
  ✓   82 [webkit] › tests/components/reference-picker.spec.ts:224:1 › a denied relookup retires the previously selected title and preserves the ID (509ms)
  ✓   83 [webkit] › tests/components/semantic-fields.spec.ts:3:1 › standard fields provide shared compact controls without application renderers (368ms)
  ✓   85 [webkit] › tests/components/semantic-fields.spec.ts:42:1 › invalid semantic drafts block submission and retain the user's exact input (317ms)
  ✓   84 [webkit] › tests/components/settings-presentation.spec.ts:72:1 › Settings groups disclosed plugin Resources and uses the authorized patch path (816ms)
  ✓   86 [webkit] › tests/components/semantic-fields.spec.ts:67:1 › expanded document preserves numeric tokens and multiline source (554ms)
  ✓   87 [webkit] › tests/components/settings-presentation.spec.ts:120:1 › Settings exposes no group when discovery discloses no settings metadata (348ms)
  ✓   89 [webkit] › tests/components/sortable-fields.spec.ts:10:1 › manual reorder keeps invalid duplicate row draft and blocks resource submission (1.0s)
  ✓   88 [webkit] › tests/components/shell-presentation.spec.ts:3:1 › mobile sidebar opens, selects a descriptor and returns space to the page (1.3s)
  ✓   91 [webkit] › tests/components/work-presentation.spec.ts:79:1 › Work loads readable snapshots automatically and applies operator filters (547ms)
  ✓   90 [webkit] › tests/components/sortable-fields.spec.ts:40:1 › keyboard drag submits only canonical values and retains duplicate identity (647ms)
  ✓   92 [webkit] › tests/components/work-presentation.spec.ts:111:1 › Work inspector close preserves the exact recovery retry request (641ms)
  ✓   94 [webkit] › tests/components/work-presentation.spec.ts:144:1 › mobile Work details returns focus to the actual row opener (443ms)
  ✓   93 [webkit] › tests/components/sortable-fields.spec.ts:63:1 › pointer reorder keeps invalid drafts attached and removal clears row error (1.1s)
(node:625572) Warning: The 'NO_COLOR' env is ignored due to the 'FORCE_COLOR' env being set.
(Use `node --trace-warnings ...` to show where the warning was created)
  ✓   95 [webkit] › tests/components/sortable-fields.spec.ts:98:1 › readonly and bounded lists expose no drag or mutation controls (281ms)
  ✓   97 [chromium] › tests/components/application.spec.ts:9:1 › real SDK composes two metadata-driven pages; logout clears details (550ms)
  ✓   98 [chromium] › tests/components/application.spec.ts:93:1 › real app reports unavailable session without simulated data (169ms)
  ✓   96 [webkit] › tests/components/sortable-fields.spec.ts:114:1 › codec row draft survives pointer replacement without losing exact decimal source (1.0s)
  ✓   99 [chromium] › tests/components/application.spec.ts:106:1 › moving pages use native query anchors and previous refetches (675ms)
  ✓  101 [chromium] › tests/components/attachments-ergonomics.spec.ts:108:1 › attachment selection uses right inspector and exact confirmation binding (534ms)
  ✓  100 [webkit] › tests/components/sortable-fields.spec.ts:152:1 › action inputs use the same canonical list reorder (1.1s)
  ✓  103 [webkit] › tests/components/sortable-fields.spec.ts:177:1 › filter candidates retain invalid row state after reorder (457ms)
  ✓  102 [chromium] › tests/components/attachments-ergonomics.spec.ts:152:1 › lost reservation acknowledgement retains exact request and contents through inspector close (547ms)
  -  104 [webkit] › tests/components/sortable-fields.spec.ts:200:1 › touch handle reorders a duplicate row without serializing drag metadata
  ✓  105 [chromium] › tests/components/attachments-ergonomics.spec.ts:198:1 › denied capability has explicit unavailable state and no successful empty list (246ms)
  ✓  107 [chromium] › tests/components/attachments-ergonomics.spec.ts:212:1 › mobile attachment details contain focus and return to selected row (368ms)
  ✓  108 [chromium] › tests/components/attachments-ergonomics.spec.ts:246:1 › lost upload response retries identical bytes and prevents pending navigation (378ms)
  ✓  106 [webkit] › tests/components/sortable-fields.spec.ts:252:1 › closing a keyboard drag releases the action and preserves the form candidate (1.1s)
  ✓  109 [chromium] › tests/components/attachments-ergonomics.spec.ts:280:1 › attachment list error stays distinct from empty success and can refresh (344ms)
  ✓  110 [chromium] › tests/components/details.spec.ts:2:1 › selected Resource shows its current title as a direct editable field (184ms)
(node:626241) Warning: The 'NO_COLOR' env is ignored due to the 'FORCE_COLOR' env being set.
(Use `node --trace-warnings ...` to show where the warning was created)
  ✓  111 [chromium] › tests/components/details.spec.ts:27:1 › direct boolean control keeps false and becomes an explicit edit only when switched (205ms)
  ✓  113 [chromium] › tests/components/details.spec.ts:42:1 › mobile Resource editor uses the full viewport and a concise heading (239ms)
  ✓  112 [chromium] › tests/components/controls.spec.ts:7:1 › integer fields request a numeric mobile keyboard without losing exact input (480ms)
  ✓  114 [chromium] › tests/components/details.spec.ts:53:1 › live revision retains draft and disables stale submission until explicit reload (381ms)
  ✓  116 [chromium] › tests/components/details.spec.ts:88:1 › an open field popup cannot mutate a draft after a newer revision (239ms)
  ✓  115 [chromium] › tests/components/controls.spec.ts:19:1 › Resource references identify the target kind while accepting an exact ID (370ms)
  ✓  117 [chromium] › tests/components/details.spec.ts:117:1 › stale Resource keeps collection details readable without reopening mutation (279ms)
  ✓  119 [chromium] › tests/components/direct-form.spec.ts:3:1 › current null and absent fields are distinct from an empty value (132ms)
  ✓  120 [chromium] › tests/components/direct-form.spec.ts:14:1 › generic scalar fields fit label, control and actions in one mobile row (152ms)
  ✓  118 [chromium] › tests/components/controls.spec.ts:30:1 › Resource controls preserve integer, presence, boolean and nested edits (905ms)
  ✓  121 [chromium] › tests/components/direct-form.spec.ts:35:1 › choosing Set a value starts from the current value (550ms)
  ✓  123 [chromium] › tests/components/direct-form.spec.ts:53:1 › switching an invalid omitted field to a value resets its draft (541ms)
  ✓  124 [chromium] › tests/components/direct-form.spec.ts:72:1 › nested null differs from an empty value in an expanded list editor (548ms)
  ✓  125 [chromium] › tests/components/direct-form.spec.ts:105:1 › large collections remain readable when editing is bounded (189ms)
  ✓  126 [chromium] › tests/components/direct-form.spec.ts:118:1 › descriptor change keeps existing collection available for read-only inspection (207ms)
  ✓  122 [chromium] › tests/components/controls.spec.ts:58:1 › same field hosts support custom codec, nested collections and generic action input (1.7s)
  ✓  128 [chromium] › tests/components/controls.spec.ts:82:1 › expanded action input describes submission rather than Resource saving (350ms)
  ✓  129 [chromium] › tests/components/controls.spec.ts:91:1 › unsupported action stays visible, generic table selects, query emits values (412ms)
  ✓  127 [chromium] › tests/components/direct-form.spec.ts:133:1 › direct fields distinguish unchanged, false, zero, empty, null and removal (1.4s)
  ✓  130 [chromium] › tests/components/controls.spec.ts:108:1 › keyboard controls and assembled accessibility (581ms)
  ✓  131 [chromium] › tests/components/filter-workspace.spec.ts:54:1 › compact actions keep their names and the inspector toggle stays on the right (260ms)
  ✓  132 [chromium] › tests/components/controls.spec.ts:118:1 › descriptor change retains an open draft and requires explicit reopen (911ms)
  ✓  133 [chromium] › tests/components/filter-workspace.spec.ts:111:1 › quick and full filters share draft without querying until Apply (893ms)
  ✓  134 [chromium] › tests/components/controls.spec.ts:166:1 › invalid field keeps keyboard focus and cannot submit until corrected (362ms)
  ✓  136 [chromium] › tests/components/controls.spec.ts:192:1 › shared Select Checkbox and submit keyboard semantics preserve a boolean (192ms)
  ✓  135 [chromium] › tests/components/filter-workspace.spec.ts:166:1 › Resource draft survives filter tab, Apply and mobile inspector lifecycle (884ms)
  ✓  137 [chromium] › tests/components/controls.spec.ts:212:1 › optional remove and empty string remain distinct from omitted fields (938ms)
  ✓  138 [chromium] › tests/components/filter-workspace.spec.ts:229:1 › invalid filter input survives popover close and switching editors (870ms)
  ✓  139 [chromium] › tests/components/controls.spec.ts:233:1 › nested invalid input survives sibling edits and removal releases only its error (860ms)
  ✓  140 [chromium] › tests/components/filter-workspace.spec.ts:292:1 › removing an earlier rule preserves the later rule's invalid draft (488ms)
  ✓  142 [chromium] › tests/components/filter-workspace.spec.ts:328:1 › descriptor change permits explicit discard of an obsolete filter (470ms)
  ✓  143 [chromium] › tests/components/filter-workspace.spec.ts:360:1 › invalid input after an applied numeric filter is marked pending (462ms)
  ✓  144 [chromium] › tests/components/generic-presentation.spec.ts:7:1 › shared mode picker uses keyboard and keeps nullable operation controlled (427ms)
  ✓  141 [chromium] › tests/components/controls.spec.ts:254:1 › enum reference and prototype-shaped map keys use generic controls (1.6s)
  ✓  146 [chromium] › tests/components/controls.spec.ts:274:1 › opaque input uses the shared strict lossless codec (221ms)
  ✓  145 [chromium] › tests/components/generic-presentation.spec.ts:26:1 › shared query picker preserves independent sort selection and closes on Escape (490ms)
  ✓  148 [chromium] › tests/components/login-ergonomics.spec.ts:3:1 › sign-in providers stay readable on narrow screens and preserve exact login route (136ms)
  ✓  149 [chromium] › tests/components/login-ergonomics.spec.ts:53:1 › unavailable session presents retry without exposing workspace values (162ms)
  ✓  150 [chromium] › tests/components/login-ergonomics.spec.ts:74:1 › primary provider auto-redirect retains explicit sign-in choice (197ms)
  ✓  151 [chromium] › tests/components/login-ergonomics.spec.ts:105:1 › expired session clears protected values and explains sign-in (193ms)
  ✓  147 [chromium] › tests/components/controls.spec.ts:290:1 › sort field is independent from filter field (896ms)
  ✓  152 [chromium] › tests/components/login-ergonomics.spec.ts:172:1 › expired authenticated response retains available provider sign-in (131ms)
  ✓  153 [chromium] › tests/components/controls.spec.ts:304:1 › sort picker excludes collection fields but retains scalar fields (200ms)
  ✓  154 [chromium] › tests/components/presentation-ux.spec.ts:53:1 › generic Resource presentation separates human title, field label, and exact identity (261ms)
  ✓  156 [chromium] › tests/components/presentation-ux.spec.ts:82:1 › mobile Resource details returns focus to the actual row opener (191ms)
  ✓  157 [chromium] › tests/components/reference-picker.spec.ts:7:1 › reference lookup is lazy and chooses an authorized title without changing exact identity or main navigation (308ms)
  ✓  158 [chromium] › tests/components/reference-picker.spec.ts:30:1 › debounced search filters bounded candidates and Escape restores focus (512ms)
  ✓  159 [chromium] › tests/components/reference-picker.spec.ts:68:1 › denied lookup preserves the exact ID fallback and never reports an empty successful search (213ms)
  ✓  160 [chromium] › tests/components/reference-picker.spec.ts:88:1 › withheld titles use the shared safe fallback and undisclosed kinds do not query (181ms)
  ✓  155 [chromium] › tests/components/controls.spec.ts:319:1 › wrapped custom codecs apply only to leaves; unknown leaves remain read-only (2.4s)
  ✓  161 [chromium] › tests/components/reference-picker.spec.ts:109:1 › session invalidation removes delayed and selected descriptions without erasing an exact ID (938ms)
  ✓  163 [chromium] › tests/components/reference-picker.spec.ts:130:1 › without lookup context the supported reference stays an exact ID editor (113ms)
  ✓  162 [chromium] › tests/components/controls.spec.ts:383:1 › query filters preserve wrapper provenance and edit only registered leaves (379ms)
  ✓  164 [chromium] › tests/components/reference-picker.spec.ts:143:1 › the picker remains inside a narrow mobile viewport (196ms)
ROM_TABLE_FRAME {"engine":"chromium","rows":100,"columns":16,"cells_before":1600,"cells_after_clear":0,"navigation_to_visible_frame_ms":213.80000001192093,"clear_to_frame_ms":55,"api_requests":0,"scope":"Local descriptor-only browser fixture, warm asset cache, real generic ResourceTable and custom codec renderers. Navigation includes module execution and frame scheduling. DOM retention count, not heap reclamation or database/parser cost."}
  ✓  165 [chromium] › tests/components/controls.spec.ts:399:3 › finite generic table 100 row frame and DOM retention sample (435ms)
ROM_TABLE_FRAME {"engine":"chromium","rows":500,"columns":16,"cells_before":8000,"cells_after_clear":0,"navigation_to_visible_frame_ms":842.7000000476837,"clear_to_frame_ms":94.09999996423721,"api_requests":0,"scope":"Local descriptor-only browser fixture, warm asset cache, real generic ResourceTable and custom codec renderers. Navigation includes module execution and frame scheduling. DOM retention count, not heap reclamation or database/parser cost."}
  ✓  167 [chromium] › tests/components/controls.spec.ts:399:3 › finite generic table 500 row frame and DOM retention sample (1.2s)
  ✓  168 [chromium] › tests/components/renderer-regressions.spec.ts:14:3 › generic display exposes visible text for Scalar text (113ms)
  ✓  169 [chromium] › tests/components/renderer-regressions.spec.ts:14:3 › generic display exposes visible text for Scalar zero (115ms)
  ✓  170 [chromium] › tests/components/renderer-regressions.spec.ts:14:3 › generic display exposes visible text for Scalar false (113ms)
  ✓  171 [chromium] › tests/components/renderer-regressions.spec.ts:14:3 › generic display exposes visible text for Explicit null (113ms)
  ✓  172 [chromium] › tests/components/renderer-regressions.spec.ts:14:3 › generic display exposes visible text for Missing optional (120ms)
  ✓  173 [chromium] › tests/components/renderer-regressions.spec.ts:14:3 › generic display exposes visible text for Empty codec list (127ms)
  ✓  174 [chromium] › tests/components/renderer-regressions.spec.ts:14:3 › generic display exposes visible text for Empty codec map (117ms)
  ✓  166 [chromium] › tests/components/reference-picker.spec.ts:164:1 › search requests are capped per open picker while exact ID editing remains available (2.4s)
  ✓  176 [chromium] › tests/components/reference-picker.spec.ts:197:1 › selected authorized descriptions disappear with the session while the exact ID stays intact (319ms)
  ✓  177 [chromium] › tests/components/reference-picker.spec.ts:215:1 › empty reference input reports the canonical field path without replacing the last value (125ms)
  ✓  175 [chromium] › tests/components/renderer-regressions.spec.ts:40:1 › mobile nested Select remains usable after scrolling its Sheet (569ms)
  ✓  178 [chromium] › tests/components/reference-picker.spec.ts:224:1 › a denied relookup retires the previously selected title and preserves the ID (377ms)
  ✓  179 [chromium] › tests/components/renderer-regressions.spec.ts:76:1 › mobile nested Select dismisses by ordinary outside click without closing its Sheet (543ms)
  ✓  180 [chromium] › tests/components/right-inspector.spec.ts:3:1 › right inspector toggles by keyboard and preserves filter drafts (235ms)
  ✓  182 [chromium] › tests/components/right-inspector.spec.ts:52:1 › right mobile Sheet restores toggle focus and preserves Resource draft across resize (268ms)
  ✓  181 [chromium] › tests/components/renderer-regressions.spec.ts:103:1 › mobile Escape dismisses Select before Sheet and restores toolbar focus (442ms)
  ✓  183 [chromium] › tests/components/semantic-fields.spec.ts:3:1 › standard fields provide shared compact controls without application renderers (228ms)
  ✓  185 [chromium] › tests/components/semantic-fields.spec.ts:42:1 › invalid semantic drafts block submission and retain the user's exact input (189ms)
  ✓  184 [chromium] › tests/components/settings-presentation.spec.ts:72:1 › Settings groups disclosed plugin Resources and uses the authorized patch path (578ms)
  ✓  186 [chromium] › tests/components/semantic-fields.spec.ts:67:1 › expanded document preserves numeric tokens and multiline source (397ms)
  ✓  187 [chromium] › tests/components/settings-presentation.spec.ts:120:1 › Settings exposes no group when discovery discloses no settings metadata (216ms)
  ✓  189 [chromium] › tests/components/sortable-fields.spec.ts:10:1 › manual reorder keeps invalid duplicate row draft and blocks resource submission (867ms)
  ✓  188 [chromium] › tests/components/shell-presentation.spec.ts:3:1 › mobile sidebar opens, selects a descriptor and returns space to the page (1.1s)
  ✓  190 [chromium] › tests/components/sortable-fields.spec.ts:40:1 › keyboard drag submits only canonical values and retains duplicate identity (445ms)
  ✓  191 [chromium] › tests/components/work-presentation.spec.ts:79:1 › Work loads readable snapshots automatically and applies operator filters (407ms)
  ✓  193 [chromium] › tests/components/work-presentation.spec.ts:111:1 › Work inspector close preserves the exact recovery retry request (512ms)
  ✓  194 [chromium] › tests/components/work-presentation.spec.ts:144:1 › mobile Work details returns focus to the actual row opener (294ms)
  ✓  192 [chromium] › tests/components/sortable-fields.spec.ts:63:1 › pointer reorder keeps invalid drafts attached and removal clears row error (1.1s)
  ✓  195 [chromium] › tests/components/sortable-fields.spec.ts:98:1 › readonly and bounded lists expose no drag or mutation controls (145ms)
  ✓  196 [chromium] › tests/components/sortable-fields.spec.ts:114:1 › codec row draft survives pointer replacement without losing exact decimal source (1.1s)
  ✓  197 [chromium] › tests/components/sortable-fields.spec.ts:152:1 › action inputs use the same canonical list reorder (831ms)
  ✓  198 [chromium] › tests/components/sortable-fields.spec.ts:177:1 › filter candidates retain invalid row state after reorder (224ms)
  ✓  199 [chromium] › tests/components/sortable-fields.spec.ts:200:1 › touch handle reorders a duplicate row without serializing drag metadata (1.7s)
  ✓  200 [chromium] › tests/components/sortable-fields.spec.ts:252:1 › closing a keyboard drag releases the action and preserves the form candidate (698ms)


  1) [webkit] › tests/components/attachments-ergonomics.spec.ts:108:1 › attachment selection uses right inspector and exact confirmation binding 

    Error: browserContext.grantPermissions: Unknown permission: clipboard-write

      122 |     details.getByRole("heading", { name: "Annual report", exact: true }),
      123 |   ).toBeVisible();
    > 124 |   await page.context().grantPermissions(["clipboard-read", "clipboard-write"]);
          |                        ^
      125 |   await details
      126 |     .getByRole("button", { name: "Copy attachment ID", exact: true })
      127 |     .click();
        at /root/ROM/studio/tests/components/attachments-ergonomics.spec.ts:124:24

    Error Context: test-results/attachments-ergonomics-att-9d72d--exact-confirmation-binding-webkit/error-context.md

  2) [webkit] › tests/components/attachments-ergonomics.spec.ts:152:1 › lost reservation acknowledgement retains exact request and contents through inspector close 

    TypeError: Cannot read properties of null (reading 'toString')

      77 |     if (endpoint.startsWith("upload?")) {
      78 |       const id = new URL(request.url()).searchParams.get("id")!;
    > 79 |       uploads.push({ id, bytes: request.postDataBuffer()!.toString() });
         |                                                         ^
      80 |       if (loseUpload && uploads.length === 1) return route.abort("failed");
      81 |       return route.fulfill({ json: { status: "attached", resource: row(id) } });
      82 |     }
        at /root/ROM/studio/tests/components/attachments-ergonomics.spec.ts:79:57

    Error Context: test-results/attachments-ergonomics-los-f64f9-nts-through-inspector-close-webkit/error-context.md

  3) [webkit] › tests/components/attachments-ergonomics.spec.ts:246:1 › lost upload response retries identical bytes and prevents pending navigation 

    TypeError: Cannot read properties of null (reading 'toString')

      77 |     if (endpoint.startsWith("upload?")) {
      78 |       const id = new URL(request.url()).searchParams.get("id")!;
    > 79 |       uploads.push({ id, bytes: request.postDataBuffer()!.toString() });
         |                                                         ^
      80 |       if (loseUpload && uploads.length === 1) return route.abort("failed");
      81 |       return route.fulfill({ json: { status: "attached", resource: row(id) } });
      82 |     }
        at /root/ROM/studio/tests/components/attachments-ergonomics.spec.ts:79:57

    Error: expect(locator).toBeVisible() failed

    Locator: getByRole('button', { name: 'Retry same attachment', exact: true })
    Expected: visible
    Error: element(s) not found

    Call log:
      - Expect "toBeVisible" getByRole('button', { name: 'Retry same attachment', exact: true }) with timeout 5000ms
      - waiting for getByRole('button', { name: 'Retry same attachment', exact: true })
      - Test ended.


      262 |   await expect(
      263 |     page.getByRole("button", { name: "Retry same attachment", exact: true }),
    > 264 |   ).toBeVisible();
          |     ^
      265 |   await expect(
      266 |     page.getByRole("button", { name: "Work", exact: true }),
      267 |   ).toHaveAttribute("aria-disabled", "true");
        at /root/ROM/studio/tests/components/attachments-ergonomics.spec.ts:264:5

    Error Context: test-results/attachments-ergonomics-los-3c7e4-prevents-pending-navigation-webkit/error-context.md

  3 failed
    [webkit] › tests/components/attachments-ergonomics.spec.ts:108:1 › attachment selection uses right inspector and exact confirmation binding 
    [webkit] › tests/components/attachments-ergonomics.spec.ts:152:1 › lost reservation acknowledgement retains exact request and contents through inspector close 
    [webkit] › tests/components/attachments-ergonomics.spec.ts:246:1 › lost upload response retries identical bytes and prevents pending navigation 
  1 skipped
  196 passed (1.1m)
