
> rom-studio@0.0.2 build:components
> vite build --mode components --outDir .component-dist

vite v8.3.2 building client environment for components...
transforming...
✓ 179 modules transformed.
rendering chunks...
computing gzip size...
.component-dist/tests/components/details.html                                         0.49 kB │ gzip:  0.27 kB
.component-dist/tests/components/harness.html                                         0.61 kB │ gzip:  0.33 kB
.component-dist/index.html                                                            0.63 kB │ gzip:  0.33 kB
.component-dist/notices/npm/cn/0.3.3/LICENSE                                          1.06 kB
.component-dist/notices/npm/tailwindcss/4.3.3/LICENSE                                 1.07 kB
.component-dist/notices/npm/tailwind-variants/3.3.1/LICENSE                           1.07 kB
.component-dist/notices/npm/clsx/2.1.1/license                                        1.10 kB
.component-dist/notices/npm/svelte/5.57.1/LICENSE.md                                  1.12 kB
.component-dist/notices/vendored/shadcn-svelte-vendored/source-checkout/LICENSE.md    1.19 kB
.component-dist/notices/tool-runtime/rolldown/1.2.12/LICENSE                          1.30 kB
.component-dist/notices/tool-runtime/rolldown/1.2.12/THIRD-PARTY-LICENSE              2.20 kB
.component-dist/third-party-notices.json                                             25.41 kB │ gzip:  2.87 kB
.component-dist/notices/tool-runtime/vite/8.3.2/LICENSE.md                          108.78 kB
.component-dist/assets/app-D0oHaqBV.css                                              23.56 kB │ gzip:  5.34 kB
.component-dist/assets/details-Cfe1fKoF.js                                            0.80 kB │ gzip:  0.52 kB
.component-dist/assets/ResourceDetails-CEIpgE_B.js                                    2.23 kB │ gzip:  1.11 kB
.component-dist/assets/components-CChKPKgN.js                                         3.79 kB │ gzip:  1.59 kB
.component-dist/assets/QueryEditor-D8_1TZq3.js                                        7.78 kB │ gzip:  2.56 kB
.component-dist/assets/main-Dok6zSN-.js                                              46.54 kB │ gzip: 14.94 kB
.component-dist/assets/app-KOG3u37V.js                                              143.94 kB │ gzip: 50.26 kB

✓ built in 301ms
