[WebServer] (node:2937945) Warning: The 'NO_COLOR' env is ignored due to the 'FORCE_COLOR' env being set.
[WebServer] (Use `node --trace-warnings ...` to show where the warning was created)

Running 6 tests using 2 workers

(node:2938055) Warning: The 'NO_COLOR' env is ignored due to the 'FORCE_COLOR' env being set.
(Use `node --trace-warnings ...` to show where the warning was created)
(node:2938063) Warning: The 'NO_COLOR' env is ignored due to the 'FORCE_COLOR' env being set.
(Use `node --trace-warnings ...` to show where the warning was created)
  ✘  2 [webkit] › tests/components/controls.spec.ts:81:1 › descriptor change retains an open draft and requires explicit reopen (15.0s)
  ✘  1 [chromium] › tests/components/controls.spec.ts:81:1 › descriptor change retains an open draft and requires explicit reopen (15.0s)
(node:2938465) Warning: The 'NO_COLOR' env is ignored due to the 'FORCE_COLOR' env being set.
(Use `node --trace-warnings ...` to show where the warning was created)
(node:2938485) Warning: The 'NO_COLOR' env is ignored due to the 'FORCE_COLOR' env being set.
(Use `node --trace-warnings ...` to show where the warning was created)
  ✓  3 [webkit] › tests/components/controls.spec.ts:115:1 › invalid field keeps keyboard focus and cannot submit until corrected (372ms)
  ✓  4 [chromium] › tests/components/controls.spec.ts:115:1 › invalid field keeps keyboard focus and cannot submit until corrected (345ms)
  ✓  6 [chromium] › tests/components/controls.spec.ts:141:1 › native select checkbox and submit keyboard semantics preserve a boolean (134ms)
  ✓  5 [webkit] › tests/components/controls.spec.ts:141:1 › native select checkbox and submit keyboard semantics preserve a boolean (274ms)


  1) [webkit] › tests/components/controls.spec.ts:81:1 › descriptor change retains an open draft and requires explicit reopen 

    Test timeout of 15000ms exceeded.

    Error: locator.click: Test timeout of 15000ms exceeded.
    Call log:
      - waiting for getByRole('button', { name: 'Advance fixture descriptor' })


      86 |   await page.getByLabel("note mode", { exact: true }).selectOption("value");
      87 |   await page.getByLabel("note value", { exact: true }).fill("retained draft");
    > 88 |   await page.getByRole("button", { name: "Advance fixture descriptor" }).click();
         |                                                                          ^
      89 |   const form = page.locator("form").first();
      90 |   await expect(form.getByRole("alert")).toHaveText(
      91 |     "Resource definition changed. The draft is preserved. Reopen the form before submitting.",
        at /root/ROM/.worktrees/release-query-index/studio/tests/components/controls.spec.ts:88:74

    Error Context: test-results/controls-descriptor-change-836fa-nd-requires-explicit-reopen-webkit/error-context.md

  2) [chromium] › tests/components/controls.spec.ts:81:1 › descriptor change retains an open draft and requires explicit reopen 

    Test timeout of 15000ms exceeded.

    Error: locator.click: Test timeout of 15000ms exceeded.
    Call log:
      - waiting for getByRole('button', { name: 'Advance fixture descriptor' })


      86 |   await page.getByLabel("note mode", { exact: true }).selectOption("value");
      87 |   await page.getByLabel("note value", { exact: true }).fill("retained draft");
    > 88 |   await page.getByRole("button", { name: "Advance fixture descriptor" }).click();
         |                                                                          ^
      89 |   const form = page.locator("form").first();
      90 |   await expect(form.getByRole("alert")).toHaveText(
      91 |     "Resource definition changed. The draft is preserved. Reopen the form before submitting.",
        at /root/ROM/.worktrees/release-query-index/studio/tests/components/controls.spec.ts:88:74

    Error Context: test-results/controls-descriptor-change-836fa-nd-requires-explicit-reopen-chromium/error-context.md

  2 failed
    [webkit] › tests/components/controls.spec.ts:81:1 › descriptor change retains an open draft and requires explicit reopen 
    [chromium] › tests/components/controls.spec.ts:81:1 › descriptor change retains an open draft and requires explicit reopen 
  4 passed (17.8s)
