   Compiling rom-derive v0.0.2 (/workspace/ROM/.worktrees/release-query-index/crates/rom-derive)
    Checking h2 v0.4.19
    Checking rom v0.0.2 (/workspace/ROM/.worktrees/release-query-index/crates/rom)
    Checking hyper v1.11.1
    Checking hyper-util v0.1.21
    Checking tokio-rustls v0.26.6
    Checking hyper-rustls v0.27.10
    Checking reqwest v0.13.5
    Checking axum v0.8.9
    Checking rom-auth v0.0.2 (/workspace/ROM/.worktrees/release-query-index/crates/rom-auth)
    Checking rom-blob v0.0.2 (/workspace/ROM/.worktrees/release-query-index/crates/rom-blob)
    Checking rom-backup v0.0.2 (/workspace/ROM/.worktrees/release-query-index/crates/rom-backup)
    Checking object_store v0.14.2
    Checking rom-identity v0.0.2 (/workspace/ROM/.worktrees/release-query-index/crates/rom-identity)
    Checking rom-http v0.0.2 (/workspace/ROM/.worktrees/release-query-index/crates/rom-http)
    Checking rom-redb v0.0.2 (/workspace/ROM/.worktrees/release-query-index/crates/rom-redb)
    Checking rom-studio-host v0.0.2 (/workspace/ROM/.worktrees/release-query-index/crates/rom-studio-host)
    Checking rom-config v0.0.2 (/workspace/ROM/.worktrees/release-query-index/crates/rom-config)
    Checking rom-blob-object-store v0.0.2 (/workspace/ROM/.worktrees/release-query-index/crates/rom-blob-object-store)
    Checking rom-sqlite v0.0.2 (/workspace/ROM/.worktrees/release-query-index/crates/rom-sqlite)
    Checking rom-demo v0.0.2 (/workspace/ROM/.worktrees/release-query-index/demo)
    Finished `dev` profile [unoptimized + debuginfo] target(s) in 8.50s
