[WebServer] (node:2847389) Warning: The 'NO_COLOR' env is ignored due to the 'FORCE_COLOR' env being set.
[WebServer] (Use `node --trace-warnings ...` to show where the warning was created)

Running 2 tests using 2 workers

(node:2847444) Warning: The 'NO_COLOR' env is ignored due to the 'FORCE_COLOR' env being set.
(Use `node --trace-warnings ...` to show where the warning was created)
(node:2847445) Warning: The 'NO_COLOR' env is ignored due to the 'FORCE_COLOR' env being set.
(Use `node --trace-warnings ...` to show where the warning was created)
  ✘  2 [webkit] › tests/components/controls.spec.ts:234:1 › query filters preserve wrapper provenance and edit only registered leaves (30.0s)
  ✘  1 [chromium] › tests/components/controls.spec.ts:234:1 › query filters preserve wrapper provenance and edit only registered leaves (30.0s)


  1) [webkit] › tests/components/controls.spec.ts:234:1 › query filters preserve wrapper provenance and edit only registered leaves 

    Test timeout of 30000ms exceeded.

    Error: locator.click: Test timeout of 30000ms exceeded.
    Call log:
      - waiting for getByRole('button', { name: 'Add Query value item', exact: true })


      234 | test("query filters preserve wrapper provenance and edit only registered leaves", async ({ page }) => {
      235 |   await page.getByLabel("Query field").selectOption("codes");
    > 236 |   await page.getByRole("button", { name: "Add Query value item", exact: true }).click();
          |                                                                                 ^
      237 |   await page.getByLabel("Query value[0] custom value", { exact: true }).fill("FILTER");
      238 |   await page.getByRole("button", { name: "Apply query", exact: true }).click();
      239 |   await expect(page.getByTestId("query-submitted")).toContainText('"value":["FILTER"]');
        at /root/ROM/.worktrees/release-query-index/studio/tests/components/controls.spec.ts:236:81

    Error Context: test-results/controls-query-filters-pre-d6539-edit-only-registered-leaves-webkit/error-context.md

  2) [chromium] › tests/components/controls.spec.ts:234:1 › query filters preserve wrapper provenance and edit only registered leaves 

    Test timeout of 30000ms exceeded.

    Error: locator.click: Test timeout of 30000ms exceeded.
    Call log:
      - waiting for getByRole('button', { name: 'Add Query value item', exact: true })


      234 | test("query filters preserve wrapper provenance and edit only registered leaves", async ({ page }) => {
      235 |   await page.getByLabel("Query field").selectOption("codes");
    > 236 |   await page.getByRole("button", { name: "Add Query value item", exact: true }).click();
          |                                                                                 ^
      237 |   await page.getByLabel("Query value[0] custom value", { exact: true }).fill("FILTER");
      238 |   await page.getByRole("button", { name: "Apply query", exact: true }).click();
      239 |   await expect(page.getByTestId("query-submitted")).toContainText('"value":["FILTER"]');
        at /root/ROM/.worktrees/release-query-index/studio/tests/components/controls.spec.ts:236:81

    Error Context: test-results/controls-query-filters-pre-d6539-edit-only-registered-leaves-chromium/error-context.md

  2 failed
    [webkit] › tests/components/controls.spec.ts:234:1 › query filters preserve wrapper provenance and edit only registered leaves 
    [chromium] › tests/components/controls.spec.ts:234:1 › query filters preserve wrapper provenance and edit only registered leaves 
