TAP version 13
# (node:2051338) ExperimentalWarning: Type Stripping is an experimental feature and might change at any time
# (Use `node --trace-warnings ...` to show where the warning was created)
# Subtest: canonical query boundary survives cloning and float integer replay
ok 1 - canonical query boundary survives cloning and float integer replay
  ---
  duration_ms: 13.580832
  type: 'test'
  ...
# Subtest: anchors reject journal cursors and response identity changes
ok 2 - anchors reject journal cursors and response identity changes
  ---
  duration_ms: 0.704398
  type: 'test'
  ...
# Subtest: anchor admission rejects malformed native envelope members
not ok 3 - anchor admission rejects malformed native envelope members
  ---
  duration_ms: 0.397675
  type: 'test'
  location: '/workspace/ROM/.worktrees/release-query-index/studio/tests/unit/anchor.test.ts:55:1'
  failureType: 'testCodeFailure'
  error: 'Missing expected exception: {"version":1,"unexpected":true,"kind":"meter","schema_version":1,"filters":[],"comparisons":[],"order":[{"field":"value","direction":"asc"}],"id":"last","values":[{"state":"value","value":1.0}]}'
  code: 'ERR_ASSERTION'
  name: 'AssertionError'
  expected:
  operator: 'throws'
  stack: |-
    TestContext.<anonymous> (file:///workspace/ROM/.worktrees/release-query-index/studio/tests/unit/anchor.test.ts:70:12)
    Test.runInAsyncScope (node:async_hooks:214:14)
    Test.run (node:internal/test_runner/test:1047:25)
    Test.processPendingSubtests (node:internal/test_runner/test:744:18)
    Test.postRun (node:internal/test_runner/test:1173:19)
    Test.run (node:internal/test_runner/test:1101:12)
    async Test.processPendingSubtests (node:internal/test_runner/test:744:7)
  ...
# Subtest: anchor replies bind the requested literal order and predicate structure
not ok 4 - anchor replies bind the requested literal order and predicate structure
  ---
  duration_ms: 0.246428
  type: 'test'
  location: '/workspace/ROM/.worktrees/release-query-index/studio/tests/unit/anchor.test.ts:75:1'
  failureType: 'testCodeFailure'
  error: 'Missing expected exception.'
  code: 'ERR_ASSERTION'
  name: 'AssertionError'
  expected:
  operator: 'throws'
  stack: |-
    TestContext.<anonymous> (file:///workspace/ROM/.worktrees/release-query-index/studio/tests/unit/anchor.test.ts:77:10)
    Test.runInAsyncScope (node:async_hooks:214:14)
    Test.run (node:internal/test_runner/test:1047:25)
    Test.processPendingSubtests (node:internal/test_runner/test:744:18)
    Test.postRun (node:internal/test_runner/test:1173:19)
    Test.run (node:internal/test_runner/test:1101:12)
    async Test.processPendingSubtests (node:internal/test_runner/test:744:7)
  ...
# Subtest: anchor correspondence leaves canonical codec operands opaque
not ok 5 - anchor correspondence leaves canonical codec operands opaque
  ---
  duration_ms: 0.598587
  type: 'test'
  location: '/workspace/ROM/.worktrees/release-query-index/studio/tests/unit/anchor.test.ts:87:1'
  failureType: 'testCodeFailure'
  error: 'Missing expected exception.'
  code: 'ERR_ASSERTION'
  name: 'AssertionError'
  expected:
  operator: 'throws'
  stack: |-
    TestContext.<anonymous> (file:///workspace/ROM/.worktrees/release-query-index/studio/tests/unit/anchor.test.ts:105:13)
    Test.runInAsyncScope (node:async_hooks:214:14)
    Test.run (node:internal/test_runner/test:1047:25)
    Test.processPendingSubtests (node:internal/test_runner/test:744:18)
    Test.postRun (node:internal/test_runner/test:1173:19)
    Test.run (node:internal/test_runner/test:1101:12)
    async Test.processPendingSubtests (node:internal/test_runner/test:744:7)
  ...
# Subtest: anchor value states keep missing distinct from present null
ok 6 - anchor value states keep missing distinct from present null
  ---
  duration_ms: 0.28449
  type: 'test'
  ...
1..6
# tests 6
# suites 0
# pass 3
# fail 3
# cancelled 0
# skipped 0
# todo 0
# duration_ms 101.859678
