
> rom-studio@0.0.2 test:unit
> node --experimental-strip-types --test tests/unit/*.test.ts

TAP version 13
# (node:2045897) ExperimentalWarning: Type Stripping is an experimental feature and might change at any time
# (Use `node --trace-warnings ...` to show where the warning was created)
# Subtest: canonical query boundary survives cloning and float integer replay
ok 1 - canonical query boundary survives cloning and float integer replay
  ---
  duration_ms: 21.646321
  type: 'test'
  ...
# Subtest: anchors reject journal cursors and response identity changes
ok 2 - anchors reject journal cursors and response identity changes
  ---
  duration_ms: 0.707103
  type: 'test'
  ...
# (node:2045898) ExperimentalWarning: Type Stripping is an experimental feature and might change at any time
# (Use `node --trace-warnings ...` to show where the warning was created)
# Subtest: binds result identity and preserves revision, never accepts wrong resource
ok 3 - binds result identity and preserves revision, never accepts wrong resource
  ---
  duration_ms: 15.543641
  type: 'test'
  ...
# Subtest: lost response retains exact frozen request and key for explicit retry
ok 4 - lost response retains exact frozen request and key for explicit retry
  ---
  duration_ms: 0.926369
  type: 'test'
  ...
# Subtest: session generation rejects stale replies and old mutation retries
ok 5 - session generation rejects stale replies and old mutation retries
  ---
  duration_ms: 0.502424
  type: 'test'
  ...
# Subtest: denial is rejected, conflict is distinct and unknown outcome is recoverable
ok 6 - denial is rejected, conflict is distinct and unknown outcome is recoverable
  ---
  duration_ms: 1.157268
  type: 'test'
  ...
# Subtest: response bounds, content type and rows are enforced
ok 7 - response bounds, content type and rows are enforced
  ---
  duration_ms: 1.246888
  type: 'test'
  ...
# Subtest: public mutation status cannot bypass private ownership or reuse a failed attempt
ok 8 - public mutation status cannot bypass private ownership or reuse a failed attempt
  ---
  duration_ms: 0.218455
  type: 'test'
  ...
# Subtest: an unclassified server failure remains unknown and must not imply rollback
ok 9 - an unclassified server failure remains unknown and must not imply rollback
  ---
  duration_ms: 0.396393
  type: 'test'
  ...
# Subtest: receipt replay rechecks current server authority rather than returning a cached result
ok 10 - receipt replay rechecks current server authority rather than returning a cached result
  ---
  duration_ms: 1.123784
  type: 'test'
  ...
# (node:2045899) ExperimentalWarning: Type Stripping is an experimental feature and might change at any time
# (Use `node --trace-warnings ...` to show where the warning was created)
# Subtest: wire codec preserves boundary integers and ordinary false/zero/null/empty values
ok 11 - wire codec preserves boundary integers and ordinary false/zero/null/empty values
  ---
  duration_ms: 1.63246
  type: 'test'
  ...
# Subtest: wire parser rejects duplicate keys, oversized text, excessive nesting, and infinite numbers
ok 12 - wire parser rejects duplicate keys, oversized text, excessive nesting, and infinite numbers
  ---
  duration_ms: 0.610239
  type: 'test'
  ...
# Subtest: wire maps preserve reserved names without prototype mutation
ok 13 - wire maps preserve reserved names without prototype mutation
  ---
  duration_ms: 0.191404
  type: 'test'
  ...
# Subtest: wire encoder refuses nonfinite and recursive values before sending them
ok 14 - wire encoder refuses nonfinite and recursive values before sending them
  ---
  duration_ms: 0.24739
  type: 'test'
  ...
# Subtest: scalar normalization applies exact integer ranges and finite float semantics
ok 15 - scalar normalization applies exact integer ranges and finite float semantics
  ---
  duration_ms: 1.433964
  type: 'test'
  ...
# Subtest: object and patch encoders distinguish omission, null, value and removal
ok 16 - object and patch encoders distinguish omission, null, value and removal
  ---
  duration_ms: 0.476976
  type: 'test'
  ...
# Subtest: structural normalization bounds nesting and validates enums, references and maps
ok 17 - structural normalization bounds nesting and validates enums, references and maps
  ---
  duration_ms: 0.290121
  type: 'test'
  ...
# Subtest: malformed runtime modes and shapes are refused, not coerced
ok 18 - malformed runtime modes and shapes are refused, not coerced
  ---
  duration_ms: 0.140056
  type: 'test'
  ...
# Subtest: wire strings agree with Rust Unicode and preserve signed zero
ok 19 - wire strings agree with Rust Unicode and preserve signed zero
  ---
  duration_ms: 0.321721
  type: 'test'
  ...
# Subtest: array and map accessors are rejected without executing user code
ok 20 - array and map accessors are rejected without executing user code
  ---
  duration_ms: 0.412975
  type: 'test'
  ...
# Subtest: parsed floating integer tokens retain their Rust number category on replay
ok 21 - parsed floating integer tokens retain their Rust number category on replay
  ---
  duration_ms: 0.306833
  type: 'test'
  ...
# (node:2045900) ExperimentalWarning: Type Stripping is an experimental feature and might change at any time
# (Use `node --trace-warnings ...` to show where the warning was created)
# Subtest: accepts authorized descriptor and rejects duplicate or inconsistent metadata
ok 22 - accepts authorized descriptor and rejects duplicate or inconsistent metadata
  ---
  duration_ms: 19.974455
  type: 'test'
  ...
# Subtest: bounded POST stream handles split CRLF frames and surfaces terminal errors
ok 23 - bounded POST stream handles split CRLF frames and surfaces terminal errors
  ---
  duration_ms: 1.699889
  type: 'test'
  ...
# Subtest: stream rejects oversized frames and a wrong kind before disclosure
ok 24 - stream rejects oversized frames and a wrong kind before disclosure
  ---
  duration_ms: 0.780963
  type: 'test'
  ...
# Subtest: idle stream closes its reader on timeout and cancellation
ok 25 - idle stream closes its reader on timeout and cancellation
  ---
  duration_ms: 12.320639
  type: 'test'
  ...
# Subtest: stream flushes UTF8 decoder and treats silent EOF as stale
ok 26 - stream flushes UTF8 decoder and treats silent EOF as stale
  ---
  duration_ms: 1.380061
  type: 'test'
  ...
# Subtest: invalid stream media cancels its body, and opening errors retain server category
ok 27 - invalid stream media cancels its body, and opening errors retain server category
  ---
  duration_ms: 0.853972
  type: 'test'
  ...
# (node:2045901) ExperimentalWarning: Type Stripping is an experimental feature and might change at any time
# (Use `node --trace-warnings ...` to show where the warning was created)
# Subtest: journal validates cursor generation, kind and strictly advancing positions
ok 28 - journal validates cursor generation, kind and strictly advancing positions
  ---
  duration_ms: 17.042597
  type: 'test'
  ...
# (node:2045902) ExperimentalWarning: Type Stripping is an experimental feature and might change at any time
# (Use `node --trace-warnings ...` to show where the warning was created)
# Subtest: work reads bind handles and validate protocol, state and counters
ok 29 - work reads bind handles and validate protocol, state and counters
  ---
  duration_ms: 15.722871
  type: 'test'
  ...
# Subtest: operator control binds key, operation, history and coherent revision
ok 30 - operator control binds key, operation, history and coherent revision
  ---
  duration_ms: 1.862217
  type: 'test'
  ...
# Subtest: work capabilities and lists reject invalid booleans, handles, duplicate rows and limits
ok 31 - work capabilities and lists reject invalid booleans, handles, duplicate rows and limits
  ---
  duration_ms: 0.908967
  type: 'test'
  ...
# Subtest: response is bound to the original submitted control despite caller edits
ok 32 - response is bound to the original submitted control despite caller edits
  ---
  duration_ms: 0.363631
  type: 'test'
  ...
1..32
# tests 32
# suites 0
# pass 32
# fail 0
# cancelled 0
# skipped 0
# todo 0
# duration_ms 254.492794
