
Running 4 tests using 1 worker

(node:2874095) Warning: The 'NO_COLOR' env is ignored due to the 'FORCE_COLOR' env being set.
(Use `node --trace-warnings ...` to show where the warning was created)
oidc-provider WARNING: a quick start development-only in-memory adapter is used, you MUST change it in order to not lose all stateful provider data upon restart and to be able to share these between processes
  ✘  1 [chromium] › tests/runtime/host.spec.ts:311:3 › real sqlite OS SIGTERM drains accepted publication and OIDC work (221ms)
(node:2874473) Warning: The 'NO_COLOR' env is ignored due to the 'FORCE_COLOR' env being set.
(Use `node --trace-warnings ...` to show where the warning was created)
oidc-provider WARNING: a quick start development-only in-memory adapter is used, you MUST change it in order to not lose all stateful provider data upon restart and to be able to share these between processes
  ✘  2 [chromium] › tests/runtime/host.spec.ts:311:3 › real redb OS SIGTERM drains accepted publication and OIDC work (192ms)
(node:2874919) Warning: The 'NO_COLOR' env is ignored due to the 'FORCE_COLOR' env being set.
(Use `node --trace-warnings ...` to show where the warning was created)
oidc-provider WARNING: a quick start development-only in-memory adapter is used, you MUST change it in order to not lose all stateful provider data upon restart and to be able to share these between processes
  ✘  3 [webkit] › tests/runtime/host.spec.ts:311:3 › real sqlite OS SIGTERM drains accepted publication and OIDC work (315ms)
(node:2875280) Warning: The 'NO_COLOR' env is ignored due to the 'FORCE_COLOR' env being set.
(Use `node --trace-warnings ...` to show where the warning was created)
oidc-provider WARNING: a quick start development-only in-memory adapter is used, you MUST change it in order to not lose all stateful provider data upon restart and to be able to share these between processes
  ✘  4 [webkit] › tests/runtime/host.spec.ts:311:3 › real redb OS SIGTERM drains accepted publication and OIDC work (251ms)


  1) [chromium] › tests/runtime/host.spec.ts:311:3 › real sqlite OS SIGTERM drains accepted publication and OIDC work 

    Error: Host exited 1: Error: "usage: rom-demo [smoke|reference|operator|upgrade|serve] [sqlite|redb] [database] [port]"


       at host-fixture.mjs:64

      62 |       child.once("exit", (code) => {
      63 |         clearTimeout(timer);
    > 64 |         reject(Error(`Host exited ${code}: ${err}`));
         |                ^
      65 |       });
      66 |       child.stdout.on("data", (c) => {
      67 |         out = (out + c).slice(0, 65536);
        at ChildProcess.<anonymous> (/root/ROM/.worktrees/release-query-index/studio/tests/runtime/host-fixture.mjs:64:16)

    Error Context: test-results/host-real-sqlite-OS-SIGTER-6f441-d-publication-and-OIDC-work-chromium/error-context.md

  2) [chromium] › tests/runtime/host.spec.ts:311:3 › real redb OS SIGTERM drains accepted publication and OIDC work 

    Error: Host exited 1: Error: "usage: rom-demo [smoke|reference|operator|upgrade|serve] [sqlite|redb] [database] [port]"


       at host-fixture.mjs:64

      62 |       child.once("exit", (code) => {
      63 |         clearTimeout(timer);
    > 64 |         reject(Error(`Host exited ${code}: ${err}`));
         |                ^
      65 |       });
      66 |       child.stdout.on("data", (c) => {
      67 |         out = (out + c).slice(0, 65536);
        at ChildProcess.<anonymous> (/root/ROM/.worktrees/release-query-index/studio/tests/runtime/host-fixture.mjs:64:16)

    Error Context: test-results/host-real-redb-OS-SIGTERM--9c663-d-publication-and-OIDC-work-chromium/error-context.md

  3) [webkit] › tests/runtime/host.spec.ts:311:3 › real sqlite OS SIGTERM drains accepted publication and OIDC work 

    Error: Host exited 1: Error: "usage: rom-demo [smoke|reference|operator|upgrade|serve] [sqlite|redb] [database] [port]"


       at host-fixture.mjs:64

      62 |       child.once("exit", (code) => {
      63 |         clearTimeout(timer);
    > 64 |         reject(Error(`Host exited ${code}: ${err}`));
         |                ^
      65 |       });
      66 |       child.stdout.on("data", (c) => {
      67 |         out = (out + c).slice(0, 65536);
        at ChildProcess.<anonymous> (/root/ROM/.worktrees/release-query-index/studio/tests/runtime/host-fixture.mjs:64:16)

    Error Context: test-results/host-real-sqlite-OS-SIGTER-6f441-d-publication-and-OIDC-work-webkit/error-context.md

  4) [webkit] › tests/runtime/host.spec.ts:311:3 › real redb OS SIGTERM drains accepted publication and OIDC work 

    Error: Host exited 1: Error: "usage: rom-demo [smoke|reference|operator|upgrade|serve] [sqlite|redb] [database] [port]"


       at host-fixture.mjs:64

      62 |       child.once("exit", (code) => {
      63 |         clearTimeout(timer);
    > 64 |         reject(Error(`Host exited ${code}: ${err}`));
         |                ^
      65 |       });
      66 |       child.stdout.on("data", (c) => {
      67 |         out = (out + c).slice(0, 65536);
        at ChildProcess.<anonymous> (/root/ROM/.worktrees/release-query-index/studio/tests/runtime/host-fixture.mjs:64:16)

    Error Context: test-results/host-real-redb-OS-SIGTERM--9c663-d-publication-and-OIDC-work-webkit/error-context.md

  4 failed
    [chromium] › tests/runtime/host.spec.ts:311:3 › real sqlite OS SIGTERM drains accepted publication and OIDC work 
    [chromium] › tests/runtime/host.spec.ts:311:3 › real redb OS SIGTERM drains accepted publication and OIDC work 
    [webkit] › tests/runtime/host.spec.ts:311:3 › real sqlite OS SIGTERM drains accepted publication and OIDC work 
    [webkit] › tests/runtime/host.spec.ts:311:3 › real redb OS SIGTERM drains accepted publication and OIDC work 
