warning: fields `profile`, `verifier`, and `verification_timeout` are never read
 --> crates/rom/src/channels/registration.rs:7:9
  |
6 | pub(crate) struct RegisteredChannel {
  |                   ----------------- fields in this struct
7 |     pub profile: DeliveryProfile,
  |         ^^^^^^^
8 |     pub verifier: Option<Verifier>,
  |         ^^^^^^^^
9 |     pub verification_timeout: Option<Duration>,
  |         ^^^^^^^^^^^^^^^^^^^^
  |
  = note: `#[warn(dead_code)]` (part of `#[warn(unused)]`) on by default

warning: `rom` (lib) generated 1 warning
   Compiling rom-storage-conformance v0.1.0-alpha.1 (/workspace/ROM/.worktrees/release-query-index/tests/persistence)
    Finished `test` profile [unoptimized] target(s) in 0.33s
     Running tests/operator_reconciliation.rs (/var/tmp/rom-release-measured-verification-target/debug/deps/operator_reconciliation-59bb631876b700df)

running 1 test

running 1 test
test recovery::actual_process_exit_after_delivery_start_cannot_trigger_unsafe_resend ... FAILED

failures:

---- recovery::actual_process_exit_after_delivery_start_cannot_trigger_unsafe_resend stdout ----

thread 'recovery::actual_process_exit_after_delivery_start_cannot_trigger_unsafe_resend' (1525588) panicked at tests/persistence/tests/operator_reconciliation/recovery.rs:255:9:
assertion `left == right` failed
  left: 1
 right: 0
note: run with `RUST_BACKTRACE=1` environment variable to display a backtrace


failures:
    recovery::actual_process_exit_after_delivery_start_cannot_trigger_unsafe_resend

test result: FAILED. 0 passed; 1 failed; 0 ignored; 0 measured; 17 filtered out; finished in 0.03s

error: test failed, to rerun pass `-p rom-storage-conformance --test operator_reconciliation`
