   Compiling rom v0.1.0-alpha.1 (/workspace/ROM/.worktrees/release-query-index/crates/rom)
    Finished `test` profile [unoptimized] target(s) in 1.58s
     Running unittests src/lib.rs (/var/tmp/rom-release-measured-verification-target/debug/deps/rom-35bf88f84bdceb82)

running 82 tests
test query_storage::tests::checked_score_rejects_addition_overflow_and_unrelated_snapshot_identity ... ok
test query_storage::tests::default_read_delegates_to_one_bounded_snapshot ... ok
test query_storage::tests::canonical_candidate_bytes_do_not_claim_stored_text_length ... ok
test query_storage::tests::legacy_adapter_does_not_claim_runtime_ownership ... ok
test query_storage::tests::native_rejects_unknown_response_profiles_and_duplicate_candidates ... ok
test query_storage::tests::public_scalar_classification_preserves_wrapped_container_boundary ... ok
test query_storage::tests::native_admits_whole_kind_and_rejects_inconsistent_responses ... ok
test query_storage::tests::scalar_wrappers_and_unreferenced_containers_are_eligible ... ok
test query_storage::tests::reference_preserves_validation_order_and_sorts_ids ... ok
test query_storage::tests::selector_rejects_opaque_unknown_shapes_versions_and_identity ... ok
test query_storage::tests::selector_requires_exact_capability_binding_and_strict_checked_saving ... ok
test reaction_work::delivery_profile_tests::generic_finish_retry_cannot_make_started_unknown_delivery_resendable ... ok
test reaction_work::delivery_profile_tests::expired_hold_conversion_does_not_skip_other_ready_work ... ok
test reaction_work::delivery_profile_tests::another_records_revision_overflow_rolls_back_prior_hold_conversion ... ok
test reaction_work::delivery_profile_tests::default_profile_plain_retry_keeps_existing_unknown_delivery_policy ... ok
test reaction_work::delivery_profile_tests::panicked_hold_profile_fences_without_consuming_retry_budgets ... ok
test reaction_work::delivery_profile_tests::timed_out_hold_profile_fences_without_consuming_retry_budgets ... ok
test reaction_work::delivery_profile_tests::unknown_hold_profile_fences_without_consuming_retry_budgets ... ok
test reaction_work::delivery_profile_tests::verified_accepted_completes_hold_without_retrying_or_consuming_budget ... ok
test reaction_work::delivery_profile_tests::verified_not_accepted_releases_hold_under_original_budgets ... ok
test reaction_work::delivery_profile_tests::expired_started_delivery_holds_while_active_and_unstarted_leases_are_not_held ... ok
test reaction_work::revision_tests::bounded_snapshot_rejects_colliding_opaque_handles ... ok
test reaction_work::delivery_profile_tests::retry_profiles_keep_frozen_identity_and_default_unknown_retry ... ok
test reaction_work::revision_tests::rejected_updates_preserve_revision_and_all_budgets ... ok
test reaction_work::revision_tests::revision_overflow_rejects_claim_without_consuming_budget ... ok
test reaction_work::revision_tests::finish_preserves_attempt_and_root_budget_precedence_when_age_also_expires ... ok
test reaction_work::revision_tests::claim_retry_and_terminal_updates_invalidate_each_prior_revision ... ok
test reaction_work::delivery_profile_tests::plain_retry_cannot_bypass_unresolved_evidence_after_a_lifecycle_stop ... ok
test reaction_work::revision_tests::delivery_updates_increment_once_and_preserve_claim_generation ... ok
test reaction_work::revision_tests::bounded_snapshot_versions_invalidate_delivery_views ... ok
test reaction_work::revision_tests::materialization_versions_parent_and_initializes_children ... ok
test reaction_work::revision_tests::restore_invalidates_revision_and_overflow_is_atomic ... ok
test resource::definition::tests::explicit_denial_never_calls_decoder_or_grants_field_access ... ok
test reaction_work::delivery_profile_tests::confirmed_delivery_outcomes_keep_existing_terminal_and_retry_semantics ... ok
test resource::definition::tests::explicit_read_rule_replaces_reads_and_keeps_row_dependent_writes ... ok
test reaction_work::delivery_profile_tests::uncertainty_holds_at_exhausted_budgets_and_verified_rejection_retains_stop_precedence ... ok
test resource::definition::tests::later_policy_restores_opaque_reads_and_later_read_policy_replaces_only_reads ... ok
test resource::definition::tests::only_explicit_whole_field_grant_sets_proof_and_field_override_clears_it ... ok
test storage_ownership::tests::storage_ownership_clones_share_claim_and_guard_outlives_helper ... ok
test resource::definition::tests::explicit_reads_skip_decoder_but_writes_and_field_disclosure_keep_it ... ok
test storage_ownership::tests::storage_ownership_excludes_until_guard_drops ... ok
test storage_state::maintenance_tests::empty_state_never_calls_transform ... ok
test reaction_work::delivery_profile_tests::restore_holds_only_unresolved_started_profile_and_fences_each_lease_once ... ok
test storage_state::maintenance_tests::row_mapping_changes_only_resource_values_and_is_atomic_on_error ... ok
test storage_ownership::tests::storage_ownership_guard_can_move_between_threads ... ok
test storage_state::maintenance_tests::tombstone_mapping_does_not_restore_a_live_value ... ok
test storage_state::maintenance_tests::mapping_rejects_growth_that_fits_current_bytes_but_consumes_lifecycle_reserve ... ok
test storage_state::operator_tests::invalid_snapshot_generation_and_archive_generation_are_rejected ... ok
test storage_state::operator_tests::delivery_profile_and_operator_metadata_are_required_and_category_checked ... ok
test storage_state::maintenance_tests::work_expansion_preserves_lifecycle_capacity_and_rolls_back ... ok
test storage_state::operator_tests::malformed_claim_identity_cannot_publish_candidate_before_error ... ok
test storage_state::operator_tests::byte_capacity_and_revision_overflow_cannot_leave_a_receipt ... ok
test storage_state::operator_tests::exact_replay_precedes_cas_and_preserves_identity_budgets ... ok
test storage_state::operator_tests::frozen_action_resolution_completes_without_consuming_attempts_or_mutation_budget ... ok
test reaction_work::delivery_profile_tests::hold_generation_or_revision_overflow_rolls_back_all_candidate_changes ... ok
test storage_state::operator_tests::current_receipt_decoding_requires_prior_state_and_explicit_delivery ... ok
test storage_state::operator_tests::retry_cannot_bypass_fanout_stops ... ok
test storage_state::maintenance_tests::state_mapping_rolls_back_journal_and_work_if_a_later_transform_fails ... ok
test storage_state::maintenance_tests::journal_expansion_rejects_without_eviction_or_partial_changes ... ok
test storage_state::retention_tests::bundle_cannot_persist_future_or_unrelated_reaction_epochs ... ok
test storage_state::retention_tests::archive_and_enqueue_reject_inconsistent_work_epochs ... ok
test storage_state::operator_tests::active_leases_hard_budgets_and_wrong_decisions_are_refused ... ok
test storage_state::maintenance_tests::state_mapping_preserves_obligation_identity_lifecycle_and_opaque_payloads ... ok
test storage_state::operator_tests::snapshot_charges_receipts_and_all_metadata_without_truncation ... ok
test storage_state::operator_tests::receipt_capacity_cannot_block_worker_completion_or_restore_replay ... ok
test storage_state::retention_tests::archive_requires_action_epoch_to_match_cause_and_floors_to_cover_obligations ... ok
test storage_state::retention_tests::causal_admission_requires_the_current_stored_claim_in_the_same_epoch ... ok
test storage_state::retention_tests::invalid_retention_never_mutates_state ... ok
test storage_state::operator_tests::archive_validation_rejects_incoherent_retained_prior_control_states ... ok
test storage_state::operator_tests::epochs_control_new_admission_and_replay_without_destroying_historical_receipts ... ok
test storage_state::retention_tests::retry_epoch_defaults_and_journal_retention_are_explicit_and_repeatable ... ok
test storage_state::retention_tests::materialization_cannot_change_the_parent_epoch ... ok
test storage_state::retention_tests::replay_floor_and_resolution_only_claims_cannot_be_bypassed ... ok
test storage_state::operator_tests::unverified_receipt_evidence_and_invalid_retained_epoch_fail_archive_validation ... ok
test storage_state::operator_tests::stale_versions_and_receipt_limits_reject_atomically ... ok
test storage_state::retention_tests::work_update_rejects_action_epoch_mismatch_without_finishing_source ... ok
test storage_state::operator_tests::persisted_hold_is_not_claimable_and_requires_verified_reconciliation ... ok
test storage_state::operator_tests::reconciliation_preserves_original_budgets_and_fences_stale_completion ... ok
test storage_state::operator_tests::stopped_action_retry_retains_redacted_failure_history_through_replay_retirement_and_restore ... ok
test storage_state::retention_tests::retention_removes_complete_roots_and_preserves_newer_budgets ... ok
test storage_state::retention_tests::unresolved_or_unknown_roots_block_retention_atomically ... ok
test storage_state::retention_tests::only_accepted_done_notifications_are_retirable ... ok

test result: ok. 82 passed; 0 failed; 0 ignored; 0 measured; 0 filtered out; finished in 0.01s

     Running tests/operator_protocol.rs (/var/tmp/rom-release-measured-verification-target/debug/deps/operator_protocol-5026384977a5b2a8)

running 9 tests
test handles_are_stable_opaque_and_canonical ... ok
test control_identifiers_and_evidence_are_bounded_before_submission ... ok
test persisted_reconciliation_hold_has_a_public_safe_status ... ok
test page_charges_full_envelope_and_record_count_after_nested_validation ... ok
test page_rejects_nested_fields_its_json_decoder_cannot_accept ... ok
test page_rejects_wrong_protocol_on_envelope_and_nested_view ... ok
test individual_outputs_validate_nested_fields_and_complete_envelope_bytes ... ok
test query_and_response_bounds_reject_zero_oversized_and_overflow ... ok
test requests_reject_unknown_fields_at_each_boundary ... ok

test result: ok. 9 passed; 0 failed; 0 ignored; 0 measured; 0 filtered out; finished in 0.00s

     Running tests/reference_schema.rs (/var/tmp/rom-release-measured-verification-target/debug/deps/reference_schema-eef8cce61733f943)

running 5 tests
test absence_null_and_tombstones_have_no_live_edges ... ok
test catalog_validation_checks_targets_duplicates_and_canonical_order ... ok
test nested_references_are_unique_and_preserve_full_identity ... ok
test malformed_reference_values_fail_instead_of_omitting_edges ... ok
test descriptors_round_trip_and_reject_invalid_layouts ... ok

test result: ok. 5 passed; 0 failed; 0 ignored; 0 measured; 0 filtered out; finished in 0.00s

     Running tests/replay_versions.rs (/var/tmp/rom-release-measured-verification-target/debug/deps/replay_versions-70e8af8ac57c4ac0)

running 9 tests
test replay_registration_rejects_wrong_kind_current_future_and_duplicate_versions ... ok
test exact_legacy_codec_is_used_even_when_the_current_codec_accepts_input ... ok
test current_authority_denial_precedes_legacy_normalization ... ok
test legacy_codec_panic_does_not_poison_the_runtime_gate ... ok
test current_receipt_never_tries_a_legacy_codec_that_would_match ... ok
test unmarked_unmigrated_receipt_uses_the_current_catalog_version ... ok
test renamed_create_replays_original_fingerprint_and_never_admits_legacy_fresh_writes ... ok
test unavailable_legacy_codec_fails_closed_without_reexecution ... ok
test renamed_patch_replays_with_the_original_field_codec ... ok

test result: ok. 9 passed; 0 failed; 0 ignored; 0 measured; 0 filtered out; finished in 0.00s

     Running tests/retry_epochs.rs (/var/tmp/rom-release-measured-verification-target/debug/deps/retry_epochs-0c2540dd6d6335bd)

running 6 tests
test omitted_wire_epoch_stays_zero ... ok
test epoch_query_checks_current_actor_authority ... ok
test epochs_validate_order_and_builder_fence_detects_rollback ... ok
test floors_are_rechecked_after_normalization_and_after_proposal_work ... ok
test epochs_separate_identity_and_zero_preserves_the_legacy_identity ... ok
test sealed_epochs_replay_but_never_admit_fresh_input_and_expired_receipts_fail_closed ... ok

test result: ok. 6 passed; 0 failed; 0 ignored; 0 measured; 0 filtered out; finished in 0.00s

     Running tests/storage_ownership.rs (/var/tmp/rom-release-measured-verification-target/debug/deps/storage_ownership-76263844c0ee75b3)

running 4 tests
test storage_ownership_pure_validation_precedes_acquisition ... ok
test storage_ownership_failed_registration_releases_claim ... ok
test storage_ownership_shutdown_retains_claim_until_last_runtime_drops ... ok
test storage_ownership_excludes_wrapped_and_direct_builders_before_storage_reads ... ok

test result: ok. 4 passed; 0 failed; 0 ignored; 0 measured; 0 filtered out; finished in 0.00s

   Doc-tests rom

running 2 tests
test crates/rom/src/channels.rs - channels (line 3) ... ok
test crates/rom/src/lib.rs - (line 3) ... ok

test result: ok. 2 passed; 0 failed; 0 ignored; 0 measured; 0 filtered out; finished in 0.00s

all doctests ran in 0.20s; merged doctests compilation took 0.20s
   Compiling rom-storage-conformance v0.1.0-alpha.1 (/workspace/ROM/.worktrees/release-query-index/tests/persistence)
    Finished `test` profile [unoptimized] target(s) in 1.38s
     Running tests/channels.rs (/var/tmp/rom-release-measured-verification-target/debug/deps/channels-28c30b6b7fc302db)

running 19 tests
test stale_external_ack_cannot_finish_new_claim ... ok
test notification_format_rejects_older_marker_without_migrating ... ok
test redb_notification_format_rejects_older_marker_without_migrating ... ok
test status_reports_terminal_failure_without_error_payload ... ok
test cancelled_observer_cannot_orphan_delivery_and_shutdown_drains ... ok
test status_distinguishes_ready_draining_and_fully_stopped ... ok
test revoked_channel_service_never_sees_payload ... ok
test ordinary_action_records_typed_notification_atomically_without_sending ... ok
test shared_worker_invokes_typed_function_and_records_acceptance ... ok
test registration_changes_stop_old_work_instead_of_reinterpreting_payload ... ok
test differently_typed_functions_share_one_worker ... ok
test native_commit_failure_never_detaches_notification_from_resource ... ok
test unresolved_last_attempt_reopens_as_unknown_terminal_work ... ok
test unknown_channel_version_and_payload_reject_upstream_commit ... ok
test channel_requires_current_and_historical_source_field_permission ... ok
test retry_and_permanent_outcomes_are_durable_and_bounded ... ok
test effect_then_lost_ack_reopens_with_stable_key_and_receiver_owned_dedup ... ok
test drained_work_releases_its_database_handle_before_reopen ... ok
test timeout_is_uncertain_and_panics_are_inspectable ... ok

test result: ok. 19 passed; 0 failed; 0 ignored; 0 measured; 0 filtered out; finished in 0.08s

     Running tests/operator.rs (/var/tmp/rom-release-measured-verification-target/debug/deps/operator-ce351260532691a3)

running 6 tests
test process::operator_owner_child ... ok

running 1 test
test native_control_cas_and_exact_replay_preserve_domain_state_and_budgets ... ok
test persisted_control_receipt_survives_reopen_and_snapshot_bounds_are_exact ... ok
test concurrent_controls_arbitrate_version_or_replay_the_same_identity ... ok
test native_control_failures_do_not_split_work_and_receipt_publication ... ok

running 1 test

running 1 test

running 1 test
test process::owner_exit_preserves_exactly_the_committed_operator_transition ... ok

test result: ok. 6 passed; 0 failed; 0 ignored; 0 measured; 0 filtered out; finished in 0.11s

     Running tests/operator_reconciliation.rs (/var/tmp/rom-release-measured-verification-target/debug/deps/operator_reconciliation-59bb631876b700df)

running 19 tests
test recovery::delivery_owner_child ... ok

running 1 test
test recovery::absent_verifier_reports_unavailable_without_releasing_a_hold ... ok
test verification::active_lease_is_rejected_before_external_verification ... ok
test races::caller_cancellation_retains_verifier_capacity_until_commit_and_replay ... ok
test races::concurrent_exact_request_replays_the_receipt_before_rechecking_stale_cas ... ok
test verification::zero_and_unrepresentable_verification_timeouts_are_invalid_registrations ... ok
test verification::unresolved_eventual_lookup_miss_cannot_grant_resend_before_later_acceptance ... ok
test recovery::expired_started_claim_holds_after_clean_reopen_and_late_finish_is_fenced ... ok
test races::stale_work_version_after_verification_cannot_publish_a_second_receipt ... ok
test races::verifier_wait_holds_neither_core_commit_gate_nor_native_transaction ... ok

running 1 test
test recovery::held_state_and_accepted_receipt_survive_clean_native_reopen ... ok
test verification::terminal_not_accepted_cannot_reset_exhausted_attempts_or_root_budget ... ok
test recovery::changed_registration_cannot_reinterpret_pending_or_held_profile ... ok
test verification::accepted_and_terminal_not_accepted_commit_once_without_a_provider_send ... ok
test recovery::actual_process_exit_after_delivery_start_cannot_trigger_unsafe_resend ... ok
test races::current_operator_actor_and_service_revocation_are_rechecked_after_verification ... ok
test profiles::confirmed_delivery_outcomes_remain_terminal_or_retryable_for_every_profile ... ok
test verification::unresolved_timeout_panic_and_malformed_evidence_preserve_the_full_hold ... ok
test profiles::all_declared_profiles_preserve_their_uncertain_delivery_policy ... ok

test result: ok. 19 passed; 0 failed; 0 ignored; 0 measured; 0 filtered out; finished in 0.37s

     Running tests/operator_runtime.rs (/var/tmp/rom-release-measured-verification-target/debug/deps/operator_runtime-7857c942abfcf6aa)

running 19 tests
test authoritative_gate_revocation_denies_saved_receipts_without_callback_text ... ok
test committed_retry_stopped_is_unknown_and_exact_replay_recovers ... ok
test committed_retry_completed_is_unknown_and_exact_replay_recovers ... ok
test cancelled_control_keeps_supervision_and_capacity_until_accepted_commit_finishes ... ok
test default_operator_policy_denies_views_and_controls_without_disclosing_existence ... ok
test post_commit_wrong_target_response_is_unknown_and_exact_replay_uses_saved_receipt ... ok
test committed_retry_unresolved_is_unknown_and_exact_replay_recovers ... ok
test accepted_receipt_remains_replayable_after_target_retirement_with_current_scope_authority ... ok
test exact_control_replay_rechecks_current_operator_and_actor_authority ... ok
test raw_snapshot_bounds_and_generation_are_checked_before_projection ... ok
test unsupported_adapter_does_not_advertise_operator_permissions ... ok
test moving_page_rechecks_scope_permission_after_anchor_revocation ... ok
test moving_page_continues_after_anchor_is_absent_from_current_snapshot ... ok
test inspect_and_control_permissions_are_independent_and_views_are_redacted ... ok
test concurrent_runtime_controls_arbitrate_stale_views_and_exact_identities ... ok
test response_limits_refuse_new_controls_before_commit_and_preserve_unknown_for_committed_replays ... ok
test authorized_pages_use_visible_limits_and_cursors_bind_filters ... ok
test resolution::committed_unacknowledged_action_reconciles_without_domain_writes ... ok
test resolution::same_identity_wrong_fingerprint_or_target_cannot_confirm_frozen_action ... ok

test result: ok. 19 passed; 0 failed; 0 ignored; 0 measured; 0 filtered out; finished in 0.05s

     Running tests/reactions.rs (/var/tmp/rom-release-measured-verification-target/debug/deps/reactions-d0b430b6913b8431)

running 5 tests
test finite_work_budget_allows_receipt_resolution_but_no_new_execution ... ok
test persisted_work_lease_and_input_are_fenced ... ok
test saturated_work_rejects_entire_upstream_bundle ... ok
test native_commit_reopen_and_journal_retention ... ok
test native_precommit_failure_and_postcommit_loss_keep_obligations_atomic ... ok

test result: ok. 5 passed; 0 failed; 0 ignored; 0 measured; 0 filtered out; finished in 0.02s

