    Finished `release` profile [optimized] target(s) in 0.01s
     Running unittests src/lib.rs (/var/tmp/rom-wasmi-probe-target/release/deps/wasmi_capability_probe-db657856c9f2b97a)

running 1 test
sample,operation,iterations,total_ns,ns_per_iteration
0,wat_parse_validate_module,200,2349204,11746
0,fresh_store_instantiate_cached_module,200,198047,990
0,warm_exports_lookup_calls_validate,2000,325809,162
0,warm_cached_typed_export_calls_only,2000,153442,76
0,host_json_schema_semantics_only,2000,31160,15
1,wat_parse_validate_module,200,1970425,9852
1,fresh_store_instantiate_cached_module,200,204468,1022
1,warm_exports_lookup_calls_validate,2000,332441,166
1,warm_cached_typed_export_calls_only,2000,153141,76
1,host_json_schema_semantics_only,2000,30778,15
2,wat_parse_validate_module,200,1960416,9802
2,fresh_store_instantiate_cached_module,200,201122,1005
2,warm_exports_lookup_calls_validate,2000,325058,162
2,warm_cached_typed_export_calls_only,2000,157349,78
2,host_json_schema_semantics_only,2000,30899,15
3,wat_parse_validate_module,200,1933705,9668
3,fresh_store_instantiate_cached_module,200,194960,974
3,warm_exports_lookup_calls_validate,2000,324186,162
3,warm_cached_typed_export_calls_only,2000,152800,76
3,host_json_schema_semantics_only,2000,31089,15
4,wat_parse_validate_module,200,2231040,11155
4,fresh_store_instantiate_cached_module,200,262509,1312
4,warm_exports_lookup_calls_validate,2000,417293,208
4,warm_cached_typed_export_calls_only,2000,189501,94
4,host_json_schema_semantics_only,2000,38653,19
test tests::repeated_release_cost_observation ... ok

test result: ok. 1 passed; 0 failed; 0 ignored; 0 measured; 9 filtered out; finished in 0.01s

