Injected synchronous FIFO blocking was detected and its child was terminated within bounded cleanup.
TAP version 13
# Subtest: separate commands issue a private CLI auth file and redact credentials
ok 1 - separate commands issue a private CLI auth file and redact credentials
  ---
  duration_ms: 547.481584
  type: 'test'
  ...
# Subtest: fixture private reads reject unsafe and unbounded files without FIFO blocking
ok 2 - fixture private reads reject unsafe and unbounded files without FIFO blocking
  ---
  duration_ms: 26.036492
  type: 'test'
  ...
# oidc-provider WARNING: a quick start development-only in-memory adapter is used, you MUST change it in order to not lose all stateful provider data upon restart and to be able to share these between processes
# oidc-provider WARNING: a quick start development-only in-memory adapter is used, you MUST change it in order to not lose all stateful provider data upon restart and to be able to share these between processes
# Subtest: actual provider preserves service profile and loses opaque tokens at restart
ok 3 - actual provider preserves service profile and loses opaque tokens at restart
  ---
  duration_ms: 118.839044
  type: 'test'
  ...
1..3
# tests 3
# suites 0
# pass 3
# fail 0
# cancelled 0
# skipped 0
# todo 0
# duration_ms 610.344092
