   Compiling rom-storage-conformance v0.1.0-alpha.1 (/workspace/ROM/.worktrees/release-query-index/tests/persistence)
warning: unused import: `host`
 --> tests/persistence/tests/studio_resilience/support.rs:7:39
  |
7 |     activation, after, base, enabled, host, human, identity_targets, provision, record_definition,
  |                                       ^^^^
  |
  = note: `#[warn(unused_imports)]` (part of `#[warn(unused)]`) on by default

warning: `rom-storage-conformance` (test "studio_resilience") generated 1 warning (run `cargo fix --test "studio_resilience" -p rom-storage-conformance` to apply 1 suggestion)
    Finished `test` profile [unoptimized] target(s) in 1.07s
     Running tests/studio_resilience.rs (/var/tmp/rom-release-measured-verification-target/debug/deps/studio_resilience-e45f0eaccc4a29c3)

running 5 tests
test studio_resilience::query::query_policy_child ... ok

running 1 test
test studio_resilience::migration::seeded_strict_hold_and_operator_receipt_survive_native_migration_and_replay ... ok
test studio_resilience::migration::native_maintenance_requires_closed_owner_then_fresh_identity_and_current_replay ... ok
test studio_resilience::query::query_policy_child ... ok

test result: ok. 1 passed; 0 failed; 0 ignored; 0 measured; 4 filtered out; finished in 0.23s


running 1 test
test studio_resilience::authority::managed_identity_change_denies_accepted_proposal_and_all_subsequent_disclosure ... ok
test studio_resilience::query::query_policy_child ... ok

test result: ok. 1 passed; 0 failed; 0 ignored; 0 measured; 4 filtered out; finished in 0.22s


running 1 test
test studio_resilience::query::query_policy_child ... ok

test result: ok. 1 passed; 0 failed; 0 ignored; 0 measured; 4 filtered out; finished in 0.29s


running 1 test
test studio_resilience::query::query_policy_child ... ok

test result: ok. 1 passed; 0 failed; 0 ignored; 0 measured; 4 filtered out; finished in 0.28s

test studio_resilience::query::reentrant_native_storage_policy_completes_on_reference_and_eligible_query_paths ... ok

test result: ok. 5 passed; 0 failed; 0 ignored; 0 measured; 0 filtered out; finished in 1.06s

