    Blocking waiting for file lock on package cache
    Blocking waiting for file lock on package cache
    Blocking waiting for file lock on package cache
    Blocking waiting for file lock on shared package cache
   Compiling proc-macro2 v1.0.107
   Compiling unicode-ident v1.0.26
   Compiling quote v1.0.47
   Compiling stable_deref_trait v1.2.1
   Compiling version_check v0.9.5
   Compiling generic-array v0.14.9
   Compiling crossbeam-utils v0.8.23
   Compiling typenum v1.20.1
   Compiling syn v3.0.6
   Compiling writeable v0.6.4
   Compiling crossbeam-epoch v0.9.21
   Compiling litemap v0.8.3
   Compiling serde_core v1.0.229
   Compiling utf8_iter v1.0.4
   Compiling icu_properties_data v2.3.0
   Compiling crossbeam-deque v0.8.8
   Compiling icu_normalizer_data v2.3.0
   Compiling synstructure v0.14.0
   Compiling rayon-core v1.13.0
   Compiling smallvec v1.16.2
   Compiling zmij v1.0.23
   Compiling shlex v2.0.1
   Compiling find-msvc-tools v0.1.14
   Compiling cc v1.5.1
   Compiling zerofrom-derive v0.1.8
   Compiling zerofrom v0.1.8
   Compiling yoke-derive v0.8.4
   Compiling zerovec-derive v0.11.6
   Compiling yoke v0.8.3
   Compiling displaydoc v0.2.7
   Compiling zerovec v0.11.8
   Compiling zerotrie v0.2.5
   Compiling tinystr v0.8.4
   Compiling potential_utf v0.1.6
   Compiling icu_locale_core v2.3.0
   Compiling icu_collections v2.3.0
   Compiling icu_provider v2.3.1
   Compiling block-buffer v0.10.4
   Compiling crypto-common v0.1.6
   Compiling serde_json v1.0.151
   Compiling vcpkg v0.2.15
   Compiling pkg-config v0.3.34
   Compiling serde v1.0.229
   Compiling libsqlite3-sys v0.38.2
   Compiling digest v0.10.7
   Compiling icu_normalizer v2.3.0
   Compiling icu_properties v2.3.0
   Compiling serde_derive v1.0.229
   Compiling tokio-macros v2.7.2
   Compiling itoa v1.0.18
   Compiling foldhash v0.2.0
   Compiling either v1.18.0
   Compiling cpufeatures v0.2.17
   Compiling memchr v2.8.3
   Compiling cfg-if v1.0.5
   Compiling pin-project-lite v0.2.17
   Compiling tokio v1.53.1
   Compiling sha2 v0.10.9
   Compiling rayon v1.12.0
   Compiling hashbrown v0.17.1
   Compiling idna_adapter v1.2.2
   Compiling rom-derive v0.1.0-alpha.1 (/workspace/ROM/.worktrees/release-query-index/crates/rom-derive)
   Compiling percent-encoding v2.3.2
   Compiling form_urlencoded v1.2.2
   Compiling rom v0.1.0-alpha.1 (/workspace/ROM/.worktrees/release-query-index/crates/rom)
   Compiling idna v1.1.0
   Compiling hashlink v0.12.2
   Compiling fallible-iterator v0.3.0
   Compiling bitflags v2.13.2
   Compiling fallible-streaming-iterator v0.1.9
   Compiling url v2.5.8
   Compiling rom-backup v0.1.0-alpha.1 (/workspace/ROM/.worktrees/release-query-index/crates/rom-backup)
   Compiling rusqlite v0.40.2
   Compiling rom-sqlite v0.1.0-alpha.1 (/workspace/ROM/.worktrees/release-query-index/crates/rom-sqlite)
   Compiling rom-query-measure v0.1.0-alpha.1 (/workspace/ROM/.worktrees/release-query-index/tools/query-measure)
    Finished `release` profile [optimized] target(s) in 44.62s
