   Compiling rom-query-measure v0.1.0-alpha.1 (/workspace/ROM/.worktrees/release-query-index/tools/query-measure)
    Finished `test` profile [unoptimized] target(s) in 0.50s
     Running unittests src/lib.rs (/var/tmp/rom-release-measured-verification-target/debug/deps/rom_query_measure-ed4641a363215ea6)

running 6 tests
test tests::duplicate_dataset_sizes_cannot_reuse_a_measured_database ... ok
test tests::trial_orders_cover_all_six_mode_permutations ... ok
test tests::heldout_seed_does_not_repeat_shifted_calibration_random_fields ... ok
test tests::fixture_is_deterministic_and_skew_is_independent_of_amount ... ok
test tests::reusable_write_workload_commits_and_preserves_expected_revisions ... ok
test tests::smoke_compares_complete_runtime_results_and_emits_all_three_modes ... ok

test result: ok. 6 passed; 0 failed; 0 ignored; 0 measured; 0 filtered out; finished in 0.25s

     Running unittests src/main.rs (/var/tmp/rom-release-measured-verification-target/debug/deps/rom_query_measure-fbaa76b0ed3c0e75)

running 0 tests

test result: ok. 0 passed; 0 failed; 0 ignored; 0 measured; 0 filtered out; finished in 0.00s

     Running unittests src/bin/write.rs (/var/tmp/rom-release-measured-verification-target/debug/deps/rom_query_write_measure-b71ddb1212a43d3f)

running 0 tests

test result: ok. 0 passed; 0 failed; 0 ignored; 0 measured; 0 filtered out; finished in 0.00s

   Doc-tests rom_query_measure

running 0 tests

test result: ok. 0 passed; 0 failed; 0 ignored; 0 measured; 0 filtered out; finished in 0.00s

   Compiling object v0.37.3
   Compiling adler2 v2.0.1
   Compiling gimli v0.32.3
   Compiling addr2line v0.25.1
   Compiling miniz_oxide v0.8.9
   Compiling parking_lot_core v0.9.12
   Compiling rustc-demangle v0.1.28
   Compiling backtrace v0.3.76
   Compiling parking_lot v0.12.5
   Compiling mintex v0.1.4
   Compiling thousands v0.2.0
   Compiling rustc-hash v1.1.0
   Compiling lazy_static v1.5.1
   Compiling dhat v0.3.3
   Compiling rom-query-measure v0.1.0-alpha.1 (/workspace/ROM/.worktrees/release-query-index/tools/query-measure)
    Finished `test` profile [unoptimized] target(s) in 2.73s
     Running unittests src/lib.rs (/var/tmp/rom-release-measured-verification-target/debug/deps/rom_query_measure-dee860de19f77dc1)

running 5 tests
test tests::duplicate_dataset_sizes_cannot_reuse_a_measured_database ... ok
test tests::trial_orders_cover_all_six_mode_permutations ... ok
test tests::heldout_seed_does_not_repeat_shifted_calibration_random_fields ... ok
test tests::fixture_is_deterministic_and_skew_is_independent_of_amount ... ok
test tests::reusable_write_workload_commits_and_preserves_expected_revisions ... ok

test result: ok. 5 passed; 0 failed; 0 ignored; 0 measured; 0 filtered out; finished in 0.03s

     Running unittests src/main.rs (/var/tmp/rom-release-measured-verification-target/debug/deps/rom_query_measure-b67f1cd6414e3e48)

running 0 tests

test result: ok. 0 passed; 0 failed; 0 ignored; 0 measured; 0 filtered out; finished in 0.00s

     Running unittests src/bin/write.rs (/var/tmp/rom-release-measured-verification-target/debug/deps/rom_query_write_measure-a9ac811756001916)

running 0 tests

test result: ok. 0 passed; 0 failed; 0 ignored; 0 measured; 0 filtered out; finished in 0.00s

   Doc-tests rom_query_measure

running 0 tests

test result: ok. 0 passed; 0 failed; 0 ignored; 0 measured; 0 filtered out; finished in 0.00s

    Checking adler2 v2.0.1
    Checking gimli v0.32.3
    Checking miniz_oxide v0.8.9
    Checking libsqlite3-sys v0.38.2
    Checking parking_lot_core v0.9.12
    Checking object v0.37.3
    Checking addr2line v0.25.1
    Checking rustc-demangle v0.1.28
    Checking rusqlite v0.40.2
    Checking parking_lot v0.12.5
    Checking thousands v0.2.0
    Checking lazy_static v1.5.1
    Checking mintex v0.1.4
    Checking rustc-hash v1.1.0
    Checking rom-sqlite v0.1.0-alpha.1 (/workspace/ROM/.worktrees/release-query-index/crates/rom-sqlite)
    Checking backtrace v0.3.76
    Checking dhat v0.3.3
    Checking rom-query-measure v0.1.0-alpha.1 (/workspace/ROM/.worktrees/release-query-index/tools/query-measure)
    Finished `dev` profile [unoptimized] target(s) in 1.89s
