    Finished `dev` profile [unoptimized] target(s) in 0.09s
    Finished `test` profile [unoptimized] target(s) in 0.09s
     Running unittests src/lib.rs (/var/tmp/rom-release-measured-verification-target/debug/deps/rom_demo-870f1fb6abd107c4)

running 4 tests
test upgrade::legacy::tests::frozen_checkout_preserves_the_original_string_codec ... ok
test upgrade::legacy::tests::migration_accepts_only_frozen_callback_identity_and_payload_contracts ... ok
test upgrade::legacy::tests::old_profile_keeps_checkout_validation_before_reference_migration ... ok
test upgrade::legacy::tests::current_wire_commands_prepare_the_frozen_profile_without_changing_its_catalog_or_rules ... ok

test result: ok. 4 passed; 0 failed; 0 ignored; 0 measured; 0 filtered out; finished in 0.03s

     Running unittests src/main.rs (/var/tmp/rom-release-measured-verification-target/debug/deps/rom_demo-be4b9c431d1aace5)

running 0 tests

test result: ok. 0 passed; 0 failed; 0 ignored; 0 measured; 0 filtered out; finished in 0.00s

     Running tests/compensation.rs (/var/tmp/rom-release-measured-verification-target/debug/deps/compensation-51b7b4655cafe74c)

running 1 test
test explicit_compensation_and_revocation_on_both_adapters ... ok

test result: ok. 1 passed; 0 failed; 0 ignored; 0 measured; 0 filtered out; finished in 0.10s

     Running tests/documented_commands.rs (/var/tmp/rom-release-measured-verification-target/debug/deps/documented_commands-a50aa53c437c7198)

running 1 test
test readme_invocations_decode_without_a_second_schema ... ok

test result: ok. 1 passed; 0 failed; 0 ignored; 0 measured; 0 filtered out; finished in 0.00s

     Running tests/reference.rs (/var/tmp/rom-release-measured-verification-target/debug/deps/reference-62f2ccd08c888e03)

running 3 tests
test reference_process_exit_child ... ignored, fault helper invoked only by committed_rejection_recovers_after_process_exit_without_shutdown

running 1 test

running 1 test
test reference_command_recovers_pending_work_on_both_stores ... ok
test committed_rejection_recovers_after_process_exit_without_shutdown ... ok

test result: ok. 2 passed; 0 failed; 1 ignored; 0 measured; 0 filtered out; finished in 0.19s

     Running tests/reservation_input.rs (/var/tmp/rom-release-measured-verification-target/debug/deps/reservation_input-d16c2f793725a566)

running 1 test
test reservation_arguments_are_named_and_invalid_fields_do_not_commit ... ok

test result: ok. 1 passed; 0 failed; 0 ignored; 0 measured; 0 filtered out; finished in 0.01s

     Running tests/transitions.rs (/var/tmp/rom-release-measured-verification-target/debug/deps/transitions-45f04c92b8a64bf1)

running 5 tests
test checkout_v2_declares_stock_reference_without_changing_wire_values ... ok
test generic_patch_cannot_reverse_a_confirmed_checkout ... ok
test checkout_reference_restricts_an_empty_stock_until_pending_checkout_is_deleted ... ok
test transported_mutations_preserve_demo_invariants_on_both_adapters ... ok
test generic_writes_cannot_retarget_compensation_or_corrupt_reservations ... ok

test result: ok. 5 passed; 0 failed; 0 ignored; 0 measured; 0 filtered out; finished in 0.02s

     Running tests/upgrade.rs (/var/tmp/rom-release-measured-verification-target/debug/deps/upgrade-200643dafc55d44f)

running 6 tests
test upgrade_process_exit_child ... ignored, actual process-exit fixture invoked by process_exit_preserves_pending_compensation_through_migration_backup_and_restore

running 1 test
test upgrade_rejects_invalid_arguments_without_creating_files ... ok

running 1 test
test migrated_receipt_requires_its_recorded_codec_and_current_authority ... ok
test invalid_conversion_missing_target_and_unaccepted_work_never_publish ... ok
test upgrade_command_runs_the_real_application_on_both_backends ... ok
test process_exit_preserves_pending_compensation_through_migration_backup_and_restore ... ok

test result: ok. 5 passed; 0 failed; 1 ignored; 0 measured; 0 filtered out; finished in 0.35s

     Running tests/workshop.rs (/var/tmp/rom-release-measured-verification-target/debug/deps/workshop-59e34a2eec59ef9a)

running 3 tests
test custom_field_canonicalizes_and_rejects_invalid_stock_codes ... ok
test local_cli_discovers_only_deliberately_published_domain_metadata ... ok
test same_author_application_runs_on_sqlite_and_redb ... ok

test result: ok. 3 passed; 0 failed; 0 ignored; 0 measured; 0 filtered out; finished in 0.41s

   Doc-tests rom_demo

running 0 tests

test result: ok. 0 passed; 0 failed; 0 ignored; 0 measured; 0 filtered out; finished in 0.00s

    Finished `dev` profile [unoptimized] target(s) in 0.07s
     Running `/var/tmp/rom-release-measured-verification-target/debug/rom-demo smoke sqlite`
Smoke passed (sqlite): two Resource kinds, codec rejection, typed patch, TCP query/live/journal, configuration, reaction, explicit compensation, typed notification, access denial, folder attachment/reopen/detach, graceful shutdown.
    Finished `dev` profile [unoptimized] target(s) in 0.07s
     Running `/var/tmp/rom-release-measured-verification-target/debug/rom-demo smoke redb`
Smoke passed (redb): two Resource kinds, codec rejection, typed patch, TCP query/live/journal, configuration, reaction, explicit compensation, typed notification, access denial, folder attachment/reopen/detach, graceful shutdown.
Serve/reopen/SIGINT drain passed (SQLite and redb).
 Documenting rom-demo v0.1.0-alpha.1 (/workspace/ROM/.worktrees/release-query-index/demo)
    Finished `dev` profile [unoptimized] target(s) in 0.32s
   Generated /var/tmp/rom-release-measured-verification-target/doc/rom_demo/index.html
