   Compiling proc-macro2 v1.0.107
   Compiling quote v1.0.47
   Compiling unicode-ident v1.0.26
   Compiling stable_deref_trait v1.2.1
   Compiling version_check v0.9.5
   Compiling generic-array v0.14.9
   Compiling smallvec v1.16.2
   Compiling crossbeam-utils v0.8.23
   Compiling syn v3.0.6
   Compiling serde_core v1.0.229
   Compiling writeable v0.6.4
   Compiling cfg-if v1.0.5
   Compiling litemap v0.8.3
   Compiling crossbeam-epoch v0.9.21
   Compiling typenum v1.20.1
   Compiling utf8_iter v1.0.4
   Compiling zmij v1.0.23
   Compiling icu_properties_data v2.3.0
   Compiling crossbeam-deque v0.8.8
   Compiling synstructure v0.14.0
   Compiling memchr v2.8.3
   Compiling zerofrom-derive v0.1.8
   Compiling yoke-derive v0.8.4
   Compiling zerofrom v0.1.8
   Compiling zerovec-derive v0.11.6
   Compiling yoke v0.8.3
   Compiling displaydoc v0.2.7
   Compiling zerotrie v0.2.5
   Compiling zerovec v0.11.8
   Compiling icu_normalizer_data v2.3.0
   Compiling tinystr v0.8.4
   Compiling icu_locale_core v2.3.0
   Compiling potential_utf v0.1.6
   Compiling icu_collections v2.3.0
   Compiling icu_provider v2.3.1
   Compiling libc v0.2.189
   Compiling shlex v2.0.1
   Compiling rayon-core v1.13.0
   Compiling serde v1.0.229
   Compiling serde_json v1.0.151
   Compiling find-msvc-tools v0.1.14
   Compiling cc v1.5.1
   Compiling serde_derive v1.0.229
   Compiling block-buffer v0.10.4
   Compiling crypto-common v0.1.6
   Compiling pkg-config v0.3.34
   Compiling vcpkg v0.2.15
   Compiling itoa v1.0.18
   Compiling libsqlite3-sys v0.38.2
   Compiling digest v0.10.7
   Compiling icu_normalizer v2.3.0
   Compiling icu_properties v2.3.0
   Compiling tokio-macros v2.7.2
   Compiling parking_lot_core v0.9.12
   Compiling either v1.18.0
   Compiling cpufeatures v0.2.17
   Compiling object v0.37.3
   Compiling foldhash v0.2.0
   Compiling pin-project-lite v0.2.17
   Compiling hashbrown v0.17.1
   Compiling tokio v1.53.1
   Compiling sha2 v0.10.9
   Compiling rayon v1.12.0
   Compiling idna_adapter v1.2.2
   Compiling rom-derive v0.1.0-alpha.1 (/var/tmp/rom-query-source-check.6sdYMh/crates/rom-derive)
   Compiling scopeguard v1.2.0
   Compiling percent-encoding v2.3.2
   Compiling gimli v0.32.3
   Compiling adler2 v2.0.1
   Compiling miniz_oxide v0.8.9
   Compiling addr2line v0.25.1
   Compiling form_urlencoded v1.2.2
   Compiling lock_api v0.4.14
   Compiling rom v0.1.0-alpha.1 (/var/tmp/rom-query-source-check.6sdYMh/crates/rom)
   Compiling idna v1.1.0
   Compiling hashlink v0.12.2
   Compiling fallible-streaming-iterator v0.1.9
   Compiling bitflags v2.13.2
   Compiling rustc-demangle v0.1.28
   Compiling fallible-iterator v0.3.0
   Compiling backtrace v0.3.76
   Compiling parking_lot v0.12.5
   Compiling url v2.5.8
   Compiling rom-backup v0.1.0-alpha.1 (/var/tmp/rom-query-source-check.6sdYMh/crates/rom-backup)
   Compiling thousands v0.2.0
   Compiling mintex v0.1.4
   Compiling lazy_static v1.5.1
   Compiling rustc-hash v1.1.0
   Compiling dhat v0.3.3
   Compiling rusqlite v0.40.2
   Compiling rom-sqlite v0.1.0-alpha.1 (/var/tmp/rom-query-source-check.6sdYMh/crates/rom-sqlite)
   Compiling rom-query-measure v0.1.0-alpha.1 (/var/tmp/rom-query-source-check.6sdYMh/tools/query-measure)
    Finished `release` profile [optimized] target(s) in 42.35s
