TAP version 13
# (node:570165) ExperimentalWarning: Type Stripping is an experimental feature and might change at any time
# (Use `node --trace-warnings ...` to show where the warning was created)
# Subtest: connect exposes discovered resources and selected rows
ok 1 - connect exposes discovered resources and selected rows
  ---
  duration_ms: 0.845227
  type: 'test'
  ...
# Subtest: query Apply retains the selected key continuously and reads its latest authorized revision
ok 2 - query Apply retains the selected key continuously and reads its latest authorized revision
  ---
  duration_ms: 0.683023
  type: 'test'
  ...
# Subtest: query Apply clears a currently denied selection even when the query contains its old row
ok 3 - query Apply clears a currently denied selection even when the query contains its old row
  ---
  duration_ms: 0.342703
  type: 'test'
  ...
# Subtest: query Apply resets moving anchors and history while preserving live choice
ok 4 - query Apply resets moving anchors and history while preserving live choice
  ---
  duration_ms: 2.958926
  type: 'test'
  ...
# Subtest: late query selection read cannot undo disconnect
ok 5 - late query selection read cannot undo disconnect
  ---
  duration_ms: 0.385464
  type: 'test'
  ...
# Subtest: late query selection read cannot undo navigation
ok 6 - late query selection read cannot undo navigation
  ---
  duration_ms: 0.112692
  type: 'test'
  ...
# Subtest: late query selection read cannot undo selection
ok 7 - late query selection read cannot undo selection
  ---
  duration_ms: 0.171272
  type: 'test'
  ...
# Subtest: live filter exclusion retains a currently readable Resource at its latest revision
ok 8 - live filter exclusion retains a currently readable Resource at its latest revision
  ---
  duration_ms: 0.275016
  type: 'test'
  ...
# Subtest: live exclusion clears a selection when its current read is denied
ok 9 - live exclusion clears a selection when its current read is denied
  ---
  duration_ms: 0.325661
  type: 'test'
  ...
# Subtest: late excluded live selection read cannot undo disconnect
ok 10 - late excluded live selection read cannot undo disconnect
  ---
  duration_ms: 1.369121
  type: 'test'
  ...
# Subtest: late excluded live selection read cannot undo navigation
ok 11 - late excluded live selection read cannot undo navigation
  ---
  duration_ms: 0.439796
  type: 'test'
  ...
# Subtest: late excluded live selection read cannot undo stop
ok 12 - late excluded live selection read cannot undo stop
  ---
  duration_ms: 0.505359
  type: 'test'
  ...
# Subtest: late excluded live selection read cannot undo selection
ok 13 - late excluded live selection read cannot undo selection
  ---
  duration_ms: 0.888338
  type: 'test'
  ...
# Subtest: late query cannot replace another navigation
ok 14 - late query cannot replace another navigation
  ---
  duration_ms: 0.140674
  type: 'test'
  ...
# Subtest: unknown outcome blocks another mutation and exact retry uses same object
ok 15 - unknown outcome blocks another mutation and exact retry uses same object
  ---
  duration_ms: 1.291886
  type: 'test'
  ...
# Subtest: disconnect aborts and suppresses delayed discovery
ok 16 - disconnect aborts and suppresses delayed discovery
  ---
  duration_ms: 0.145353
  type: 'test'
  ...
# Subtest: finite lease revalidation reopens once with fresh snapshot
ok 17 - finite lease revalidation reopens once with fresh snapshot
  ---
  duration_ms: 0.193663
  type: 'test'
  ...
# Subtest: repeated finite lease failure stays bounded and clears projections
ok 18 - repeated finite lease failure stays bounded and clears projections
  ---
  duration_ms: 0.231375
  type: 'test'
  ...
# Subtest: separated normal lease expiries renew after each accepted snapshot
ok 19 - separated normal lease expiries renew after each accepted snapshot
  ---
  duration_ms: 0.226605
  type: 'test'
  ...
# Subtest: moving pagination uses server envelope, refetches previous and resets on new query
ok 20 - moving pagination uses server envelope, refetches previous and resets on new query
  ---
  duration_ms: 0.175159
  type: 'test'
  ...
# Subtest: delayed anchor cannot paginate a different Resource
ok 21 - delayed anchor cannot paginate a different Resource
  ---
  duration_ms: 0.136717
  type: 'test'
  ...
# Subtest: pagination history is bounded and first page remains available
ok 22 - pagination history is bounded and first page remains available
  ---
  duration_ms: 2.496378
  type: 'test'
  ...
# Subtest: moving page changes cancel the old live stream and open a new one
ok 23 - moving page changes cancel the old live stream and open a new one
  ---
  duration_ms: 1.388928
  type: 'test'
  ...
# Subtest: query Apply preserves live table choice when only the selected Resource read is denied
ok 24 - query Apply preserves live table choice when only the selected Resource read is denied
  ---
  duration_ms: 0.56455
  type: 'test'
  ...
1..24
# tests 24
# suites 0
# pass 24
# fail 0
# cancelled 0
# skipped 0
# todo 0
# duration_ms 105.929997
