minio version RELEASE.2024-09-22T00-33-43Z (commit-id=RELEASE.2024-09-22T00-33-43Z)
Runtime: go1.23.8 linux/amd64
License: GNU AGPLv3 - https://www.gnu.org/licenses/agpl-3.0.html
Copyright: 2015-2024 MinIO, Inc.
   Compiling rom-blob-object-store v0.1.0-alpha.1 (/workspace/ROM/.worktrees/release-query-index/crates/rom-blob-object-store)
    Finished `test` profile [unoptimized] target(s) in 0.46s
     Running unittests src/lib.rs (/var/tmp/rom-release-measured-verification-target/debug/deps/rom_blob_object_store-1209ec088f748d76)

running 0 tests

test result: ok. 0 passed; 0 failed; 0 ignored; 0 measured; 0 filtered out; finished in 0.00s

     Running tests/conformance.rs (/var/tmp/rom-release-measured-verification-target/debug/deps/conformance-c3f47544796c560a)

running 5 tests
test physical_keys_and_remote_endpoint_policy_reject_unsafe_input ... ok
test folder_atomic_create_bounds_and_reopen ... ok
test folder_and_sqlite_restart_recover_real_attachment_and_detachment ... ok
test real_s3_lost_publish_response_is_unknown_and_reconcilable ... ok
test real_s3_uses_identical_contract ... ok

test result: ok. 5 passed; 0 failed; 0 ignored; 0 measured; 0 filtered out; finished in 0.07s

   Doc-tests rom_blob_object_store

running 0 tests

test result: ok. 0 passed; 0 failed; 0 ignored; 0 measured; 0 filtered out; finished in 0.00s

