skills/rom/rom-operator/SKILL.md: OK
skills/rom/workflows.json: OK
skills/rom/assets/resource/run.mjs: OK
scripts/skills/assets.mjs: OK
scripts/skills/process.test.mjs: OK
scripts/skills/bundle.test.mjs: OK
scripts/skills/rust-project.mjs: OK
scripts/skills/admission.mjs: OK
scripts/skills/verify.mjs: OK
scripts/skills/execution.mjs: OK
skills/rom/assets/resource/project/src/code.rs: OK
skills/rom/assets/resource/project/src/tests.rs: OK
skills/rom/assets/resource/project/src/resources.rs: OK
skills/rom/assets/resource/project/src/actions.rs: OK
skills/rom/assets/resource/project/src/lib.rs: OK
scripts/skills/process.mjs: OK
scripts/skills/assembly.mjs: OK
scripts/skills/assemble.mjs: OK
scripts/skills/files.mjs: OK
skills/rom/assets/release/run.mjs: OK
skills/rom/rom-native-extension/SKILL.md: OK
skills/rom/README.md: OK
skills/rom/rom-release/SKILL.md: OK
skills/rom/assets/native/run.mjs: OK
skills/rom/rom-resource/SKILL.md: OK
skills/rom/assets/operator/run.mjs: OK
skills/rom/assets/native/project/src/lib.rs: OK
skills/rom/assets/operator/project/src/request.rs: OK
skills/rom/assets/operator/project/src/tests.rs: OK
skills/rom/assets/operator/project/src/main.rs: OK
skills/rom/assets/operator/project/src/lib.rs: OK
skills/rom/assets/native/project/tests/codec.rs: OK
