Cargo.lock: OK
Cargo.toml: OK
crates/rom-auth/Cargo.toml: OK
crates/rom-auth/src/claims.rs: OK
crates/rom-auth/src/error.rs: OK
crates/rom-auth/src/identity.rs: OK
crates/rom-auth/src/introspection.rs: OK
crates/rom-auth/src/jwt.rs: OK
crates/rom-auth/src/lib.rs: OK
crates/rom-auth/tests/profiles.rs: OK
crates/rom-auth/verify: OK
crates/rom-backup/Cargo.toml: OK
crates/rom-backup/src/archive.rs: OK
crates/rom-backup/src/codec.rs: OK
crates/rom-backup/src/collector.rs: OK
crates/rom-backup/src/epoch_upgrade_tests.rs: OK
crates/rom-backup/src/legacy.rs: OK
crates/rom-backup/src/legacy_state.rs: OK
crates/rom-backup/src/lib.rs: OK
crates/rom-backup/src/maintenance_limits.rs: OK
crates/rom-backup/src/migration.rs: OK
crates/rom-backup/src/migration_plan.rs: OK
crates/rom-backup/src/model.rs: OK
crates/rom-backup/src/native_ownership.rs: OK
crates/rom-backup/src/native_ownership/lifetime_tests.rs: OK
crates/rom-backup/src/native_ownership/lock.rs: OK
crates/rom-backup/src/native_ownership/lock_tests.rs: OK
crates/rom-backup/src/native_ownership/metadata.rs: OK
crates/rom-backup/src/native_ownership/path.rs: OK
crates/rom-backup/src/native_ownership/path_tests.rs: OK
crates/rom-backup/src/publication.rs: OK
crates/rom-backup/src/publication/tests.rs: OK
crates/rom-backup/src/retention.rs: OK
crates/rom-backup/src/retention_policy.rs: OK
crates/rom-backup/src/schema.rs: OK
crates/rom-backup/src/tests.rs: OK
crates/rom-backup/tests/migration_codecs.rs: OK
crates/rom-backup/tests/migrations.rs: OK
crates/rom-backup/tests/native_ownership.rs: OK
crates/rom-backup/tests/native_ownership/paths.rs: OK
crates/rom-backup/tests/native_ownership/processes.rs: OK
crates/rom-backup/tests/native_ownership/support.rs: OK
crates/rom-backup/tests/references.rs: OK
crates/rom-backup/tests/retention.rs: OK
crates/rom-blob-object-store/Cargo.toml: OK
crates/rom-blob-object-store/src/adapter.rs: OK
crates/rom-blob-object-store/src/configuration.rs: OK
crates/rom-blob-object-store/src/errors.rs: OK
crates/rom-blob-object-store/src/lib.rs: OK
crates/rom-blob-object-store/tests/conformance.rs: OK
crates/rom-blob-object-store/verify-s3: OK
crates/rom-blob/Cargo.toml: OK
crates/rom-blob/src/error.rs: OK
crates/rom-blob/src/identity.rs: OK
crates/rom-blob/src/lib.rs: OK
crates/rom-blob/src/resource.rs: OK
crates/rom-blob/src/service.rs: OK
crates/rom-blob/src/service/configuration.rs: OK
crates/rom-blob/src/service/lifecycle.rs: OK
crates/rom-blob/src/service/operations.rs: OK
crates/rom-blob/src/service/types.rs: OK
crates/rom-blob/src/staging.rs: OK
crates/rom-blob/src/storage.rs: OK
crates/rom-blob/tests/lifecycle.rs: OK
crates/rom-cli/Cargo.toml: OK
crates/rom-cli/src/args.rs: OK
crates/rom-cli/src/client.rs: OK
crates/rom-cli/src/input.rs: OK
crates/rom-cli/src/json.rs: OK
crates/rom-cli/src/main.rs: OK
crates/rom-cli/src/operator.rs: OK
crates/rom-cli/src/operator/args.rs: OK
crates/rom-cli/src/operator/input.rs: OK
crates/rom-cli/src/operator/response.rs: OK
crates/rom-cli/src/output.rs: OK
crates/rom-cli/src/response.rs: OK
crates/rom-cli/src/sse.rs: OK
crates/rom-cli/tests/commands.rs: OK
crates/rom-cli/tests/common/mod.rs: OK
crates/rom-cli/tests/common/support.rs: OK
crates/rom-cli/tests/failures.rs: OK
crates/rom-cli/tests/loopback.rs: OK
crates/rom-cli/tests/operator.rs: OK
crates/rom-cli/tests/operator/native.rs: OK
crates/rom-cli/tests/operator/native_support.rs: OK
crates/rom-cli/tests/operator/object_shape.rs: OK
crates/rom-cli/tests/operator/reconciliation.rs: OK
crates/rom-cli/tests/operator/signals.rs: OK
crates/rom-cli/tests/operator/support.rs: OK
crates/rom-cli/tests/retry_epochs.rs: OK
crates/rom-cli/tests/streaming.rs: OK
crates/rom-cli/verify: OK
crates/rom-config/Cargo.toml: OK
crates/rom-config/src/ingestion.rs: OK
crates/rom-config/src/ingestion/activation.rs: OK
crates/rom-config/src/ingestion/errors.rs: OK
crates/rom-config/src/ingestion/ticket.rs: OK
crates/rom-config/src/lib.rs: OK
crates/rom-config/src/parser.rs: OK
crates/rom-config/tests/ingestion.rs: OK
crates/rom-config/tests/parser.rs: OK
crates/rom-config/verify: OK
crates/rom-conformance/Cargo.toml: OK
crates/rom-conformance/src/blob.rs: OK
crates/rom-conformance/src/error.rs: OK
crates/rom-conformance/src/field.rs: OK
crates/rom-conformance/src/lib.rs: OK
crates/rom-conformance/src/profile.rs: OK
crates/rom-conformance/src/storage.rs: OK
crates/rom-conformance/src/storage/assertions.rs: OK
crates/rom-conformance/src/storage/runner.rs: OK
crates/rom-conformance/src/storage/scenario.rs: OK
crates/rom-conformance/src/storage/typed.rs: OK
crates/rom-conformance/tests/blob.rs: OK
crates/rom-conformance/tests/public_contract.rs: OK
crates/rom-derive/Cargo.toml: OK
crates/rom-derive/src/expansion.rs: OK
crates/rom-derive/src/lib.rs: OK
crates/rom-http/Cargo.toml: OK
crates/rom-http/src/authentication.rs: OK
crates/rom-http/src/error.rs: OK
crates/rom-http/src/error_tests.rs: OK
crates/rom-http/src/json.rs: OK
crates/rom-http/src/lib.rs: OK
crates/rom-http/src/observation.rs: OK
crates/rom-http/src/operator.rs: OK
crates/rom-http/src/request.rs: OK
crates/rom-http/src/routes.rs: OK
crates/rom-http/src/server.rs: OK
crates/rom-http/tests/capacity_configuration.rs: OK
crates/rom-http/tests/loopback.rs: OK
crates/rom-http/tests/loopback/admission.rs: OK
crates/rom-http/tests/loopback/authentication.rs: OK
crates/rom-http/tests/loopback/discovery.rs: OK
crates/rom-http/tests/loopback/journal.rs: OK
crates/rom-http/tests/loopback/mutation.rs: OK
crates/rom-http/tests/loopback/observations.rs: OK
crates/rom-http/tests/loopback/operator.rs: OK
crates/rom-http/tests/loopback/operator_flow.rs: OK
crates/rom-http/tests/loopback/query.rs: OK
crates/rom-http/tests/loopback/support.rs: OK
crates/rom-identity/Cargo.toml: OK
crates/rom-identity/src/binding.rs: OK
crates/rom-identity/src/gate.rs: OK
crates/rom-identity/src/lib.rs: OK
crates/rom-identity/src/resources.rs: OK
crates/rom-identity/tests/integration.rs: OK
crates/rom-identity/verify: OK
crates/rom-redb/Cargo.toml: OK
crates/rom-redb/src/commit.rs: OK
crates/rom-redb/src/format.rs: OK
crates/rom-redb/src/lib.rs: OK
crates/rom-redb/src/maintenance.rs: OK
crates/rom-redb/src/migration.rs: OK
crates/rom-redb/src/operator.rs: OK
crates/rom-redb/src/preflight.rs: OK
crates/rom-redb/src/references.rs: OK
crates/rom-redb/src/retention.rs: OK
crates/rom-redb/src/state.rs: OK
crates/rom-redb/src/storage.rs: OK
crates/rom-redb/src/store.rs: OK
crates/rom-redb/src/upgrade.rs: OK
crates/rom-redb/src/upgrade_tests.rs: OK
crates/rom-sqlite/Cargo.toml: OK
crates/rom-sqlite/src/index.rs: OK
crates/rom-sqlite/src/index/catalog.rs: OK
crates/rom-sqlite/src/index/catalog_tests.rs: OK
crates/rom-sqlite/src/index/derivation.rs: OK
crates/rom-sqlite/src/index/encoding.rs: OK
crates/rom-sqlite/src/index/encoding_tests.rs: OK
crates/rom-sqlite/src/index/layout.rs: OK
crates/rom-sqlite/src/index/metadata.rs: OK
crates/rom-sqlite/src/index/planner.rs: OK
crates/rom-sqlite/src/index/planner/cost.rs: OK
crates/rom-sqlite/src/index/planner/predicate.rs: OK
crates/rom-sqlite/src/index/planner/probe.rs: OK
crates/rom-sqlite/src/index/planner/tests.rs: OK
crates/rom-sqlite/src/index/query.rs: OK
crates/rom-sqlite/src/index/query_tests.rs: OK
crates/rom-sqlite/src/index/validation.rs: OK
crates/rom-sqlite/src/index_rebuild.rs: OK
crates/rom-sqlite/src/lib.rs: OK
crates/rom-sqlite/src/maintenance.rs: OK
crates/rom-sqlite/src/migration.rs: OK
crates/rom-sqlite/src/operator.rs: OK
crates/rom-sqlite/src/persistence.rs: OK
crates/rom-sqlite/src/query_observation.rs: OK
crates/rom-sqlite/src/read_rows.rs: OK
crates/rom-sqlite/src/references.rs: OK
crates/rom-sqlite/src/retention.rs: OK
crates/rom-sqlite/src/snapshot.rs: OK
crates/rom-sqlite/src/store.rs: OK
crates/rom-sqlite/src/upgrade.rs: OK
crates/rom-sqlite/tests/query_observation.rs: OK
crates/rom/Cargo.toml: OK
crates/rom/src/channels.rs: OK
crates/rom/src/channels/execution.rs: OK
crates/rom/src/channels/intentions.rs: OK
crates/rom/src/channels/model.rs: OK
crates/rom/src/channels/registration.rs: OK
crates/rom/src/channels/supervision.rs: OK
crates/rom/src/discovery.rs: OK
crates/rom/src/error.rs: OK
crates/rom/src/execution.rs: OK
crates/rom/src/execution/authority.rs: OK
crates/rom/src/execution/builder.rs: OK
crates/rom/src/execution/command.rs: OK
crates/rom/src/execution/lifecycle.rs: OK
crates/rom/src/execution/state.rs: OK
crates/rom/src/input_codec.rs: OK
crates/rom/src/invocation.rs: OK
crates/rom/src/journal.rs: OK
crates/rom/src/json.rs: OK
crates/rom/src/lib.rs: OK
crates/rom/src/operator.rs: OK
crates/rom/src/operator/authorization.rs: OK
crates/rom/src/operator/control.rs: OK
crates/rom/src/operator/control_execution.rs: OK
crates/rom/src/operator/cursor.rs: OK
crates/rom/src/operator/projection.rs: OK
crates/rom/src/operator/protocol.rs: OK
crates/rom/src/operator/protocol/identifiers.rs: OK
crates/rom/src/operator/receipts.rs: OK
crates/rom/src/operator/runtime.rs: OK
crates/rom/src/operator/status.rs: OK
crates/rom/src/patch.rs: OK
crates/rom/src/persistence.rs: OK
crates/rom/src/persistence/maintenance.rs: OK
crates/rom/src/persistence/operator.rs: OK
crates/rom/src/persistence/receipt.rs: OK
crates/rom/src/policy.rs: OK
crates/rom/src/projection.rs: OK
crates/rom/src/query.rs: OK
crates/rom/src/query/subscription.rs: OK
crates/rom/src/query_eval.rs: OK
crates/rom/src/query_eval/comparison.rs: OK
crates/rom/src/query_eval/normalization.rs: OK
crates/rom/src/query_eval/read.rs: OK
crates/rom/src/query_spec.rs: OK
crates/rom/src/query_storage.rs: OK
crates/rom/src/query_storage/protocol.rs: OK
crates/rom/src/query_storage/selection.rs: OK
crates/rom/src/query_storage/tests.rs: OK
crates/rom/src/query_storage/validation.rs: OK
crates/rom/src/reaction_work.rs: OK
crates/rom/src/reaction_work/control.rs: OK
crates/rom/src/reaction_work/delivery_profile.rs: OK
crates/rom/src/reaction_work/delivery_profile_tests.rs: OK
crates/rom/src/reaction_work/ledger.rs: OK
crates/rom/src/reaction_work/maintenance.rs: OK
crates/rom/src/reaction_work/model.rs: OK
crates/rom/src/reaction_work/retention.rs: OK
crates/rom/src/reaction_work/revision_tests.rs: OK
crates/rom/src/reactions.rs: OK
crates/rom/src/reactions/claims.rs: OK
crates/rom/src/reactions/declarations.rs: OK
crates/rom/src/reactions/receipt.rs: OK
crates/rom/src/reactions/routing.rs: OK
crates/rom/src/reactions/worker.rs: OK
crates/rom/src/references.rs: OK
crates/rom/src/replay.rs: OK
crates/rom/src/resource.rs: OK
crates/rom/src/resource/command.rs: OK
crates/rom/src/resource/definition.rs: OK
crates/rom/src/resource/definition_tests.rs: OK
crates/rom/src/resource/fields.rs: OK
crates/rom/src/resource/query.rs: OK
crates/rom/src/resource/schema.rs: OK
crates/rom/src/retry_epoch.rs: OK
crates/rom/src/source.rs: OK
crates/rom/src/storage_ownership.rs: OK
crates/rom/src/storage_ownership/tests.rs: OK
crates/rom/src/storage_state.rs: OK
crates/rom/src/storage_state/maintenance.rs: OK
crates/rom/src/storage_state/maintenance_tests.rs: OK
crates/rom/src/storage_state/operator.rs: OK
crates/rom/src/storage_state/operator_tests.rs: OK
crates/rom/src/storage_state/retention.rs: OK
crates/rom/src/storage_state/retention_tests.rs: OK
crates/rom/src/storage_state/work.rs: OK
crates/rom/tests/json.rs: OK
crates/rom/tests/operator_protocol.rs: OK
crates/rom/tests/reference_schema.rs: OK
crates/rom/tests/replay_versions.rs: OK
crates/rom/tests/retry_epochs.rs: OK
crates/rom/tests/storage_ownership.rs: OK
demo/Cargo.toml: OK
demo/check-serve: OK
demo/provider-fixture/acceptance.mjs: OK
demo/provider-fixture/commands.test.mjs: OK
demo/provider-fixture/files.mjs: OK
demo/provider-fixture/fixture.test.mjs: OK
demo/provider-fixture/host.mjs: OK
demo/provider-fixture/issue.mjs: OK
demo/provider-fixture/journey.mjs: OK
demo/provider-fixture/private-read-child.mjs: OK
demo/provider-fixture/processes.mjs: OK
demo/provider-fixture/provider.mjs: OK
demo/provider-fixture/server.mjs: OK
demo/src/application.rs: OK
demo/src/attachments.rs: OK
demo/src/compensation.rs: OK
demo/src/compensation/checkout_rules.rs: OK
demo/src/identity.rs: OK
demo/src/lib.rs: OK
demo/src/main.rs: OK
demo/src/model.rs: OK
demo/src/operator.rs: OK
demo/src/provider_profile.rs: OK
demo/src/provider_profile/application.rs: OK
demo/src/provider_profile/authentication.rs: OK
demo/src/provider_profile/command.rs: OK
demo/src/provider_profile/configuration.rs: OK
demo/src/provider_profile/lifecycle.rs: OK
demo/src/provider_profile/model.rs: OK
demo/src/provider_profile/provisioning.rs: OK
demo/src/provider_profile/secrets.rs: OK
demo/src/provider_profile/serving.rs: OK
demo/src/provider_profile/text.rs: OK
demo/src/provider_profile/verification.rs: OK
demo/src/reference.rs: OK
demo/src/scratch.rs: OK
demo/src/smoke.rs: OK
demo/src/startup.rs: OK
demo/src/upgrade.rs: OK
demo/src/upgrade/checks.rs: OK
demo/src/upgrade/legacy.rs: OK
demo/src/upgrade/legacy_tests.rs: OK
demo/src/upgrade/native.rs: OK
demo/tests/compensation.rs: OK
demo/tests/documented_commands.rs: OK
demo/tests/operator.rs: OK
demo/tests/provider_auth.rs: OK
demo/tests/provider_auth/admission.rs: OK
demo/tests/provider_auth/approval.rs: OK
demo/tests/provider_auth/files.rs: OK
demo/tests/provider_auth/outage.rs: OK
demo/tests/provider_auth/provider.rs: OK
demo/tests/provider_auth/scratch.rs: OK
demo/tests/provider_auth/support.rs: OK
demo/tests/provider_profile.rs: OK
demo/tests/provider_profile/authority.rs: OK
demo/tests/provider_profile/commands.rs: OK
demo/tests/provider_profile/configuration.rs: OK
demo/tests/provider_profile/provisioning.rs: OK
demo/tests/provider_profile/serving.rs: OK
demo/tests/provider_profile/support.rs: OK
demo/tests/reference.rs: OK
demo/tests/reservation_input.rs: OK
demo/tests/transitions.rs: OK
demo/tests/upgrade.rs: OK
demo/tests/workshop.rs: OK
demo/verify: OK
demo/verify-provider: OK
examples/consumer/Cargo.toml: OK
examples/consumer/src/application.rs: OK
examples/consumer/src/lib.rs: OK
examples/consumer/src/main.rs: OK
examples/consumer/src/setting.rs: OK
examples/consumer/src/task.rs: OK
examples/consumer/tests/actor_gate.rs: OK
examples/consumer/tests/bounds.rs: OK
examples/consumer/tests/capacity_configuration.rs: OK
examples/consumer/tests/discovery.rs: OK
examples/consumer/tests/extensions.rs: OK
examples/consumer/tests/fields.rs: OK
examples/consumer/tests/initial_authority.rs: OK
examples/consumer/tests/integrated.rs: OK
examples/consumer/tests/invocation.rs: OK
examples/consumer/tests/lifecycle.rs: OK
examples/consumer/tests/native_conformance.rs: OK
examples/consumer/tests/native_conformance/fixture.rs: OK
examples/consumer/tests/presence.rs: OK
examples/consumer/tests/projection.rs: OK
examples/consumer/tests/promotion.rs: OK
examples/consumer/tests/query_all.rs: OK
examples/consumer/tests/query_contract.rs: OK
examples/consumer/tests/source_authority.rs: OK
examples/consumer/tests/structured_input.rs: OK
scripts/check: OK
scripts/check-packages.mjs: OK
scripts/check-rust: OK
tests/compile-renamed/Cargo.toml: OK
tests/compile-renamed/src/main.rs: OK
tests/compile/Cargo.toml: OK
tests/compile/check.mjs: OK
tests/compile/src/bin/documented.rs: OK
tests/compile/src/bin/duplicate.rs: OK
tests/compile/src/bin/input_duplicate.rs: OK
tests/compile/src/bin/input_duplicate_option.rs: OK
tests/compile/src/bin/input_generic.rs: OK
tests/compile/src/bin/input_renamed.rs: OK
tests/compile/src/bin/input_serde.rs: OK
tests/compile/src/bin/input_unsupported.rs: OK
tests/compile/src/bin/input_version.rs: OK
tests/compile/src/bin/renamed.rs: OK
tests/compile/src/bin/resource_version.rs: OK
tests/compile/src/bin/resource_version_duplicate.rs: OK
tests/compile/src/bin/resource_version_float.rs: OK
tests/compile/src/bin/resource_version_overflow.rs: OK
tests/compile/src/bin/resource_version_string.rs: OK
tests/compile/src/bin/resource_version_zero.rs: OK
tests/compile/src/bin/serde.rs: OK
tests/compile/src/bin/unsupported.rs: OK
tests/compile/src/bin/wrong_input.rs: OK
tests/compile/src/bin/wrong_selector.rs: OK
tests/persistence/Cargo.toml: OK
tests/persistence/tests/backup.rs: OK
tests/persistence/tests/channels.rs: OK
tests/persistence/tests/conformance.rs: OK
tests/persistence/tests/journal_head.rs: OK
tests/persistence/tests/ledger_capacity.rs: OK
tests/persistence/tests/migration_runtime.rs: OK
tests/persistence/tests/native_profile.rs: OK
tests/persistence/tests/operator.rs: OK
tests/persistence/tests/operator/process.rs: OK
tests/persistence/tests/operator/support.rs: OK
tests/persistence/tests/operator_reconciliation.rs: OK
tests/persistence/tests/operator_reconciliation/profiles.rs: OK
tests/persistence/tests/operator_reconciliation/races.rs: OK
tests/persistence/tests/operator_reconciliation/recovery.rs: OK
tests/persistence/tests/operator_reconciliation/support.rs: OK
tests/persistence/tests/operator_reconciliation/verification.rs: OK
tests/persistence/tests/operator_runtime.rs: OK
tests/persistence/tests/operator_runtime/resolution.rs: OK
tests/persistence/tests/operator_runtime/support.rs: OK
tests/persistence/tests/operator_runtime/wrapper.rs: OK
tests/persistence/tests/ownership.rs: OK
tests/persistence/tests/ownership/maintenance.rs: OK
tests/persistence/tests/ownership/offline_recovery.rs: OK
tests/persistence/tests/ownership/process.rs: OK
tests/persistence/tests/ownership/support.rs: OK
tests/persistence/tests/query_planning.rs: OK
tests/persistence/tests/query_read.rs: OK
tests/persistence/tests/reactions.rs: OK
tests/persistence/tests/receipt_versions.rs: OK
tests/persistence/tests/references.rs: OK
tests/persistence/tests/retention.rs: OK
tests/persistence/tests/retry_epochs.rs: OK
tests/persistence/tests/runtime_reactions.rs: OK
tests/persistence/tests/schema_migration.rs: OK
tests/persistence/tests/shared.rs: OK
tests/persistence/tests/shared/native_fixture.rs: OK
tests/persistence/tests/sqlite_index_recovery.rs: OK
tests/persistence/tests/sqlite_offline_read.rs: OK
tests/persistence/tests/sqlite_query_index.rs: OK
tests/persistence/tests/support/child_process.rs: OK
tests/persistence/tests/support/legacy_native.rs: OK
tests/persistence/tests/support/legacy_wire.rs: OK
tests/persistence/tests/transitions.rs: OK
tests/persistence/tests/upgrade.rs: OK
