   Compiling rom-http v0.1.0-alpha.1 (/workspace/ROM/.worktrees/release-query-index/crates/rom-http)
error[E0425]: cannot find value `query_anchor` in this scope
  --> crates/rom-http/src/server.rs:75:42
   |
75 |             .route("/query/anchor", post(query_anchor))
   |                                          ^^^^^^^^^^^^ not found in this scope
   |
help: consider importing this function
   |
 1 + use crate::routes::query_anchor;
   |

error[E0277]: the trait bound `ProjectedView: serde::Deserialize<'de>` is not satisfied
    --> crates/rom-http/src/routes.rs:75:11
     |
  75 |     view: rom::ProjectedView,
     |           ^^^^^^^^^^^^^^^^^^ the trait `Deserialize<'_>` is not implemented for `ProjectedView`
     |
     = note: for local types consider adding `#[derive(serde::Deserialize)]` to your `ProjectedView` type
     = note: for types from other crates check whether the crate offers a `serde` feature flag
     = help: the following other types implement trait `Deserialize<'de>`:
               &'a RawValue
               &'a [u8]
               &'a std::path::Path
               &'a str
               ()
               (T,)
               (T0, T1)
               (T0, T1, T2)
             and 224 others
note: required by a bound in `next_element`
    --> /root/.cargo/registry/src/index.crates.io-1949cf8c6b5b557f/serde_core-1.0.229/src/de/mod.rs:1771:12
     |
1769 |     fn next_element<T>(&mut self) -> Result<Option<T>, Self::Error>
     |        ------------ required by a bound in this associated function
1770 |     where
1771 |         T: Deserialize<'de>,
     |            ^^^^^^^^^^^^^^^^ required by this bound in `SeqAccess::next_element`

error[E0277]: the trait bound `ProjectedView: serde::Deserialize<'de>` is not satisfied
    --> crates/rom-http/src/routes.rs:75:11
     |
  75 |     view: rom::ProjectedView,
     |           ^^^^^^^^^^^^^^^^^^ the trait `Deserialize<'_>` is not implemented for `ProjectedView`
     |
     = note: for local types consider adding `#[derive(serde::Deserialize)]` to your `ProjectedView` type
     = note: for types from other crates check whether the crate offers a `serde` feature flag
     = help: the following other types implement trait `Deserialize<'de>`:
               &'a RawValue
               &'a [u8]
               &'a std::path::Path
               &'a str
               ()
               (T,)
               (T0, T1)
               (T0, T1, T2)
             and 224 others
note: required by a bound in `next_value`
    --> /root/.cargo/registry/src/index.crates.io-1949cf8c6b5b557f/serde_core-1.0.229/src/de/mod.rs:1916:12
     |
1914 |     fn next_value<V>(&mut self) -> Result<V, Self::Error>
     |        ---------- required by a bound in this associated function
1915 |     where
1916 |         V: Deserialize<'de>,
     |            ^^^^^^^^^^^^^^^^ required by this bound in `MapAccess::next_value`

error[E0277]: the trait bound `ProjectedView: serde::Deserialize<'de>` is not satisfied
  --> crates/rom-http/src/routes.rs:71:10
   |
71 | #[derive(Deserialize)]
   |          ^^^^^^^^^^^ the trait `Deserialize<'_>` is not implemented for `ProjectedView`
   |
   = note: for local types consider adding `#[derive(serde::Deserialize)]` to your `ProjectedView` type
   = note: for types from other crates check whether the crate offers a `serde` feature flag
   = help: the following other types implement trait `Deserialize<'de>`:
             &'a RawValue
             &'a [u8]
             &'a std::path::Path
             &'a str
             ()
             (T,)
             (T0, T1)
             (T0, T1, T2)
           and 224 others
note: required by a bound in `operator::_::_serde::__private229::de::missing_field`
  --> /root/.cargo/registry/src/index.crates.io-1949cf8c6b5b557f/serde-1.0.229/src/private/de.rs:26:8
   |
24 | pub fn missing_field<'de, V, E>(field: &'static str) -> Result<V, E>
   |        ------------- required by a bound in this function
25 | where
26 |     V: Deserialize<'de>,
   |        ^^^^^^^^^^^^^^^^ required by this bound in `missing_field`
   = note: this error originates in the derive macro `Deserialize` (in Nightly builds, run with -Z macro-backtrace for more info)

Some errors have detailed explanations: E0277, E0425.
For more information about an error, try `rustc --explain E0277`.
error: could not compile `rom-http` (lib) due to 4 previous errors
