    Checking rom-studio-host v0.1.0-alpha.1 (/workspace/ROM/.worktrees/release-query-index/crates/rom-studio-host)
    Finished `dev` profile [unoptimized] target(s) in 0.67s
   Compiling libc v0.2.189
   Compiling syn v3.0.6
    Checking itoa v1.0.18
   Compiling jobserver v0.1.35
    Checking bytes v1.12.1
    Checking pin-project-lite v0.2.17
   Compiling cc v1.5.1
   Compiling synstructure v0.14.0
   Compiling zerofrom-derive v0.1.8
   Compiling yoke-derive v0.8.4
   Compiling cmake v0.1.58
    Checking zerofrom v0.1.8
    Checking stable_deref_trait v1.2.1
    Checking yoke v0.8.3
   Compiling aws-lc-sys v0.45.0
   Compiling syn v2.0.119
    Checking futures-core v0.3.34
   Compiling zeroize_derive v1.5.0
    Checking mio v1.2.3
    Checking socket2 v0.6.5
   Compiling tokio-macros v2.7.2
   Compiling zerovec-derive v0.11.6
    Checking zerovec v0.11.8
    Checking tokio v1.53.1
    Checking zeroize v1.9.0
   Compiling displaydoc v0.2.7
   Compiling aws-lc-rs v1.18.1
    Checking serde_core v1.0.229
    Checking smallvec v1.16.2
    Checking http v1.5.0
    Checking untrusted v0.7.1
    Checking once_cell v1.21.4
    Checking http-body v1.1.0
    Checking tinystr v0.8.4
   Compiling serde_derive v1.0.229
    Checking percent-encoding v2.3.2
    Checking typenum v1.20.1
    Checking litemap v0.8.3
    Checking writeable v0.6.4
    Checking icu_locale_core v2.3.0
    Checking generic-array v0.14.9
   Compiling num-traits v0.2.19
    Checking serde v1.0.229
    Checking zerotrie v0.2.5
    Checking potential_utf v0.1.6
    Checking utf8_iter v1.0.4
    Checking futures-task v0.3.34
    Checking tower-service v0.3.3
    Checking slab v0.4.12
    Checking futures-util v0.3.34
    Checking icu_collections v2.3.0
    Checking icu_provider v2.3.1
    Checking crossbeam-utils v0.8.23
    Checking zmij v1.0.23
    Checking rustls-pki-types v1.15.1
    Checking try-lock v0.2.5
    Checking subtle v2.6.1
    Checking memchr v2.8.3
    Checking serde_json v1.0.151
    Checking want v0.3.1
    Checking crossbeam-epoch v0.9.21
    Checking icu_properties_data v2.3.0
    Checking httparse v1.10.1
    Checking icu_normalizer_data v2.3.0
    Checking block-buffer v0.10.4
    Checking crypto-common v0.1.6
    Checking form_urlencoded v1.2.2
    Checking tracing-core v0.1.36
    Checking futures-channel v0.3.34
    Checking sync_wrapper v1.0.2
    Checking untrusted v0.9.0
    Checking cfg-if v1.0.5
   Compiling num-conv v0.2.2
    Checking httpdate v1.0.3
    Checking atomic-waker v1.1.2
   Compiling time-core v0.1.9
    Checking tower-layer v0.3.3
   Compiling thiserror v2.0.21
   Compiling time-macros v0.2.32
    Checking hyper v1.11.1
    Checking tracing v0.1.44
    Checking digest v0.10.7
    Checking icu_normalizer v2.3.0
    Checking icu_properties v2.3.0
    Checking crossbeam-deque v0.8.8
    Checking num-integer v0.1.47
   Compiling thiserror-impl v2.0.21
    Checking deranged v0.5.8
    Checking cpufeatures v0.2.17
    Checking base64 v0.23.1
    Checking powerfmt v0.2.0
    Checking ipnet v2.12.2
    Checking hyper-util v0.1.21
    Checking time v0.3.55
    Checking sha2 v0.10.9
    Checking num-bigint v0.4.8
    Checking rayon-core v1.13.0
    Checking idna_adapter v1.2.2
    Checking tower v0.5.3
    Checking http-body-util v0.1.5
    Checking base64 v0.22.1
    Checking ryu v1.0.23
    Checking either v1.18.0
    Checking rayon v1.12.0
    Checking serde_urlencoded v0.7.1
    Checking pem v3.0.6
    Checking idna v1.1.0
    Checking simple_asn1 v0.6.4
   Compiling rom-derive v0.1.0-alpha.1 (/workspace/ROM/.worktrees/release-query-index/crates/rom-derive)
    Checking openssl-probe v0.2.1
    Checking mime v0.3.17
    Checking signature v2.2.0
    Checking axum-core v0.5.6
    Checking rustls-native-certs v0.8.4
    Checking rom v0.1.0-alpha.1 (/workspace/ROM/.worktrees/release-query-index/crates/rom)
    Checking url v2.5.8
    Checking serde_path_to_error v0.1.20
    Checking log v0.4.34
    Checking futures-sink v0.3.34
    Checking bitflags v2.13.2
    Checking matchit v0.8.4
   Compiling getrandom v0.4.3
    Checking axum v0.8.9
