   Compiling tokio v1.53.1
   Compiling hyper v1.11.1
   Compiling rom v0.1.0-alpha.1 (/workspace/ROM/.worktrees/release-query-index/crates/rom)
   Compiling hyper-util v0.1.21
   Compiling tower v0.5.3
   Compiling serde_urlencoded v0.7.1
   Compiling url v2.5.8
   Compiling jsonwebtoken v11.1.0
   Compiling tokio-rustls v0.26.6
   Compiling getrandom v0.4.3
   Compiling tokio-util v0.7.19
   Compiling axum v0.8.9
   Compiling hyper-rustls v0.27.10
   Compiling rom-auth v0.1.0-alpha.1 (/workspace/ROM/.worktrees/release-query-index/crates/rom-auth)
   Compiling tower-http v0.6.11
   Compiling rom-backup v0.1.0-alpha.1 (/workspace/ROM/.worktrees/release-query-index/crates/rom-backup)
   Compiling reqwest v0.13.5
   Compiling rom-identity v0.1.0-alpha.1 (/workspace/ROM/.worktrees/release-query-index/crates/rom-identity)
   Compiling rom-http v0.1.0-alpha.1 (/workspace/ROM/.worktrees/release-query-index/crates/rom-http)
   Compiling rom-studio-host v0.1.0-alpha.1 (/workspace/ROM/.worktrees/release-query-index/crates/rom-studio-host)
   Compiling rom-redb v0.1.0-alpha.1 (/workspace/ROM/.worktrees/release-query-index/crates/rom-redb)
   Compiling rom-sqlite v0.1.0-alpha.1 (/workspace/ROM/.worktrees/release-query-index/crates/rom-sqlite)
error[E0432]: unresolved imports `rom_studio_host::HostConfig`, `rom_studio_host::OidcProviderConfig`
 --> crates/rom-studio-host/tests/configuration.rs:1:23
  |
1 | use rom_studio_host::{HostConfig, OidcProviderConfig};
  |                       ^^^^^^^^^^  ^^^^^^^^^^^^^^^^^^ no `OidcProviderConfig` in the root
  |                       |
  |                       no `HostConfig` in the root

For more information about this error, try `rustc --explain E0432`.
error: could not compile `rom-studio-host` (test "configuration") due to 1 previous error
