TAP version 13
# oidc-provider WARNING: a quick start development-only in-memory adapter is used, you MUST change it in order to not lose all stateful provider data upon restart and to be able to share these between processes
# Subtest: trusted preview rejects ambiguous issuer and callback mounts
ok 1 - trusted preview rejects ambiguous issuer and callback mounts
  ---
  duration_ms: 0.749012
  type: 'test'
  ...
# Subtest: HTTPS issuer profile preserves proxy paths, PKCE and signed public claims
ok 2 - HTTPS issuer profile preserves proxy paths, PKCE and signed public claims
  ---
  duration_ms: 68.963558
  type: 'test'
  ...
1..2
# tests 2
# suites 0
# pass 2
# fail 0
# cancelled 0
# skipped 0
# todo 0
# duration_ms 225.639483
