   Compiling rom-derive v0.0.2 (/workspace/ROM/.worktrees/release-query-index/crates/rom-derive)
   Compiling rom v0.0.2 (/workspace/ROM/.worktrees/release-query-index/crates/rom)
   Compiling rom-auth v0.0.2 (/workspace/ROM/.worktrees/release-query-index/crates/rom-auth)
   Compiling rom-blob v0.0.2 (/workspace/ROM/.worktrees/release-query-index/crates/rom-blob)
   Compiling rom-backup v0.0.2 (/workspace/ROM/.worktrees/release-query-index/crates/rom-backup)
   Compiling rom-identity v0.0.2 (/workspace/ROM/.worktrees/release-query-index/crates/rom-identity)
   Compiling rom-http v0.0.2 (/workspace/ROM/.worktrees/release-query-index/crates/rom-http)
   Compiling rom-redb v0.0.2 (/workspace/ROM/.worktrees/release-query-index/crates/rom-redb)
   Compiling rom-studio-host v0.0.2 (/workspace/ROM/.worktrees/release-query-index/crates/rom-studio-host)
   Compiling rom-config v0.0.2 (/workspace/ROM/.worktrees/release-query-index/crates/rom-config)
   Compiling rom-sqlite v0.0.2 (/workspace/ROM/.worktrees/release-query-index/crates/rom-sqlite)
   Compiling rom-blob-object-store v0.0.2 (/workspace/ROM/.worktrees/release-query-index/crates/rom-blob-object-store)
   Compiling rom-demo v0.0.2 (/workspace/ROM/.worktrees/release-query-index/demo)
warning: unused import: `Field`
 --> demo/src/studio_model_tests.rs:2:20
  |
2 | use rom::{Command, Field, Invocation, Operation, Resource, Value};
  |                    ^^^^^
  |
  = note: `#[warn(unused_imports)]` (part of `#[warn(unused)]`) on by default

warning: `rom-demo` (lib test) generated 1 warning
    Finished `test` profile [unoptimized + debuginfo] target(s) in 17.06s
     Running unittests src/lib.rs (/var/tmp/rom-release-measured-verification-target/debug/deps/rom_demo-613e289cb7e48620)

running 1 test

thread 'studio_model_tests::inventory_restock_is_discovered_and_rejects_overflow_without_commit' (2193327) panicked at demo/src/studio_model_tests.rs:16:5:
Inventory must declare the demo action through Resource metadata
note: run with `RUST_BACKTRACE=1` environment variable to display a backtrace
test studio_model_tests::inventory_restock_is_discovered_and_rejects_overflow_without_commit ... FAILED

failures:

failures:
    studio_model_tests::inventory_restock_is_discovered_and_rejects_overflow_without_commit

test result: FAILED. 0 passed; 1 failed; 0 ignored; 0 measured; 9 filtered out; finished in 0.00s

error: test failed, to rerun pass `-p rom-demo --lib`
