   Compiling rom-backup v0.1.0-alpha.1 (/workspace/ROM/.worktrees/release-query-index/crates/rom-backup)
    Finished `test` profile [unoptimized] target(s) in 0.71s
     Running unittests src/lib.rs (/var/tmp/rom-release-measured-verification-target/debug/deps/rom_backup-1629e6f630a69f2c)

running 20 tests
test epoch_upgrade_tests::physical_records_share_logical_collector_budgets_without_entering_snapshot ... ok
test native_ownership::lock::tests::post_lock_permission_and_link_changes_are_not_accepted ... ok
test native_ownership::path::tests::a_new_symlink_or_hardlink_cannot_replace_a_reserved_absent_path ... ok
test native_ownership::lifetime_tests::incidental_descriptor_duplicate_does_not_extend_guard_ownership ... ok
test native_ownership::lock::tests::sidecar_replacement_is_detected_while_the_original_inode_remains_locked ... ok
test native_ownership::path::tests::database_replacement_or_disappearance_fails_the_post_lock_identity_check ... ok
test publication::tests::native_finalization_refuses_unknown_additional_hard_links ... ok
test publication::tests::native_finalization_rejects_replaced_destination_without_removal ... ok
test publication::tests::native_finalization_rejects_before_publication_without_removal ... ok
test publication::tests::native_publication_child ... ok
test publication::tests::native_finalization_removes_only_the_private_alias_and_keeps_reservation ... ok
test publication::tests::native_finalization_rejects_symlinks_and_missing_private_artifacts ... ok
test tests::publication_race_and_symlink_refuse_overwrite ... ok
test epoch_upgrade_tests::current_snapshot_upgrade_checks_catalog_integrity_and_complete_bounds ... ok

running 1 test
test tests::reader_rejects_valid_checksum_wrong_format_counts_or_metadata ... ok
test tests::explicit_legacy_archive_upgrade_preserves_data_and_requires_descriptors ... ok
test tests::catalogued_archive_upgrade_preserves_or_binds_receipt_origin ... ok
test epoch_upgrade_tests::archive_four_requires_explicit_upgrade_and_preserves_epochs_and_origins ... ok
test publication::tests::native_publication_exit_after_link_requires_exact_artifact_recovery ... ok

running 1 test
test publication::tests::native_publication_exit_before_link_leaves_destination_absent ... ok

test result: ok. 20 passed; 0 failed; 0 ignored; 0 measured; 0 filtered out; finished in 0.02s

     Running tests/migration_codecs.rs (/var/tmp/rom-release-measured-verification-target/debug/deps/migration_codecs-0739c9cfe69da47a)

running 3 tests
test migration_rejects_noncanonical_source_before_running_converter ... ok
test migration_rejects_target_bytes_that_decode_to_a_different_value ... ok
test canonical_custom_codecs_still_migrate ... ok

test result: ok. 3 passed; 0 failed; 0 ignored; 0 measured; 0 filtered out; finished in 0.00s

     Running tests/migrations.rs (/var/tmp/rom-release-measured-verification-target/debug/deps/migrations-c5357b91bb758382)

running 5 tests
test typed_migration_converts_history_and_preserves_identity_and_codec_version ... ok
test versions_catalog_panics_and_budgets_fail_closed ... ok
test ordered_steps_preserve_first_receipt_version_across_interleaved_kinds ... ok
test work_requires_explicit_validation_after_source_conversion ... ok
test conversion_memoizes_repeated_values_and_contains_validator_panics_and_growth ... ok

test result: ok. 5 passed; 0 failed; 0 ignored; 0 measured; 0 filtered out; finished in 0.00s

     Running tests/native_ownership.rs (/var/tmp/rom-release-measured-verification-target/debug/deps/native_ownership-972d1f60f4ecb7e8)

running 10 tests
test paths::metadata_errors_do_not_become_missing_file_creation ... ok
test paths::missing_parent_aliases_and_non_utf8_names_preserve_native_path_identity ... ok
test processes::ownership_child ... ok
test paths::dangling_symlinks_hardlinks_nonregular_databases_and_reserved_names_are_rejected ... ok
test paths::missing_paths_are_reserved_without_creating_databases_and_fresh_guard_can_transfer ... ok
test paths::separate_opens_conflict_until_guard_drop_and_keep_the_same_sidecar ... ok
test paths::relative_and_symlink_aliases_share_one_canonical_owner ... ok
test paths::unsafe_owner_sidecars_are_rejected_without_following_or_truncating_them ... ok
test processes::process_exit_releases_ownership_without_sidecar_removal ... ok
test processes::two_processes_contend_before_a_fresh_database_is_created ... ok

test result: ok. 10 passed; 0 failed; 0 ignored; 0 measured; 0 filtered out; finished in 0.02s

     Running tests/references.rs (/var/tmp/rom-release-measured-verification-target/debug/deps/references-2d70f17ec4c6fd41)

running 5 tests
test exact_edges_do_not_make_dangling_references_valid ... ok
test collector_charges_schema_and_edge_records ... ok
test legacy_binding_rejects_missing_schema_dangling_values_and_output_limits ... ok
test archive_requires_exact_live_reference_graph ... ok
test legacy_binding_preserves_records_and_builds_only_current_edges ... ok

test result: ok. 5 passed; 0 failed; 0 ignored; 0 measured; 0 filtered out; finished in 0.00s

     Running tests/retention.rs (/var/tmp/rom-release-measured-verification-target/debug/deps/retention-c65ad01953472da8)

running 6 tests
test proof_selection_is_order_independent_and_future_receipts_are_invalid ... ok
test expiry_reclaims_noops_but_keeps_one_current_proof_and_journal_gap ... ok
test retained_journal_and_unsettled_effects_pin_history ... ok
test invalid_policy_and_limits_reject_without_partial_result ... ok
test unfinished_root_blocks_settlement_and_any_retained_work_blocks_purge ... ok
test sealing_keeps_retry_history_and_explicit_purge_rejects_dependencies ... ok

test result: ok. 6 passed; 0 failed; 0 ignored; 0 measured; 0 filtered out; finished in 0.00s

   Doc-tests rom_backup

running 0 tests

test result: ok. 0 passed; 0 failed; 0 ignored; 0 measured; 0 filtered out; finished in 0.00s

    Checking rom-backup v0.1.0-alpha.1 (/workspace/ROM/.worktrees/release-query-index/crates/rom-backup)
    Finished `dev` profile [unoptimized] target(s) in 0.31s
