   Compiling rom-storage-conformance v0.1.0-alpha.1 (/workspace/ROM/.worktrees/release-query-index/tests/persistence)
    Finished `test` profile [unoptimized] target(s) in 0.50s
     Running tests/ownership.rs (/var/tmp/rom-release-measured-verification-target/debug/deps/ownership-6e0bf6484a23be3a)

running 13 tests
test offline_recovery::maintenance_cwd_child ... ok
test process::native_owner_child ... ok

running 1 test

running 1 test

running 1 test
test sqlite_uri_input_is_explicitly_unsupported_instead_of_reinterpreted ... ok
test sqlite_memory_sentinel_keeps_stores_independent ... ok
test maintenance::maintenance_rejects_a_live_source_before_conversion ... ok
test hardlinked_database_is_rejected_before_native_open ... ok
test symlink_alias_cannot_create_a_second_native_owner ... ok
test native_duplicate_open_conflicts_until_final_adapter_drop ... ok
test maintenance::conversion_holds_both_reservations_and_failure_releases_them ... ok
test offline_recovery::maintenance_cwd_child ... ok

test result: ok. 1 passed; 0 failed; 0 ignored; 0 measured; 12 filtered out; finished in 0.02s

test maintenance::publication_retains_reservations_and_returns_a_single_link_destination ... ok
test offline_recovery::callback_cwd_change_keeps_native_maintenance_paths_canonical ... ok
test offline_recovery::sqlite_offline_rebuild_after_sigkill_preserves_committed_source_wal ... ok

running 1 test
test process::native_owner_process_exit_releases_lock_and_recovers_committed_data ... ok

test result: ok. 13 passed; 0 failed; 0 ignored; 0 measured; 0 filtered out; finished in 0.06s

