   Compiling rom v0.1.0-alpha.1 (/workspace/ROM/.worktrees/release-query-index/crates/rom)
error[E0433]: cannot find type `Error` in this scope
 --> crates/rom/src/storage_ownership/tests.rs:7:47
  |
7 |     assert!(matches!(ownership.acquire(), Err(Error::Conflict)));
  |                                               ^^^^^ use of undeclared type `Error`
  |
help: consider importing one of these items
  |
1 + use crate::Error;
  |
1 + use std::error::Error;
  |
1 + use std::fmt::Error;
  |
1 + use std::io::Error;
  |
  = and 2 other candidates

error[E0433]: cannot find type `Error` in this scope
  --> crates/rom/src/storage_ownership/tests.rs:10:47
   |
10 |     assert!(matches!(ownership.acquire(), Err(Error::Conflict)));
   |                                               ^^^^^ use of undeclared type `Error`
   |
help: consider importing one of these items
   |
 1 + use crate::Error;
   |
 1 + use std::error::Error;
   |
 1 + use std::fmt::Error;
   |
 1 + use std::io::Error;
   |
   = and 2 other candidates

error[E0433]: cannot find type `Error` in this scope
  --> crates/rom/src/storage_ownership/tests.rs:21:43
   |
21 |     assert!(matches!(clone.acquire(), Err(Error::Conflict)));
   |                                           ^^^^^ use of undeclared type `Error`
   |
help: consider importing one of these items
   |
 1 + use crate::Error;
   |
 1 + use std::error::Error;
   |
 1 + use std::fmt::Error;
   |
 1 + use std::io::Error;
   |
   = and 2 other candidates

error[E0425]: cannot find type `StorageOwner` in this scope
  --> crates/rom/src/storage_ownership/tests.rs:29:17
   |
29 |     send_sync::<StorageOwner>();
   |                 ^^^^^^^^^^^^ not found in this scope
   |
help: you might be missing a type parameter
   |
27 | fn storage_ownership_guard_can_move_between_threads<StorageOwner>() {
   |                                                    ++++++++++++++

warning: unused import: `super::*`
 --> crates/rom/src/storage_ownership/tests.rs:1:5
  |
1 | use super::*;
  |     ^^^^^^^^
  |
  = note: `#[warn(unused_imports)]` (part of `#[warn(unused)]`) on by default

error[E0433]: cannot find type `StorageOwnership` in this scope
 --> crates/rom/src/storage_ownership/tests.rs:5:21
  |
5 |     let ownership = StorageOwnership::default();
  |                     ^^^^^^^^^^^^^^^^ use of undeclared type `StorageOwnership`

error[E0433]: cannot find type `StorageOwnership` in this scope
  --> crates/rom/src/storage_ownership/tests.rs:17:21
   |
17 |     let ownership = StorageOwnership::default();
   |                     ^^^^^^^^^^^^^^^^ use of undeclared type `StorageOwnership`

error[E0433]: cannot find type `StorageOwnership` in this scope
  --> crates/rom/src/storage_ownership/tests.rs:30:21
   |
30 |     let ownership = StorageOwnership::default();
   |                     ^^^^^^^^^^^^^^^^ use of undeclared type `StorageOwnership`

Some errors have detailed explanations: E0425, E0433.
For more information about an error, try `rustc --explain E0425`.
warning: `rom` (lib test) generated 1 warning
error: could not compile `rom` (lib test) due to 7 previous errors; 1 warning emitted
