
> rom-studio@0.0.2 test:components
> npm run build:components && playwright test --config tests/components/playwright.config.ts


> rom-studio@0.0.2 build:components
> vite build --mode components --outDir .component-dist

vite v8.3.2 building client environment for components...
transforming...
✓ 168 modules transformed.
rendering chunks...
computing gzip size...
.component-dist/index.html                       0.47 kB │ gzip:  0.30 kB
.component-dist/tests/components/harness.html    0.51 kB │ gzip:  0.30 kB
.component-dist/assets/app-BLt7Yy8y.css         23.28 kB │ gzip:  5.30 kB
.component-dist/assets/components-DrMFcCCI.js    2.55 kB │ gzip:  1.14 kB
.component-dist/assets/main-CRIVwaQH.js         26.49 kB │ gzip:  8.81 kB
.component-dist/assets/app-DDsaDSXE.js         147.41 kB │ gzip: 51.05 kB

✓ built in 320ms
[WebServer] (node:2667992) Warning: The 'NO_COLOR' env is ignored due to the 'FORCE_COLOR' env being set.
[WebServer] (Use `node --trace-warnings ...` to show where the warning was created)

Running 10 tests using 2 workers

(node:2668058) Warning: The 'NO_COLOR' env is ignored due to the 'FORCE_COLOR' env being set.
(Use `node --trace-warnings ...` to show where the warning was created)
(node:2668057) Warning: The 'NO_COLOR' env is ignored due to the 'FORCE_COLOR' env being set.
(Use `node --trace-warnings ...` to show where the warning was created)
  ✓   2 [chromium] › tests/components/controls.spec.ts:6:1 › Resource controls preserve integer, presence, boolean and nested edits (328ms)
  ✓   1 [chromium] › tests/components/application.spec.ts:9:1 › real SDK composes two metadata-driven pages; logout clears details (457ms)
  ✓   4 [chromium] › tests/components/application.spec.ts:84:1 › real app reports unavailable session without simulated data (106ms)
  ✓   3 [chromium] › tests/components/controls.spec.ts:34:1 › same field hosts support custom codec, nested collections and generic action input (249ms)
  ✓   5 [chromium] › tests/components/controls.spec.ts:54:1 › unsupported action stays visible, generic table selects, query emits values (209ms)
  ✓   6 [chromium] › tests/components/controls.spec.ts:71:1 › keyboard controls and assembled accessibility (461ms)
  ✓   7 [chromium] › tests/components/controls.spec.ts:81:1 › optional remove and empty string remain distinct from omitted fields (209ms)
  ✓   8 [chromium] › tests/components/controls.spec.ts:102:1 › nested invalid input survives sibling edits and removal releases only its error (243ms)
  ✓   9 [chromium] › tests/components/controls.spec.ts:121:1 › enum reference and prototype-shaped map keys use generic controls (196ms)
  ✓  10 [chromium] › tests/components/controls.spec.ts:139:1 › opaque input uses the shared strict lossless codec (174ms)

  10 passed (3.7s)
