TAP version 13
# Subtest: deadline kills a descendant holding inherited stdio and returns within its bound
ok 1 - deadline kills a descendant holding inherited stdio and returns within its bound
  ---
  duration_ms: 1006.170048
  type: 'test'
  ...
# Subtest: output byte budget terminates the owned process group
ok 2 - output byte budget terminates the owned process group
  ---
  duration_ms: 17.693697
  type: 'test'
  ...
1..2
# tests 2
# suites 0
# pass 2
# fail 0
# cancelled 0
# skipped 0
# todo 0
# duration_ms 1058.365731
