   Packaging rom-derive v0.0.3 (/root/ROM/crates/rom-derive)
warning: patch `rom v0.0.3 (/root/ROM/crates/rom)` was not used in the crate graph
warning: patch `rom-auth v0.0.3 (/root/ROM/crates/rom-auth)` was not used in the crate graph
warning: patch `rom-backup v0.0.3 (/root/ROM/crates/rom-backup)` was not used in the crate graph
warning: patch `rom-blob v0.0.3 (/root/ROM/crates/rom-blob)` was not used in the crate graph
warning: patch `rom-blob-object-store v0.0.3 (/root/ROM/crates/rom-blob-object-store)` was not used in the crate graph
warning: patch `rom-cli v0.0.3 (/root/ROM/crates/rom-cli)` was not used in the crate graph
warning: patch `rom-config v0.0.3 (/root/ROM/crates/rom-config)` was not used in the crate graph
warning: patch `rom-conformance v0.0.3 (/root/ROM/crates/rom-conformance)` was not used in the crate graph
warning: patch `rom-fields v0.0.3 (/root/ROM/crates/rom-fields)` was not used in the crate graph
warning: patch `rom-http v0.0.3 (/root/ROM/crates/rom-http)` was not used in the crate graph
warning: patch `rom-identity v0.0.3 (/root/ROM/crates/rom-identity)` was not used in the crate graph
warning: patch `rom-redb v0.0.3 (/root/ROM/crates/rom-redb)` was not used in the crate graph
warning: patch `rom-sqlite v0.0.3 (/root/ROM/crates/rom-sqlite)` was not used in the crate graph
warning: patch `rom-studio-host v0.0.3 (/root/ROM/crates/rom-studio-host)` was not used in the crate graph
help: Check that the patched package version and available features are compatible
      with the dependency requirements. If the patch has a different version from
      what is locked in the Cargo.lock file, run `cargo update` to use the new
      version. This may also occur with an optional dependency that is not enabled.
    Packaged 8 files, 22.9KiB (6.6KiB compressed)
   Packaging rom v0.0.3 (/root/ROM/crates/rom)
warning: patch `rom-auth v0.0.3 (/root/ROM/crates/rom-auth)` was not used in the crate graph
warning: patch `rom-backup v0.0.3 (/root/ROM/crates/rom-backup)` was not used in the crate graph
warning: patch `rom-blob v0.0.3 (/root/ROM/crates/rom-blob)` was not used in the crate graph
warning: patch `rom-blob-object-store v0.0.3 (/root/ROM/crates/rom-blob-object-store)` was not used in the crate graph
warning: patch `rom-cli v0.0.3 (/root/ROM/crates/rom-cli)` was not used in the crate graph
warning: patch `rom-config v0.0.3 (/root/ROM/crates/rom-config)` was not used in the crate graph
warning: patch `rom-conformance v0.0.3 (/root/ROM/crates/rom-conformance)` was not used in the crate graph
warning: patch `rom-fields v0.0.3 (/root/ROM/crates/rom-fields)` was not used in the crate graph
warning: patch `rom-http v0.0.3 (/root/ROM/crates/rom-http)` was not used in the crate graph
warning: patch `rom-identity v0.0.3 (/root/ROM/crates/rom-identity)` was not used in the crate graph
warning: patch `rom-redb v0.0.3 (/root/ROM/crates/rom-redb)` was not used in the crate graph
warning: patch `rom-sqlite v0.0.3 (/root/ROM/crates/rom-sqlite)` was not used in the crate graph
warning: patch `rom-studio-host v0.0.3 (/root/ROM/crates/rom-studio-host)` was not used in the crate graph
help: Check that the patched package version and available features are compatible
      with the dependency requirements. If the patch has a different version from
      what is locked in the Cargo.lock file, run `cargo update` to use the new
      version. This may also occur with an optional dependency that is not enabled.
    Packaged 103 files, 456.3KiB (98.0KiB compressed)
   Packaging rom-auth v0.0.3 (/root/ROM/crates/rom-auth)
warning: patch `rom v0.0.3 (/root/ROM/crates/rom)` was not used in the crate graph
warning: patch `rom-backup v0.0.3 (/root/ROM/crates/rom-backup)` was not used in the crate graph
warning: patch `rom-blob v0.0.3 (/root/ROM/crates/rom-blob)` was not used in the crate graph
warning: patch `rom-blob-object-store v0.0.3 (/root/ROM/crates/rom-blob-object-store)` was not used in the crate graph
warning: patch `rom-cli v0.0.3 (/root/ROM/crates/rom-cli)` was not used in the crate graph
warning: patch `rom-config v0.0.3 (/root/ROM/crates/rom-config)` was not used in the crate graph
warning: patch `rom-conformance v0.0.3 (/root/ROM/crates/rom-conformance)` was not used in the crate graph
warning: patch `rom-derive v0.0.3 (/root/ROM/crates/rom-derive)` was not used in the crate graph
warning: patch `rom-fields v0.0.3 (/root/ROM/crates/rom-fields)` was not used in the crate graph
warning: patch `rom-http v0.0.3 (/root/ROM/crates/rom-http)` was not used in the crate graph
warning: patch `rom-identity v0.0.3 (/root/ROM/crates/rom-identity)` was not used in the crate graph
warning: patch `rom-redb v0.0.3 (/root/ROM/crates/rom-redb)` was not used in the crate graph
warning: patch `rom-sqlite v0.0.3 (/root/ROM/crates/rom-sqlite)` was not used in the crate graph
warning: patch `rom-studio-host v0.0.3 (/root/ROM/crates/rom-studio-host)` was not used in the crate graph
help: Check that the patched package version and available features are compatible
      with the dependency requirements. If the patch has a different version from
      what is locked in the Cargo.lock file, run `cargo update` to use the new
      version. This may also occur with an optional dependency that is not enabled.
    Packaged 24 files, 133.3KiB (34.5KiB compressed)
   Packaging rom-backup v0.0.3 (/root/ROM/crates/rom-backup)
warning: patch `rom-auth v0.0.3 (/root/ROM/crates/rom-auth)` was not used in the crate graph
warning: patch `rom-blob v0.0.3 (/root/ROM/crates/rom-blob)` was not used in the crate graph
warning: patch `rom-blob-object-store v0.0.3 (/root/ROM/crates/rom-blob-object-store)` was not used in the crate graph
warning: patch `rom-cli v0.0.3 (/root/ROM/crates/rom-cli)` was not used in the crate graph
warning: patch `rom-config v0.0.3 (/root/ROM/crates/rom-config)` was not used in the crate graph
warning: patch `rom-conformance v0.0.3 (/root/ROM/crates/rom-conformance)` was not used in the crate graph
warning: patch `rom-fields v0.0.3 (/root/ROM/crates/rom-fields)` was not used in the crate graph
warning: patch `rom-http v0.0.3 (/root/ROM/crates/rom-http)` was not used in the crate graph
warning: patch `rom-identity v0.0.3 (/root/ROM/crates/rom-identity)` was not used in the crate graph
warning: patch `rom-redb v0.0.3 (/root/ROM/crates/rom-redb)` was not used in the crate graph
warning: patch `rom-sqlite v0.0.3 (/root/ROM/crates/rom-sqlite)` was not used in the crate graph
warning: patch `rom-studio-host v0.0.3 (/root/ROM/crates/rom-studio-host)` was not used in the crate graph
help: Check that the patched package version and available features are compatible
      with the dependency requirements. If the patch has a different version from
      what is locked in the Cargo.lock file, run `cargo update` to use the new
      version. This may also occur with an optional dependency that is not enabled.
    Packaged 38 files, 160.4KiB (37.9KiB compressed)
   Packaging rom-sqlite v0.0.3 (/root/ROM/crates/rom-sqlite)
warning: patch `rom-auth v0.0.3 (/root/ROM/crates/rom-auth)` was not used in the crate graph
warning: patch `rom-blob v0.0.3 (/root/ROM/crates/rom-blob)` was not used in the crate graph
warning: patch `rom-blob-object-store v0.0.3 (/root/ROM/crates/rom-blob-object-store)` was not used in the crate graph
warning: patch `rom-cli v0.0.3 (/root/ROM/crates/rom-cli)` was not used in the crate graph
warning: patch `rom-config v0.0.3 (/root/ROM/crates/rom-config)` was not used in the crate graph
warning: patch `rom-conformance v0.0.3 (/root/ROM/crates/rom-conformance)` was not used in the crate graph
warning: patch `rom-fields v0.0.3 (/root/ROM/crates/rom-fields)` was not used in the crate graph
warning: patch `rom-http v0.0.3 (/root/ROM/crates/rom-http)` was not used in the crate graph
warning: patch `rom-identity v0.0.3 (/root/ROM/crates/rom-identity)` was not used in the crate graph
warning: patch `rom-redb v0.0.3 (/root/ROM/crates/rom-redb)` was not used in the crate graph
warning: patch `rom-studio-host v0.0.3 (/root/ROM/crates/rom-studio-host)` was not used in the crate graph
help: Check that the patched package version and available features are compatible
      with the dependency requirements. If the patch has a different version from
      what is locked in the Cargo.lock file, run `cargo update` to use the new
      version. This may also occur with an optional dependency that is not enabled.
    Packaged 35 files, 173.0KiB (39.0KiB compressed)
   Packaging rom-blob v0.0.3 (/root/ROM/crates/rom-blob)
warning: patch `rom-auth v0.0.3 (/root/ROM/crates/rom-auth)` was not used in the crate graph
warning: patch `rom-blob-object-store v0.0.3 (/root/ROM/crates/rom-blob-object-store)` was not used in the crate graph
warning: patch `rom-cli v0.0.3 (/root/ROM/crates/rom-cli)` was not used in the crate graph
warning: patch `rom-config v0.0.3 (/root/ROM/crates/rom-config)` was not used in the crate graph
warning: patch `rom-conformance v0.0.3 (/root/ROM/crates/rom-conformance)` was not used in the crate graph
warning: patch `rom-fields v0.0.3 (/root/ROM/crates/rom-fields)` was not used in the crate graph
warning: patch `rom-http v0.0.3 (/root/ROM/crates/rom-http)` was not used in the crate graph
warning: patch `rom-identity v0.0.3 (/root/ROM/crates/rom-identity)` was not used in the crate graph
warning: patch `rom-redb v0.0.3 (/root/ROM/crates/rom-redb)` was not used in the crate graph
warning: patch `rom-studio-host v0.0.3 (/root/ROM/crates/rom-studio-host)` was not used in the crate graph
help: Check that the patched package version and available features are compatible
      with the dependency requirements. If the patch has a different version from
      what is locked in the Cargo.lock file, run `cargo update` to use the new
      version. This may also occur with an optional dependency that is not enabled.
    Packaged 18 files, 67.7KiB (18.1KiB compressed)
   Packaging rom-conformance v0.0.3 (/root/ROM/crates/rom-conformance)
warning: patch `rom-auth v0.0.3 (/root/ROM/crates/rom-auth)` was not used in the crate graph
warning: patch `rom-backup v0.0.3 (/root/ROM/crates/rom-backup)` was not used in the crate graph
warning: patch `rom-blob-object-store v0.0.3 (/root/ROM/crates/rom-blob-object-store)` was not used in the crate graph
warning: patch `rom-cli v0.0.3 (/root/ROM/crates/rom-cli)` was not used in the crate graph
warning: patch `rom-config v0.0.3 (/root/ROM/crates/rom-config)` was not used in the crate graph
warning: patch `rom-fields v0.0.3 (/root/ROM/crates/rom-fields)` was not used in the crate graph
warning: patch `rom-http v0.0.3 (/root/ROM/crates/rom-http)` was not used in the crate graph
warning: patch `rom-identity v0.0.3 (/root/ROM/crates/rom-identity)` was not used in the crate graph
warning: patch `rom-redb v0.0.3 (/root/ROM/crates/rom-redb)` was not used in the crate graph
warning: patch `rom-sqlite v0.0.3 (/root/ROM/crates/rom-sqlite)` was not used in the crate graph
warning: patch `rom-studio-host v0.0.3 (/root/ROM/crates/rom-studio-host)` was not used in the crate graph
help: Check that the patched package version and available features are compatible
      with the dependency requirements. If the patch has a different version from
      what is locked in the Cargo.lock file, run `cargo update` to use the new
      version. This may also occur with an optional dependency that is not enabled.
    Packaged 18 files, 33.0KiB (9.9KiB compressed)
   Packaging rom-blob-object-store v0.0.3 (/root/ROM/crates/rom-blob-object-store)
warning: patch `rom-auth v0.0.3 (/root/ROM/crates/rom-auth)` was not used in the crate graph
warning: patch `rom-cli v0.0.3 (/root/ROM/crates/rom-cli)` was not used in the crate graph
warning: patch `rom-config v0.0.3 (/root/ROM/crates/rom-config)` was not used in the crate graph
warning: patch `rom-fields v0.0.3 (/root/ROM/crates/rom-fields)` was not used in the crate graph
warning: patch `rom-http v0.0.3 (/root/ROM/crates/rom-http)` was not used in the crate graph
warning: patch `rom-identity v0.0.3 (/root/ROM/crates/rom-identity)` was not used in the crate graph
warning: patch `rom-redb v0.0.3 (/root/ROM/crates/rom-redb)` was not used in the crate graph
warning: patch `rom-studio-host v0.0.3 (/root/ROM/crates/rom-studio-host)` was not used in the crate graph
help: Check that the patched package version and available features are compatible
      with the dependency requirements. If the patch has a different version from
      what is locked in the Cargo.lock file, run `cargo update` to use the new
      version. This may also occur with an optional dependency that is not enabled.
    Packaged 14 files, 87.0KiB (26.0KiB compressed)
   Packaging rom-redb v0.0.3 (/root/ROM/crates/rom-redb)
warning: patch `rom-auth v0.0.3 (/root/ROM/crates/rom-auth)` was not used in the crate graph
warning: patch `rom-blob v0.0.3 (/root/ROM/crates/rom-blob)` was not used in the crate graph
warning: patch `rom-blob-object-store v0.0.3 (/root/ROM/crates/rom-blob-object-store)` was not used in the crate graph
warning: patch `rom-cli v0.0.3 (/root/ROM/crates/rom-cli)` was not used in the crate graph
warning: patch `rom-config v0.0.3 (/root/ROM/crates/rom-config)` was not used in the crate graph
warning: patch `rom-conformance v0.0.3 (/root/ROM/crates/rom-conformance)` was not used in the crate graph
warning: patch `rom-fields v0.0.3 (/root/ROM/crates/rom-fields)` was not used in the crate graph
warning: patch `rom-http v0.0.3 (/root/ROM/crates/rom-http)` was not used in the crate graph
warning: patch `rom-identity v0.0.3 (/root/ROM/crates/rom-identity)` was not used in the crate graph
warning: patch `rom-sqlite v0.0.3 (/root/ROM/crates/rom-sqlite)` was not used in the crate graph
warning: patch `rom-studio-host v0.0.3 (/root/ROM/crates/rom-studio-host)` was not used in the crate graph
help: Check that the patched package version and available features are compatible
      with the dependency requirements. If the patch has a different version from
      what is locked in the Cargo.lock file, run `cargo update` to use the new
      version. This may also occur with an optional dependency that is not enabled.
    Packaged 19 files, 69.0KiB (15.6KiB compressed)
   Packaging rom-cli v0.0.3 (/root/ROM/crates/rom-cli)
warning: patch `rom-auth v0.0.3 (/root/ROM/crates/rom-auth)` was not used in the crate graph
warning: patch `rom-blob v0.0.3 (/root/ROM/crates/rom-blob)` was not used in the crate graph
warning: patch `rom-blob-object-store v0.0.3 (/root/ROM/crates/rom-blob-object-store)` was not used in the crate graph
warning: patch `rom-config v0.0.3 (/root/ROM/crates/rom-config)` was not used in the crate graph
warning: patch `rom-conformance v0.0.3 (/root/ROM/crates/rom-conformance)` was not used in the crate graph
warning: patch `rom-fields v0.0.3 (/root/ROM/crates/rom-fields)` was not used in the crate graph
warning: patch `rom-http v0.0.3 (/root/ROM/crates/rom-http)` was not used in the crate graph
warning: patch `rom-identity v0.0.3 (/root/ROM/crates/rom-identity)` was not used in the crate graph
warning: patch `rom-studio-host v0.0.3 (/root/ROM/crates/rom-studio-host)` was not used in the crate graph
help: Check that the patched package version and available features are compatible
      with the dependency requirements. If the patch has a different version from
      what is locked in the Cargo.lock file, run `cargo update` to use the new
      version. This may also occur with an optional dependency that is not enabled.
    Packaged 33 files, 176.6KiB (41.6KiB compressed)
   Packaging rom-identity v0.0.3 (/root/ROM/crates/rom-identity)
warning: patch `rom-blob v0.0.3 (/root/ROM/crates/rom-blob)` was not used in the crate graph
warning: patch `rom-blob-object-store v0.0.3 (/root/ROM/crates/rom-blob-object-store)` was not used in the crate graph
warning: patch `rom-cli v0.0.3 (/root/ROM/crates/rom-cli)` was not used in the crate graph
warning: patch `rom-config v0.0.3 (/root/ROM/crates/rom-config)` was not used in the crate graph
warning: patch `rom-conformance v0.0.3 (/root/ROM/crates/rom-conformance)` was not used in the crate graph
warning: patch `rom-fields v0.0.3 (/root/ROM/crates/rom-fields)` was not used in the crate graph
warning: patch `rom-http v0.0.3 (/root/ROM/crates/rom-http)` was not used in the crate graph
warning: patch `rom-redb v0.0.3 (/root/ROM/crates/rom-redb)` was not used in the crate graph
warning: patch `rom-studio-host v0.0.3 (/root/ROM/crates/rom-studio-host)` was not used in the crate graph
help: Check that the patched package version and available features are compatible
      with the dependency requirements. If the patch has a different version from
      what is locked in the Cargo.lock file, run `cargo update` to use the new
      version. This may also occur with an optional dependency that is not enabled.
    Packaged 14 files, 73.3KiB (20.0KiB compressed)
   Packaging rom-config v0.0.3 (/root/ROM/crates/rom-config)
warning: patch `rom-blob v0.0.3 (/root/ROM/crates/rom-blob)` was not used in the crate graph
warning: patch `rom-blob-object-store v0.0.3 (/root/ROM/crates/rom-blob-object-store)` was not used in the crate graph
warning: patch `rom-cli v0.0.3 (/root/ROM/crates/rom-cli)` was not used in the crate graph
warning: patch `rom-conformance v0.0.3 (/root/ROM/crates/rom-conformance)` was not used in the crate graph
warning: patch `rom-fields v0.0.3 (/root/ROM/crates/rom-fields)` was not used in the crate graph
warning: patch `rom-http v0.0.3 (/root/ROM/crates/rom-http)` was not used in the crate graph
warning: patch `rom-studio-host v0.0.3 (/root/ROM/crates/rom-studio-host)` was not used in the crate graph
help: Check that the patched package version and available features are compatible
      with the dependency requirements. If the patch has a different version from
      what is locked in the Cargo.lock file, run `cargo update` to use the new
      version. This may also occur with an optional dependency that is not enabled.
    Packaged 15 files, 76.9KiB (20.9KiB compressed)
   Packaging rom-fields v0.0.3 (/root/ROM/crates/rom-fields)
warning: patch `rom-auth v0.0.3 (/root/ROM/crates/rom-auth)` was not used in the crate graph
warning: patch `rom-backup v0.0.3 (/root/ROM/crates/rom-backup)` was not used in the crate graph
warning: patch `rom-blob v0.0.3 (/root/ROM/crates/rom-blob)` was not used in the crate graph
warning: patch `rom-blob-object-store v0.0.3 (/root/ROM/crates/rom-blob-object-store)` was not used in the crate graph
warning: patch `rom-cli v0.0.3 (/root/ROM/crates/rom-cli)` was not used in the crate graph
warning: patch `rom-config v0.0.3 (/root/ROM/crates/rom-config)` was not used in the crate graph
warning: patch `rom-http v0.0.3 (/root/ROM/crates/rom-http)` was not used in the crate graph
warning: patch `rom-identity v0.0.3 (/root/ROM/crates/rom-identity)` was not used in the crate graph
warning: patch `rom-redb v0.0.3 (/root/ROM/crates/rom-redb)` was not used in the crate graph
warning: patch `rom-sqlite v0.0.3 (/root/ROM/crates/rom-sqlite)` was not used in the crate graph
warning: patch `rom-studio-host v0.0.3 (/root/ROM/crates/rom-studio-host)` was not used in the crate graph
help: Check that the patched package version and available features are compatible
      with the dependency requirements. If the patch has a different version from
      what is locked in the Cargo.lock file, run `cargo update` to use the new
      version. This may also occur with an optional dependency that is not enabled.
    Packaged 14 files, 42.3KiB (12.2KiB compressed)
   Packaging rom-http v0.0.3 (/root/ROM/crates/rom-http)
warning: patch `rom-auth v0.0.3 (/root/ROM/crates/rom-auth)` was not used in the crate graph
warning: patch `rom-blob v0.0.3 (/root/ROM/crates/rom-blob)` was not used in the crate graph
warning: patch `rom-blob-object-store v0.0.3 (/root/ROM/crates/rom-blob-object-store)` was not used in the crate graph
warning: patch `rom-cli v0.0.3 (/root/ROM/crates/rom-cli)` was not used in the crate graph
warning: patch `rom-config v0.0.3 (/root/ROM/crates/rom-config)` was not used in the crate graph
warning: patch `rom-conformance v0.0.3 (/root/ROM/crates/rom-conformance)` was not used in the crate graph
warning: patch `rom-fields v0.0.3 (/root/ROM/crates/rom-fields)` was not used in the crate graph
warning: patch `rom-identity v0.0.3 (/root/ROM/crates/rom-identity)` was not used in the crate graph
warning: patch `rom-redb v0.0.3 (/root/ROM/crates/rom-redb)` was not used in the crate graph
warning: patch `rom-studio-host v0.0.3 (/root/ROM/crates/rom-studio-host)` was not used in the crate graph
help: Check that the patched package version and available features are compatible
      with the dependency requirements. If the patch has a different version from
      what is locked in the Cargo.lock file, run `cargo update` to use the new
      version. This may also occur with an optional dependency that is not enabled.
    Packaged 28 files, 111.8KiB (26.3KiB compressed)
   Packaging rom-studio-host v0.0.3 (/root/ROM/crates/rom-studio-host)
warning: patch `rom-blob-object-store v0.0.3 (/root/ROM/crates/rom-blob-object-store)` was not used in the crate graph
warning: patch `rom-cli v0.0.3 (/root/ROM/crates/rom-cli)` was not used in the crate graph
warning: patch `rom-config v0.0.3 (/root/ROM/crates/rom-config)` was not used in the crate graph
warning: patch `rom-conformance v0.0.3 (/root/ROM/crates/rom-conformance)` was not used in the crate graph
warning: patch `rom-fields v0.0.3 (/root/ROM/crates/rom-fields)` was not used in the crate graph
help: Check that the patched package version and available features are compatible
      with the dependency requirements. If the patch has a different version from
      what is locked in the Cargo.lock file, run `cargo update` to use the new
      version. This may also occur with an optional dependency that is not enabled.
    Packaged 41 files, 209.8KiB (51.2KiB compressed)
warning: patch `rom-auth v0.0.3 (/tmp/rom-packaged-consumer-SWvwCg/unpacked/rom-auth-0.0.3)` was not used in the crate graph
warning: patch `rom-backup v0.0.3 (/tmp/rom-packaged-consumer-SWvwCg/unpacked/rom-backup-0.0.3)` was not used in the crate graph
warning: patch `rom-blob v0.0.3 (/tmp/rom-packaged-consumer-SWvwCg/unpacked/rom-blob-0.0.3)` was not used in the crate graph
warning: patch `rom-blob-object-store v0.0.3 (/tmp/rom-packaged-consumer-SWvwCg/unpacked/rom-blob-object-store-0.0.3)` was not used in the crate graph
warning: patch `rom-cli v0.0.3 (/tmp/rom-packaged-consumer-SWvwCg/unpacked/rom-cli-0.0.3)` was not used in the crate graph
warning: patch `rom-config v0.0.3 (/tmp/rom-packaged-consumer-SWvwCg/unpacked/rom-config-0.0.3)` was not used in the crate graph
warning: patch `rom-http v0.0.3 (/tmp/rom-packaged-consumer-SWvwCg/unpacked/rom-http-0.0.3)` was not used in the crate graph
warning: patch `rom-identity v0.0.3 (/tmp/rom-packaged-consumer-SWvwCg/unpacked/rom-identity-0.0.3)` was not used in the crate graph
warning: patch `rom-redb v0.0.3 (/tmp/rom-packaged-consumer-SWvwCg/unpacked/rom-redb-0.0.3)` was not used in the crate graph
warning: patch `rom-sqlite v0.0.3 (/tmp/rom-packaged-consumer-SWvwCg/unpacked/rom-sqlite-0.0.3)` was not used in the crate graph
warning: patch `rom-studio-host v0.0.3 (/tmp/rom-packaged-consumer-SWvwCg/unpacked/rom-studio-host-0.0.3)` was not used in the crate graph
help: Check that the patched package version and available features are compatible
      with the dependency requirements. If the patch has a different version from
      what is locked in the Cargo.lock file, run `cargo update` to use the new
      version. This may also occur with an optional dependency that is not enabled.
   Compiling rom-derive v0.0.3 (/tmp/rom-packaged-consumer-SWvwCg/unpacked/rom-derive-0.0.3)
    Checking rom v0.0.3 (/tmp/rom-packaged-consumer-SWvwCg/unpacked/rom-0.0.3)
    Checking rom-fields v0.0.3 (/tmp/rom-packaged-consumer-SWvwCg/unpacked/rom-fields-0.0.3)
    Finished `dev` profile [unoptimized] target(s) in 1.65s
warning: patch `rom-auth v0.0.3 (/tmp/rom-packaged-consumer-SWvwCg/unpacked/rom-auth-0.0.3)` was not used in the crate graph
warning: patch `rom-backup v0.0.3 (/tmp/rom-packaged-consumer-SWvwCg/unpacked/rom-backup-0.0.3)` was not used in the crate graph
warning: patch `rom-blob v0.0.3 (/tmp/rom-packaged-consumer-SWvwCg/unpacked/rom-blob-0.0.3)` was not used in the crate graph
warning: patch `rom-blob-object-store v0.0.3 (/tmp/rom-packaged-consumer-SWvwCg/unpacked/rom-blob-object-store-0.0.3)` was not used in the crate graph
warning: patch `rom-cli v0.0.3 (/tmp/rom-packaged-consumer-SWvwCg/unpacked/rom-cli-0.0.3)` was not used in the crate graph
warning: patch `rom-config v0.0.3 (/tmp/rom-packaged-consumer-SWvwCg/unpacked/rom-config-0.0.3)` was not used in the crate graph
warning: patch `rom-conformance v0.0.3 (/tmp/rom-packaged-consumer-SWvwCg/unpacked/rom-conformance-0.0.3)` was not used in the crate graph
warning: patch `rom-fields v0.0.3 (/tmp/rom-packaged-consumer-SWvwCg/unpacked/rom-fields-0.0.3)` was not used in the crate graph
warning: patch `rom-http v0.0.3 (/tmp/rom-packaged-consumer-SWvwCg/unpacked/rom-http-0.0.3)` was not used in the crate graph
warning: patch `rom-identity v0.0.3 (/tmp/rom-packaged-consumer-SWvwCg/unpacked/rom-identity-0.0.3)` was not used in the crate graph
warning: patch `rom-redb v0.0.3 (/tmp/rom-packaged-consumer-SWvwCg/unpacked/rom-redb-0.0.3)` was not used in the crate graph
warning: patch `rom-sqlite v0.0.3 (/tmp/rom-packaged-consumer-SWvwCg/unpacked/rom-sqlite-0.0.3)` was not used in the crate graph
warning: patch `rom-studio-host v0.0.3 (/tmp/rom-packaged-consumer-SWvwCg/unpacked/rom-studio-host-0.0.3)` was not used in the crate graph
help: Check that the patched package version and available features are compatible
      with the dependency requirements. If the patch has a different version from
      what is locked in the Cargo.lock file, run `cargo update` to use the new
      version. This may also occur with an optional dependency that is not enabled.
   Compiling rom-derive v0.0.3 (/tmp/rom-packaged-consumer-SWvwCg/unpacked/rom-derive-0.0.3)
    Checking rom v0.0.3 (/tmp/rom-packaged-consumer-SWvwCg/unpacked/rom-0.0.3)
    Finished `dev` profile [unoptimized] target(s) in 1.55s
warning: patch `rom v0.0.3 (/tmp/rom-packaged-consumer-SWvwCg/unpacked/rom-0.0.3)` was not used in the crate graph
warning: patch `rom-auth v0.0.3 (/tmp/rom-packaged-consumer-SWvwCg/unpacked/rom-auth-0.0.3)` was not used in the crate graph
warning: patch `rom-backup v0.0.3 (/tmp/rom-packaged-consumer-SWvwCg/unpacked/rom-backup-0.0.3)` was not used in the crate graph
warning: patch `rom-blob v0.0.3 (/tmp/rom-packaged-consumer-SWvwCg/unpacked/rom-blob-0.0.3)` was not used in the crate graph
warning: patch `rom-blob-object-store v0.0.3 (/tmp/rom-packaged-consumer-SWvwCg/unpacked/rom-blob-object-store-0.0.3)` was not used in the crate graph
warning: patch `rom-cli v0.0.3 (/tmp/rom-packaged-consumer-SWvwCg/unpacked/rom-cli-0.0.3)` was not used in the crate graph
warning: patch `rom-config v0.0.3 (/tmp/rom-packaged-consumer-SWvwCg/unpacked/rom-config-0.0.3)` was not used in the crate graph
warning: patch `rom-conformance v0.0.3 (/tmp/rom-packaged-consumer-SWvwCg/unpacked/rom-conformance-0.0.3)` was not used in the crate graph
warning: patch `rom-fields v0.0.3 (/tmp/rom-packaged-consumer-SWvwCg/unpacked/rom-fields-0.0.3)` was not used in the crate graph
warning: patch `rom-http v0.0.3 (/tmp/rom-packaged-consumer-SWvwCg/unpacked/rom-http-0.0.3)` was not used in the crate graph
warning: patch `rom-identity v0.0.3 (/tmp/rom-packaged-consumer-SWvwCg/unpacked/rom-identity-0.0.3)` was not used in the crate graph
warning: patch `rom-redb v0.0.3 (/tmp/rom-packaged-consumer-SWvwCg/unpacked/rom-redb-0.0.3)` was not used in the crate graph
warning: patch `rom-sqlite v0.0.3 (/tmp/rom-packaged-consumer-SWvwCg/unpacked/rom-sqlite-0.0.3)` was not used in the crate graph
warning: patch `rom-studio-host v0.0.3 (/tmp/rom-packaged-consumer-SWvwCg/unpacked/rom-studio-host-0.0.3)` was not used in the crate graph
help: Check that the patched package version and available features are compatible
      with the dependency requirements. If the patch has a different version from
      what is locked in the Cargo.lock file, run `cargo update` to use the new
      version. This may also occur with an optional dependency that is not enabled.
    Finished `dev` profile [unoptimized] target(s) in 0.01s
warning: patch `rom-auth v0.0.3 (/tmp/rom-packaged-consumer-SWvwCg/unpacked/rom-auth-0.0.3)` was not used in the crate graph
warning: patch `rom-backup v0.0.3 (/tmp/rom-packaged-consumer-SWvwCg/unpacked/rom-backup-0.0.3)` was not used in the crate graph
warning: patch `rom-blob-object-store v0.0.3 (/tmp/rom-packaged-consumer-SWvwCg/unpacked/rom-blob-object-store-0.0.3)` was not used in the crate graph
warning: patch `rom-cli v0.0.3 (/tmp/rom-packaged-consumer-SWvwCg/unpacked/rom-cli-0.0.3)` was not used in the crate graph
warning: patch `rom-config v0.0.3 (/tmp/rom-packaged-consumer-SWvwCg/unpacked/rom-config-0.0.3)` was not used in the crate graph
warning: patch `rom-fields v0.0.3 (/tmp/rom-packaged-consumer-SWvwCg/unpacked/rom-fields-0.0.3)` was not used in the crate graph
warning: patch `rom-http v0.0.3 (/tmp/rom-packaged-consumer-SWvwCg/unpacked/rom-http-0.0.3)` was not used in the crate graph
warning: patch `rom-identity v0.0.3 (/tmp/rom-packaged-consumer-SWvwCg/unpacked/rom-identity-0.0.3)` was not used in the crate graph
warning: patch `rom-redb v0.0.3 (/tmp/rom-packaged-consumer-SWvwCg/unpacked/rom-redb-0.0.3)` was not used in the crate graph
warning: patch `rom-sqlite v0.0.3 (/tmp/rom-packaged-consumer-SWvwCg/unpacked/rom-sqlite-0.0.3)` was not used in the crate graph
warning: patch `rom-studio-host v0.0.3 (/tmp/rom-packaged-consumer-SWvwCg/unpacked/rom-studio-host-0.0.3)` was not used in the crate graph
help: Check that the patched package version and available features are compatible
      with the dependency requirements. If the patch has a different version from
      what is locked in the Cargo.lock file, run `cargo update` to use the new
      version. This may also occur with an optional dependency that is not enabled.
    Checking rom v0.0.3 (/tmp/rom-packaged-consumer-SWvwCg/unpacked/rom-0.0.3)
    Checking rom-blob v0.0.3 (/tmp/rom-packaged-consumer-SWvwCg/unpacked/rom-blob-0.0.3)
    Checking rom-conformance v0.0.3 (/tmp/rom-packaged-consumer-SWvwCg/unpacked/rom-conformance-0.0.3)
    Finished `dev` profile [unoptimized] target(s) in 1.48s
warning: patch `rom-auth v0.0.3 (/tmp/rom-packaged-consumer-SWvwCg/unpacked/rom-auth-0.0.3)` was not used in the crate graph
warning: patch `rom-blob-object-store v0.0.3 (/tmp/rom-packaged-consumer-SWvwCg/unpacked/rom-blob-object-store-0.0.3)` was not used in the crate graph
warning: patch `rom-cli v0.0.3 (/tmp/rom-packaged-consumer-SWvwCg/unpacked/rom-cli-0.0.3)` was not used in the crate graph
warning: patch `rom-config v0.0.3 (/tmp/rom-packaged-consumer-SWvwCg/unpacked/rom-config-0.0.3)` was not used in the crate graph
warning: patch `rom-conformance v0.0.3 (/tmp/rom-packaged-consumer-SWvwCg/unpacked/rom-conformance-0.0.3)` was not used in the crate graph
warning: patch `rom-fields v0.0.3 (/tmp/rom-packaged-consumer-SWvwCg/unpacked/rom-fields-0.0.3)` was not used in the crate graph
warning: patch `rom-http v0.0.3 (/tmp/rom-packaged-consumer-SWvwCg/unpacked/rom-http-0.0.3)` was not used in the crate graph
warning: patch `rom-identity v0.0.3 (/tmp/rom-packaged-consumer-SWvwCg/unpacked/rom-identity-0.0.3)` was not used in the crate graph
warning: patch `rom-redb v0.0.3 (/tmp/rom-packaged-consumer-SWvwCg/unpacked/rom-redb-0.0.3)` was not used in the crate graph
warning: patch `rom-studio-host v0.0.3 (/tmp/rom-packaged-consumer-SWvwCg/unpacked/rom-studio-host-0.0.3)` was not used in the crate graph
help: Check that the patched package version and available features are compatible
      with the dependency requirements. If the patch has a different version from
      what is locked in the Cargo.lock file, run `cargo update` to use the new
      version. This may also occur with an optional dependency that is not enabled.
    Checking rom-blob v0.0.3 (/tmp/rom-packaged-consumer-SWvwCg/unpacked/rom-blob-0.0.3)
    Finished `dev` profile [unoptimized] target(s) in 0.14s
warning: patch `rom-auth v0.0.3 (/tmp/rom-packaged-consumer-SWvwCg/unpacked/rom-auth-0.0.3)` was not used in the crate graph
warning: patch `rom-blob v0.0.3 (/tmp/rom-packaged-consumer-SWvwCg/unpacked/rom-blob-0.0.3)` was not used in the crate graph
warning: patch `rom-blob-object-store v0.0.3 (/tmp/rom-packaged-consumer-SWvwCg/unpacked/rom-blob-object-store-0.0.3)` was not used in the crate graph
warning: patch `rom-cli v0.0.3 (/tmp/rom-packaged-consumer-SWvwCg/unpacked/rom-cli-0.0.3)` was not used in the crate graph
warning: patch `rom-config v0.0.3 (/tmp/rom-packaged-consumer-SWvwCg/unpacked/rom-config-0.0.3)` was not used in the crate graph
warning: patch `rom-conformance v0.0.3 (/tmp/rom-packaged-consumer-SWvwCg/unpacked/rom-conformance-0.0.3)` was not used in the crate graph
warning: patch `rom-fields v0.0.3 (/tmp/rom-packaged-consumer-SWvwCg/unpacked/rom-fields-0.0.3)` was not used in the crate graph
warning: patch `rom-http v0.0.3 (/tmp/rom-packaged-consumer-SWvwCg/unpacked/rom-http-0.0.3)` was not used in the crate graph
warning: patch `rom-identity v0.0.3 (/tmp/rom-packaged-consumer-SWvwCg/unpacked/rom-identity-0.0.3)` was not used in the crate graph
warning: patch `rom-redb v0.0.3 (/tmp/rom-packaged-consumer-SWvwCg/unpacked/rom-redb-0.0.3)` was not used in the crate graph
warning: patch `rom-studio-host v0.0.3 (/tmp/rom-packaged-consumer-SWvwCg/unpacked/rom-studio-host-0.0.3)` was not used in the crate graph
help: Check that the patched package version and available features are compatible
      with the dependency requirements. If the patch has a different version from
      what is locked in the Cargo.lock file, run `cargo update` to use the new
      version. This may also occur with an optional dependency that is not enabled.
    Checking rom v0.0.3 (/tmp/rom-packaged-consumer-SWvwCg/unpacked/rom-0.0.3)
    Checking rom-backup v0.0.3 (/tmp/rom-packaged-consumer-SWvwCg/unpacked/rom-backup-0.0.3)
    Checking rom-sqlite v0.0.3 (/tmp/rom-packaged-consumer-SWvwCg/unpacked/rom-sqlite-0.0.3)
    Finished `dev` profile [unoptimized] target(s) in 1.71s
warning: patch `rom-auth v0.0.3 (/tmp/rom-packaged-consumer-SWvwCg/unpacked/rom-auth-0.0.3)` was not used in the crate graph
warning: patch `rom-blob v0.0.3 (/tmp/rom-packaged-consumer-SWvwCg/unpacked/rom-blob-0.0.3)` was not used in the crate graph
warning: patch `rom-blob-object-store v0.0.3 (/tmp/rom-packaged-consumer-SWvwCg/unpacked/rom-blob-object-store-0.0.3)` was not used in the crate graph
warning: patch `rom-cli v0.0.3 (/tmp/rom-packaged-consumer-SWvwCg/unpacked/rom-cli-0.0.3)` was not used in the crate graph
warning: patch `rom-config v0.0.3 (/tmp/rom-packaged-consumer-SWvwCg/unpacked/rom-config-0.0.3)` was not used in the crate graph
warning: patch `rom-conformance v0.0.3 (/tmp/rom-packaged-consumer-SWvwCg/unpacked/rom-conformance-0.0.3)` was not used in the crate graph
warning: patch `rom-fields v0.0.3 (/tmp/rom-packaged-consumer-SWvwCg/unpacked/rom-fields-0.0.3)` was not used in the crate graph
warning: patch `rom-http v0.0.3 (/tmp/rom-packaged-consumer-SWvwCg/unpacked/rom-http-0.0.3)` was not used in the crate graph
warning: patch `rom-identity v0.0.3 (/tmp/rom-packaged-consumer-SWvwCg/unpacked/rom-identity-0.0.3)` was not used in the crate graph
warning: patch `rom-redb v0.0.3 (/tmp/rom-packaged-consumer-SWvwCg/unpacked/rom-redb-0.0.3)` was not used in the crate graph
warning: patch `rom-sqlite v0.0.3 (/tmp/rom-packaged-consumer-SWvwCg/unpacked/rom-sqlite-0.0.3)` was not used in the crate graph
warning: patch `rom-studio-host v0.0.3 (/tmp/rom-packaged-consumer-SWvwCg/unpacked/rom-studio-host-0.0.3)` was not used in the crate graph
help: Check that the patched package version and available features are compatible
      with the dependency requirements. If the patch has a different version from
      what is locked in the Cargo.lock file, run `cargo update` to use the new
      version. This may also occur with an optional dependency that is not enabled.
    Checking rom-backup v0.0.3 (/tmp/rom-packaged-consumer-SWvwCg/unpacked/rom-backup-0.0.3)
    Finished `dev` profile [unoptimized] target(s) in 0.20s
warning: patch `rom-auth v0.0.3 (/tmp/rom-packaged-consumer-SWvwCg/unpacked/rom-auth-0.0.3)` was not used in the crate graph
warning: patch `rom-blob v0.0.3 (/tmp/rom-packaged-consumer-SWvwCg/unpacked/rom-blob-0.0.3)` was not used in the crate graph
warning: patch `rom-blob-object-store v0.0.3 (/tmp/rom-packaged-consumer-SWvwCg/unpacked/rom-blob-object-store-0.0.3)` was not used in the crate graph
warning: patch `rom-config v0.0.3 (/tmp/rom-packaged-consumer-SWvwCg/unpacked/rom-config-0.0.3)` was not used in the crate graph
warning: patch `rom-conformance v0.0.3 (/tmp/rom-packaged-consumer-SWvwCg/unpacked/rom-conformance-0.0.3)` was not used in the crate graph
warning: patch `rom-fields v0.0.3 (/tmp/rom-packaged-consumer-SWvwCg/unpacked/rom-fields-0.0.3)` was not used in the crate graph
warning: patch `rom-http v0.0.3 (/tmp/rom-packaged-consumer-SWvwCg/unpacked/rom-http-0.0.3)` was not used in the crate graph
warning: patch `rom-identity v0.0.3 (/tmp/rom-packaged-consumer-SWvwCg/unpacked/rom-identity-0.0.3)` was not used in the crate graph
warning: patch `rom-studio-host v0.0.3 (/tmp/rom-packaged-consumer-SWvwCg/unpacked/rom-studio-host-0.0.3)` was not used in the crate graph
help: Check that the patched package version and available features are compatible
      with the dependency requirements. If the patch has a different version from
      what is locked in the Cargo.lock file, run `cargo update` to use the new
      version. This may also occur with an optional dependency that is not enabled.
    Checking rom v0.0.3 (/tmp/rom-packaged-consumer-SWvwCg/unpacked/rom-0.0.3)
    Checking rom-cli v0.0.3 (/tmp/rom-packaged-consumer-SWvwCg/unpacked/rom-cli-0.0.3)
    Finished `dev` profile [unoptimized] target(s) in 1.54s
warning: patch `rom v0.0.3 (/tmp/rom-packaged-consumer-SWvwCg/unpacked/rom-0.0.3)` was not used in the crate graph
warning: patch `rom-backup v0.0.3 (/tmp/rom-packaged-consumer-SWvwCg/unpacked/rom-backup-0.0.3)` was not used in the crate graph
warning: patch `rom-blob v0.0.3 (/tmp/rom-packaged-consumer-SWvwCg/unpacked/rom-blob-0.0.3)` was not used in the crate graph
warning: patch `rom-blob-object-store v0.0.3 (/tmp/rom-packaged-consumer-SWvwCg/unpacked/rom-blob-object-store-0.0.3)` was not used in the crate graph
warning: patch `rom-cli v0.0.3 (/tmp/rom-packaged-consumer-SWvwCg/unpacked/rom-cli-0.0.3)` was not used in the crate graph
warning: patch `rom-config v0.0.3 (/tmp/rom-packaged-consumer-SWvwCg/unpacked/rom-config-0.0.3)` was not used in the crate graph
warning: patch `rom-conformance v0.0.3 (/tmp/rom-packaged-consumer-SWvwCg/unpacked/rom-conformance-0.0.3)` was not used in the crate graph
warning: patch `rom-derive v0.0.3 (/tmp/rom-packaged-consumer-SWvwCg/unpacked/rom-derive-0.0.3)` was not used in the crate graph
warning: patch `rom-fields v0.0.3 (/tmp/rom-packaged-consumer-SWvwCg/unpacked/rom-fields-0.0.3)` was not used in the crate graph
warning: patch `rom-http v0.0.3 (/tmp/rom-packaged-consumer-SWvwCg/unpacked/rom-http-0.0.3)` was not used in the crate graph
warning: patch `rom-identity v0.0.3 (/tmp/rom-packaged-consumer-SWvwCg/unpacked/rom-identity-0.0.3)` was not used in the crate graph
warning: patch `rom-redb v0.0.3 (/tmp/rom-packaged-consumer-SWvwCg/unpacked/rom-redb-0.0.3)` was not used in the crate graph
warning: patch `rom-sqlite v0.0.3 (/tmp/rom-packaged-consumer-SWvwCg/unpacked/rom-sqlite-0.0.3)` was not used in the crate graph
warning: patch `rom-studio-host v0.0.3 (/tmp/rom-packaged-consumer-SWvwCg/unpacked/rom-studio-host-0.0.3)` was not used in the crate graph
help: Check that the patched package version and available features are compatible
      with the dependency requirements. If the patch has a different version from
      what is locked in the Cargo.lock file, run `cargo update` to use the new
      version. This may also occur with an optional dependency that is not enabled.
    Finished `dev` profile [unoptimized] target(s) in 0.05s
warning: patch `rom-auth v0.0.3 (/tmp/rom-packaged-consumer-SWvwCg/unpacked/rom-auth-0.0.3)` was not used in the crate graph
warning: patch `rom-cli v0.0.3 (/tmp/rom-packaged-consumer-SWvwCg/unpacked/rom-cli-0.0.3)` was not used in the crate graph
warning: patch `rom-config v0.0.3 (/tmp/rom-packaged-consumer-SWvwCg/unpacked/rom-config-0.0.3)` was not used in the crate graph
warning: patch `rom-fields v0.0.3 (/tmp/rom-packaged-consumer-SWvwCg/unpacked/rom-fields-0.0.3)` was not used in the crate graph
warning: patch `rom-http v0.0.3 (/tmp/rom-packaged-consumer-SWvwCg/unpacked/rom-http-0.0.3)` was not used in the crate graph
warning: patch `rom-identity v0.0.3 (/tmp/rom-packaged-consumer-SWvwCg/unpacked/rom-identity-0.0.3)` was not used in the crate graph
warning: patch `rom-redb v0.0.3 (/tmp/rom-packaged-consumer-SWvwCg/unpacked/rom-redb-0.0.3)` was not used in the crate graph
warning: patch `rom-studio-host v0.0.3 (/tmp/rom-packaged-consumer-SWvwCg/unpacked/rom-studio-host-0.0.3)` was not used in the crate graph
help: Check that the patched package version and available features are compatible
      with the dependency requirements. If the patch has a different version from
      what is locked in the Cargo.lock file, run `cargo update` to use the new
      version. This may also occur with an optional dependency that is not enabled.
   Compiling rom-derive v0.0.3 (/tmp/rom-packaged-consumer-SWvwCg/unpacked/rom-derive-0.0.3)
    Checking rom v0.0.3 (/tmp/rom-packaged-consumer-SWvwCg/unpacked/rom-0.0.3)
    Checking rom-blob v0.0.3 (/tmp/rom-packaged-consumer-SWvwCg/unpacked/rom-blob-0.0.3)
    Checking rom-blob-object-store v0.0.3 (/tmp/rom-packaged-consumer-SWvwCg/unpacked/rom-blob-object-store-0.0.3)
    Finished `dev` profile [unoptimized] target(s) in 1.81s
warning: patch `rom-blob v0.0.3 (/tmp/rom-packaged-consumer-SWvwCg/unpacked/rom-blob-0.0.3)` was not used in the crate graph
warning: patch `rom-blob-object-store v0.0.3 (/tmp/rom-packaged-consumer-SWvwCg/unpacked/rom-blob-object-store-0.0.3)` was not used in the crate graph
warning: patch `rom-cli v0.0.3 (/tmp/rom-packaged-consumer-SWvwCg/unpacked/rom-cli-0.0.3)` was not used in the crate graph
warning: patch `rom-conformance v0.0.3 (/tmp/rom-packaged-consumer-SWvwCg/unpacked/rom-conformance-0.0.3)` was not used in the crate graph
warning: patch `rom-fields v0.0.3 (/tmp/rom-packaged-consumer-SWvwCg/unpacked/rom-fields-0.0.3)` was not used in the crate graph
warning: patch `rom-http v0.0.3 (/tmp/rom-packaged-consumer-SWvwCg/unpacked/rom-http-0.0.3)` was not used in the crate graph
warning: patch `rom-studio-host v0.0.3 (/tmp/rom-packaged-consumer-SWvwCg/unpacked/rom-studio-host-0.0.3)` was not used in the crate graph
help: Check that the patched package version and available features are compatible
      with the dependency requirements. If the patch has a different version from
      what is locked in the Cargo.lock file, run `cargo update` to use the new
      version. This may also occur with an optional dependency that is not enabled.
    Checking rom v0.0.3 (/tmp/rom-packaged-consumer-SWvwCg/unpacked/rom-0.0.3)
    Checking rom-config v0.0.3 (/tmp/rom-packaged-consumer-SWvwCg/unpacked/rom-config-0.0.3)
    Finished `dev` profile [unoptimized] target(s) in 1.39s
warning: patch `rom-blob v0.0.3 (/tmp/rom-packaged-consumer-SWvwCg/unpacked/rom-blob-0.0.3)` was not used in the crate graph
warning: patch `rom-blob-object-store v0.0.3 (/tmp/rom-packaged-consumer-SWvwCg/unpacked/rom-blob-object-store-0.0.3)` was not used in the crate graph
warning: patch `rom-cli v0.0.3 (/tmp/rom-packaged-consumer-SWvwCg/unpacked/rom-cli-0.0.3)` was not used in the crate graph
warning: patch `rom-config v0.0.3 (/tmp/rom-packaged-consumer-SWvwCg/unpacked/rom-config-0.0.3)` was not used in the crate graph
warning: patch `rom-conformance v0.0.3 (/tmp/rom-packaged-consumer-SWvwCg/unpacked/rom-conformance-0.0.3)` was not used in the crate graph
warning: patch `rom-fields v0.0.3 (/tmp/rom-packaged-consumer-SWvwCg/unpacked/rom-fields-0.0.3)` was not used in the crate graph
warning: patch `rom-http v0.0.3 (/tmp/rom-packaged-consumer-SWvwCg/unpacked/rom-http-0.0.3)` was not used in the crate graph
warning: patch `rom-redb v0.0.3 (/tmp/rom-packaged-consumer-SWvwCg/unpacked/rom-redb-0.0.3)` was not used in the crate graph
warning: patch `rom-studio-host v0.0.3 (/tmp/rom-packaged-consumer-SWvwCg/unpacked/rom-studio-host-0.0.3)` was not used in the crate graph
help: Check that the patched package version and available features are compatible
      with the dependency requirements. If the patch has a different version from
      what is locked in the Cargo.lock file, run `cargo update` to use the new
      version. This may also occur with an optional dependency that is not enabled.
    Checking rom-auth v0.0.3 (/tmp/rom-packaged-consumer-SWvwCg/unpacked/rom-auth-0.0.3)
    Checking rom-identity v0.0.3 (/tmp/rom-packaged-consumer-SWvwCg/unpacked/rom-identity-0.0.3)
    Finished `dev` profile [unoptimized] target(s) in 0.13s
warning: patch `rom-auth v0.0.3 (/tmp/rom-packaged-consumer-SWvwCg/unpacked/rom-auth-0.0.3)` was not used in the crate graph
warning: patch `rom-blob v0.0.3 (/tmp/rom-packaged-consumer-SWvwCg/unpacked/rom-blob-0.0.3)` was not used in the crate graph
warning: patch `rom-blob-object-store v0.0.3 (/tmp/rom-packaged-consumer-SWvwCg/unpacked/rom-blob-object-store-0.0.3)` was not used in the crate graph
warning: patch `rom-cli v0.0.3 (/tmp/rom-packaged-consumer-SWvwCg/unpacked/rom-cli-0.0.3)` was not used in the crate graph
warning: patch `rom-config v0.0.3 (/tmp/rom-packaged-consumer-SWvwCg/unpacked/rom-config-0.0.3)` was not used in the crate graph
warning: patch `rom-conformance v0.0.3 (/tmp/rom-packaged-consumer-SWvwCg/unpacked/rom-conformance-0.0.3)` was not used in the crate graph
warning: patch `rom-fields v0.0.3 (/tmp/rom-packaged-consumer-SWvwCg/unpacked/rom-fields-0.0.3)` was not used in the crate graph
warning: patch `rom-http v0.0.3 (/tmp/rom-packaged-consumer-SWvwCg/unpacked/rom-http-0.0.3)` was not used in the crate graph
warning: patch `rom-identity v0.0.3 (/tmp/rom-packaged-consumer-SWvwCg/unpacked/rom-identity-0.0.3)` was not used in the crate graph
warning: patch `rom-sqlite v0.0.3 (/tmp/rom-packaged-consumer-SWvwCg/unpacked/rom-sqlite-0.0.3)` was not used in the crate graph
warning: patch `rom-studio-host v0.0.3 (/tmp/rom-packaged-consumer-SWvwCg/unpacked/rom-studio-host-0.0.3)` was not used in the crate graph
help: Check that the patched package version and available features are compatible
      with the dependency requirements. If the patch has a different version from
      what is locked in the Cargo.lock file, run `cargo update` to use the new
      version. This may also occur with an optional dependency that is not enabled.
    Checking rom-backup v0.0.3 (/tmp/rom-packaged-consumer-SWvwCg/unpacked/rom-backup-0.0.3)
    Checking rom-redb v0.0.3 (/tmp/rom-packaged-consumer-SWvwCg/unpacked/rom-redb-0.0.3)
    Finished `dev` profile [unoptimized] target(s) in 0.37s
warning: patch `rom-auth v0.0.3 (/tmp/rom-packaged-consumer-SWvwCg/unpacked/rom-auth-0.0.3)` was not used in the crate graph
warning: patch `rom-blob v0.0.3 (/tmp/rom-packaged-consumer-SWvwCg/unpacked/rom-blob-0.0.3)` was not used in the crate graph
warning: patch `rom-blob-object-store v0.0.3 (/tmp/rom-packaged-consumer-SWvwCg/unpacked/rom-blob-object-store-0.0.3)` was not used in the crate graph
warning: patch `rom-cli v0.0.3 (/tmp/rom-packaged-consumer-SWvwCg/unpacked/rom-cli-0.0.3)` was not used in the crate graph
warning: patch `rom-config v0.0.3 (/tmp/rom-packaged-consumer-SWvwCg/unpacked/rom-config-0.0.3)` was not used in the crate graph
warning: patch `rom-conformance v0.0.3 (/tmp/rom-packaged-consumer-SWvwCg/unpacked/rom-conformance-0.0.3)` was not used in the crate graph
warning: patch `rom-fields v0.0.3 (/tmp/rom-packaged-consumer-SWvwCg/unpacked/rom-fields-0.0.3)` was not used in the crate graph
warning: patch `rom-identity v0.0.3 (/tmp/rom-packaged-consumer-SWvwCg/unpacked/rom-identity-0.0.3)` was not used in the crate graph
warning: patch `rom-redb v0.0.3 (/tmp/rom-packaged-consumer-SWvwCg/unpacked/rom-redb-0.0.3)` was not used in the crate graph
warning: patch `rom-studio-host v0.0.3 (/tmp/rom-packaged-consumer-SWvwCg/unpacked/rom-studio-host-0.0.3)` was not used in the crate graph
help: Check that the patched package version and available features are compatible
      with the dependency requirements. If the patch has a different version from
      what is locked in the Cargo.lock file, run `cargo update` to use the new
      version. This may also occur with an optional dependency that is not enabled.
    Checking rom v0.0.3 (/tmp/rom-packaged-consumer-SWvwCg/unpacked/rom-0.0.3)
    Checking rom-http v0.0.3 (/tmp/rom-packaged-consumer-SWvwCg/unpacked/rom-http-0.0.3)
    Finished `dev` profile [unoptimized] target(s) in 1.59s
warning: patch `rom-blob-object-store v0.0.3 (/tmp/rom-packaged-consumer-SWvwCg/unpacked/rom-blob-object-store-0.0.3)` was not used in the crate graph
warning: patch `rom-cli v0.0.3 (/tmp/rom-packaged-consumer-SWvwCg/unpacked/rom-cli-0.0.3)` was not used in the crate graph
warning: patch `rom-config v0.0.3 (/tmp/rom-packaged-consumer-SWvwCg/unpacked/rom-config-0.0.3)` was not used in the crate graph
warning: patch `rom-conformance v0.0.3 (/tmp/rom-packaged-consumer-SWvwCg/unpacked/rom-conformance-0.0.3)` was not used in the crate graph
warning: patch `rom-fields v0.0.3 (/tmp/rom-packaged-consumer-SWvwCg/unpacked/rom-fields-0.0.3)` was not used in the crate graph
help: Check that the patched package version and available features are compatible
      with the dependency requirements. If the patch has a different version from
      what is locked in the Cargo.lock file, run `cargo update` to use the new
      version. This may also occur with an optional dependency that is not enabled.
    Checking rom v0.0.3 (/tmp/rom-packaged-consumer-SWvwCg/unpacked/rom-0.0.3)
    Checking rom-auth v0.0.3 (/tmp/rom-packaged-consumer-SWvwCg/unpacked/rom-auth-0.0.3)
    Checking rom-blob v0.0.3 (/tmp/rom-packaged-consumer-SWvwCg/unpacked/rom-blob-0.0.3)
    Checking rom-http v0.0.3 (/tmp/rom-packaged-consumer-SWvwCg/unpacked/rom-http-0.0.3)
    Checking rom-identity v0.0.3 (/tmp/rom-packaged-consumer-SWvwCg/unpacked/rom-identity-0.0.3)
    Checking rom-studio-host v0.0.3 (/tmp/rom-packaged-consumer-SWvwCg/unpacked/rom-studio-host-0.0.3)
    Finished `dev` profile [unoptimized] target(s) in 2.06s
warning: patch `rom-auth v0.0.3 (/tmp/rom-packaged-consumer-SWvwCg/unpacked/rom-auth-0.0.3)` was not used in the crate graph
warning: patch `rom-backup v0.0.3 (/tmp/rom-packaged-consumer-SWvwCg/unpacked/rom-backup-0.0.3)` was not used in the crate graph
warning: patch `rom-blob v0.0.3 (/tmp/rom-packaged-consumer-SWvwCg/unpacked/rom-blob-0.0.3)` was not used in the crate graph
warning: patch `rom-blob-object-store v0.0.3 (/tmp/rom-packaged-consumer-SWvwCg/unpacked/rom-blob-object-store-0.0.3)` was not used in the crate graph
warning: patch `rom-cli v0.0.3 (/tmp/rom-packaged-consumer-SWvwCg/unpacked/rom-cli-0.0.3)` was not used in the crate graph
warning: patch `rom-config v0.0.3 (/tmp/rom-packaged-consumer-SWvwCg/unpacked/rom-config-0.0.3)` was not used in the crate graph
warning: patch `rom-conformance v0.0.3 (/tmp/rom-packaged-consumer-SWvwCg/unpacked/rom-conformance-0.0.3)` was not used in the crate graph
warning: patch `rom-fields v0.0.3 (/tmp/rom-packaged-consumer-SWvwCg/unpacked/rom-fields-0.0.3)` was not used in the crate graph
warning: patch `rom-http v0.0.3 (/tmp/rom-packaged-consumer-SWvwCg/unpacked/rom-http-0.0.3)` was not used in the crate graph
warning: patch `rom-identity v0.0.3 (/tmp/rom-packaged-consumer-SWvwCg/unpacked/rom-identity-0.0.3)` was not used in the crate graph
warning: patch `rom-redb v0.0.3 (/tmp/rom-packaged-consumer-SWvwCg/unpacked/rom-redb-0.0.3)` was not used in the crate graph
warning: patch `rom-sqlite v0.0.3 (/tmp/rom-packaged-consumer-SWvwCg/unpacked/rom-sqlite-0.0.3)` was not used in the crate graph
warning: patch `rom-studio-host v0.0.3 (/tmp/rom-packaged-consumer-SWvwCg/unpacked/rom-studio-host-0.0.3)` was not used in the crate graph
help: Check that the patched package version and available features are compatible
      with the dependency requirements. If the patch has a different version from
      what is locked in the Cargo.lock file, run `cargo update` to use the new
      version. This may also occur with an optional dependency that is not enabled.
   Compiling rom v0.0.3 (/tmp/rom-packaged-consumer-SWvwCg/unpacked/rom-0.0.3)
    Finished `test` profile [unoptimized] target(s) in 2.62s
     Running unittests src/lib.rs (/var/tmp/rom-003-root-producer-target/debug/deps/rom-464d8cce856ee97f)
warning: patch `rom-auth v0.0.3 (/tmp/rom-packaged-consumer-SWvwCg/unpacked/rom-auth-0.0.3)` was not used in the crate graph
warning: patch `rom-blob v0.0.3 (/tmp/rom-packaged-consumer-SWvwCg/unpacked/rom-blob-0.0.3)` was not used in the crate graph
warning: patch `rom-blob-object-store v0.0.3 (/tmp/rom-packaged-consumer-SWvwCg/unpacked/rom-blob-object-store-0.0.3)` was not used in the crate graph
warning: patch `rom-config v0.0.3 (/tmp/rom-packaged-consumer-SWvwCg/unpacked/rom-config-0.0.3)` was not used in the crate graph
warning: patch `rom-conformance v0.0.3 (/tmp/rom-packaged-consumer-SWvwCg/unpacked/rom-conformance-0.0.3)` was not used in the crate graph
warning: patch `rom-fields v0.0.3 (/tmp/rom-packaged-consumer-SWvwCg/unpacked/rom-fields-0.0.3)` was not used in the crate graph
warning: patch `rom-http v0.0.3 (/tmp/rom-packaged-consumer-SWvwCg/unpacked/rom-http-0.0.3)` was not used in the crate graph
warning: patch `rom-identity v0.0.3 (/tmp/rom-packaged-consumer-SWvwCg/unpacked/rom-identity-0.0.3)` was not used in the crate graph
warning: patch `rom-studio-host v0.0.3 (/tmp/rom-packaged-consumer-SWvwCg/unpacked/rom-studio-host-0.0.3)` was not used in the crate graph
help: Check that the patched package version and available features are compatible
      with the dependency requirements. If the patch has a different version from
      what is locked in the Cargo.lock file, run `cargo update` to use the new
      version. This may also occur with an optional dependency that is not enabled.
   Compiling rom v0.0.3 (/tmp/rom-packaged-consumer-SWvwCg/unpacked/rom-0.0.3)
   Compiling rom-cli v0.0.3 (/tmp/rom-packaged-consumer-SWvwCg/unpacked/rom-cli-0.0.3)
    Finished `dev` profile [unoptimized] target(s) in 3.24s
     Running `/var/tmp/rom-003-root-producer-target/debug/rom --help`
warning: patch `rom-auth v0.0.3 (/tmp/rom-packaged-consumer-SWvwCg/unpacked/rom-auth-0.0.3)` was not used in the crate graph
warning: patch `rom-blob v0.0.3 (/tmp/rom-packaged-consumer-SWvwCg/unpacked/rom-blob-0.0.3)` was not used in the crate graph
warning: patch `rom-blob-object-store v0.0.3 (/tmp/rom-packaged-consumer-SWvwCg/unpacked/rom-blob-object-store-0.0.3)` was not used in the crate graph
warning: patch `rom-cli v0.0.3 (/tmp/rom-packaged-consumer-SWvwCg/unpacked/rom-cli-0.0.3)` was not used in the crate graph
warning: patch `rom-config v0.0.3 (/tmp/rom-packaged-consumer-SWvwCg/unpacked/rom-config-0.0.3)` was not used in the crate graph
warning: patch `rom-fields v0.0.3 (/tmp/rom-packaged-consumer-SWvwCg/unpacked/rom-fields-0.0.3)` was not used in the crate graph
warning: patch `rom-http v0.0.3 (/tmp/rom-packaged-consumer-SWvwCg/unpacked/rom-http-0.0.3)` was not used in the crate graph
warning: patch `rom-identity v0.0.3 (/tmp/rom-packaged-consumer-SWvwCg/unpacked/rom-identity-0.0.3)` was not used in the crate graph
warning: patch `rom-redb v0.0.3 (/tmp/rom-packaged-consumer-SWvwCg/unpacked/rom-redb-0.0.3)` was not used in the crate graph
warning: patch `rom-studio-host v0.0.3 (/tmp/rom-packaged-consumer-SWvwCg/unpacked/rom-studio-host-0.0.3)` was not used in the crate graph
help: Check that the patched package version and available features are compatible
      with the dependency requirements. If the patch has a different version from
      what is locked in the Cargo.lock file, run `cargo update` to use the new
      version. This may also occur with an optional dependency that is not enabled.
   Compiling rom v0.0.3 (/tmp/rom-packaged-consumer-SWvwCg/unpacked/rom-0.0.3)
   Compiling rom-backup v0.0.3 (/tmp/rom-packaged-consumer-SWvwCg/unpacked/rom-backup-0.0.3)
   Compiling rom-sqlite v0.0.3 (/tmp/rom-packaged-consumer-SWvwCg/unpacked/rom-sqlite-0.0.3)
   Compiling rom-consumer v0.0.3 (/tmp/rom-packaged-consumer-SWvwCg/consumer)
    Finished `dev` profile [unoptimized] target(s) in 3.75s
     Running `/var/tmp/rom-003-root-producer-target/debug/rom-consumer`
warning: patch `rom-auth v0.0.3 (/tmp/rom-packaged-consumer-SWvwCg/unpacked/rom-auth-0.0.3)` was not used in the crate graph
warning: patch `rom-blob v0.0.3 (/tmp/rom-packaged-consumer-SWvwCg/unpacked/rom-blob-0.0.3)` was not used in the crate graph
warning: patch `rom-blob-object-store v0.0.3 (/tmp/rom-packaged-consumer-SWvwCg/unpacked/rom-blob-object-store-0.0.3)` was not used in the crate graph
warning: patch `rom-cli v0.0.3 (/tmp/rom-packaged-consumer-SWvwCg/unpacked/rom-cli-0.0.3)` was not used in the crate graph
warning: patch `rom-config v0.0.3 (/tmp/rom-packaged-consumer-SWvwCg/unpacked/rom-config-0.0.3)` was not used in the crate graph
warning: patch `rom-fields v0.0.3 (/tmp/rom-packaged-consumer-SWvwCg/unpacked/rom-fields-0.0.3)` was not used in the crate graph
warning: patch `rom-http v0.0.3 (/tmp/rom-packaged-consumer-SWvwCg/unpacked/rom-http-0.0.3)` was not used in the crate graph
warning: patch `rom-identity v0.0.3 (/tmp/rom-packaged-consumer-SWvwCg/unpacked/rom-identity-0.0.3)` was not used in the crate graph
warning: patch `rom-redb v0.0.3 (/tmp/rom-packaged-consumer-SWvwCg/unpacked/rom-redb-0.0.3)` was not used in the crate graph
warning: patch `rom-studio-host v0.0.3 (/tmp/rom-packaged-consumer-SWvwCg/unpacked/rom-studio-host-0.0.3)` was not used in the crate graph
help: Check that the patched package version and available features are compatible
      with the dependency requirements. If the patch has a different version from
      what is locked in the Cargo.lock file, run `cargo update` to use the new
      version. This may also occur with an optional dependency that is not enabled.
   Compiling rom-conformance v0.0.3 (/tmp/rom-packaged-consumer-SWvwCg/unpacked/rom-conformance-0.0.3)
   Compiling rom-sqlite v0.0.3 (/tmp/rom-packaged-consumer-SWvwCg/unpacked/rom-sqlite-0.0.3)
   Compiling rom-consumer v0.0.3 (/tmp/rom-packaged-consumer-SWvwCg/consumer)
    Finished `test` profile [unoptimized] target(s) in 6.60s
     Running unittests src/lib.rs (/var/tmp/rom-003-root-producer-target/debug/deps/rom_consumer-422ae4bfcef24051)
     Running unittests src/main.rs (/var/tmp/rom-003-root-producer-target/debug/deps/rom_consumer-08702b418e0681cc)
     Running tests/actor_gate.rs (/var/tmp/rom-003-root-producer-target/debug/deps/actor_gate-d413cfa90fad2e26)
     Running tests/bounds.rs (/var/tmp/rom-003-root-producer-target/debug/deps/bounds-fed1d043643c105e)
     Running tests/capacity_configuration.rs (/var/tmp/rom-003-root-producer-target/debug/deps/capacity_configuration-ac4e579bf1aec761)
     Running tests/discovery.rs (/var/tmp/rom-003-root-producer-target/debug/deps/discovery-78f4796cd504d34a)
     Running tests/enum_labels.rs (/var/tmp/rom-003-root-producer-target/debug/deps/enum_labels-4b13925c5471fd7d)
     Running tests/extensions.rs (/var/tmp/rom-003-root-producer-target/debug/deps/extensions-90befd10a4dec2f9)
     Running tests/fields.rs (/var/tmp/rom-003-root-producer-target/debug/deps/fields-826856e4e5c54752)
     Running tests/initial_authority.rs (/var/tmp/rom-003-root-producer-target/debug/deps/initial_authority-190de7cbfdc1c4f7)
     Running tests/integrated.rs (/var/tmp/rom-003-root-producer-target/debug/deps/integrated-ac8afc325746d0a1)
     Running tests/invocation.rs (/var/tmp/rom-003-root-producer-target/debug/deps/invocation-0c954debe259b5d8)
     Running tests/lifecycle.rs (/var/tmp/rom-003-root-producer-target/debug/deps/lifecycle-9db513dbd08b2423)
     Running tests/native_conformance.rs (/var/tmp/rom-003-root-producer-target/debug/deps/native_conformance-30b7ccb3c029d0d9)
     Running tests/presence.rs (/var/tmp/rom-003-root-producer-target/debug/deps/presence-ecf614982ee5feb8)
     Running tests/projection.rs (/var/tmp/rom-003-root-producer-target/debug/deps/projection-50eba34f2ac820db)
     Running tests/promotion.rs (/var/tmp/rom-003-root-producer-target/debug/deps/promotion-980093c0d377b525)
     Running tests/query_all.rs (/var/tmp/rom-003-root-producer-target/debug/deps/query_all-a258a9849ac27a1d)
     Running tests/query_contract.rs (/var/tmp/rom-003-root-producer-target/debug/deps/query_contract-7a02c34feee29042)
     Running tests/source_authority.rs (/var/tmp/rom-003-root-producer-target/debug/deps/source_authority-3cb3a43e7ac770a3)
     Running tests/structured_input.rs (/var/tmp/rom-003-root-producer-target/debug/deps/structured_input-b2b44fad6f9e28e2)
warning: patch `rom-auth v0.0.3 (/tmp/rom-packaged-consumer-SWvwCg/unpacked/rom-auth-0.0.3)` was not used in the crate graph
warning: patch `rom-blob v0.0.3 (/tmp/rom-packaged-consumer-SWvwCg/unpacked/rom-blob-0.0.3)` was not used in the crate graph
warning: patch `rom-blob-object-store v0.0.3 (/tmp/rom-packaged-consumer-SWvwCg/unpacked/rom-blob-object-store-0.0.3)` was not used in the crate graph
warning: patch `rom-cli v0.0.3 (/tmp/rom-packaged-consumer-SWvwCg/unpacked/rom-cli-0.0.3)` was not used in the crate graph
warning: patch `rom-config v0.0.3 (/tmp/rom-packaged-consumer-SWvwCg/unpacked/rom-config-0.0.3)` was not used in the crate graph
warning: patch `rom-fields v0.0.3 (/tmp/rom-packaged-consumer-SWvwCg/unpacked/rom-fields-0.0.3)` was not used in the crate graph
warning: patch `rom-http v0.0.3 (/tmp/rom-packaged-consumer-SWvwCg/unpacked/rom-http-0.0.3)` was not used in the crate graph
warning: patch `rom-identity v0.0.3 (/tmp/rom-packaged-consumer-SWvwCg/unpacked/rom-identity-0.0.3)` was not used in the crate graph
warning: patch `rom-redb v0.0.3 (/tmp/rom-packaged-consumer-SWvwCg/unpacked/rom-redb-0.0.3)` was not used in the crate graph
warning: patch `rom-studio-host v0.0.3 (/tmp/rom-packaged-consumer-SWvwCg/unpacked/rom-studio-host-0.0.3)` was not used in the crate graph
help: Check that the patched package version and available features are compatible
      with the dependency requirements. If the patch has a different version from
      what is locked in the Cargo.lock file, run `cargo update` to use the new
      version. This may also occur with an optional dependency that is not enabled.
warning: patch `rom-cli v0.0.3 (/tmp/rom-packaged-consumer-SWvwCg/unpacked/rom-cli-0.0.3)` was not used in the crate graph
warning: patch `rom-conformance v0.0.3 (/tmp/rom-packaged-consumer-SWvwCg/unpacked/rom-conformance-0.0.3)` was not used in the crate graph
help: Check that the patched package version and available features are compatible
      with the dependency requirements. If the patch has a different version from
      what is locked in the Cargo.lock file, run `cargo update` to use the new
      version. This may also occur with an optional dependency that is not enabled.
   Compiling rom v0.0.3 (/tmp/rom-packaged-consumer-SWvwCg/unpacked/rom-0.0.3)
   Compiling rom-auth v0.0.3 (/tmp/rom-packaged-consumer-SWvwCg/unpacked/rom-auth-0.0.3)
   Compiling rom-backup v0.0.3 (/tmp/rom-packaged-consumer-SWvwCg/unpacked/rom-backup-0.0.3)
   Compiling rom-blob v0.0.3 (/tmp/rom-packaged-consumer-SWvwCg/unpacked/rom-blob-0.0.3)
   Compiling rom-identity v0.0.3 (/tmp/rom-packaged-consumer-SWvwCg/unpacked/rom-identity-0.0.3)
   Compiling rom-http v0.0.3 (/tmp/rom-packaged-consumer-SWvwCg/unpacked/rom-http-0.0.3)
   Compiling rom-blob-object-store v0.0.3 (/tmp/rom-packaged-consumer-SWvwCg/unpacked/rom-blob-object-store-0.0.3)
   Compiling rom-redb v0.0.3 (/tmp/rom-packaged-consumer-SWvwCg/unpacked/rom-redb-0.0.3)
   Compiling rom-studio-host v0.0.3 (/tmp/rom-packaged-consumer-SWvwCg/unpacked/rom-studio-host-0.0.3)
   Compiling rom-sqlite v0.0.3 (/tmp/rom-packaged-consumer-SWvwCg/unpacked/rom-sqlite-0.0.3)
   Compiling rom-fields v0.0.3 (/tmp/rom-packaged-consumer-SWvwCg/unpacked/rom-fields-0.0.3)
   Compiling rom-config v0.0.3 (/tmp/rom-packaged-consumer-SWvwCg/unpacked/rom-config-0.0.3)
   Compiling rom-demo v0.0.3 (/tmp/rom-packaged-consumer-SWvwCg/demo)
    Finished `test` profile [unoptimized] target(s) in 12.60s
     Running unittests src/lib.rs (/var/tmp/rom-003-root-producer-target/debug/deps/rom_demo-6cded7ac779924e5)
     Running unittests src/main.rs (/var/tmp/rom-003-root-producer-target/debug/deps/rom_demo-f04f5b5924f62321)
     Running tests/compensation.rs (/var/tmp/rom-003-root-producer-target/debug/deps/compensation-ea8360ac99d2af06)
     Running tests/documented_commands.rs (/var/tmp/rom-003-root-producer-target/debug/deps/documented_commands-126859075f17258d)
     Running tests/operator.rs (/var/tmp/rom-003-root-producer-target/debug/deps/operator-d625a3bbc88ffb4b)
     Running tests/provider_auth.rs (/var/tmp/rom-003-root-producer-target/debug/deps/provider_auth-d0d465447c13dde9)
     Running tests/provider_profile.rs (/var/tmp/rom-003-root-producer-target/debug/deps/provider_profile-cfc18a4c0137b21d)
     Running tests/reference.rs (/var/tmp/rom-003-root-producer-target/debug/deps/reference-81a644c4737bc0b6)
     Running tests/reservation_input.rs (/var/tmp/rom-003-root-producer-target/debug/deps/reservation_input-36d32ed817e9b65d)
     Running tests/server_lifecycle.rs (/var/tmp/rom-003-root-producer-target/debug/deps/server_lifecycle-c57f07a1d4781a58)
     Running tests/transitions.rs (/var/tmp/rom-003-root-producer-target/debug/deps/transitions-ab7c5688e22b8f74)
     Running tests/upgrade.rs (/var/tmp/rom-003-root-producer-target/debug/deps/upgrade-73c1b6fad8aa2bc5)
     Running tests/workshop.rs (/var/tmp/rom-003-root-producer-target/debug/deps/workshop-725ffc97b8096218)
   Doc-tests rom_demo
warning: patch `rom-cli v0.0.3 (/tmp/rom-packaged-consumer-SWvwCg/unpacked/rom-cli-0.0.3)` was not used in the crate graph
warning: patch `rom-conformance v0.0.3 (/tmp/rom-packaged-consumer-SWvwCg/unpacked/rom-conformance-0.0.3)` was not used in the crate graph
help: Check that the patched package version and available features are compatible
      with the dependency requirements. If the patch has a different version from
      what is locked in the Cargo.lock file, run `cargo update` to use the new
      version. This may also occur with an optional dependency that is not enabled.
