
Running 4 tests using 1 worker

(node:2947686) Warning: The 'NO_COLOR' env is ignored due to the 'FORCE_COLOR' env being set.
(Use `node --trace-warnings ...` to show where the warning was created)
oidc-provider WARNING: a quick start development-only in-memory adapter is used, you MUST change it in order to not lose all stateful provider data upon restart and to be able to share these between processes
ROM_FINITE_SNAPSHOTS {"backend":"sqlite","engine":"chromium","snapshots":3,"observer_query_requests_during_snapshots":0,"cells":5,"mutation_to_frame_ms":[159.9000000357628,1046.8999999761581,1064.300000011921],"scope":"Real host sequential changes, browser-driver/network/frame-inclusive samples; DOM count, not heap GC."}
  ✓  1 [chromium] › tests/runtime/host.spec.ts:643:3 › real sqlite complete generic Task and Inventory browser workflows (47.5s)
oidc-provider WARNING: a quick start development-only in-memory adapter is used, you MUST change it in order to not lose all stateful provider data upon restart and to be able to share these between processes
  ✘  2 [chromium] › tests/runtime/host.spec.ts:643:3 › real redb complete generic Task and Inventory browser workflows (22.8s)
(node:2948400) Warning: The 'NO_COLOR' env is ignored due to the 'FORCE_COLOR' env being set.
(Use `node --trace-warnings ...` to show where the warning was created)
oidc-provider WARNING: a quick start development-only in-memory adapter is used, you MUST change it in order to not lose all stateful provider data upon restart and to be able to share these between processes
ROM_FINITE_SNAPSHOTS {"backend":"sqlite","engine":"webkit","snapshots":3,"observer_query_requests_during_snapshots":0,"cells":5,"mutation_to_frame_ms":[136,141,142],"scope":"Real host sequential changes, browser-driver/network/frame-inclusive samples; DOM count, not heap GC."}
  ✓  3 [webkit] › tests/runtime/host.spec.ts:643:3 › real sqlite complete generic Task and Inventory browser workflows (5.4s)
oidc-provider WARNING: a quick start development-only in-memory adapter is used, you MUST change it in order to not lose all stateful provider data upon restart and to be able to share these between processes
ROM_FINITE_SNAPSHOTS {"backend":"redb","engine":"webkit","snapshots":3,"observer_query_requests_during_snapshots":0,"cells":5,"mutation_to_frame_ms":[135,142,142],"scope":"Real host sequential changes, browser-driver/network/frame-inclusive samples; DOM count, not heap GC."}
  ✓  4 [webkit] › tests/runtime/host.spec.ts:643:3 › real redb complete generic Task and Inventory browser workflows (5.0s)


  1) [chromium] › tests/runtime/host.spec.ts:643:3 › real redb complete generic Task and Inventory browser workflows 

    Error: inventory create form

    expect(received).toEqual(expected) // deep equality

    - Expected  -   1
    + Received  + 146

    - Array []
    + Array [
    +   Object {
    +     "description": "Ensure the contrast between foreground and background colors meets WCAG 2 AA minimum contrast ratio thresholds",
    +     "help": "Elements must meet minimum color contrast ratio thresholds",
    +     "helpUrl": "https://dequeuniversity.com/rules/axe/4.13/color-contrast?application=playwright",
    +     "id": "color-contrast",
    +     "impact": "serious",
    +     "nodes": Array [
    +       Object {
    +         "all": Array [],
    +         "any": Array [
    +           Object {
    +             "data": Object {
    +               "bgColor": "#878b95",
    +               "contrastRatio": 3.41,
    +               "expectedContrastRatio": "4.5:1",
    +               "fgColor": "#ffffff",
    +               "fontSize": "10.5pt (14px)",
    +               "fontWeight": "normal",
    +               "messageKey": null,
    +             },
    +             "id": "color-contrast",
    +             "impact": "serious",
    +             "message": "Element has insufficient color contrast of 3.41 (foreground color: #ffffff, background color: #878b95, font size: 10.5pt (14px), font weight: normal). Expected contrast ratio of 4.5:1",
    +             "relatedNodes": Array [
    +               Object {
    +                 "html": "<button data-slot=\"button\" class=\"focus-visible:border...\" type=\"button\">",
    +                 "target": Array [
    +                   ".toolbar > .border-transparent.bg-primary.text-primary-foreground:nth-child(1)",
    +                 ],
    +               },
    +               Object {
    +                 "html": "<html lang=\"en\">",
    +                 "target": Array [
    +                   "html",
    +                 ],
    +               },
    +             ],
    +           },
    +         ],
    +         "failureSummary": "Fix any of the following:
    +   Element has insufficient color contrast of 3.41 (foreground color: #ffffff, background color: #878b95, font size: 10.5pt (14px), font weight: normal). Expected contrast ratio of 4.5:1",
    +         "html": "<button data-slot=\"button\" class=\"focus-visible:border...\" type=\"button\">",
    +         "impact": "serious",
    +         "none": Array [],
    +         "target": Array [
    +           ".toolbar > .border-transparent.bg-primary.text-primary-foreground:nth-child(1)",
    +         ],
    +       },
    +       Object {
    +         "all": Array [],
    +         "any": Array [
    +           Object {
    +             "data": Object {
    +               "bgColor": "#878b95",
    +               "contrastRatio": 3.41,
    +               "expectedContrastRatio": "4.5:1",
    +               "fgColor": "#ffffff",
    +               "fontSize": "10.5pt (14px)",
    +               "fontWeight": "normal",
    +               "messageKey": null,
    +             },
    +             "id": "color-contrast",
    +             "impact": "serious",
    +             "message": "Element has insufficient color contrast of 3.41 (foreground color: #ffffff, background color: #878b95, font size: 10.5pt (14px), font weight: normal). Expected contrast ratio of 4.5:1",
    +             "relatedNodes": Array [
    +               Object {
    +                 "html": "<button data-slot=\"button\" class=\"focus-visible:border...\" type=\"button\">",
    +                 "target": Array [
    +                   ".toolbar > .border-transparent.bg-primary.text-primary-foreground:nth-child(2)",
    +                 ],
    +               },
    +               Object {
    +                 "html": "<html lang=\"en\">",
    +                 "target": Array [
    +                   "html",
    +                 ],
    +               },
    +             ],
    +           },
    +         ],
    +         "failureSummary": "Fix any of the following:
    +   Element has insufficient color contrast of 3.41 (foreground color: #ffffff, background color: #878b95, font size: 10.5pt (14px), font weight: normal). Expected contrast ratio of 4.5:1",
    +         "html": "<button data-slot=\"button\" class=\"focus-visible:border...\" type=\"button\">",
    +         "impact": "serious",
    +         "none": Array [],
    +         "target": Array [
    +           ".toolbar > .border-transparent.bg-primary.text-primary-foreground:nth-child(2)",
    +         ],
    +       },
    +       Object {
    +         "all": Array [],
    +         "any": Array [
    +           Object {
    +             "data": Object {
    +               "bgColor": "#878b95",
    +               "contrastRatio": 3.41,
    +               "expectedContrastRatio": "4.5:1",
    +               "fgColor": "#ffffff",
    +               "fontSize": "10.5pt (14px)",
    +               "fontWeight": "normal",
    +               "messageKey": null,
    +             },
    +             "id": "color-contrast",
    +             "impact": "serious",
    +             "message": "Element has insufficient color contrast of 3.41 (foreground color: #ffffff, background color: #878b95, font size: 10.5pt (14px), font weight: normal). Expected contrast ratio of 4.5:1",
    +             "relatedNodes": Array [
    +               Object {
    +                 "html": "<button data-slot=\"button\" class=\"focus-visible:border...\" type=\"button\">",
    +                 "target": Array [
    +                   ".toolbar > .border-transparent.bg-primary.text-primary-foreground:nth-child(3)",
    +                 ],
    +               },
    +               Object {
    +                 "html": "<html lang=\"en\">",
    +                 "target": Array [
    +                   "html",
    +                 ],
    +               },
    +             ],
    +           },
    +         ],
    +         "failureSummary": "Fix any of the following:
    +   Element has insufficient color contrast of 3.41 (foreground color: #ffffff, background color: #878b95, font size: 10.5pt (14px), font weight: normal). Expected contrast ratio of 4.5:1",
    +         "html": "<button data-slot=\"button\" class=\"focus-visible:border...\" type=\"button\">",
    +         "impact": "serious",
    +         "none": Array [],
    +         "target": Array [
    +           ".toolbar > .border-transparent.bg-primary.text-primary-foreground:nth-child(3)",
    +         ],
    +       },
    +     ],
    +     "tags": Array [
    +       "cat.color",
    +       "wcag2aa",
    +       "wcag143",
    +       "TTv5",
    +       "TT13.c",
    +       "EN-301-549",
    +       "EN-9.1.4.3",
    +       "ACT",
    +       "RGAAv4",
    +       "RGAA-3.2.1",
    +     ],
    +   },
    + ]

       at resource-workflow.ts:26

      24 |   expect(result.violations, stage).toEqual([]);
      25 | }
    > 26 | export async function createResource(page: Page, kind: string, id: string) {
         |                                    ^
      27 |   await page.getByRole("button", { name: kind, exact: true }).click();
      28 |   const trigger = page.getByRole("button", {
      29 |     name: "Create Resource",
        at accessible (/root/ROM/.worktrees/release-query-index/studio/tests/runtime/resource-workflow.ts:26:36)
        at createResource (/root/ROM/.worktrees/release-query-index/studio/tests/runtime/resource-workflow.ts:64:3)
        at /root/ROM/.worktrees/release-query-index/studio/tests/runtime/host.spec.ts:664:9

    Error Context: test-results/host-real-redb-complete-ge-d6a0f-Inventory-browser-workflows-chromium/error-context.md

  1 failed
    [chromium] › tests/runtime/host.spec.ts:643:3 › real redb complete generic Task and Inventory browser workflows 
  3 passed (1.4m)
