
Running 2 tests using 1 worker

(node:2941505) Warning: The 'NO_COLOR' env is ignored due to the 'FORCE_COLOR' env being set.
(Use `node --trace-warnings ...` to show where the warning was created)
oidc-provider WARNING: a quick start development-only in-memory adapter is used, you MUST change it in order to not lose all stateful provider data upon restart and to be able to share these between processes
  ✘  1 [chromium] › tests/runtime/host.spec.ts:643:3 › real sqlite complete generic Task and Inventory browser workflows (11.6s)
(node:2941925) Warning: The 'NO_COLOR' env is ignored due to the 'FORCE_COLOR' env being set.
(Use `node --trace-warnings ...` to show where the warning was created)
oidc-provider WARNING: a quick start development-only in-memory adapter is used, you MUST change it in order to not lose all stateful provider data upon restart and to be able to share these between processes
  ✘  2 [chromium] › tests/runtime/host.spec.ts:643:3 › real redb complete generic Task and Inventory browser workflows (11.4s)


  1) [chromium] › tests/runtime/host.spec.ts:643:3 › real sqlite complete generic Task and Inventory browser workflows 

    TimeoutError: locator.uncheck: Timeout 10000ms exceeded.
    Call log:
      - waiting for getByLabel('Query value', { exact: true })


      674 |           .selectOption(kind === "tasks" ? "done" : "code");
      675 |         if (kind === "tasks")
    > 676 |           await page.getByLabel("Query value", { exact: true }).uncheck();
          |                                                                 ^
      677 |         else
      678 |           await page
      679 |             .getByLabel("Query value", { exact: true })
        at /root/ROM/.worktrees/release-query-index/studio/tests/runtime/host.spec.ts:676:65

    Error Context: test-results/host-real-sqlite-complete--d8449-Inventory-browser-workflows-chromium/error-context.md

  2) [chromium] › tests/runtime/host.spec.ts:643:3 › real redb complete generic Task and Inventory browser workflows 

    TimeoutError: locator.uncheck: Timeout 10000ms exceeded.
    Call log:
      - waiting for getByLabel('Query value', { exact: true })


      674 |           .selectOption(kind === "tasks" ? "done" : "code");
      675 |         if (kind === "tasks")
    > 676 |           await page.getByLabel("Query value", { exact: true }).uncheck();
          |                                                                 ^
      677 |         else
      678 |           await page
      679 |             .getByLabel("Query value", { exact: true })
        at /root/ROM/.worktrees/release-query-index/studio/tests/runtime/host.spec.ts:676:65

    Error Context: test-results/host-real-redb-complete-ge-d6a0f-Inventory-browser-workflows-chromium/error-context.md

  2 failed
    [chromium] › tests/runtime/host.spec.ts:643:3 › real sqlite complete generic Task and Inventory browser workflows 
    [chromium] › tests/runtime/host.spec.ts:643:3 › real redb complete generic Task and Inventory browser workflows 
