
> rom-studio@0.0.2 test:unit
> node --experimental-strip-types --test tests/unit/*.test.ts

TAP version 13
# (node:2816323) ExperimentalWarning: Type Stripping is an experimental feature and might change at any time
# (Use `node --trace-warnings ...` to show where the warning was created)
# Subtest: canonical query boundary survives cloning and float integer replay
ok 1 - canonical query boundary survives cloning and float integer replay
  ---
  duration_ms: 18.193523
  type: 'test'
  ...
# Subtest: anchors reject journal cursors and response identity changes
ok 2 - anchors reject journal cursors and response identity changes
  ---
  duration_ms: 0.859223
  type: 'test'
  ...
# Subtest: anchor admission rejects malformed native envelope members
ok 3 - anchor admission rejects malformed native envelope members
  ---
  duration_ms: 0.728124
  type: 'test'
  ...
# Subtest: anchor replies bind the requested literal order and predicate structure
ok 4 - anchor replies bind the requested literal order and predicate structure
  ---
  duration_ms: 0.321851
  type: 'test'
  ...
# Subtest: anchor correspondence leaves canonical codec operands opaque
ok 5 - anchor correspondence leaves canonical codec operands opaque
  ---
  duration_ms: 1.069101
  type: 'test'
  ...
# Subtest: anchor value states keep missing distinct from present null
ok 6 - anchor value states keep missing distinct from present null
  ---
  duration_ms: 0.192275
  type: 'test'
  ...
# Subtest: native comparison operators cannot be coerced from arrays
ok 7 - native comparison operators cannot be coerced from arrays
  ---
  duration_ms: 0.148633
  type: 'test'
  ...
# Subtest: native absence predicates retain their null and equality constraints
ok 8 - native absence predicates retain their null and equality constraints
  ---
  duration_ms: 0.150386
  type: 'test'
  ...
# Subtest: public anchor response is bound to the submitted snapshot despite caller edits
ok 9 - public anchor response is bound to the submitted snapshot despite caller edits
  ---
  duration_ms: 0.986214
  type: 'test'
  ...
# (node:2816324) ExperimentalWarning: Type Stripping is an experimental feature and might change at any time
# (Use `node --trace-warnings ...` to show where the warning was created)
# Subtest: blob capabilities and reserve bind the admitted kind, ID and exact integer body
ok 10 - blob capabilities and reserve bind the admitted kind, ID and exact integer body
  ---
  duration_ms: 17.314031
  type: 'test'
  ...
# Subtest: blob uploads use immutable bytes, same-origin CSRF and bound projected responses
ok 11 - blob uploads use immutable bytes, same-origin CSRF and bound projected responses
  ---
  duration_ms: 1.564663
  type: 'test'
  ...
# Subtest: blob capability limits, operation and response status admission fail closed
ok 12 - blob capability limits, operation and response status admission fail closed
  ---
  duration_ms: 0.987587
  type: 'test'
  ...
# Subtest: blob generation and finite deadline protect binary requests and explicit recovery
ok 13 - blob generation and finite deadline protect binary requests and explicit recovery
  ---
  duration_ms: 10.591938
  type: 'test'
  ...
# Subtest: download enforces admitted size and binary type without JSON decoding
ok 14 - download enforces admitted size and binary type without JSON decoding
  ---
  duration_ms: 1.171045
  type: 'test'
  ...
# Subtest: returned capabilities cannot widen private admission and reserve input is frozen before waiting
ok 15 - returned capabilities cannot widen private admission and reserve input is frozen before waiting
  ---
  duration_ms: 0.762218
  type: 'test'
  ...
# Subtest: binary request pre-abort reaches no transport and failed capability refresh closes admission
ok 16 - binary request pre-abort reaches no transport and failed capability refresh closes admission
  ---
  duration_ms: 0.707104
  type: 'test'
  ...
# (node:2816325) ExperimentalWarning: Type Stripping is an experimental feature and might change at any time
# (Use `node --trace-warnings ...` to show where the warning was created)
# Subtest: binds result identity and preserves revision, never accepts wrong resource
ok 17 - binds result identity and preserves revision, never accepts wrong resource
  ---
  duration_ms: 27.936667
  type: 'test'
  ...
# Subtest: lost response retains exact frozen request and key for explicit retry
ok 18 - lost response retains exact frozen request and key for explicit retry
  ---
  duration_ms: 3.726421
  type: 'test'
  ...
# Subtest: session generation rejects stale replies and old mutation retries
ok 19 - session generation rejects stale replies and old mutation retries
  ---
  duration_ms: 1.00481
  type: 'test'
  ...
# Subtest: denial is rejected, conflict is distinct and unknown outcome is recoverable
ok 20 - denial is rejected, conflict is distinct and unknown outcome is recoverable
  ---
  duration_ms: 1.657399
  type: 'test'
  ...
# Subtest: response bounds, content type and rows are enforced
ok 21 - response bounds, content type and rows are enforced
  ---
  duration_ms: 2.708917
  type: 'test'
  ...
# Subtest: public mutation status cannot bypass private ownership or reuse a failed attempt
ok 22 - public mutation status cannot bypass private ownership or reuse a failed attempt
  ---
  duration_ms: 0.25761
  type: 'test'
  ...
# Subtest: an unclassified server failure remains unknown and must not imply rollback
ok 23 - an unclassified server failure remains unknown and must not imply rollback
  ---
  duration_ms: 0.592957
  type: 'test'
  ...
# Subtest: receipt replay rechecks current server authority rather than returning a cached result
ok 24 - receipt replay rechecks current server authority rather than returning a cached result
  ---
  duration_ms: 0.89469
  type: 'test'
  ...
# (node:2816326) ExperimentalWarning: Type Stripping is an experimental feature and might change at any time
# (Use `node --trace-warnings ...` to show where the warning was created)
# Subtest: wire codec preserves boundary integers and ordinary false/zero/null/empty values
ok 25 - wire codec preserves boundary integers and ordinary false/zero/null/empty values
  ---
  duration_ms: 2.55237
  type: 'test'
  ...
# Subtest: wire parser rejects duplicate keys, oversized text, excessive nesting, and infinite numbers
ok 26 - wire parser rejects duplicate keys, oversized text, excessive nesting, and infinite numbers
  ---
  duration_ms: 0.776616
  type: 'test'
  ...
# Subtest: wire maps preserve reserved names without prototype mutation
ok 27 - wire maps preserve reserved names without prototype mutation
  ---
  duration_ms: 0.212624
  type: 'test'
  ...
# Subtest: wire encoder refuses nonfinite and recursive values before sending them
ok 28 - wire encoder refuses nonfinite and recursive values before sending them
  ---
  duration_ms: 0.399299
  type: 'test'
  ...
# Subtest: scalar normalization applies exact integer ranges and finite float semantics
ok 29 - scalar normalization applies exact integer ranges and finite float semantics
  ---
  duration_ms: 2.036721
  type: 'test'
  ...
# Subtest: object and patch encoders distinguish omission, null, value and removal
ok 30 - object and patch encoders distinguish omission, null, value and removal
  ---
  duration_ms: 0.620149
  type: 'test'
  ...
# Subtest: structural normalization bounds nesting and validates enums, references and maps
ok 31 - structural normalization bounds nesting and validates enums, references and maps
  ---
  duration_ms: 0.397977
  type: 'test'
  ...
# Subtest: malformed runtime modes and shapes are refused, not coerced
ok 32 - malformed runtime modes and shapes are refused, not coerced
  ---
  duration_ms: 0.177718
  type: 'test'
  ...
# Subtest: wire strings agree with Rust Unicode and preserve signed zero
ok 33 - wire strings agree with Rust Unicode and preserve signed zero
  ---
  duration_ms: 0.596693
  type: 'test'
  ...
# Subtest: array and map accessors are rejected without executing user code
ok 34 - array and map accessors are rejected without executing user code
  ---
  duration_ms: 0.874371
  type: 'test'
  ...
# Subtest: parsed floating integer tokens retain their Rust number category on replay
ok 35 - parsed floating integer tokens retain their Rust number category on replay
  ---
  duration_ms: 0.595201
  type: 'test'
  ...
# (node:2816327) ExperimentalWarning: Type Stripping is an experimental feature and might change at any time
# (Use `node --trace-warnings ...` to show where the warning was created)
# Subtest: accepts authorized descriptor and rejects duplicate or inconsistent metadata
ok 36 - accepts authorized descriptor and rejects duplicate or inconsistent metadata
  ---
  duration_ms: 24.257556
  type: 'test'
  ...
# Subtest: bounded POST stream handles split CRLF frames and surfaces terminal errors
ok 37 - bounded POST stream handles split CRLF frames and surfaces terminal errors
  ---
  duration_ms: 2.419688
  type: 'test'
  ...
# Subtest: stream rejects oversized frames and a wrong kind before disclosure
ok 38 - stream rejects oversized frames and a wrong kind before disclosure
  ---
  duration_ms: 1.432221
  type: 'test'
  ...
# Subtest: idle stream closes its reader on timeout and cancellation
ok 39 - idle stream closes its reader on timeout and cancellation
  ---
  duration_ms: 15.533699
  type: 'test'
  ...
# Subtest: stream flushes UTF8 decoder and treats silent EOF as stale
ok 40 - stream flushes UTF8 decoder and treats silent EOF as stale
  ---
  duration_ms: 1.563982
  type: 'test'
  ...
# Subtest: invalid stream media cancels its body, and opening errors retain server category
ok 41 - invalid stream media cancels its body, and opening errors retain server category
  ---
  duration_ms: 1.021732
  type: 'test'
  ...
# Subtest: live snapshots obey the requested page limit
ok 42 - live snapshots obey the requested page limit
  ---
  duration_ms: 0.623605
  type: 'test'
  ...
# Subtest: observation admission is finite and cancellation releases its slot
ok 43 - observation admission is finite and cancellation releases its slot
  ---
  duration_ms: 1.133884
  type: 'test'
  ...
# Subtest: discovery retains bounded wrapper paths and rejects shape mismatches
ok 44 - discovery retains bounded wrapper paths and rejects shape mismatches
  ---
  duration_ms: 1.903848
  type: 'test'
  ...
# (node:2816342) ExperimentalWarning: Type Stripping is an experimental feature and might change at any time
# (Use `node --trace-warnings ...` to show where the warning was created)
# Subtest: journal validates cursor generation, kind and strictly advancing positions
ok 45 - journal validates cursor generation, kind and strictly advancing positions
  ---
  duration_ms: 23.961032
  type: 'test'
  ...
# (node:2816346) ExperimentalWarning: Type Stripping is an experimental feature and might change at any time
# (Use `node --trace-warnings ...` to show where the warning was created)
# Subtest: POST deadline rejects even when transport ignores abort
ok 46 - POST deadline rejects even when transport ignores abort
  ---
  duration_ms: 20.601629
  type: 'test'
  ...
# Subtest: already aborted request does not invoke transport
ok 47 - already aborted request does not invoke transport
  ---
  duration_ms: 0.235828
  type: 'test'
  ...
# Subtest: oversized body rejection does not await transport cancellation
ok 48 - oversized body rejection does not await transport cancellation
  ---
  duration_ms: 0.738774
  type: 'test'
  ...
# Subtest: query reply obeys explicit page limit
ok 49 - query reply obeys explicit page limit
  ---
  duration_ms: 1.160205
  type: 'test'
  ...
# Subtest: mutation reply must match revision and deletion semantics
ok 50 - mutation reply must match revision and deletion semantics
  ---
  duration_ms: 1.095111
  type: 'test'
  ...
# Subtest: legal no-op revision and deletion are accepted
ok 51 - legal no-op revision and deletion are accepted
  ---
  duration_ms: 1.339426
  type: 'test'
  ...
# Subtest: response reader and parser use the same byte policy
ok 52 - response reader and parser use the same byte policy
  ---
  duration_ms: 7.871108
  type: 'test'
  ...
# Subtest: timer values outside execution range are rejected before transport
ok 53 - timer values outside execution range are rejected before transport
  ---
  duration_ms: 0.141729
  type: 'test'
  ...
# Subtest: floating wire tokens cannot become integer metadata
ok 54 - floating wire tokens cannot become integer metadata
  ---
  duration_ms: 1.075103
  type: 'test'
  ...
# Subtest: request timeout cancels an opened idle response body
ok 55 - request timeout cancels an opened idle response body
  ---
  duration_ms: 6.561849
  type: 'test'
  ...
# Subtest: a mutation without a prior row binds the initial revision
ok 56 - a mutation without a prior row binds the initial revision
  ---
  duration_ms: 0.693678
  type: 'test'
  ...
# (node:2816357) ExperimentalWarning: Type Stripping is an experimental feature and might change at any time
# (Use `node --trace-warnings ...` to show where the warning was created)
# Subtest: work reads bind handles and validate protocol, state and counters
ok 57 - work reads bind handles and validate protocol, state and counters
  ---
  duration_ms: 25.115957
  type: 'test'
  ...
# Subtest: operator control binds key, operation, history and coherent revision
ok 58 - operator control binds key, operation, history and coherent revision
  ---
  duration_ms: 3.585804
  type: 'test'
  ...
# Subtest: work capabilities and lists reject invalid booleans, handles, duplicate rows and limits
ok 59 - work capabilities and lists reject invalid booleans, handles, duplicate rows and limits
  ---
  duration_ms: 3.284452
  type: 'test'
  ...
# Subtest: response is bound to the original submitted control despite caller edits
ok 60 - response is bound to the original submitted control despite caller edits
  ---
  duration_ms: 0.577036
  type: 'test'
  ...
1..60
# tests 60
# suites 0
# pass 60
# fail 0
# cancelled 0
# skipped 0
# todo 0
# duration_ms 343.21832
