TAP version 13
# (node:2820057) ExperimentalWarning: Type Stripping is an experimental feature and might change at any time
# (Use `node --trace-warnings ...` to show where the warning was created)
# Subtest: blob capabilities and reserve bind the admitted kind, ID and exact integer body
ok 1 - blob capabilities and reserve bind the admitted kind, ID and exact integer body
  ---
  duration_ms: 14.498028
  type: 'test'
  ...
# Subtest: blob uploads use immutable bytes, same-origin CSRF and bound projected responses
ok 2 - blob uploads use immutable bytes, same-origin CSRF and bound projected responses
  ---
  duration_ms: 1.53701
  type: 'test'
  ...
# Subtest: blob capability limits, operation and response status admission fail closed
ok 3 - blob capability limits, operation and response status admission fail closed
  ---
  duration_ms: 0.977648
  type: 'test'
  ...
# Subtest: blob generation and finite deadline protect binary requests and explicit recovery
ok 4 - blob generation and finite deadline protect binary requests and explicit recovery
  ---
  duration_ms: 11.267249
  type: 'test'
  ...
# Subtest: download enforces admitted size and binary type without JSON decoding
ok 5 - download enforces admitted size and binary type without JSON decoding
  ---
  duration_ms: 0.889991
  type: 'test'
  ...
# Subtest: download IDs cannot normalize into another route and rejected headers cancel unused bytes
not ok 6 - download IDs cannot normalize into another route and rejected headers cancel unused bytes
  ---
  duration_ms: 1.087326
  type: 'test'
  location: '/root/ROM/.worktrees/release-query-index/studio/tests/unit/blobs.test.ts:144:1'
  failureType: 'testCodeFailure'
  error: |-
    Expected values to be strictly equal:
    
    0 !== 1
    
  code: 'ERR_ASSERTION'
  name: 'AssertionError'
  expected: 1
  actual: 0
  operator: 'strictEqual'
  stack: |-
    TestContext.<anonymous> (file:///root/ROM/.worktrees/release-query-index/studio/tests/unit/blobs.test.ts:158:10)
    async Test.run (node:internal/test_runner/test:1054:7)
    async Test.processPendingSubtests (node:internal/test_runner/test:744:7)
  ...
# Subtest: returned capabilities cannot widen private admission and reserve input is frozen before waiting
ok 7 - returned capabilities cannot widen private admission and reserve input is frozen before waiting
  ---
  duration_ms: 0.683609
  type: 'test'
  ...
# Subtest: binary request pre-abort reaches no transport and failed capability refresh closes admission
ok 8 - binary request pre-abort reaches no transport and failed capability refresh closes admission
  ---
  duration_ms: 0.627092
  type: 'test'
  ...
# Subtest: capability completion cannot stamp an old response with a new session generation
not ok 9 - capability completion cannot stamp an old response with a new session generation
  ---
  duration_ms: 2.994429
  type: 'test'
  location: '/root/ROM/.worktrees/release-query-index/studio/tests/unit/blobs.test.ts:240:1'
  failureType: 'testCodeFailure'
  error: |-
    The input did not match the regular expression /capabilit/. Input:
    
    'Error: blob response status'
    
  code: 'ERR_ASSERTION'
  name: 'AssertionError'
  expected:
  actual:
  error: 'blob response status'
  stack: |-
    response (file:///root/ROM/.worktrees/release-query-index/studio/src/lib/client/blobs.ts:79:41)
    Object.reserveBlob (file:///root/ROM/.worktrees/release-query-index/studio/src/lib/client/blobs.ts:139:14)
    async waitForActual (node:assert:566:5)
    async Function.rejects (node:assert:687:25)
    async TestContext.<anonymous> (file:///root/ROM/.worktrees/release-query-index/studio/tests/unit/blobs.test.ts:249:5)
    async Test.run (node:internal/test_runner/test:1054:7)
    async Test.processPendingSubtests (node:internal/test_runner/test:744:7)
  operator: 'rejects'
  stack: |-
    async TestContext.<anonymous> (file:///root/ROM/.worktrees/release-query-index/studio/tests/unit/blobs.test.ts:249:5)
    async Test.run (node:internal/test_runner/test:1054:7)
    async Test.processPendingSubtests (node:internal/test_runner/test:744:7)
  ...
1..9
# tests 9
# suites 0
# pass 7
# fail 2
# cancelled 0
# skipped 0
# todo 0
# duration_ms 120.362297
