TAP version 13
# (node:2820034) ExperimentalWarning: Type Stripping is an experimental feature and might change at any time
# (Use `node --trace-warnings ...` to show where the warning was created)
# Subtest: blob capabilities and reserve bind the admitted kind, ID and exact integer body
ok 1 - blob capabilities and reserve bind the admitted kind, ID and exact integer body
  ---
  duration_ms: 14.353343
  type: 'test'
  ...
# Subtest: blob uploads use immutable bytes, same-origin CSRF and bound projected responses
ok 2 - blob uploads use immutable bytes, same-origin CSRF and bound projected responses
  ---
  duration_ms: 1.571225
  type: 'test'
  ...
# Subtest: blob capability limits, operation and response status admission fail closed
ok 3 - blob capability limits, operation and response status admission fail closed
  ---
  duration_ms: 1.040848
  type: 'test'
  ...
# Subtest: blob generation and finite deadline protect binary requests and explicit recovery
ok 4 - blob generation and finite deadline protect binary requests and explicit recovery
  ---
  duration_ms: 11.322985
  type: 'test'
  ...
# Subtest: download enforces admitted size and binary type without JSON decoding
ok 5 - download enforces admitted size and binary type without JSON decoding
  ---
  duration_ms: 0.881745
  type: 'test'
  ...
# Subtest: download IDs cannot normalize into another route and rejected headers cancel unused bytes
not ok 6 - download IDs cannot normalize into another route and rejected headers cancel unused bytes
  ---
  duration_ms: 1.102334
  type: 'test'
  location: '/root/ROM/.worktrees/release-query-index/studio/tests/unit/blobs.test.ts:144:1'
  failureType: 'testCodeFailure'
  error: |-
    Expected values to be strictly equal:
    
    0 !== 1
    
  code: 'ERR_ASSERTION'
  name: 'AssertionError'
  expected: 1
  actual: 0
  operator: 'strictEqual'
  stack: |-
    TestContext.<anonymous> (file:///root/ROM/.worktrees/release-query-index/studio/tests/unit/blobs.test.ts:158:10)
    async Test.run (node:internal/test_runner/test:1054:7)
    async Test.processPendingSubtests (node:internal/test_runner/test:744:7)
  ...
# Subtest: returned capabilities cannot widen private admission and reserve input is frozen before waiting
ok 7 - returned capabilities cannot widen private admission and reserve input is frozen before waiting
  ---
  duration_ms: 0.673139
  type: 'test'
  ...
# Subtest: binary request pre-abort reaches no transport and failed capability refresh closes admission
ok 8 - binary request pre-abort reaches no transport and failed capability refresh closes admission
  ---
  duration_ms: 0.633184
  type: 'test'
  ...
1..8
# tests 8
# suites 0
# pass 7
# fail 1
# cancelled 0
# skipped 0
# todo 0
# duration_ms 116.419666
