TAP version 13
# (node:2802751) ExperimentalWarning: Type Stripping is an experimental feature and might change at any time
# (Use `node --trace-warnings ...` to show where the warning was created)
# Subtest: blob capabilities and reserve bind the admitted kind, ID and exact integer body
not ok 1 - blob capabilities and reserve bind the admitted kind, ID and exact integer body
  ---
  duration_ms: 0.588579
  type: 'test'
  location: '/root/ROM/.worktrees/release-query-index/studio/tests/unit/blobs.test.ts:19:1'
  failureType: 'testCodeFailure'
  error: 'client.blobCapabilities is not a function'
  code: 'ERR_TEST_FAILURE'
  name: 'TypeError'
  stack: |-
    TestContext.<anonymous> (file:///root/ROM/.worktrees/release-query-index/studio/tests/unit/blobs.test.ts:29:33)
    Test.runInAsyncScope (node:async_hooks:214:14)
    Test.run (node:internal/test_runner/test:1047:25)
    Test.start (node:internal/test_runner/test:944:17)
    startSubtestAfterBootstrap (node:internal/test_runner/harness:296:17)
  ...
# Subtest: blob uploads use immutable bytes, same-origin CSRF and bound projected responses
not ok 2 - blob uploads use immutable bytes, same-origin CSRF and bound projected responses
  ---
  duration_ms: 0.158411
  type: 'test'
  location: '/root/ROM/.worktrees/release-query-index/studio/tests/unit/blobs.test.ts:35:1'
  failureType: 'testCodeFailure'
  error: 'client.blobCapabilities is not a function'
  code: 'ERR_TEST_FAILURE'
  name: 'TypeError'
  stack: |-
    TestContext.<anonymous> (file:///root/ROM/.worktrees/release-query-index/studio/tests/unit/blobs.test.ts:46:16)
    Test.runInAsyncScope (node:async_hooks:214:14)
    Test.run (node:internal/test_runner/test:1047:25)
    Test.processPendingSubtests (node:internal/test_runner/test:744:18)
    Test.postRun (node:internal/test_runner/test:1173:19)
    Test.run (node:internal/test_runner/test:1101:12)
    async startSubtestAfterBootstrap (node:internal/test_runner/harness:296:3)
  ...
# Subtest: blob capability limits, operation and response status admission fail closed
not ok 3 - blob capability limits, operation and response status admission fail closed
  ---
  duration_ms: 0.17889
  type: 'test'
  location: '/root/ROM/.worktrees/release-query-index/studio/tests/unit/blobs.test.ts:52:1'
  failureType: 'testCodeFailure'
  error: 'client.blobCapabilities is not a function'
  code: 'ERR_TEST_FAILURE'
  name: 'TypeError'
  stack: |-
    TestContext.<anonymous> (file:///root/ROM/.worktrees/release-query-index/studio/tests/unit/blobs.test.ts:55:31)
    Test.runInAsyncScope (node:async_hooks:214:14)
    Test.run (node:internal/test_runner/test:1047:25)
    Test.processPendingSubtests (node:internal/test_runner/test:744:18)
    Test.postRun (node:internal/test_runner/test:1173:19)
    Test.run (node:internal/test_runner/test:1101:12)
    async Test.processPendingSubtests (node:internal/test_runner/test:744:7)
  ...
# Subtest: blob generation and finite deadline protect binary requests and explicit recovery
not ok 4 - blob generation and finite deadline protect binary requests and explicit recovery
  ---
  duration_ms: 0.130668
  type: 'test'
  location: '/root/ROM/.worktrees/release-query-index/studio/tests/unit/blobs.test.ts:63:1'
  failureType: 'testCodeFailure'
  error: 'client.blobCapabilities is not a function'
  code: 'ERR_TEST_FAILURE'
  name: 'TypeError'
  stack: |-
    TestContext.<anonymous> (file:///root/ROM/.worktrees/release-query-index/studio/tests/unit/blobs.test.ts:68:16)
    Test.runInAsyncScope (node:async_hooks:214:14)
    Test.run (node:internal/test_runner/test:1047:25)
    Test.processPendingSubtests (node:internal/test_runner/test:744:18)
    Test.postRun (node:internal/test_runner/test:1173:19)
    Test.run (node:internal/test_runner/test:1101:12)
    async Test.processPendingSubtests (node:internal/test_runner/test:744:7)
  ...
# Subtest: download enforces admitted size and binary type without JSON decoding
not ok 5 - download enforces admitted size and binary type without JSON decoding
  ---
  duration_ms: 0.16315
  type: 'test'
  location: '/root/ROM/.worktrees/release-query-index/studio/tests/unit/blobs.test.ts:75:1'
  failureType: 'testCodeFailure'
  error: 'client.blobCapabilities is not a function'
  code: 'ERR_TEST_FAILURE'
  name: 'TypeError'
  stack: |-
    TestContext.<anonymous> (file:///root/ROM/.worktrees/release-query-index/studio/tests/unit/blobs.test.ts:82:16)
    Test.runInAsyncScope (node:async_hooks:214:14)
    Test.run (node:internal/test_runner/test:1047:25)
    Test.processPendingSubtests (node:internal/test_runner/test:744:18)
    Test.postRun (node:internal/test_runner/test:1173:19)
    Test.run (node:internal/test_runner/test:1101:12)
    async Test.processPendingSubtests (node:internal/test_runner/test:744:7)
  ...
1..5
# tests 5
# suites 0
# pass 0
# fail 5
# cancelled 0
# skipped 0
# todo 0
# duration_ms 85.717975
