
> rom-studio@0.0.2 test:unit
> node --experimental-strip-types --test tests/unit/*.test.ts

TAP version 13
# (node:2806541) ExperimentalWarning: Type Stripping is an experimental feature and might change at any time
# (Use `node --trace-warnings ...` to show where the warning was created)
# Subtest: canonical query boundary survives cloning and float integer replay
ok 1 - canonical query boundary survives cloning and float integer replay
  ---
  duration_ms: 14.735545
  type: 'test'
  ...
# Subtest: anchors reject journal cursors and response identity changes
ok 2 - anchors reject journal cursors and response identity changes
  ---
  duration_ms: 0.775874
  type: 'test'
  ...
# Subtest: anchor admission rejects malformed native envelope members
ok 3 - anchor admission rejects malformed native envelope members
  ---
  duration_ms: 0.617523
  type: 'test'
  ...
# Subtest: anchor replies bind the requested literal order and predicate structure
ok 4 - anchor replies bind the requested literal order and predicate structure
  ---
  duration_ms: 0.313606
  type: 'test'
  ...
# Subtest: anchor correspondence leaves canonical codec operands opaque
ok 5 - anchor correspondence leaves canonical codec operands opaque
  ---
  duration_ms: 1.108177
  type: 'test'
  ...
# Subtest: anchor value states keep missing distinct from present null
ok 6 - anchor value states keep missing distinct from present null
  ---
  duration_ms: 0.238203
  type: 'test'
  ...
# Subtest: native comparison operators cannot be coerced from arrays
ok 7 - native comparison operators cannot be coerced from arrays
  ---
  duration_ms: 0.150886
  type: 'test'
  ...
# Subtest: native absence predicates retain their null and equality constraints
ok 8 - native absence predicates retain their null and equality constraints
  ---
  duration_ms: 0.153542
  type: 'test'
  ...
# Subtest: public anchor response is bound to the submitted snapshot despite caller edits
ok 9 - public anchor response is bound to the submitted snapshot despite caller edits
  ---
  duration_ms: 1.056659
  type: 'test'
  ...
# (node:2806542) ExperimentalWarning: Type Stripping is an experimental feature and might change at any time
# (Use `node --trace-warnings ...` to show where the warning was created)
# Subtest: blob capabilities and reserve bind the admitted kind, ID and exact integer body
ok 10 - blob capabilities and reserve bind the admitted kind, ID and exact integer body
  ---
  duration_ms: 22.052479
  type: 'test'
  ...
# Subtest: blob uploads use immutable bytes, same-origin CSRF and bound projected responses
ok 11 - blob uploads use immutable bytes, same-origin CSRF and bound projected responses
  ---
  duration_ms: 8.593833
  type: 'test'
  ...
# Subtest: blob capability limits, operation and response status admission fail closed
ok 12 - blob capability limits, operation and response status admission fail closed
  ---
  duration_ms: 1.213165
  type: 'test'
  ...
# Subtest: blob generation and finite deadline protect binary requests and explicit recovery
ok 13 - blob generation and finite deadline protect binary requests and explicit recovery
  ---
  duration_ms: 10.743618
  type: 'test'
  ...
# Subtest: download enforces admitted size and binary type without JSON decoding
ok 14 - download enforces admitted size and binary type without JSON decoding
  ---
  duration_ms: 1.189721
  type: 'test'
  ...
# (node:2806543) ExperimentalWarning: Type Stripping is an experimental feature and might change at any time
# (Use `node --trace-warnings ...` to show where the warning was created)
# Subtest: binds result identity and preserves revision, never accepts wrong resource
ok 15 - binds result identity and preserves revision, never accepts wrong resource
  ---
  duration_ms: 22.113436
  type: 'test'
  ...
# Subtest: lost response retains exact frozen request and key for explicit retry
ok 16 - lost response retains exact frozen request and key for explicit retry
  ---
  duration_ms: 1.490744
  type: 'test'
  ...
# Subtest: session generation rejects stale replies and old mutation retries
ok 17 - session generation rejects stale replies and old mutation retries
  ---
  duration_ms: 0.899189
  type: 'test'
  ...
# Subtest: denial is rejected, conflict is distinct and unknown outcome is recoverable
ok 18 - denial is rejected, conflict is distinct and unknown outcome is recoverable
  ---
  duration_ms: 1.646959
  type: 'test'
  ...
# Subtest: response bounds, content type and rows are enforced
ok 19 - response bounds, content type and rows are enforced
  ---
  duration_ms: 3.498719
  type: 'test'
  ...
# Subtest: public mutation status cannot bypass private ownership or reuse a failed attempt
ok 20 - public mutation status cannot bypass private ownership or reuse a failed attempt
  ---
  duration_ms: 0.382968
  type: 'test'
  ...
# Subtest: an unclassified server failure remains unknown and must not imply rollback
ok 21 - an unclassified server failure remains unknown and must not imply rollback
  ---
  duration_ms: 0.665695
  type: 'test'
  ...
# Subtest: receipt replay rechecks current server authority rather than returning a cached result
ok 22 - receipt replay rechecks current server authority rather than returning a cached result
  ---
  duration_ms: 0.871406
  type: 'test'
  ...
# (node:2806544) ExperimentalWarning: Type Stripping is an experimental feature and might change at any time
# (Use `node --trace-warnings ...` to show where the warning was created)
# Subtest: wire codec preserves boundary integers and ordinary false/zero/null/empty values
ok 23 - wire codec preserves boundary integers and ordinary false/zero/null/empty values
  ---
  duration_ms: 1.682057
  type: 'test'
  ...
# Subtest: wire parser rejects duplicate keys, oversized text, excessive nesting, and infinite numbers
ok 24 - wire parser rejects duplicate keys, oversized text, excessive nesting, and infinite numbers
  ---
  duration_ms: 0.584991
  type: 'test'
  ...
# Subtest: wire maps preserve reserved names without prototype mutation
ok 25 - wire maps preserve reserved names without prototype mutation
  ---
  duration_ms: 0.200591
  type: 'test'
  ...
# Subtest: wire encoder refuses nonfinite and recursive values before sending them
ok 26 - wire encoder refuses nonfinite and recursive values before sending them
  ---
  duration_ms: 0.255416
  type: 'test'
  ...
# Subtest: scalar normalization applies exact integer ranges and finite float semantics
ok 27 - scalar normalization applies exact integer ranges and finite float semantics
  ---
  duration_ms: 1.391285
  type: 'test'
  ...
# Subtest: object and patch encoders distinguish omission, null, value and removal
ok 28 - object and patch encoders distinguish omission, null, value and removal
  ---
  duration_ms: 0.445667
  type: 'test'
  ...
# Subtest: structural normalization bounds nesting and validates enums, references and maps
ok 29 - structural normalization bounds nesting and validates enums, references and maps
  ---
  duration_ms: 0.296303
  type: 'test'
  ...
# Subtest: malformed runtime modes and shapes are refused, not coerced
ok 30 - malformed runtime modes and shapes are refused, not coerced
  ---
  duration_ms: 0.149484
  type: 'test'
  ...
# Subtest: wire strings agree with Rust Unicode and preserve signed zero
ok 31 - wire strings agree with Rust Unicode and preserve signed zero
  ---
  duration_ms: 0.38409
  type: 'test'
  ...
# Subtest: array and map accessors are rejected without executing user code
ok 32 - array and map accessors are rejected without executing user code
  ---
  duration_ms: 0.413436
  type: 'test'
  ...
# Subtest: parsed floating integer tokens retain their Rust number category on replay
ok 33 - parsed floating integer tokens retain their Rust number category on replay
  ---
  duration_ms: 0.33128
  type: 'test'
  ...
# (node:2806545) ExperimentalWarning: Type Stripping is an experimental feature and might change at any time
# (Use `node --trace-warnings ...` to show where the warning was created)
# Subtest: accepts authorized descriptor and rejects duplicate or inconsistent metadata
ok 34 - accepts authorized descriptor and rejects duplicate or inconsistent metadata
  ---
  duration_ms: 24.757761
  type: 'test'
  ...
# Subtest: bounded POST stream handles split CRLF frames and surfaces terminal errors
ok 35 - bounded POST stream handles split CRLF frames and surfaces terminal errors
  ---
  duration_ms: 2.321853
  type: 'test'
  ...
# Subtest: stream rejects oversized frames and a wrong kind before disclosure
ok 36 - stream rejects oversized frames and a wrong kind before disclosure
  ---
  duration_ms: 1.328585
  type: 'test'
  ...
# Subtest: idle stream closes its reader on timeout and cancellation
ok 37 - idle stream closes its reader on timeout and cancellation
  ---
  duration_ms: 13.282934
  type: 'test'
  ...
# Subtest: stream flushes UTF8 decoder and treats silent EOF as stale
ok 38 - stream flushes UTF8 decoder and treats silent EOF as stale
  ---
  duration_ms: 1.219317
  type: 'test'
  ...
# Subtest: invalid stream media cancels its body, and opening errors retain server category
ok 39 - invalid stream media cancels its body, and opening errors retain server category
  ---
  duration_ms: 0.86243
  type: 'test'
  ...
# Subtest: live snapshots obey the requested page limit
ok 40 - live snapshots obey the requested page limit
  ---
  duration_ms: 0.545136
  type: 'test'
  ...
# Subtest: observation admission is finite and cancellation releases its slot
ok 41 - observation admission is finite and cancellation releases its slot
  ---
  duration_ms: 1.07914
  type: 'test'
  ...
# Subtest: discovery retains bounded wrapper paths and rejects shape mismatches
ok 42 - discovery retains bounded wrapper paths and rejects shape mismatches
  ---
  duration_ms: 1.782487
  type: 'test'
  ...
# (node:2806562) ExperimentalWarning: Type Stripping is an experimental feature and might change at any time
# (Use `node --trace-warnings ...` to show where the warning was created)
# Subtest: journal validates cursor generation, kind and strictly advancing positions
ok 43 - journal validates cursor generation, kind and strictly advancing positions
  ---
  duration_ms: 27.03532
  type: 'test'
  ...
# (node:2806571) ExperimentalWarning: Type Stripping is an experimental feature and might change at any time
# (Use `node --trace-warnings ...` to show where the warning was created)
# Subtest: POST deadline rejects even when transport ignores abort
ok 44 - POST deadline rejects even when transport ignores abort
  ---
  duration_ms: 21.784952
  type: 'test'
  ...
# Subtest: already aborted request does not invoke transport
ok 45 - already aborted request does not invoke transport
  ---
  duration_ms: 0.25261
  type: 'test'
  ...
# Subtest: oversized body rejection does not await transport cancellation
ok 46 - oversized body rejection does not await transport cancellation
  ---
  duration_ms: 0.785934
  type: 'test'
  ...
# Subtest: query reply obeys explicit page limit
ok 47 - query reply obeys explicit page limit
  ---
  duration_ms: 1.160295
  type: 'test'
  ...
# Subtest: mutation reply must match revision and deletion semantics
ok 48 - mutation reply must match revision and deletion semantics
  ---
  duration_ms: 1.05209
  type: 'test'
  ...
# Subtest: legal no-op revision and deletion are accepted
ok 49 - legal no-op revision and deletion are accepted
  ---
  duration_ms: 0.987457
  type: 'test'
  ...
# Subtest: response reader and parser use the same byte policy
ok 50 - response reader and parser use the same byte policy
  ---
  duration_ms: 7.573643
  type: 'test'
  ...
# Subtest: timer values outside execution range are rejected before transport
ok 51 - timer values outside execution range are rejected before transport
  ---
  duration_ms: 0.140727
  type: 'test'
  ...
# Subtest: floating wire tokens cannot become integer metadata
ok 52 - floating wire tokens cannot become integer metadata
  ---
  duration_ms: 1.072979
  type: 'test'
  ...
# Subtest: request timeout cancels an opened idle response body
ok 53 - request timeout cancels an opened idle response body
  ---
  duration_ms: 6.589883
  type: 'test'
  ...
# Subtest: a mutation without a prior row binds the initial revision
ok 54 - a mutation without a prior row binds the initial revision
  ---
  duration_ms: 0.64185
  type: 'test'
  ...
# (node:2806579) ExperimentalWarning: Type Stripping is an experimental feature and might change at any time
# (Use `node --trace-warnings ...` to show where the warning was created)
# Subtest: work reads bind handles and validate protocol, state and counters
ok 55 - work reads bind handles and validate protocol, state and counters
  ---
  duration_ms: 18.27427
  type: 'test'
  ...
# Subtest: operator control binds key, operation, history and coherent revision
ok 56 - operator control binds key, operation, history and coherent revision
  ---
  duration_ms: 1.725539
  type: 'test'
  ...
# Subtest: work capabilities and lists reject invalid booleans, handles, duplicate rows and limits
ok 57 - work capabilities and lists reject invalid booleans, handles, duplicate rows and limits
  ---
  duration_ms: 1.471326
  type: 'test'
  ...
# Subtest: response is bound to the original submitted control despite caller edits
ok 58 - response is bound to the original submitted control despite caller edits
  ---
  duration_ms: 0.301934
  type: 'test'
  ...
1..58
# tests 58
# suites 0
# pass 58
# fail 0
# cancelled 0
# skipped 0
# todo 0
# duration_ms 309.995807
