TAP version 13
# (node:2835448) ExperimentalWarning: Type Stripping is an experimental feature and might change at any time
# (Use `node --trace-warnings ...` to show where the warning was created)
# Subtest: authorized discovery can omit an input descriptor that would disclose a hidden target
not ok 1 - authorized discovery can omit an input descriptor that would disclose a hidden target
  ---
  duration_ms: 13.839752
  type: 'test'
  location: '/root/ROM/.worktrees/release-query-index/studio/tests/unit/discovery-stream.test.ts:16:1'
  failureType: 'testCodeFailure'
  error: 'inconsistent action descriptors'
  code: 'ERR_TEST_FAILURE'
  stack: |-
    file:///root/ROM/.worktrees/release-query-index/studio/src/lib/client/discovery.ts:137:15
    Array.map (<anonymous>)
    discovery (file:///root/ROM/.worktrees/release-query-index/studio/src/lib/client/discovery.ts:119:23)
    Object.discover (file:///root/ROM/.worktrees/release-query-index/studio/src/lib/client/session.ts:93:14)
    async TestContext.<anonymous> (file:///root/ROM/.worktrees/release-query-index/studio/tests/unit/discovery-stream.test.ts:21:21)
    async Test.run (node:internal/test_runner/test:1054:7)
    async startSubtestAfterBootstrap (node:internal/test_runner/harness:296:3)
  ...
# Subtest: accepts authorized descriptor and rejects duplicate or inconsistent metadata
ok 2 - accepts authorized descriptor and rejects duplicate or inconsistent metadata
  ---
  duration_ms: 1.946473
  type: 'test'
  ...
# Subtest: bounded POST stream handles split CRLF frames and surfaces terminal errors
ok 3 - bounded POST stream handles split CRLF frames and surfaces terminal errors
  ---
  duration_ms: 1.595417
  type: 'test'
  ...
# Subtest: stream rejects oversized frames and a wrong kind before disclosure
ok 4 - stream rejects oversized frames and a wrong kind before disclosure
  ---
  duration_ms: 0.746356
  type: 'test'
  ...
# Subtest: idle stream closes its reader on timeout and cancellation
ok 5 - idle stream closes its reader on timeout and cancellation
  ---
  duration_ms: 12.491895
  type: 'test'
  ...
# Subtest: stream flushes UTF8 decoder and treats silent EOF as stale
ok 6 - stream flushes UTF8 decoder and treats silent EOF as stale
  ---
  duration_ms: 0.810067
  type: 'test'
  ...
# Subtest: invalid stream media cancels its body, and opening errors retain server category
ok 7 - invalid stream media cancels its body, and opening errors retain server category
  ---
  duration_ms: 0.714676
  type: 'test'
  ...
# Subtest: live snapshots obey the requested page limit
ok 8 - live snapshots obey the requested page limit
  ---
  duration_ms: 0.400169
  type: 'test'
  ...
# Subtest: observation admission is finite and cancellation releases its slot
ok 9 - observation admission is finite and cancellation releases its slot
  ---
  duration_ms: 0.851195
  type: 'test'
  ...
# Subtest: discovery retains bounded wrapper paths and rejects shape mismatches
ok 10 - discovery retains bounded wrapper paths and rejects shape mismatches
  ---
  duration_ms: 1.365702
  type: 'test'
  ...
1..10
# tests 10
# suites 0
# pass 9
# fail 1
# cancelled 0
# skipped 0
# todo 0
# duration_ms 204.803985
