
> rom-studio@0.0.2 test:unit
> node --experimental-strip-types --test tests/unit/*.test.ts

TAP version 13
# (node:2835491) ExperimentalWarning: Type Stripping is an experimental feature and might change at any time
# (Use `node --trace-warnings ...` to show where the warning was created)
# Subtest: canonical query boundary survives cloning and float integer replay
ok 1 - canonical query boundary survives cloning and float integer replay
  ---
  duration_ms: 23.873703
  type: 'test'
  ...
# Subtest: anchors reject journal cursors and response identity changes
ok 2 - anchors reject journal cursors and response identity changes
  ---
  duration_ms: 1.339663
  type: 'test'
  ...
# Subtest: anchor admission rejects malformed native envelope members
ok 3 - anchor admission rejects malformed native envelope members
  ---
  duration_ms: 1.088866
  type: 'test'
  ...
# Subtest: anchor replies bind the requested literal order and predicate structure
ok 4 - anchor replies bind the requested literal order and predicate structure
  ---
  duration_ms: 1.341626
  type: 'test'
  ...
# Subtest: anchor correspondence leaves canonical codec operands opaque
ok 5 - anchor correspondence leaves canonical codec operands opaque
  ---
  duration_ms: 2.7931
  type: 'test'
  ...
# Subtest: anchor value states keep missing distinct from present null
ok 6 - anchor value states keep missing distinct from present null
  ---
  duration_ms: 0.314597
  type: 'test'
  ...
# Subtest: native comparison operators cannot be coerced from arrays
ok 7 - native comparison operators cannot be coerced from arrays
  ---
  duration_ms: 0.243842
  type: 'test'
  ...
# Subtest: native absence predicates retain their null and equality constraints
ok 8 - native absence predicates retain their null and equality constraints
  ---
  duration_ms: 0.24781
  type: 'test'
  ...
# Subtest: public anchor response is bound to the submitted snapshot despite caller edits
ok 9 - public anchor response is bound to the submitted snapshot despite caller edits
  ---
  duration_ms: 2.854397
  type: 'test'
  ...
# (node:2835492) ExperimentalWarning: Type Stripping is an experimental feature and might change at any time
# (Use `node --trace-warnings ...` to show where the warning was created)
# Subtest: blob capabilities and reserve bind the admitted kind, ID and exact integer body
ok 10 - blob capabilities and reserve bind the admitted kind, ID and exact integer body
  ---
  duration_ms: 41.792285
  type: 'test'
  ...
# Subtest: blob uploads use immutable bytes, same-origin CSRF and bound projected responses
ok 11 - blob uploads use immutable bytes, same-origin CSRF and bound projected responses
  ---
  duration_ms: 2.24518
  type: 'test'
  ...
# Subtest: blob capability limits, operation and response status admission fail closed
ok 12 - blob capability limits, operation and response status admission fail closed
  ---
  duration_ms: 1.18598
  type: 'test'
  ...
# Subtest: blob generation and finite deadline protect binary requests and explicit recovery
ok 13 - blob generation and finite deadline protect binary requests and explicit recovery
  ---
  duration_ms: 12.012375
  type: 'test'
  ...
# Subtest: download enforces admitted size and binary type without JSON decoding
ok 14 - download enforces admitted size and binary type without JSON decoding
  ---
  duration_ms: 1.220827
  type: 'test'
  ...
# Subtest: download IDs cannot normalize into another route and rejected headers cancel unused bytes
ok 15 - download IDs cannot normalize into another route and rejected headers cancel unused bytes
  ---
  duration_ms: 0.996471
  type: 'test'
  ...
# Subtest: returned capabilities cannot widen private admission and reserve input is frozen before waiting
ok 16 - returned capabilities cannot widen private admission and reserve input is frozen before waiting
  ---
  duration_ms: 0.777105
  type: 'test'
  ...
# Subtest: binary request pre-abort reaches no transport and failed capability refresh closes admission
ok 17 - binary request pre-abort reaches no transport and failed capability refresh closes admission
  ---
  duration_ms: 0.716269
  type: 'test'
  ...
# Subtest: capability completion cannot stamp an old response with a new session generation
ok 18 - capability completion cannot stamp an old response with a new session generation
  ---
  duration_ms: 8.128725
  type: 'test'
  ...
# Subtest: a superseded capability request cannot reopen admission after a newer denial
ok 19 - a superseded capability request cannot reopen admission after a newer denial
  ---
  duration_ms: 0.580031
  type: 'test'
  ...
# (node:2835493) ExperimentalWarning: Type Stripping is an experimental feature and might change at any time
# (Use `node --trace-warnings ...` to show where the warning was created)
# Subtest: binds result identity and preserves revision, never accepts wrong resource
ok 20 - binds result identity and preserves revision, never accepts wrong resource
  ---
  duration_ms: 20.816922
  type: 'test'
  ...
# Subtest: lost response retains exact frozen request and key for explicit retry
ok 21 - lost response retains exact frozen request and key for explicit retry
  ---
  duration_ms: 1.018673
  type: 'test'
  ...
# Subtest: session generation rejects stale replies and old mutation retries
ok 22 - session generation rejects stale replies and old mutation retries
  ---
  duration_ms: 0.607643
  type: 'test'
  ...
# Subtest: denial is rejected, conflict is distinct and unknown outcome is recoverable
ok 23 - denial is rejected, conflict is distinct and unknown outcome is recoverable
  ---
  duration_ms: 1.362416
  type: 'test'
  ...
# Subtest: response bounds, content type and rows are enforced
ok 24 - response bounds, content type and rows are enforced
  ---
  duration_ms: 2.310474
  type: 'test'
  ...
# Subtest: public mutation status cannot bypass private ownership or reuse a failed attempt
ok 25 - public mutation status cannot bypass private ownership or reuse a failed attempt
  ---
  duration_ms: 0.169732
  type: 'test'
  ...
# Subtest: an unclassified server failure remains unknown and must not imply rollback
ok 26 - an unclassified server failure remains unknown and must not imply rollback
  ---
  duration_ms: 0.447981
  type: 'test'
  ...
# Subtest: receipt replay rechecks current server authority rather than returning a cached result
ok 27 - receipt replay rechecks current server authority rather than returning a cached result
  ---
  duration_ms: 0.830125
  type: 'test'
  ...
# (node:2835494) ExperimentalWarning: Type Stripping is an experimental feature and might change at any time
# (Use `node --trace-warnings ...` to show where the warning was created)
# Subtest: wire codec preserves boundary integers and ordinary false/zero/null/empty values
ok 28 - wire codec preserves boundary integers and ordinary false/zero/null/empty values
  ---
  duration_ms: 3.948863
  type: 'test'
  ...
# Subtest: wire parser rejects duplicate keys, oversized text, excessive nesting, and infinite numbers
ok 29 - wire parser rejects duplicate keys, oversized text, excessive nesting, and infinite numbers
  ---
  duration_ms: 2.179747
  type: 'test'
  ...
# Subtest: wire maps preserve reserved names without prototype mutation
ok 30 - wire maps preserve reserved names without prototype mutation
  ---
  duration_ms: 1.347336
  type: 'test'
  ...
# Subtest: wire encoder refuses nonfinite and recursive values before sending them
ok 31 - wire encoder refuses nonfinite and recursive values before sending them
  ---
  duration_ms: 0.277287
  type: 'test'
  ...
# Subtest: scalar normalization applies exact integer ranges and finite float semantics
ok 32 - scalar normalization applies exact integer ranges and finite float semantics
  ---
  duration_ms: 1.496089
  type: 'test'
  ...
# Subtest: object and patch encoders distinguish omission, null, value and removal
ok 33 - object and patch encoders distinguish omission, null, value and removal
  ---
  duration_ms: 0.44795
  type: 'test'
  ...
# Subtest: structural normalization bounds nesting and validates enums, references and maps
ok 34 - structural normalization bounds nesting and validates enums, references and maps
  ---
  duration_ms: 0.27905
  type: 'test'
  ...
# Subtest: malformed runtime modes and shapes are refused, not coerced
ok 35 - malformed runtime modes and shapes are refused, not coerced
  ---
  duration_ms: 0.134365
  type: 'test'
  ...
# Subtest: wire strings agree with Rust Unicode and preserve signed zero
ok 36 - wire strings agree with Rust Unicode and preserve signed zero
  ---
  duration_ms: 0.41109
  type: 'test'
  ...
# Subtest: array and map accessors are rejected without executing user code
ok 37 - array and map accessors are rejected without executing user code
  ---
  duration_ms: 0.43756
  type: 'test'
  ...
# Subtest: parsed floating integer tokens retain their Rust number category on replay
ok 38 - parsed floating integer tokens retain their Rust number category on replay
  ---
  duration_ms: 1.484597
  type: 'test'
  ...
# (node:2835495) ExperimentalWarning: Type Stripping is an experimental feature and might change at any time
# (Use `node --trace-warnings ...` to show where the warning was created)
# Subtest: authorized discovery can omit an input descriptor that would disclose a hidden target
ok 39 - authorized discovery can omit an input descriptor that would disclose a hidden target
  ---
  duration_ms: 29.959441
  type: 'test'
  ...
# Subtest: accepts authorized descriptor and rejects duplicate or inconsistent metadata
ok 40 - accepts authorized descriptor and rejects duplicate or inconsistent metadata
  ---
  duration_ms: 1.878274
  type: 'test'
  ...
# Subtest: bounded POST stream handles split CRLF frames and surfaces terminal errors
ok 41 - bounded POST stream handles split CRLF frames and surfaces terminal errors
  ---
  duration_ms: 1.511208
  type: 'test'
  ...
# Subtest: stream rejects oversized frames and a wrong kind before disclosure
ok 42 - stream rejects oversized frames and a wrong kind before disclosure
  ---
  duration_ms: 0.747729
  type: 'test'
  ...
# Subtest: idle stream closes its reader on timeout and cancellation
ok 43 - idle stream closes its reader on timeout and cancellation
  ---
  duration_ms: 12.434215
  type: 'test'
  ...
# Subtest: stream flushes UTF8 decoder and treats silent EOF as stale
ok 44 - stream flushes UTF8 decoder and treats silent EOF as stale
  ---
  duration_ms: 1.243259
  type: 'test'
  ...
# Subtest: invalid stream media cancels its body, and opening errors retain server category
ok 45 - invalid stream media cancels its body, and opening errors retain server category
  ---
  duration_ms: 0.871844
  type: 'test'
  ...
# Subtest: live snapshots obey the requested page limit
ok 46 - live snapshots obey the requested page limit
  ---
  duration_ms: 0.42198
  type: 'test'
  ...
# Subtest: observation admission is finite and cancellation releases its slot
ok 47 - observation admission is finite and cancellation releases its slot
  ---
  duration_ms: 0.946686
  type: 'test'
  ...
# Subtest: discovery retains bounded wrapper paths and rejects shape mismatches
ok 48 - discovery retains bounded wrapper paths and rejects shape mismatches
  ---
  duration_ms: 1.090379
  type: 'test'
  ...
# (node:2835512) ExperimentalWarning: Type Stripping is an experimental feature and might change at any time
# (Use `node --trace-warnings ...` to show where the warning was created)
# Subtest: journal validates cursor generation, kind and strictly advancing positions
ok 49 - journal validates cursor generation, kind and strictly advancing positions
  ---
  duration_ms: 18.765349
  type: 'test'
  ...
# (node:2835521) ExperimentalWarning: Type Stripping is an experimental feature and might change at any time
# (Use `node --trace-warnings ...` to show where the warning was created)
# Subtest: POST deadline rejects even when transport ignores abort
ok 50 - POST deadline rejects even when transport ignores abort
  ---
  duration_ms: 26.440062
  type: 'test'
  ...
# Subtest: already aborted request does not invoke transport
ok 51 - already aborted request does not invoke transport
  ---
  duration_ms: 0.375873
  type: 'test'
  ...
# Subtest: oversized body rejection does not await transport cancellation
ok 52 - oversized body rejection does not await transport cancellation
  ---
  duration_ms: 1.372314
  type: 'test'
  ...
# Subtest: query reply obeys explicit page limit
ok 53 - query reply obeys explicit page limit
  ---
  duration_ms: 1.77028
  type: 'test'
  ...
# Subtest: mutation reply must match revision and deletion semantics
ok 54 - mutation reply must match revision and deletion semantics
  ---
  duration_ms: 1.649971
  type: 'test'
  ...
# Subtest: legal no-op revision and deletion are accepted
ok 55 - legal no-op revision and deletion are accepted
  ---
  duration_ms: 0.650143
  type: 'test'
  ...
# Subtest: response reader and parser use the same byte policy
ok 56 - response reader and parser use the same byte policy
  ---
  duration_ms: 8.894258
  type: 'test'
  ...
# Subtest: timer values outside execution range are rejected before transport
ok 57 - timer values outside execution range are rejected before transport
  ---
  duration_ms: 0.159292
  type: 'test'
  ...
# Subtest: floating wire tokens cannot become integer metadata
ok 58 - floating wire tokens cannot become integer metadata
  ---
  duration_ms: 1.092173
  type: 'test'
  ...
# Subtest: request timeout cancels an opened idle response body
ok 59 - request timeout cancels an opened idle response body
  ---
  duration_ms: 6.904322
  type: 'test'
  ...
# Subtest: a mutation without a prior row binds the initial revision
ok 60 - a mutation without a prior row binds the initial revision
  ---
  duration_ms: 0.573258
  type: 'test'
  ...
# (node:2835529) ExperimentalWarning: Type Stripping is an experimental feature and might change at any time
# (Use `node --trace-warnings ...` to show where the warning was created)
# Subtest: work reads bind handles and validate protocol, state and counters
ok 61 - work reads bind handles and validate protocol, state and counters
  ---
  duration_ms: 24.247462
  type: 'test'
  ...
# Subtest: operator control binds key, operation, history and coherent revision
ok 62 - operator control binds key, operation, history and coherent revision
  ---
  duration_ms: 2.8668
  type: 'test'
  ...
# Subtest: work capabilities and lists reject invalid booleans, handles, duplicate rows and limits
ok 63 - work capabilities and lists reject invalid booleans, handles, duplicate rows and limits
  ---
  duration_ms: 2.307719
  type: 'test'
  ...
# Subtest: response is bound to the original submitted control despite caller edits
ok 64 - response is bound to the original submitted control despite caller edits
  ---
  duration_ms: 0.490641
  type: 'test'
  ...
1..64
# tests 64
# suites 0
# pass 64
# fail 0
# cancelled 0
# skipped 0
# todo 0
# duration_ms 311.196015
