TAP version 13
# (node:2051024) ExperimentalWarning: Type Stripping is an experimental feature and might change at any time
# (Use `node --trace-warnings ...` to show where the warning was created)
# Subtest: POST deadline rejects even when transport ignores abort
ok 1 - POST deadline rejects even when transport ignores abort
  ---
  duration_ms: 19.088943
  type: 'test'
  ...
# Subtest: already aborted request does not invoke transport
ok 2 - already aborted request does not invoke transport
  ---
  duration_ms: 0.243502
  type: 'test'
  ...
# Subtest: oversized body rejection does not await transport cancellation
ok 3 - oversized body rejection does not await transport cancellation
  ---
  duration_ms: 0.609909
  type: 'test'
  ...
# Subtest: query reply obeys explicit page limit
ok 4 - query reply obeys explicit page limit
  ---
  duration_ms: 0.661497
  type: 'test'
  ...
# Subtest: mutation reply must match revision and deletion semantics
not ok 5 - mutation reply must match revision and deletion semantics
  ---
  duration_ms: 0.957178
  type: 'test'
  location: '/workspace/ROM/.worktrees/release-query-index/studio/tests/unit/request-resilience.test.ts:28:1'
  failureType: 'testCodeFailure'
  error: |-
    The input did not match the regular expression /mutation/. Input:
    
    'TypeError: Cannot mix BigInt and other types, use explicit conversions'
    
  code: 'ERR_ASSERTION'
  name: 'AssertionError'
  expected:
  actual:
  error: 'Cannot mix BigInt and other types, use explicit conversions'
  name: 'TypeError'
  stack: |-
    mutationResult (file:///workspace/ROM/.worktrees/release-query-index/studio/src/lib/client/mutation.ts:6:44)
    Object.submit (file:///workspace/ROM/.worktrees/release-query-index/studio/src/lib/client/session.ts:125:9)
    async waitForActual (node:assert:566:5)
    async Function.rejects (node:assert:687:25)
    async TestContext.<anonymous> (file:///workspace/ROM/.worktrees/release-query-index/studio/tests/unit/request-resilience.test.ts:32:2)
    async Test.run (node:internal/test_runner/test:1054:7)
    async Test.processPendingSubtests (node:internal/test_runner/test:744:7)
  operator: 'rejects'
  stack: |-
    async TestContext.<anonymous> (file:///workspace/ROM/.worktrees/release-query-index/studio/tests/unit/request-resilience.test.ts:32:2)
    async Test.run (node:internal/test_runner/test:1054:7)
    async Test.processPendingSubtests (node:internal/test_runner/test:744:7)
  ...
# Subtest: legal no-op revision and deletion are accepted
not ok 6 - legal no-op revision and deletion are accepted
  ---
  duration_ms: 0.491103
  type: 'test'
  location: '/workspace/ROM/.worktrees/release-query-index/studio/tests/unit/request-resilience.test.ts:35:1'
  failureType: 'testCodeFailure'
  error: 'Cannot mix BigInt and other types, use explicit conversions'
  code: 'ERR_TEST_FAILURE'
  name: 'TypeError'
  stack: |-
    mutationResult (file:///workspace/ROM/.worktrees/release-query-index/studio/src/lib/client/mutation.ts:6:44)
    Object.submit (file:///workspace/ROM/.worktrees/release-query-index/studio/src/lib/client/session.ts:125:9)
    async TestContext.<anonymous> (file:///workspace/ROM/.worktrees/release-query-index/studio/tests/unit/request-resilience.test.ts:38:16)
    async Test.run (node:internal/test_runner/test:1054:7)
    async Test.processPendingSubtests (node:internal/test_runner/test:744:7)
  ...
# Subtest: response reader and parser use the same byte policy
ok 7 - response reader and parser use the same byte policy
  ---
  duration_ms: 7.925892
  type: 'test'
  ...
# Subtest: timer values outside execution range are rejected before transport
ok 8 - timer values outside execution range are rejected before transport
  ---
  duration_ms: 0.149935
  type: 'test'
  ...
# Subtest: floating wire tokens cannot become integer metadata
not ok 9 - floating wire tokens cannot become integer metadata
  ---
  duration_ms: 0.488839
  type: 'test'
  location: '/workspace/ROM/.worktrees/release-query-index/studio/tests/unit/request-resilience.test.ts:47:1'
  failureType: 'testCodeFailure'
  error: 'Missing expected rejection.'
  code: 'ERR_ASSERTION'
  name: 'AssertionError'
  expected:
  operator: 'rejects'
  stack: |-
    async TestContext.<anonymous> (file:///workspace/ROM/.worktrees/release-query-index/studio/tests/unit/request-resilience.test.ts:49:2)
    async Test.run (node:internal/test_runner/test:1054:7)
    async Test.processPendingSubtests (node:internal/test_runner/test:744:7)
  ...
1..9
# tests 9
# suites 0
# pass 6
# fail 3
# cancelled 0
# skipped 0
# todo 0
# duration_ms 203.443131
