TAP version 13
# (node:2854877) ExperimentalWarning: Type Stripping is an experimental feature and might change at any time
# (Use `node --trace-warnings ...` to show where the warning was created)
# Subtest: authorized discovery can omit an input descriptor that would disclose a hidden target
ok 1 - authorized discovery can omit an input descriptor that would disclose a hidden target
  ---
  duration_ms: 13.437721
  type: 'test'
  ...
# Subtest: discovery rejects native-impossible empty enum
not ok 2 - discovery rejects native-impossible empty enum
  ---
  duration_ms: 0.882396
  type: 'test'
  location: '/root/ROM/.worktrees/release-query-index/studio/tests/unit/discovery-stream.test.ts:37:3'
  failureType: 'testCodeFailure'
  error: 'Missing expected rejection.'
  code: 'ERR_ASSERTION'
  name: 'AssertionError'
  operator: 'rejects'
  stack: |-
    async TestContext.<anonymous> (file:///root/ROM/.worktrees/release-query-index/studio/tests/unit/discovery-stream.test.ts:42:5)
    async Test.run (node:internal/test_runner/test:1054:7)
    async Test.processPendingSubtests (node:internal/test_runner/test:744:7)
  ...
# Subtest: discovery rejects native-impossible oversized enum
not ok 3 - discovery rejects native-impossible oversized enum
  ---
  duration_ms: 0.745536
  type: 'test'
  location: '/root/ROM/.worktrees/release-query-index/studio/tests/unit/discovery-stream.test.ts:37:3'
  failureType: 'testCodeFailure'
  error: 'Missing expected rejection.'
  code: 'ERR_ASSERTION'
  name: 'AssertionError'
  operator: 'rejects'
  stack: |-
    async TestContext.<anonymous> (file:///root/ROM/.worktrees/release-query-index/studio/tests/unit/discovery-stream.test.ts:42:5)
    async Test.run (node:internal/test_runner/test:1054:7)
    async Test.processPendingSubtests (node:internal/test_runner/test:744:7)
  ...
# Subtest: discovery rejects native-impossible nested optional
not ok 4 - discovery rejects native-impossible nested optional
  ---
  duration_ms: 0.505981
  type: 'test'
  location: '/root/ROM/.worktrees/release-query-index/studio/tests/unit/discovery-stream.test.ts:37:3'
  failureType: 'testCodeFailure'
  error: 'Missing expected rejection.'
  code: 'ERR_ASSERTION'
  name: 'AssertionError'
  operator: 'rejects'
  stack: |-
    async TestContext.<anonymous> (file:///root/ROM/.worktrees/release-query-index/studio/tests/unit/discovery-stream.test.ts:42:5)
    async Test.run (node:internal/test_runner/test:1054:7)
    async Test.processPendingSubtests (node:internal/test_runner/test:744:7)
  ...
# Subtest: discovery rejects native-impossible nested nullable
not ok 5 - discovery rejects native-impossible nested nullable
  ---
  duration_ms: 0.396804
  type: 'test'
  location: '/root/ROM/.worktrees/release-query-index/studio/tests/unit/discovery-stream.test.ts:37:3'
  failureType: 'testCodeFailure'
  error: 'Missing expected rejection.'
  code: 'ERR_ASSERTION'
  name: 'AssertionError'
  operator: 'rejects'
  stack: |-
    async TestContext.<anonymous> (file:///root/ROM/.worktrees/release-query-index/studio/tests/unit/discovery-stream.test.ts:42:5)
    async Test.run (node:internal/test_runner/test:1054:7)
    async Test.processPendingSubtests (node:internal/test_runner/test:744:7)
  ...
# Subtest: discovery rejects native-impossible scalar presence
not ok 6 - discovery rejects native-impossible scalar presence
  ---
  duration_ms: 0.740807
  type: 'test'
  location: '/root/ROM/.worktrees/release-query-index/studio/tests/unit/discovery-stream.test.ts:37:3'
  failureType: 'testCodeFailure'
  error: 'Missing expected rejection.'
  code: 'ERR_ASSERTION'
  name: 'AssertionError'
  operator: 'rejects'
  stack: |-
    async TestContext.<anonymous> (file:///root/ROM/.worktrees/release-query-index/studio/tests/unit/discovery-stream.test.ts:42:5)
    async Test.run (node:internal/test_runner/test:1054:7)
    async Test.processPendingSubtests (node:internal/test_runner/test:744:7)
  ...
# Subtest: discovery rejects native-impossible codec UTF-8 bytes
not ok 7 - discovery rejects native-impossible codec UTF-8 bytes
  ---
  duration_ms: 0.349213
  type: 'test'
  location: '/root/ROM/.worktrees/release-query-index/studio/tests/unit/discovery-stream.test.ts:37:3'
  failureType: 'testCodeFailure'
  error: 'Missing expected rejection.'
  code: 'ERR_ASSERTION'
  name: 'AssertionError'
  operator: 'rejects'
  stack: |-
    async TestContext.<anonymous> (file:///root/ROM/.worktrees/release-query-index/studio/tests/unit/discovery-stream.test.ts:42:5)
    async Test.run (node:internal/test_runner/test:1054:7)
    async Test.processPendingSubtests (node:internal/test_runner/test:744:7)
  ...
# Subtest: accepts authorized descriptor and rejects duplicate or inconsistent metadata
ok 8 - accepts authorized descriptor and rejects duplicate or inconsistent metadata
  ---
  duration_ms: 1.564471
  type: 'test'
  ...
# Subtest: bounded POST stream handles split CRLF frames and surfaces terminal errors
ok 9 - bounded POST stream handles split CRLF frames and surfaces terminal errors
  ---
  duration_ms: 1.362217
  type: 'test'
  ...
# Subtest: stream rejects oversized frames and a wrong kind before disclosure
ok 10 - stream rejects oversized frames and a wrong kind before disclosure
  ---
  duration_ms: 0.686263
  type: 'test'
  ...
# Subtest: idle stream closes its reader on timeout and cancellation
ok 11 - idle stream closes its reader on timeout and cancellation
  ---
  duration_ms: 12.181735
  type: 'test'
  ...
# Subtest: stream flushes UTF8 decoder and treats silent EOF as stale
ok 12 - stream flushes UTF8 decoder and treats silent EOF as stale
  ---
  duration_ms: 0.687395
  type: 'test'
  ...
# Subtest: invalid stream media cancels its body, and opening errors retain server category
ok 13 - invalid stream media cancels its body, and opening errors retain server category
  ---
  duration_ms: 0.55267
  type: 'test'
  ...
# Subtest: live snapshots obey the requested page limit
ok 14 - live snapshots obey the requested page limit
  ---
  duration_ms: 0.340497
  type: 'test'
  ...
# Subtest: observation admission is finite and cancellation releases its slot
ok 15 - observation admission is finite and cancellation releases its slot
  ---
  duration_ms: 0.768769
  type: 'test'
  ...
# Subtest: discovery retains bounded wrapper paths and rejects shape mismatches
ok 16 - discovery retains bounded wrapper paths and rejects shape mismatches
  ---
  duration_ms: 0.691934
  type: 'test'
  ...
1..16
# tests 16
# suites 0
# pass 10
# fail 6
# cancelled 0
# skipped 0
# todo 0
# duration_ms 208.219262
