TAP version 13
# oidc-provider WARNING: a quick start development-only in-memory adapter is used, you MUST change it in order to not lose all stateful provider data upon restart and to be able to share these between processes
# oidc-provider WARNING: a quick start development-only in-memory adapter is used, you MUST change it in order to not lose all stateful provider data upon restart and to be able to share these between processes
# Subtest: actual human provider performs code/PKCE login and one-time exchange
not ok 1 - actual human provider performs code/PKCE login and one-time exchange
  ---
  duration_ms: 43.760889
  type: 'test'
  location: '/root/ROM/.worktrees/release-query-index/demo/provider-fixture/human-provider.test.mjs:76:1'
  failureType: 'testCodeFailure'
  error: 'CSP must allow the configured callback origin'
  code: 'ERR_ASSERTION'
  name: 'AssertionError'
  expected: true
  actual: false
  operator: '=='
  stack: |-
    authorize (file:///root/ROM/.worktrees/release-query-index/demo/provider-fixture/human-provider.test.mjs:45:12)
    process.processTicksAndRejections (node:internal/process/task_queues:105:5)
    async TestContext.<anonymous> (file:///root/ROM/.worktrees/release-query-index/demo/provider-fixture/human-provider.test.mjs:83:20)
    async Test.run (node:internal/test_runner/test:1054:7)
    async startSubtestAfterBootstrap (node:internal/test_runner/harness:296:3)
  ...
# Subtest: actual human provider rejects missing PKCE, wrong verifier and undeclared account
not ok 2 - actual human provider rejects missing PKCE, wrong verifier and undeclared account
  ---
  duration_ms: 45.917826
  type: 'test'
  location: '/root/ROM/.worktrees/release-query-index/demo/provider-fixture/human-provider.test.mjs:102:1'
  failureType: 'testCodeFailure'
  error: 'CSP must allow the configured callback origin'
  code: 'ERR_ASSERTION'
  name: 'AssertionError'
  expected: true
  actual: false
  operator: '=='
  stack: |-
    authorize (file:///root/ROM/.worktrees/release-query-index/demo/provider-fixture/human-provider.test.mjs:45:12)
    process.processTicksAndRejections (node:internal/process/task_queues:105:5)
    async TestContext.<anonymous> (file:///root/ROM/.worktrees/release-query-index/demo/provider-fixture/human-provider.test.mjs:108:21)
    async Test.run (node:internal/test_runner/test:1054:7)
    async Test.processPendingSubtests (node:internal/test_runner/test:744:7)
  ...
# Subtest: human fixture refuses non-loopback callbacks and empty credentials
ok 3 - human fixture refuses non-loopback callbacks and empty credentials
  ---
  duration_ms: 0.367738
  type: 'test'
  ...
1..3
# tests 3
# suites 0
# pass 1
# fail 2
# cancelled 0
# skipped 0
# todo 0
# duration_ms 234.978311
