   Compiling tokio v1.53.1
   Compiling serde v1.0.229
   Compiling icu_normalizer v2.3.0
   Compiling rom v0.1.0-alpha.1 (/workspace/ROM/.worktrees/release-query-index/crates/rom)
   Compiling idna_adapter v1.2.2
   Compiling sync_wrapper v1.0.2
   Compiling hyper v1.11.1
   Compiling futures-util v0.3.34
   Compiling idna v1.1.0
   Compiling form_urlencoded v1.2.2
   Compiling rusqlite v0.40.2
   Compiling axum-core v0.5.6
   Compiling url v2.5.8
   Compiling tower v0.5.3
   Compiling hyper-util v0.1.21
   Compiling rom-backup v0.1.0-alpha.1 (/workspace/ROM/.worktrees/release-query-index/crates/rom-backup)
   Compiling axum v0.8.9
   Compiling rom-sqlite v0.1.0-alpha.1 (/workspace/ROM/.worktrees/release-query-index/crates/rom-sqlite)
   Compiling rom-consumer v0.1.0-alpha.1 (/workspace/ROM/.worktrees/release-query-index/examples/consumer)
   Compiling rom-http v0.1.0-alpha.1 (/workspace/ROM/.worktrees/release-query-index/crates/rom-http)
error[E0277]: the trait bound `f64: rom::Field` is not satisfied
  --> crates/rom-http/tests/loopback/query_anchor.rs:7:14
   |
 7 |     reading: f64,
   |              ^^^ the trait `rom::Field` is not implemented for `f64`
   |
help: the following other types implement trait `rom::Field`
  --> crates/rom/src/resource/fields.rs:35:9
   |
35 |         impl Field for $ty {
   |         ^^^^^^^^^^^^^^^^^^
   |         |
   |         `i64`
   |         `u64`
...
53 | scalar!(u64, U64, as_u64, |v| v);
   | -------------------------------- in this macro invocation
54 | scalar!(i64, I64, as_i64, |v| v);
   | -------------------------------- in this macro invocation
   = note: this error originates in the macro `scalar` (in Nightly builds, run with -Z macro-backtrace for more info)

error[E0277]: the trait bound `f64: rom::Field` is not satisfied
  --> crates/rom-http/tests/loopback/query_anchor.rs:4:35
   |
 4 | #[derive(Clone, Debug, PartialEq, Resource)]
   |                                   ^^^^^^^^ the trait `rom::Field` is not implemented for `f64`
   |
help: the following other types implement trait `rom::Field`
  --> crates/rom/src/resource/fields.rs:35:9
   |
35 |         impl Field for $ty {
   |         ^^^^^^^^^^^^^^^^^^
   |         |
   |         `i64`
   |         `u64`
...
53 | scalar!(u64, U64, as_u64, |v| v);
   | -------------------------------- in this macro invocation
54 | scalar!(i64, I64, as_i64, |v| v);
   | -------------------------------- in this macro invocation
note: required by a bound in `FieldRef::<R, T>::new`
  --> crates/rom/src/resource/query.rs:12:22
   |
12 | impl<R: Resource, T: Field> FieldRef<R, T> {
   |                      ^^^^^ required by this bound in `FieldRef::<R, T>::new`
13 |     pub fn new(name: &'static str) -> Self {
   |            --- required by a bound in this associated function
   = note: this error originates in the derive macro `Resource` which comes from the expansion of the macro `scalar` (in Nightly builds, run with -Z macro-backtrace for more info)

error[E0599]: no method named `allow_all` found for struct `Definition<R>` in the current scope
  --> crates/rom-http/tests/loopback/query_anchor.rs:14:45
   |
14 |         .resource(Measurement::definition().allow_all().allow_all_fields().allow_queries())
   |                                             ^^^^^^^^^
   |
help: there is a method `allow_all_fields` with a similar name
   |
14 |         .resource(Measurement::definition().allow_all_fields().allow_all_fields().allow_queries())
   |                                                      +++++++

Some errors have detailed explanations: E0277, E0599.
For more information about an error, try `rustc --explain E0277`.
error: could not compile `rom-http` (test "loopback") due to 7 previous errors
