TAP version 13
# (node:2052642) ExperimentalWarning: Type Stripping is an experimental feature and might change at any time
# (Use `node --trace-warnings ...` to show where the warning was created)
# Subtest: POST deadline rejects even when transport ignores abort
ok 1 - POST deadline rejects even when transport ignores abort
  ---
  duration_ms: 18.225683
  type: 'test'
  ...
# Subtest: already aborted request does not invoke transport
ok 2 - already aborted request does not invoke transport
  ---
  duration_ms: 0.245576
  type: 'test'
  ...
# Subtest: oversized body rejection does not await transport cancellation
ok 3 - oversized body rejection does not await transport cancellation
  ---
  duration_ms: 0.729014
  type: 'test'
  ...
# Subtest: query reply obeys explicit page limit
ok 4 - query reply obeys explicit page limit
  ---
  duration_ms: 0.567818
  type: 'test'
  ...
# Subtest: mutation reply must match revision and deletion semantics
ok 5 - mutation reply must match revision and deletion semantics
  ---
  duration_ms: 1.099408
  type: 'test'
  ...
# Subtest: legal no-op revision and deletion are accepted
ok 6 - legal no-op revision and deletion are accepted
  ---
  duration_ms: 0.464623
  type: 'test'
  ...
# Subtest: response reader and parser use the same byte policy
ok 7 - response reader and parser use the same byte policy
  ---
  duration_ms: 7.990264
  type: 'test'
  ...
# Subtest: timer values outside execution range are rejected before transport
ok 8 - timer values outside execution range are rejected before transport
  ---
  duration_ms: 0.140637
  type: 'test'
  ...
# Subtest: floating wire tokens cannot become integer metadata
ok 9 - floating wire tokens cannot become integer metadata
  ---
  duration_ms: 1.002473
  type: 'test'
  ...
# Subtest: request timeout cancels an opened idle response body
not ok 10 - request timeout cancels an opened idle response body
  ---
  duration_ms: 7.652393
  type: 'test'
  location: '/workspace/ROM/.worktrees/release-query-index/studio/tests/unit/request-resilience.test.ts:133:1'
  failureType: 'testCodeFailure'
  error: |-
    Expected values to be strictly equal:
    
    0 !== 1
    
  code: 'ERR_ASSERTION'
  name: 'AssertionError'
  expected: 1
  actual: 0
  operator: 'strictEqual'
  stack: |-
    TestContext.<anonymous> (file:///workspace/ROM/.worktrees/release-query-index/studio/tests/unit/request-resilience.test.ts:138:10)
    async Test.run (node:internal/test_runner/test:1054:7)
    async Test.processPendingSubtests (node:internal/test_runner/test:744:7)
  ...
1..10
# tests 10
# suites 0
# pass 9
# fail 1
# cancelled 0
# skipped 0
# todo 0
# duration_ms 218.244591
