
> rom-studio@0.0.2 test:unit
> node --experimental-strip-types --test tests/unit/*.test.ts

TAP version 13
# (node:2671345) ExperimentalWarning: Type Stripping is an experimental feature and might change at any time
# (Use `node --trace-warnings ...` to show where the warning was created)
# Subtest: binds result identity and preserves revision, never accepts wrong resource
ok 1 - binds result identity and preserves revision, never accepts wrong resource
  ---
  duration_ms: 14.466008
  type: 'test'
  ...
# Subtest: lost response retains exact frozen request and key for explicit retry
ok 2 - lost response retains exact frozen request and key for explicit retry
  ---
  duration_ms: 0.877206
  type: 'test'
  ...
# Subtest: session generation rejects stale replies and old mutation retries
ok 3 - session generation rejects stale replies and old mutation retries
  ---
  duration_ms: 0.653611
  type: 'test'
  ...
# Subtest: denial is rejected, conflict is distinct and unknown outcome is recoverable
ok 4 - denial is rejected, conflict is distinct and unknown outcome is recoverable
  ---
  duration_ms: 1.265925
  type: 'test'
  ...
# Subtest: response bounds, content type and rows are enforced
ok 5 - response bounds, content type and rows are enforced
  ---
  duration_ms: 1.167137
  type: 'test'
  ...
# Subtest: public mutation status cannot bypass private ownership or reuse a failed attempt
ok 6 - public mutation status cannot bypass private ownership or reuse a failed attempt
  ---
  duration_ms: 0.185012
  type: 'test'
  ...
# Subtest: an unclassified server failure remains unknown and must not imply rollback
ok 7 - an unclassified server failure remains unknown and must not imply rollback
  ---
  duration_ms: 0.368601
  type: 'test'
  ...
# Subtest: receipt replay rechecks current server authority rather than returning a cached result
ok 8 - receipt replay rechecks current server authority rather than returning a cached result
  ---
  duration_ms: 1.223704
  type: 'test'
  ...
# (node:2671346) ExperimentalWarning: Type Stripping is an experimental feature and might change at any time
# (Use `node --trace-warnings ...` to show where the warning was created)
# Subtest: wire codec preserves boundary integers and ordinary false/zero/null/empty values
ok 9 - wire codec preserves boundary integers and ordinary false/zero/null/empty values
  ---
  duration_ms: 1.648691
  type: 'test'
  ...
# Subtest: wire parser rejects duplicate keys, oversized text, excessive nesting, and infinite numbers
ok 10 - wire parser rejects duplicate keys, oversized text, excessive nesting, and infinite numbers
  ---
  duration_ms: 0.497154
  type: 'test'
  ...
# Subtest: wire maps preserve reserved names without prototype mutation
ok 11 - wire maps preserve reserved names without prototype mutation
  ---
  duration_ms: 0.171375
  type: 'test'
  ...
# Subtest: wire encoder refuses nonfinite and recursive values before sending them
ok 12 - wire encoder refuses nonfinite and recursive values before sending them
  ---
  duration_ms: 0.21627
  type: 'test'
  ...
# Subtest: scalar normalization applies exact integer ranges and finite float semantics
ok 13 - scalar normalization applies exact integer ranges and finite float semantics
  ---
  duration_ms: 1.761666
  type: 'test'
  ...
# Subtest: object and patch encoders distinguish omission, null, value and removal
ok 14 - object and patch encoders distinguish omission, null, value and removal
  ---
  duration_ms: 0.419177
  type: 'test'
  ...
# Subtest: structural normalization bounds nesting and validates enums, references and maps
ok 15 - structural normalization bounds nesting and validates enums, references and maps
  ---
  duration_ms: 0.304178
  type: 'test'
  ...
# Subtest: malformed runtime modes and shapes are refused, not coerced
ok 16 - malformed runtime modes and shapes are refused, not coerced
  ---
  duration_ms: 0.157109
  type: 'test'
  ...
# Subtest: wire strings agree with Rust Unicode and preserve signed zero
ok 17 - wire strings agree with Rust Unicode and preserve signed zero
  ---
  duration_ms: 0.362388
  type: 'test'
  ...
# Subtest: array and map accessors are rejected without executing user code
ok 18 - array and map accessors are rejected without executing user code
  ---
  duration_ms: 0.480743
  type: 'test'
  ...
# (node:2671347) ExperimentalWarning: Type Stripping is an experimental feature and might change at any time
# (Use `node --trace-warnings ...` to show where the warning was created)
# Subtest: accepts authorized descriptor and rejects duplicate or inconsistent metadata
ok 19 - accepts authorized descriptor and rejects duplicate or inconsistent metadata
  ---
  duration_ms: 19.281386
  type: 'test'
  ...
# Subtest: bounded POST stream handles split CRLF frames and surfaces terminal errors
ok 20 - bounded POST stream handles split CRLF frames and surfaces terminal errors
  ---
  duration_ms: 1.788066
  type: 'test'
  ...
# Subtest: stream rejects oversized frames and a wrong kind before disclosure
ok 21 - stream rejects oversized frames and a wrong kind before disclosure
  ---
  duration_ms: 0.777577
  type: 'test'
  ...
# Subtest: idle stream closes its reader on timeout and cancellation
ok 22 - idle stream closes its reader on timeout and cancellation
  ---
  duration_ms: 13.088342
  type: 'test'
  ...
# Subtest: stream flushes UTF8 decoder and treats silent EOF as stale
ok 23 - stream flushes UTF8 decoder and treats silent EOF as stale
  ---
  duration_ms: 0.94251
  type: 'test'
  ...
# Subtest: invalid stream media cancels its body, and opening errors retain server category
ok 24 - invalid stream media cancels its body, and opening errors retain server category
  ---
  duration_ms: 0.693066
  type: 'test'
  ...
# (node:2671348) ExperimentalWarning: Type Stripping is an experimental feature and might change at any time
# (Use `node --trace-warnings ...` to show where the warning was created)
# Subtest: journal validates cursor generation, kind and strictly advancing positions
ok 25 - journal validates cursor generation, kind and strictly advancing positions
  ---
  duration_ms: 21.217543
  type: 'test'
  ...
# (node:2671349) ExperimentalWarning: Type Stripping is an experimental feature and might change at any time
# (Use `node --trace-warnings ...` to show where the warning was created)
# Subtest: work reads bind handles and validate protocol, state and counters
ok 26 - work reads bind handles and validate protocol, state and counters
  ---
  duration_ms: 18.553863
  type: 'test'
  ...
# Subtest: operator control binds key, operation, history and coherent revision
ok 27 - operator control binds key, operation, history and coherent revision
  ---
  duration_ms: 1.657819
  type: 'test'
  ...
# Subtest: work capabilities and lists reject invalid booleans, handles, duplicate rows and limits
ok 28 - work capabilities and lists reject invalid booleans, handles, duplicate rows and limits
  ---
  duration_ms: 0.893376
  type: 'test'
  ...
# Subtest: response is bound to the original submitted control despite caller edits
ok 29 - response is bound to the original submitted control despite caller edits
  ---
  duration_ms: 0.375133
  type: 'test'
  ...
1..29
# tests 29
# suites 0
# pass 29
# fail 0
# cancelled 0
# skipped 0
# todo 0
# duration_ms 228.354634
