   Compiling rom v0.1.0-alpha.1 (/workspace/ROM/.worktrees/release-query-index/crates/rom)
error[E0277]: the trait bound `input_descriptor_tests::Named: fields::Field` is not satisfied
   --> crates/rom/src/resource/input_descriptor_tests.rs:151:23
    |
151 |         Field::encode(&self.0)
    |         ------------- ^^^^^^^ unsatisfied trait bound
    |         |
    |         required by a bound introduced by this call
    |
help: the trait `fields::Field` is not implemented for `input_descriptor_tests::Named`
   --> crates/rom/src/resource/input_descriptor_tests.rs:7:1
    |
  7 | struct Named {
    | ^^^^^^^^^^^^
    = help: the following other types implement trait `fields::Field`:
              FiniteF64
              ResourceRef<R>
              Vec<T>
              WrappedLabel
              bool
              i64
              patch::Presence<T>
              std::collections::BTreeMap<std::string::String, T>
            and 3 others

For more information about this error, try `rustc --explain E0277`.
error: could not compile `rom` (lib test) due to 1 previous error
