    Blocking waiting for file lock on build directory
   Compiling rom-derive v0.1.0-alpha.1 (/workspace/ROM/.worktrees/release-query-index/crates/rom-derive)
   Compiling rom v0.1.0-alpha.1 (/workspace/ROM/.worktrees/release-query-index/crates/rom)
error[E0063]: missing field `codec_wrappers` in initializer of `input_descriptor::InputDescriptor`
  --> crates/rom/src/resource/input_descriptor_tests.rs:18:14
   |
18 |         Some(InputDescriptor::Scalar {
   |              ^^^^^^^^^^^^^^^^^^^^^^^ missing `codec_wrappers`

error[E0063]: missing field `codec_wrappers` in initializer of `input_descriptor::InputFieldDescriptor`
  --> crates/rom/src/resource/input_descriptor_tests.rs:41:17
   |
41 |     let field = InputFieldDescriptor {
   |                 ^^^^^^^^^^^^^^^^^^^^ missing `codec_wrappers`

error[E0063]: missing field `codec_wrappers` in initializer of `input_descriptor::InputDescriptor`
  --> crates/rom/src/resource/input_descriptor_tests.rs:68:9
   |
68 |         InputDescriptor::Scalar {
   |         ^^^^^^^^^^^^^^^^^^^^^^^ missing `codec_wrappers`

error[E0063]: missing field `codec_wrappers` in initializer of `input_descriptor::FieldCodec`
  --> crates/rom/src/resource/input_descriptor_tests.rs:87:19
   |
87 |     let binding = FieldCodec {
   |                   ^^^^^^^^^^ missing `codec_wrappers`

error[E0308]: mismatched types
  --> crates/rom/src/resource/input_descriptor_tests.rs:96:9
   |
96 |         binding.codec
   |         ^^^^^^^^^^^^^ expected `FieldCodec`, found `CodecIdentity`
   |
help: consider removing the tuple struct field `codec`
   |
96 -         binding.codec
96 +         binding
   |

error[E0063]: missing field `codec_wrappers` in initializer of `input_descriptor::InputFieldDescriptor`
   --> crates/rom/src/resource/input_descriptor_tests.rs:138:13
    |
138 |             InputFieldDescriptor {
    |             ^^^^^^^^^^^^^^^^^^^^ missing `codec_wrappers`

error[E0063]: missing field `codec_wrappers` in initializer of `input_descriptor::InputFieldDescriptor`
   --> crates/rom/src/resource/input_descriptor_tests.rs:143:13
    |
143 |             InputFieldDescriptor {
    |             ^^^^^^^^^^^^^^^^^^^^ missing `codec_wrappers`

error[E0277]: the trait bound `input_descriptor_tests::Named: fields::Field` is not satisfied
   --> crates/rom/src/resource/input_descriptor_tests.rs:151:23
    |
151 |         Field::encode(&self.0)
    |         ------------- ^^^^^^^ unsatisfied trait bound
    |         |
    |         required by a bound introduced by this call
    |
help: the trait `fields::Field` is not implemented for `input_descriptor_tests::Named`
   --> crates/rom/src/resource/input_descriptor_tests.rs:7:1
    |
  7 | struct Named {
    | ^^^^^^^^^^^^
    = help: the following other types implement trait `fields::Field`:
              FiniteF64
              ResourceRef<R>
              Vec<T>
              WrappedLabel
              bool
              i64
              patch::Presence<T>
              std::collections::BTreeMap<std::string::String, T>
            and 3 others

Some errors have detailed explanations: E0063, E0277, E0308.
For more information about an error, try `rustc --explain E0063`.
error: could not compile `rom` (lib test) due to 8 previous errors
