TAP version 13
# (node:2748507) ExperimentalWarning: Type Stripping is an experimental feature and might change at any time
# (Use `node --trace-warnings ...` to show where the warning was created)
# Subtest: accepts authorized descriptor and rejects duplicate or inconsistent metadata
ok 1 - accepts authorized descriptor and rejects duplicate or inconsistent metadata
  ---
  duration_ms: 14.753766
  type: 'test'
  ...
# Subtest: bounded POST stream handles split CRLF frames and surfaces terminal errors
ok 2 - bounded POST stream handles split CRLF frames and surfaces terminal errors
  ---
  duration_ms: 1.551626
  type: 'test'
  ...
# Subtest: stream rejects oversized frames and a wrong kind before disclosure
ok 3 - stream rejects oversized frames and a wrong kind before disclosure
  ---
  duration_ms: 1.052445
  type: 'test'
  ...
# Subtest: idle stream closes its reader on timeout and cancellation
ok 4 - idle stream closes its reader on timeout and cancellation
  ---
  duration_ms: 11.687665
  type: 'test'
  ...
# Subtest: stream flushes UTF8 decoder and treats silent EOF as stale
ok 5 - stream flushes UTF8 decoder and treats silent EOF as stale
  ---
  duration_ms: 0.825863
  type: 'test'
  ...
# Subtest: invalid stream media cancels its body, and opening errors retain server category
ok 6 - invalid stream media cancels its body, and opening errors retain server category
  ---
  duration_ms: 0.669024
  type: 'test'
  ...
# Subtest: live snapshots obey the requested page limit
ok 7 - live snapshots obey the requested page limit
  ---
  duration_ms: 0.431543
  type: 'test'
  ...
# Subtest: observation admission is finite and cancellation releases its slot
ok 8 - observation admission is finite and cancellation releases its slot
  ---
  duration_ms: 0.774776
  type: 'test'
  ...
# Subtest: discovery retains bounded wrapper paths and rejects shape mismatches
not ok 9 - discovery retains bounded wrapper paths and rejects shape mismatches
  ---
  duration_ms: 1.098994
  type: 'test'
  location: '/root/ROM/.worktrees/release-query-index/studio/tests/unit/discovery-stream.test.ts:260:1'
  failureType: 'testCodeFailure'
  error: |-
    Expected values to be strictly deep-equal:
    + actual - expected
    
    + undefined
    - [
    -   'list',
    -   'nullable'
    - ]
    
  code: 'ERR_ASSERTION'
  name: 'AssertionError'
  expected:
    0: 'list'
    1: 'nullable'
  operator: 'deepStrictEqual'
  stack: |-
    TestContext.<anonymous> (file:///root/ROM/.worktrees/release-query-index/studio/tests/unit/discovery-stream.test.ts:263:10)
    async Test.run (node:internal/test_runner/test:1054:7)
    async Test.processPendingSubtests (node:internal/test_runner/test:744:7)
  ...
1..9
# tests 9
# suites 0
# pass 8
# fail 1
# cancelled 0
# skipped 0
# todo 0
# duration_ms 203.007677
