
> rom-studio@0.0.2 test:unit
> node --experimental-strip-types --test tests/unit/*.test.ts

TAP version 13
# (node:2786376) ExperimentalWarning: Type Stripping is an experimental feature and might change at any time
# (Use `node --trace-warnings ...` to show where the warning was created)
# Subtest: canonical query boundary survives cloning and float integer replay
ok 1 - canonical query boundary survives cloning and float integer replay
  ---
  duration_ms: 22.334442
  type: 'test'
  ...
# Subtest: anchors reject journal cursors and response identity changes
ok 2 - anchors reject journal cursors and response identity changes
  ---
  duration_ms: 1.207595
  type: 'test'
  ...
# Subtest: anchor admission rejects malformed native envelope members
ok 3 - anchor admission rejects malformed native envelope members
  ---
  duration_ms: 1.043143
  type: 'test'
  ...
# Subtest: anchor replies bind the requested literal order and predicate structure
ok 4 - anchor replies bind the requested literal order and predicate structure
  ---
  duration_ms: 1.36723
  type: 'test'
  ...
# Subtest: anchor correspondence leaves canonical codec operands opaque
ok 5 - anchor correspondence leaves canonical codec operands opaque
  ---
  duration_ms: 2.133135
  type: 'test'
  ...
# Subtest: anchor value states keep missing distinct from present null
ok 6 - anchor value states keep missing distinct from present null
  ---
  duration_ms: 0.383889
  type: 'test'
  ...
# Subtest: native comparison operators cannot be coerced from arrays
ok 7 - native comparison operators cannot be coerced from arrays
  ---
  duration_ms: 0.23656
  type: 'test'
  ...
# Subtest: native absence predicates retain their null and equality constraints
ok 8 - native absence predicates retain their null and equality constraints
  ---
  duration_ms: 0.251358
  type: 'test'
  ...
# Subtest: public anchor response is bound to the submitted snapshot despite caller edits
ok 9 - public anchor response is bound to the submitted snapshot despite caller edits
  ---
  duration_ms: 1.738715
  type: 'test'
  ...
# (node:2786377) ExperimentalWarning: Type Stripping is an experimental feature and might change at any time
# (Use `node --trace-warnings ...` to show where the warning was created)
# Subtest: binds result identity and preserves revision, never accepts wrong resource
ok 10 - binds result identity and preserves revision, never accepts wrong resource
  ---
  duration_ms: 17.476906
  type: 'test'
  ...
# Subtest: lost response retains exact frozen request and key for explicit retry
ok 11 - lost response retains exact frozen request and key for explicit retry
  ---
  duration_ms: 1.159865
  type: 'test'
  ...
# Subtest: session generation rejects stale replies and old mutation retries
ok 12 - session generation rejects stale replies and old mutation retries
  ---
  duration_ms: 0.665685
  type: 'test'
  ...
# Subtest: denial is rejected, conflict is distinct and unknown outcome is recoverable
ok 13 - denial is rejected, conflict is distinct and unknown outcome is recoverable
  ---
  duration_ms: 1.216663
  type: 'test'
  ...
# Subtest: response bounds, content type and rows are enforced
ok 14 - response bounds, content type and rows are enforced
  ---
  duration_ms: 1.801094
  type: 'test'
  ...
# Subtest: public mutation status cannot bypass private ownership or reuse a failed attempt
ok 15 - public mutation status cannot bypass private ownership or reuse a failed attempt
  ---
  duration_ms: 0.181294
  type: 'test'
  ...
# Subtest: an unclassified server failure remains unknown and must not imply rollback
ok 16 - an unclassified server failure remains unknown and must not imply rollback
  ---
  duration_ms: 0.45757
  type: 'test'
  ...
# Subtest: receipt replay rechecks current server authority rather than returning a cached result
ok 17 - receipt replay rechecks current server authority rather than returning a cached result
  ---
  duration_ms: 0.595071
  type: 'test'
  ...
# (node:2786378) ExperimentalWarning: Type Stripping is an experimental feature and might change at any time
# (Use `node --trace-warnings ...` to show where the warning was created)
# Subtest: wire codec preserves boundary integers and ordinary false/zero/null/empty values
ok 18 - wire codec preserves boundary integers and ordinary false/zero/null/empty values
  ---
  duration_ms: 1.731051
  type: 'test'
  ...
# Subtest: wire parser rejects duplicate keys, oversized text, excessive nesting, and infinite numbers
ok 19 - wire parser rejects duplicate keys, oversized text, excessive nesting, and infinite numbers
  ---
  duration_ms: 0.588799
  type: 'test'
  ...
# Subtest: wire maps preserve reserved names without prototype mutation
ok 20 - wire maps preserve reserved names without prototype mutation
  ---
  duration_ms: 0.211442
  type: 'test'
  ...
# Subtest: wire encoder refuses nonfinite and recursive values before sending them
ok 21 - wire encoder refuses nonfinite and recursive values before sending them
  ---
  duration_ms: 1.433165
  type: 'test'
  ...
# Subtest: scalar normalization applies exact integer ranges and finite float semantics
ok 22 - scalar normalization applies exact integer ranges and finite float semantics
  ---
  duration_ms: 0.383759
  type: 'test'
  ...
# Subtest: object and patch encoders distinguish omission, null, value and removal
ok 23 - object and patch encoders distinguish omission, null, value and removal
  ---
  duration_ms: 0.512664
  type: 'test'
  ...
# Subtest: structural normalization bounds nesting and validates enums, references and maps
ok 24 - structural normalization bounds nesting and validates enums, references and maps
  ---
  duration_ms: 0.321952
  type: 'test'
  ...
# Subtest: malformed runtime modes and shapes are refused, not coerced
ok 25 - malformed runtime modes and shapes are refused, not coerced
  ---
  duration_ms: 0.161918
  type: 'test'
  ...
# Subtest: wire strings agree with Rust Unicode and preserve signed zero
ok 26 - wire strings agree with Rust Unicode and preserve signed zero
  ---
  duration_ms: 0.259153
  type: 'test'
  ...
# Subtest: array and map accessors are rejected without executing user code
ok 27 - array and map accessors are rejected without executing user code
  ---
  duration_ms: 0.348262
  type: 'test'
  ...
# Subtest: parsed floating integer tokens retain their Rust number category on replay
ok 28 - parsed floating integer tokens retain their Rust number category on replay
  ---
  duration_ms: 0.28953
  type: 'test'
  ...
# (node:2786379) ExperimentalWarning: Type Stripping is an experimental feature and might change at any time
# (Use `node --trace-warnings ...` to show where the warning was created)
# Subtest: accepts authorized descriptor and rejects duplicate or inconsistent metadata
ok 29 - accepts authorized descriptor and rejects duplicate or inconsistent metadata
  ---
  duration_ms: 23.751726
  type: 'test'
  ...
# Subtest: bounded POST stream handles split CRLF frames and surfaces terminal errors
ok 30 - bounded POST stream handles split CRLF frames and surfaces terminal errors
  ---
  duration_ms: 1.597947
  type: 'test'
  ...
# Subtest: stream rejects oversized frames and a wrong kind before disclosure
ok 31 - stream rejects oversized frames and a wrong kind before disclosure
  ---
  duration_ms: 0.793619
  type: 'test'
  ...
# Subtest: idle stream closes its reader on timeout and cancellation
ok 32 - idle stream closes its reader on timeout and cancellation
  ---
  duration_ms: 12.256901
  type: 'test'
  ...
# Subtest: stream flushes UTF8 decoder and treats silent EOF as stale
ok 33 - stream flushes UTF8 decoder and treats silent EOF as stale
  ---
  duration_ms: 0.976526
  type: 'test'
  ...
# Subtest: invalid stream media cancels its body, and opening errors retain server category
ok 34 - invalid stream media cancels its body, and opening errors retain server category
  ---
  duration_ms: 0.765875
  type: 'test'
  ...
# Subtest: live snapshots obey the requested page limit
ok 35 - live snapshots obey the requested page limit
  ---
  duration_ms: 0.538012
  type: 'test'
  ...
# Subtest: observation admission is finite and cancellation releases its slot
ok 36 - observation admission is finite and cancellation releases its slot
  ---
  duration_ms: 0.801313
  type: 'test'
  ...
# Subtest: discovery retains bounded wrapper paths and rejects shape mismatches
ok 37 - discovery retains bounded wrapper paths and rejects shape mismatches
  ---
  duration_ms: 1.302707
  type: 'test'
  ...
# (node:2786380) ExperimentalWarning: Type Stripping is an experimental feature and might change at any time
# (Use `node --trace-warnings ...` to show where the warning was created)
# Subtest: journal validates cursor generation, kind and strictly advancing positions
ok 38 - journal validates cursor generation, kind and strictly advancing positions
  ---
  duration_ms: 17.080242
  type: 'test'
  ...
# (node:2786397) ExperimentalWarning: Type Stripping is an experimental feature and might change at any time
# (Use `node --trace-warnings ...` to show where the warning was created)
# Subtest: POST deadline rejects even when transport ignores abort
ok 39 - POST deadline rejects even when transport ignores abort
  ---
  duration_ms: 25.155233
  type: 'test'
  ...
# Subtest: already aborted request does not invoke transport
ok 40 - already aborted request does not invoke transport
  ---
  duration_ms: 0.285302
  type: 'test'
  ...
# Subtest: oversized body rejection does not await transport cancellation
ok 41 - oversized body rejection does not await transport cancellation
  ---
  duration_ms: 0.785724
  type: 'test'
  ...
# Subtest: query reply obeys explicit page limit
ok 42 - query reply obeys explicit page limit
  ---
  duration_ms: 1.117264
  type: 'test'
  ...
# Subtest: mutation reply must match revision and deletion semantics
ok 43 - mutation reply must match revision and deletion semantics
  ---
  duration_ms: 1.065666
  type: 'test'
  ...
# Subtest: legal no-op revision and deletion are accepted
ok 44 - legal no-op revision and deletion are accepted
  ---
  duration_ms: 0.409027
  type: 'test'
  ...
# Subtest: response reader and parser use the same byte policy
ok 45 - response reader and parser use the same byte policy
  ---
  duration_ms: 8.270944
  type: 'test'
  ...
# Subtest: timer values outside execution range are rejected before transport
ok 46 - timer values outside execution range are rejected before transport
  ---
  duration_ms: 0.151358
  type: 'test'
  ...
# Subtest: floating wire tokens cannot become integer metadata
ok 47 - floating wire tokens cannot become integer metadata
  ---
  duration_ms: 1.061989
  type: 'test'
  ...
# Subtest: request timeout cancels an opened idle response body
ok 48 - request timeout cancels an opened idle response body
  ---
  duration_ms: 6.596531
  type: 'test'
  ...
# Subtest: a mutation without a prior row binds the initial revision
ok 49 - a mutation without a prior row binds the initial revision
  ---
  duration_ms: 0.637061
  type: 'test'
  ...
# (node:2786405) ExperimentalWarning: Type Stripping is an experimental feature and might change at any time
# (Use `node --trace-warnings ...` to show where the warning was created)
# Subtest: work reads bind handles and validate protocol, state and counters
ok 50 - work reads bind handles and validate protocol, state and counters
  ---
  duration_ms: 21.072903
  type: 'test'
  ...
# Subtest: operator control binds key, operation, history and coherent revision
ok 51 - operator control binds key, operation, history and coherent revision
  ---
  duration_ms: 1.788681
  type: 'test'
  ...
# Subtest: work capabilities and lists reject invalid booleans, handles, duplicate rows and limits
ok 52 - work capabilities and lists reject invalid booleans, handles, duplicate rows and limits
  ---
  duration_ms: 1.666357
  type: 'test'
  ...
# Subtest: response is bound to the original submitted control despite caller edits
ok 53 - response is bound to the original submitted control despite caller edits
  ---
  duration_ms: 0.318666
  type: 'test'
  ...
1..53
# tests 53
# suites 0
# pass 53
# fail 0
# cancelled 0
# skipped 0
# todo 0
# duration_ms 288.896644
