   Compiling rom v0.1.0-alpha.1 (/workspace/ROM/.worktrees/release-query-index/crates/rom)
    Finished `test` profile [unoptimized + debuginfo] target(s) in 3.67s
     Running unittests src/lib.rs (/var/tmp/rom-release-measured-verification-target/debug/deps/rom-9ac92c4e9c04e160)

running 1 test
test resource::input_descriptor_tests::builtin_wrappers_preserve_leaf_codec_and_explicit_presentation_path ... ok

test result: ok. 1 passed; 0 failed; 0 ignored; 0 measured; 88 filtered out; finished in 0.00s

     Running tests/json.rs (/var/tmp/rom-release-measured-verification-target/debug/deps/json-7a008fcf6da2dbde)

running 0 tests

test result: ok. 0 passed; 0 failed; 0 ignored; 0 measured; 3 filtered out; finished in 0.00s

     Running tests/operator_protocol.rs (/var/tmp/rom-release-measured-verification-target/debug/deps/operator_protocol-d94d420988da8f80)

running 0 tests

test result: ok. 0 passed; 0 failed; 0 ignored; 0 measured; 9 filtered out; finished in 0.00s

     Running tests/reference_schema.rs (/var/tmp/rom-release-measured-verification-target/debug/deps/reference_schema-4229d6314fcb87bf)

running 0 tests

test result: ok. 0 passed; 0 failed; 0 ignored; 0 measured; 5 filtered out; finished in 0.00s

     Running tests/replay_versions.rs (/var/tmp/rom-release-measured-verification-target/debug/deps/replay_versions-babc09e350172a27)

running 0 tests

test result: ok. 0 passed; 0 failed; 0 ignored; 0 measured; 9 filtered out; finished in 0.00s

     Running tests/retry_epochs.rs (/var/tmp/rom-release-measured-verification-target/debug/deps/retry_epochs-559855bf7dcb660c)

running 0 tests

test result: ok. 0 passed; 0 failed; 0 ignored; 0 measured; 6 filtered out; finished in 0.00s

     Running tests/storage_ownership.rs (/var/tmp/rom-release-measured-verification-target/debug/deps/storage_ownership-d372dc6d8eab1205)

running 0 tests

test result: ok. 0 passed; 0 failed; 0 ignored; 0 measured; 4 filtered out; finished in 0.00s

