TAP version 13
# node:internal/modules/package_json_reader:256
#   throw new ERR_MODULE_NOT_FOUND(packageName, fileURLToPath(base), null);
#         ^
# Error [ERR_MODULE_NOT_FOUND]: Cannot find package 'tsx' imported from /root/ROM/.worktrees/release-query-index/studio/
#     at Object.getPackageJSONURL (node:internal/modules/package_json_reader:256:9)
#     at packageResolve (node:internal/modules/esm/resolve:768:81)
#     at moduleResolve (node:internal/modules/esm/resolve:854:18)
#     at defaultResolve (node:internal/modules/esm/resolve:984:11)
#     at ModuleLoader.defaultResolve (node:internal/modules/esm/loader:780:12)
#     at \#cachedDefaultResolve (node:internal/modules/esm/loader:704:25)
#     at ModuleLoader.resolve (node:internal/modules/esm/loader:687:38)
#     at ModuleLoader.getModuleJobForImport (node:internal/modules/esm/loader:305:38)
#     at onImport.tracePromise.__proto__ (node:internal/modules/esm/loader:643:36)
#     at TracingChannel.tracePromise (node:diagnostics_channel:344:14) {
#   code: 'ERR_MODULE_NOT_FOUND'
# }
# Node.js v22.16.0
# Subtest: tests/unit/anchor.test.ts
not ok 1 - tests/unit/anchor.test.ts
  ---
  duration_ms: 22.515276
  type: 'test'
  location: '/root/ROM/.worktrees/release-query-index/studio/tests/unit/anchor.test.ts:1:1'
  failureType: 'testCodeFailure'
  exitCode: 1
  signal: ~
  error: 'test failed'
  code: 'ERR_TEST_FAILURE'
  ...
# node:internal/modules/package_json_reader:256
#   throw new ERR_MODULE_NOT_FOUND(packageName, fileURLToPath(base), null);
#         ^
# Error [ERR_MODULE_NOT_FOUND]: Cannot find package 'tsx' imported from /root/ROM/.worktrees/release-query-index/studio/
#     at Object.getPackageJSONURL (node:internal/modules/package_json_reader:256:9)
#     at packageResolve (node:internal/modules/esm/resolve:768:81)
#     at moduleResolve (node:internal/modules/esm/resolve:854:18)
#     at defaultResolve (node:internal/modules/esm/resolve:984:11)
#     at ModuleLoader.defaultResolve (node:internal/modules/esm/loader:780:12)
#     at \#cachedDefaultResolve (node:internal/modules/esm/loader:704:25)
#     at ModuleLoader.resolve (node:internal/modules/esm/loader:687:38)
#     at ModuleLoader.getModuleJobForImport (node:internal/modules/esm/loader:305:38)
#     at onImport.tracePromise.__proto__ (node:internal/modules/esm/loader:643:36)
#     at TracingChannel.tracePromise (node:diagnostics_channel:344:14) {
#   code: 'ERR_MODULE_NOT_FOUND'
# }
# Node.js v22.16.0
# Subtest: tests/unit/client.test.ts
not ok 2 - tests/unit/client.test.ts
  ---
  duration_ms: 20.986469
  type: 'test'
  location: '/root/ROM/.worktrees/release-query-index/studio/tests/unit/client.test.ts:1:1'
  failureType: 'testCodeFailure'
  exitCode: 1
  signal: ~
  error: 'test failed'
  code: 'ERR_TEST_FAILURE'
  ...
# node:internal/modules/package_json_reader:256
#   throw new ERR_MODULE_NOT_FOUND(packageName, fileURLToPath(base), null);
#         ^
# Error [ERR_MODULE_NOT_FOUND]: Cannot find package 'tsx' imported from /root/ROM/.worktrees/release-query-index/studio/
#     at Object.getPackageJSONURL (node:internal/modules/package_json_reader:256:9)
#     at packageResolve (node:internal/modules/esm/resolve:768:81)
#     at moduleResolve (node:internal/modules/esm/resolve:854:18)
#     at defaultResolve (node:internal/modules/esm/resolve:984:11)
#     at ModuleLoader.defaultResolve (node:internal/modules/esm/loader:780:12)
#     at \#cachedDefaultResolve (node:internal/modules/esm/loader:704:25)
#     at ModuleLoader.resolve (node:internal/modules/esm/loader:687:38)
#     at ModuleLoader.getModuleJobForImport (node:internal/modules/esm/loader:305:38)
#     at onImport.tracePromise.__proto__ (node:internal/modules/esm/loader:643:36)
#     at TracingChannel.tracePromise (node:diagnostics_channel:344:14) {
#   code: 'ERR_MODULE_NOT_FOUND'
# }
# Node.js v22.16.0
# Subtest: tests/unit/codec.test.ts
not ok 3 - tests/unit/codec.test.ts
  ---
  duration_ms: 21.710315
  type: 'test'
  location: '/root/ROM/.worktrees/release-query-index/studio/tests/unit/codec.test.ts:1:1'
  failureType: 'testCodeFailure'
  exitCode: 1
  signal: ~
  error: 'test failed'
  code: 'ERR_TEST_FAILURE'
  ...
# node:internal/modules/package_json_reader:256
#   throw new ERR_MODULE_NOT_FOUND(packageName, fileURLToPath(base), null);
#         ^
# Error [ERR_MODULE_NOT_FOUND]: Cannot find package 'tsx' imported from /root/ROM/.worktrees/release-query-index/studio/
#     at Object.getPackageJSONURL (node:internal/modules/package_json_reader:256:9)
#     at packageResolve (node:internal/modules/esm/resolve:768:81)
#     at moduleResolve (node:internal/modules/esm/resolve:854:18)
#     at defaultResolve (node:internal/modules/esm/resolve:984:11)
#     at ModuleLoader.defaultResolve (node:internal/modules/esm/loader:780:12)
#     at \#cachedDefaultResolve (node:internal/modules/esm/loader:704:25)
#     at ModuleLoader.resolve (node:internal/modules/esm/loader:687:38)
#     at ModuleLoader.getModuleJobForImport (node:internal/modules/esm/loader:305:38)
#     at onImport.tracePromise.__proto__ (node:internal/modules/esm/loader:643:36)
#     at TracingChannel.tracePromise (node:diagnostics_channel:344:14) {
#   code: 'ERR_MODULE_NOT_FOUND'
# }
# Node.js v22.16.0
# Subtest: tests/unit/discovery-stream.test.ts
not ok 4 - tests/unit/discovery-stream.test.ts
  ---
  duration_ms: 21.456322
  type: 'test'
  location: '/root/ROM/.worktrees/release-query-index/studio/tests/unit/discovery-stream.test.ts:1:1'
  failureType: 'testCodeFailure'
  exitCode: 1
  signal: ~
  error: 'test failed'
  code: 'ERR_TEST_FAILURE'
  ...
# node:internal/modules/package_json_reader:256
#   throw new ERR_MODULE_NOT_FOUND(packageName, fileURLToPath(base), null);
#         ^
# Error [ERR_MODULE_NOT_FOUND]: Cannot find package 'tsx' imported from /root/ROM/.worktrees/release-query-index/studio/
#     at Object.getPackageJSONURL (node:internal/modules/package_json_reader:256:9)
#     at packageResolve (node:internal/modules/esm/resolve:768:81)
#     at moduleResolve (node:internal/modules/esm/resolve:854:18)
#     at defaultResolve (node:internal/modules/esm/resolve:984:11)
#     at ModuleLoader.defaultResolve (node:internal/modules/esm/loader:780:12)
#     at \#cachedDefaultResolve (node:internal/modules/esm/loader:704:25)
#     at ModuleLoader.resolve (node:internal/modules/esm/loader:687:38)
#     at ModuleLoader.getModuleJobForImport (node:internal/modules/esm/loader:305:38)
#     at onImport.tracePromise.__proto__ (node:internal/modules/esm/loader:643:36)
#     at TracingChannel.tracePromise (node:diagnostics_channel:344:14) {
#   code: 'ERR_MODULE_NOT_FOUND'
# }
# Node.js v22.16.0
# Subtest: tests/unit/journal.test.ts
not ok 5 - tests/unit/journal.test.ts
  ---
  duration_ms: 21.248176
  type: 'test'
  location: '/root/ROM/.worktrees/release-query-index/studio/tests/unit/journal.test.ts:1:1'
  failureType: 'testCodeFailure'
  exitCode: 1
  signal: ~
  error: 'test failed'
  code: 'ERR_TEST_FAILURE'
  ...
# node:internal/modules/package_json_reader:256
#   throw new ERR_MODULE_NOT_FOUND(packageName, fileURLToPath(base), null);
#         ^
# Error [ERR_MODULE_NOT_FOUND]: Cannot find package 'tsx' imported from /root/ROM/.worktrees/release-query-index/studio/
#     at Object.getPackageJSONURL (node:internal/modules/package_json_reader:256:9)
#     at packageResolve (node:internal/modules/esm/resolve:768:81)
#     at moduleResolve (node:internal/modules/esm/resolve:854:18)
#     at defaultResolve (node:internal/modules/esm/resolve:984:11)
#     at ModuleLoader.defaultResolve (node:internal/modules/esm/loader:780:12)
#     at \#cachedDefaultResolve (node:internal/modules/esm/loader:704:25)
#     at ModuleLoader.resolve (node:internal/modules/esm/loader:687:38)
#     at ModuleLoader.getModuleJobForImport (node:internal/modules/esm/loader:305:38)
#     at onImport.tracePromise.__proto__ (node:internal/modules/esm/loader:643:36)
#     at TracingChannel.tracePromise (node:diagnostics_channel:344:14) {
#   code: 'ERR_MODULE_NOT_FOUND'
# }
# Node.js v22.16.0
# Subtest: tests/unit/request-resilience.test.ts
not ok 6 - tests/unit/request-resilience.test.ts
  ---
  duration_ms: 21.373444
  type: 'test'
  location: '/root/ROM/.worktrees/release-query-index/studio/tests/unit/request-resilience.test.ts:1:1'
  failureType: 'testCodeFailure'
  exitCode: 1
  signal: ~
  error: 'test failed'
  code: 'ERR_TEST_FAILURE'
  ...
# node:internal/modules/package_json_reader:256
#   throw new ERR_MODULE_NOT_FOUND(packageName, fileURLToPath(base), null);
#         ^
# Error [ERR_MODULE_NOT_FOUND]: Cannot find package 'tsx' imported from /root/ROM/.worktrees/release-query-index/studio/
#     at Object.getPackageJSONURL (node:internal/modules/package_json_reader:256:9)
#     at packageResolve (node:internal/modules/esm/resolve:768:81)
#     at moduleResolve (node:internal/modules/esm/resolve:854:18)
#     at defaultResolve (node:internal/modules/esm/resolve:984:11)
#     at ModuleLoader.defaultResolve (node:internal/modules/esm/loader:780:12)
#     at \#cachedDefaultResolve (node:internal/modules/esm/loader:704:25)
#     at ModuleLoader.resolve (node:internal/modules/esm/loader:687:38)
#     at ModuleLoader.getModuleJobForImport (node:internal/modules/esm/loader:305:38)
#     at onImport.tracePromise.__proto__ (node:internal/modules/esm/loader:643:36)
#     at TracingChannel.tracePromise (node:diagnostics_channel:344:14) {
#   code: 'ERR_MODULE_NOT_FOUND'
# }
# Node.js v22.16.0
# Subtest: tests/unit/work.test.ts
not ok 7 - tests/unit/work.test.ts
  ---
  duration_ms: 20.87121
  type: 'test'
  location: '/root/ROM/.worktrees/release-query-index/studio/tests/unit/work.test.ts:1:1'
  failureType: 'testCodeFailure'
  exitCode: 1
  signal: ~
  error: 'test failed'
  code: 'ERR_TEST_FAILURE'
  ...
1..7
# tests 7
# suites 0
# pass 0
# fail 7
# cancelled 0
# skipped 0
# todo 0
# duration_ms 34.705451
