
> rom-studio@0.0.2 build:components
> vite build --mode components --outDir .component-dist

vite v8.3.2 building client environment for components...
transforming...
12:28:51 PM [vite-plugin-svelte] tests/components/SortableFieldsHarness.svelte:36:6 `invalidLayoutRejected` is updated, but is not declared with `$state(...)`. Changing its value will not correctly trigger updates
https://svelte.dev/e/non_reactive_update
34:     findRenderer(lifecycleCodec) === RegistryScalarHarnessRenderer &&
35:     rendererLayout(lifecycleCodec) === "inline";
36:   let invalidLayoutRejected = false;
                               ^
37:   try {
38:     registerRenderer(
✓ 4932 modules transformed.
rendering chunks...
computing gzip size...
.component-dist/tests/components/direct-form.html                                                         0.76 kB │ gzip:  0.36 kB
.component-dist/tests/components/reference.html                                                           0.81 kB │ gzip:  0.37 kB
.component-dist/tests/components/renderer-regressions.html                                                0.92 kB │ gzip:  0.39 kB
.component-dist/tests/components/semantic-fields.html                                                     0.93 kB │ gzip:  0.39 kB
.component-dist/tests/components/sortable-fields.html                                                     0.98 kB │ gzip:  0.40 kB
.component-dist/notices/npm/cn/0.3.3/LICENSE                                                              1.06 kB
.component-dist/notices/npm/tw-animate-css/1.4.0/LICENSE                                                  1.06 kB
.component-dist/notices/npm/svelte-dnd-action/0.9.80/LICENSE                                              1.06 kB
.component-dist/notices/npm/bits-ui/2.19.5/LICENSE                                                        1.07 kB
.component-dist/notices/npm/tailwind-variants/3.3.1/LICENSE                                               1.07 kB
.component-dist/notices/vendored/svar-filter-vendored/1c581c3312c626c525ee64b8f94446a025fa141c/LICENSE    1.07 kB
.component-dist/notices/npm/tabbable/6.5.0/LICENSE                                                        1.07 kB
.component-dist/tests/components/harness.html                                                             1.08 kB │ gzip:  0.41 kB
.component-dist/notices/npm/_floating-ui_core/1.8.0/LICENSE                                               1.08 kB
.component-dist/notices/npm/_floating-ui_dom/1.8.0/LICENSE                                                1.08 kB
.component-dist/notices/npm/_floating-ui_utils/0.2.12/LICENSE                                             1.08 kB
.component-dist/notices/npm/inline-style-parser/0.2.7/LICENSE                                             1.09 kB
.component-dist/notices/npm/clsx/2.1.1/license                                                            1.10 kB
.component-dist/notices/npm/style-to-object/1.0.14/LICENSE                                                1.11 kB
.component-dist/notices/npm/svelte/5.57.1/LICENSE.md                                                      1.12 kB
.component-dist/notices/npm/runed/0.35.1/LICENSE                                                          1.16 kB
.component-dist/notices/npm/svelte-toolbelt/0.10.6/LICENSE                                                1.16 kB
.component-dist/notices/npm/shadcn-svelte/1.7.0/LICENSE.md                                                1.19 kB
.component-dist/notices/vendored/shadcn-svelte-vendored/source-checkout/LICENSE.md                        1.19 kB
.component-dist/notices/tool-runtime/rolldown/1.2.12/LICENSE                                              1.30 kB
.component-dist/tests/components/details.html                                                             1.33 kB │ gzip:  0.43 kB
.component-dist/index.html                                                                                1.45 kB │ gzip:  0.50 kB
.component-dist/notices/tool-runtime/rolldown/1.2.12/THIRD-PARTY-LICENSE                                  2.20 kB
.component-dist/notices/npm/_lucide_svelte/1.51.0/LICENSE                                                 3.20 kB
.component-dist/third-party-notices.json                                                                108.63 kB │ gzip:  9.99 kB
.component-dist/notices/tool-runtime/vite/8.3.2/LICENSE.md                                              108.78 kB
.component-dist/assets/app-DGHeoz-G.css                                                                 178.25 kB │ gzip: 26.02 kB
.component-dist/assets/resource-presentation-Bsbcryo9.js                                                  0.59 kB │ gzip:  0.36 kB
.component-dist/assets/details-CKpV8iei.js                                                                1.33 kB │ gzip:  0.74 kB
.component-dist/assets/directForm-DRPMj-ez.js                                                             1.55 kB │ gzip:  0.75 kB
.component-dist/assets/semanticFields-CAPXFK4A.js                                                         1.74 kB │ gzip:  0.98 kB
.component-dist/assets/ActionForm-BGH5qW3O.js                                                             2.50 kB │ gzip:  1.28 kB
.component-dist/assets/reference-BHZgSkH4.js                                                              2.87 kB │ gzip:  1.47 kB
.component-dist/assets/rendererRegressions-BQgoKZLl.js                                                    2.96 kB │ gzip:  1.34 kB
.component-dist/assets/ValueDisplay-CPIDp5Nu.js                                                           3.39 kB │ gzip:  1.31 kB
.component-dist/assets/sortableFields-bRTGPirY.js                                                         5.16 kB │ gzip:  2.05 kB
.component-dist/assets/ResourceTable-B68eJZCt.js                                                          5.72 kB │ gzip:  1.70 kB
.component-dist/assets/ResponsiveInspector-wXNxoIQn.js                                                    6.37 kB │ gzip:  2.27 kB
.component-dist/assets/components-DU4Q26Ic.js                                                             7.06 kB │ gzip:  2.83 kB
.component-dist/assets/FilterBuilder-DXQ4ysJk.js                                                         10.18 kB │ gzip:  3.70 kB
.component-dist/assets/controller-Bqz-zYgn.js                                                            29.48 kB │ gzip:  9.69 kB
.component-dist/assets/ResourceForm-BZVJ0KcC.js                                                          40.52 kB │ gzip: 11.73 kB
.component-dist/assets/ResourcePage-XjOSomq8.js                                                          52.91 kB │ gzip: 14.21 kB
.component-dist/assets/main-CCcSDL-T.js                                                                  74.12 kB │ gzip: 20.70 kB
.component-dist/assets/ValueEditor-C6p7oRUZ.js                                                          112.33 kB │ gzip: 32.52 kB
.component-dist/assets/app-DzXAt6f8.js                                                                  289.38 kB │ gzip: 90.53 kB

✓ built in 3.78s
